******************************************************************************
             TMS320C2000 Linker PC v22.6.1                     
******************************************************************************
>> Linked Wed Sep  4 10:09:48 2024

OUTPUT FILE NAME:   <./output_TI2837x_cpu1/C2000_28379D.out>
ENTRY POINT SYMBOL: "_c_int00"  address: 00085740


MEMORY CONFIGURATION

         name            origin    length      used     unused   attr    fill
----------------------  --------  ---------  --------  --------  ----  --------
PAGE 0:
  BOOT_RSVD             00000002   00000121  00000000  00000121  RWIX
  RAMM0                 00000124   000002dc  000000cf  0000020d  RWIX
  RAMM1                 00000400   00000400  00000300  00000100  RWIX
  RAMLS                 00008000   00003f00  00001095  00002e6b  RWIX
  RAMD1_RSVD            0000bf00   00000100  00000000  00000100  RWIX
  CPU2TOCPU1RAM         0003f800   0000037f  00000000  0000037f  RWIX
  SCOPE_FLAG_CPU2       0003fb7f   00000001  00000000  00000001  RWIX
  CPU2TOCPU1LINK        0003fb80   00000080  00000000  00000080  RWIX
  CPU1TOCPU2RAM         0003fc00   0000037f  00000000  0000037f  RWIX
  SCOPE_FLAG_CPU1       0003ff7f   00000001  00000000  00000001  RWIX
  CPU1TOCPU2LINK        0003ff80   00000080  00000000  00000080  RWIX
  BEGIN                 00080000   00000002  00000002  00000000  RWIX
  FLASH                 00080002   0003fffe  00005d6b  0003a293  RWIX
  RESET                 003fffc0   00000002  00000000  00000002  RWIX

PAGE 1:
  ADCARESULT            00000b00   00000018  00000018  00000000  RWIX
  ADCBRESULT            00000b20   00000018  00000018  00000000  RWIX
  ADCCRESULT            00000b40   00000018  00000018  00000000  RWIX
  ADCDRESULT            00000b60   00000018  00000018  00000000  RWIX
  CPUTIMER0             00000c00   00000008  00000008  00000000  RWIX
  CPUTIMER1             00000c08   00000008  00000008  00000000  RWIX
  CPUTIMER2             00000c10   00000008  00000008  00000000  RWIX
  PIECTRL               00000ce0   0000001a  0000001a  00000000  RWIX
  PIEVECTTABLE          00000d00   00000200  000001c0  00000040  RWIX
  DMA                   00001000   00000200  00000000  00000200  RWIX
  CLA1                  00001400   00000080  00000000  00000080  RWIX
  CLB1LOGICCFG          00003000   00000052  00000000  00000052  RWIX
  CLB1LOGICCTRL         00003100   00000040  00000000  00000040  RWIX
  CLB1DATAEXCH          00003200   00000200  00000000  00000200  RWIX
  CLB2LOGICCFG          00003400   00000052  00000000  00000052  RWIX
  CLB2LOGICCTRL         00003500   00000040  00000000  00000040  RWIX
  CLB2DATAEXCH          00003600   00000200  00000000  00000200  RWIX
  CLB3LOGICCFG          00003800   00000052  00000000  00000052  RWIX
  CLB3LOGICCTRL         00003900   00000040  00000000  00000040  RWIX
  CLB3DATAEXCH          00003a00   00000200  00000000  00000200  RWIX
  CLB4LOGICCFG          00003c00   00000052  00000000  00000052  RWIX
  CLB4LOGICCTRL         00003d00   00000040  00000000  00000040  RWIX
  CLB4DATAEXCH          00003e00   00000200  00000000  00000200  RWIX
  EPWM1                 00004000   00000100  00000000  00000100  RWIX
  EPWM2                 00004100   00000100  00000000  00000100  RWIX
  EPWM3                 00004200   00000100  00000000  00000100  RWIX
  EPWM4                 00004300   00000100  00000000  00000100  RWIX
  EPWM5                 00004400   00000100  00000000  00000100  RWIX
  EPWM6                 00004500   00000100  00000000  00000100  RWIX
  EPWM7                 00004600   00000100  00000000  00000100  RWIX
  EPWM8                 00004700   00000100  00000000  00000100  RWIX
  EPWM9                 00004800   00000100  00000000  00000100  RWIX
  EPWM10                00004900   00000100  00000000  00000100  RWIX
  EPWM11                00004a00   00000100  00000000  00000100  RWIX
  EPWM12                00004b00   00000100  00000000  00000100  RWIX
  ECAP1                 00005000   00000020  00000000  00000020  RWIX
  ECAP2                 00005020   00000020  00000000  00000020  RWIX
  ECAP3                 00005040   00000020  00000000  00000020  RWIX
  ECAP4                 00005060   00000020  00000000  00000020  RWIX
  ECAP5                 00005080   00000020  00000000  00000020  RWIX
  ECAP6                 000050a0   00000020  00000000  00000020  RWIX
  EQEP1                 00005100   00000022  00000000  00000022  RWIX
  EQEP2                 00005140   00000022  00000000  00000022  RWIX
  EQEP3                 00005180   00000022  00000000  00000022  RWIX
  DACA                  00005c00   00000008  00000000  00000008  RWIX
  DACB                  00005c10   00000008  00000000  00000008  RWIX
  DACC                  00005c20   00000008  00000000  00000008  RWIX
  CMPSS1                00005c80   00000020  00000000  00000020  RWIX
  CMPSS2                00005ca0   00000020  00000000  00000020  RWIX
  CMPSS3                00005cc0   00000020  00000000  00000020  RWIX
  CMPSS4                00005ce0   00000020  00000000  00000020  RWIX
  CMPSS5                00005d00   00000020  00000000  00000020  RWIX
  CMPSS6                00005d20   00000020  00000000  00000020  RWIX
  CMPSS7                00005d40   00000020  00000000  00000020  RWIX
  CMPSS8                00005d60   00000020  00000000  00000020  RWIX
  SDFM1                 00005e00   00000080  00000000  00000080  RWIX
  SDFM2                 00005e80   00000080  00000000  00000080  RWIX
  MCBSPA                00006000   00000024  00000000  00000024  RWIX
  MCBSPB                00006040   00000024  00000000  00000024  RWIX
  SPIA                  00006100   00000010  00000000  00000010  RWIX
  SPIB                  00006110   00000010  00000000  00000010  RWIX
  SPIC                  00006120   00000010  00000000  00000010  RWIX
  UPP                   00006200   00000048  00000000  00000048  RWIX
  WD                    00007000   0000002b  00000000  0000002b  RWIX
  NMIINTRUPT            00007060   00000007  00000000  00000007  RWIX
  XINT                  00007070   0000000b  00000000  0000000b  RWIX
  SCIA                  00007200   00000010  00000000  00000010  RWIX
  SCIB                  00007210   00000010  00000000  00000010  RWIX
  SCIC                  00007220   00000010  00000000  00000010  RWIX
  SCID                  00007230   00000010  00000000  00000010  RWIX
  I2CA                  00007300   00000022  00000000  00000022  RWIX
  I2CB                  00007340   00000022  00000000  00000022  RWIX
  ADCA                  00007400   00000080  0000007c  00000004  RWIX
  ADCB                  00007480   00000080  0000007c  00000004  RWIX
  ADCC                  00007500   00000080  0000007c  00000004  RWIX
  ADCD                  00007580   00000080  0000007c  00000004  RWIX
  INPUTXBAR             00007900   00000020  00000000  00000020  RWIX
  XBAR                  00007920   00000020  00000000  00000020  RWIX
  SYNCSOC               00007940   00000006  00000000  00000006  RWIX
  DMACLASRCSEL          00007980   0000001a  00000000  0000001a  RWIX
  EPWMXBAR              00007a00   00000040  00000000  00000040  RWIX
  CLBXBAR               00007a40   00000040  00000000  00000040  RWIX
  OUTPUTXBAR            00007a80   00000040  00000000  00000040  RWIX
  GPIOCTRL              00007c00   00000180  00000180  00000000  RWIX
  GPIODATA              00007f00   00000030  00000030  00000000  RWIX
  EMIF1                 00047000   00000070  00000000  00000070  RWIX
  EMIF2                 00047800   00000070  00000000  00000070  RWIX
  CANA                  00048000   00000200  00000000  00000200  RWIX
  CANB                  0004a000   00000200  00000000  00000200  RWIX
  IPC                   00050000   00000024  00000000  00000024  RWIX
  FLASHPUMPSEMAPHORE    00050024   00000002  00000000  00000002  RWIX
  DEVCFG                0005d000   0000012e  0000012e  00000000  RWIX
  ANALOGSUBSYS          0005d180   00000048  0000003e  0000000a  RWIX
  CLKCFG                0005d200   00000032  00000032  00000000  RWIX
  CPUSYS                0005d300   00000082  00000082  00000000  RWIX
  ROMPREFETCH           0005e608   00000002  00000000  00000002  RWIX
  DCSMZ1                0005f000   00000024  00000000  00000024  RWIX
  DCSMZ2                0005f040   00000024  00000000  00000024  RWIX
  DCSMCOMMON            0005f070   00000008  00000000  00000008  RWIX
  MEMCFG                0005f400   00000080  00000076  0000000a  RWIX
  EMIF1CONFIG           0005f480   00000020  00000000  00000020  RWIX
  EMIF2CONFIG           0005f4a0   00000020  00000000  00000020  RWIX
  ACCESSPROTECTION      0005f4c0   00000040  00000000  00000040  RWIX
  MEMORYERROR           0005f500   00000040  00000000  00000040  RWIX
  ROMWAITSTATE          0005f540   00000002  00000000  00000002  RWIX
  FLASH0CTRL            0005f800   00000182  00000000  00000182  RWIX
  FLASH0ECC             0005fb00   00000028  00000000  00000028  RWIX


SECTION ALLOCATION MAP

 output                                  attributes/
section   page    origin      length       input sections
--------  ----  ----------  ----------   ----------------
AdcaResultRegsFile 
*          1    00000b00    00000018     UNINITIALIZED
                  00000b00    00000018     F2837xD_GlobalVariableDefs.obj (AdcaResultRegsFile)

AdcbResultRegsFile 
*          1    00000b20    00000018     UNINITIALIZED
                  00000b20    00000018     F2837xD_GlobalVariableDefs.obj (AdcbResultRegsFile)

AdccResultRegsFile 
*          1    00000b40    00000018     UNINITIALIZED
                  00000b40    00000018     F2837xD_GlobalVariableDefs.obj (AdccResultRegsFile)

AdcdResultRegsFile 
*          1    00000b60    00000018     UNINITIALIZED
                  00000b60    00000018     F2837xD_GlobalVariableDefs.obj (AdcdResultRegsFile)

PieVectTableFile 
*          1    00000d00    000001c0     UNINITIALIZED
                  00000d00    000001c0     F2837xD_GlobalVariableDefs.obj (PieVectTableFile)

EmuKeyVar 
*          1    00000d00    00000000     UNINITIALIZED

EmuBModeVar 
*          1    00000d00    00000000     UNINITIALIZED

EmuBootPinsVar 
*          1    00000d00    00000000     UNINITIALIZED

FlashCallbackVar 
*          1    00000d00    00000000     UNINITIALIZED

FlashScalingVar 
*          1    00000d00    00000000     UNINITIALIZED

AdcaRegsFile 
*          1    00007400    0000007c     UNINITIALIZED
                  00007400    0000007c     F2837xD_GlobalVariableDefs.obj (AdcaRegsFile)

AdcbRegsFile 
*          1    00007480    0000007c     UNINITIALIZED
                  00007480    0000007c     F2837xD_GlobalVariableDefs.obj (AdcbRegsFile)

AdccRegsFile 
*          1    00007500    0000007c     UNINITIALIZED
                  00007500    0000007c     F2837xD_GlobalVariableDefs.obj (AdccRegsFile)

AdcdRegsFile 
*          1    00007580    0000007c     UNINITIALIZED
                  00007580    0000007c     F2837xD_GlobalVariableDefs.obj (AdcdRegsFile)

AnalogSubsysRegsFile 
*          1    0005d180    0000003e     UNINITIALIZED
                  0005d180    0000003e     F2837xD_GlobalVariableDefs.obj (AnalogSubsysRegsFile)

ClkCfgRegsFile 
*          1    0005d200    00000032     UNINITIALIZED
                  0005d200    00000032     F2837xD_GlobalVariableDefs.obj (ClkCfgRegsFile)

CpuTimer0RegsFile 
*          1    00000c00    00000008     UNINITIALIZED
                  00000c00    00000008     F2837xD_GlobalVariableDefs.obj (CpuTimer0RegsFile)

CpuTimer1RegsFile 
*          1    00000c08    00000008     UNINITIALIZED
                  00000c08    00000008     F2837xD_GlobalVariableDefs.obj (CpuTimer1RegsFile)

CpuTimer2RegsFile 
*          1    00000c10    00000008     UNINITIALIZED
                  00000c10    00000008     F2837xD_GlobalVariableDefs.obj (CpuTimer2RegsFile)

CpuSysRegsFile 
*          1    0005d300    00000082     UNINITIALIZED
                  0005d300    00000082     F2837xD_GlobalVariableDefs.obj (CpuSysRegsFile)

DevCfgRegsFile 
*          1    0005d000    0000012e     UNINITIALIZED
                  0005d000    0000012e     F2837xD_GlobalVariableDefs.obj (DevCfgRegsFile)

.bss       0    00008000    000008ae     UNINITIALIZED
                  00008000    000001f4     C2000_28379D_0.obj (.bss:g)
                  000081f4    000001f4     C2000_28379D_0.obj (.bss:gb)
                  000083e8    000001f4     C2000_28379D_0.obj (.bss:gv)
                  000085dc    00000138     C2000_28379D_hal.obj (.bss:AdcObj)
                  00008714    0000001e     dio_2837x.obj (.bss)
                  00008732    0000000c     C2000_28379D.obj (.bss:C2000_28379D_D_uint32_t)
                  0000873e    00000002     C2000_28379D.obj (.bss:C2000_28379D_subTaskHit)
                  00008740    00000072     C2000_28379D.obj (.bss)
                  000087b2    00000058     C2000_28379D_hal.obj (.bss:DoutObj)
                  0000880a    00000042     C2000_28379D.obj (.bss:C2000_28379D_cScriptStruct)
                  0000884c    00000034     dispatcher.obj (.bss)
                  00008880    00000016     C2000_28379D_hal.obj (.bss:DoutHandles)
                  00008896    0000000a     C2000_28379D_hal.obj (.bss:TaskObj)
                  000088a0    00000008     C2000_28379D_hal.obj (.bss:AdcHandles)
                  000088a8    00000004     C2000_28379D.obj (.bss:C2000_28379D_subTaskTick)
                  000088ac    00000002     ain_type4.obj (.bss)

codestart 
*          0    00080000    00000002     
                  00080000    00000002     F2837xD_CodeStartBranch.obj (codestart)

.text      0    00080228    000055a6     
                  00080228    00000d02     C2000_28379D_0.obj (.text)
                  00080f2a    0000067c     rts2800_fpu32_eabi.lib : k_rem_pio2.c.obj (.text)
                  000815a6    0000061f     pil_c28_fpu32_eabi.lib : probes.obj (.text)
                  00081bc5    000005c4                            : scope.obj (.text)
                  00082189    00000585     F2837xD_DefaultISR.obj (.text:retain)
                  0008270e    0000057f     plx_driverlib_fpu32_eabi.lib : sysctl.obj (.text)
                  00082c8d    00000458     pil_c28_fpu32_eabi.lib : pil.obj (.text)
                  000830e5    00000431     rts2800_fpu32_eabi.lib : e_rem_pio2.c.obj (.text)
                  00083516    000003ff     C2000_28379D_hal.obj (.text)
                  00083915    00000323     pil_c28_fpu32_eabi.lib : seriallink.obj (.text)
                  00083c38    000002a7                            : dualcorelink.obj (.text)
                  00083edf    00000226                            : basicservices.obj (.text)
                  00084105    000001f9                            : remoteagent.obj (.text)
                  000842fe    000001eb     plx_driverlib_fpu32_eabi.lib : gpio.obj (.text)
                  000844e9    0000018f     ain_type4.obj (.text)
                  00084678    00000172     pil_c28_fpu32_eabi.lib : parallelbridge.obj (.text)
                  000847ea    0000014e     dispatcher.obj (.text)
                  00084938    00000125     rts2800_fpu32_eabi.lib : k_sin.c.obj (.text)
                  00084a5d    00000113                            : k_cos.c.obj (.text)
                  00084b70    000000ef     F2837xD_Adc.obj (.text)
                  00084c5f    000000eb     F2837xD_DevInit.obj (.text)
                  00084d4a    000000e8     rts2800_fpu32_eabi.lib : s_floor.c.obj (.text)
                  00084e32    000000de                            : e_sqrt.c.obj (.text)
                  00084f10    000000ce                            : s_cos.c.obj (.text)
                  00084fde    000000cb                            : s_sin.c.obj (.text)
                  000850a9    000000be     C2000_28379D.obj (.text)
                  00085167    000000a9     rts2800_fpu32_eabi.lib : s_scalbn.c.obj (.text)
                  00085210    0000009c                            : fd_add28.asm.obj (.text)
                  000852ac    0000008b                            : fd_div28.asm.obj (.text)
                  00085337    00000088                            : fs_div28.asm.obj (.text)
                  000853bf    00000083                            : fd_mpy28.asm.obj (.text)
                  00085442    0000007e     dio_2837x.obj (.text)
                  000854c0    00000064     pil_c28_fpu32_eabi.lib : ringbuf.obj (.text)
                  00085524    00000037     C2000_28379D_hal.obj (.text:retain)
                  0008555b    00000030     rts2800_fpu32_eabi.lib : copy_decompress_lzss.c.obj (.text:decompress:lzss)
                  0008558b    0000002b                            : autoinit.c.obj (.text:__TI_auto_init_nobinit_nopinit)
                  000855b6    0000002a                            : fd_cmp28.asm.obj (.text)
                  000855e0    00000029                            : exit.c.obj (.text)
                  00085609    00000024                            : s_copysign.c.obj (.text)
                  0008562d    00000023                            : fd_tofsfpu32.asm.obj (.text)
                  00085650    00000022                            : i_div28.asm.obj (.text)
                  00085672    00000021     C2000_28379D_main.obj (.text)
                  00085693    00000021     rts2800_fpu32_eabi.lib : fd_toi28.asm.obj (.text)
                  000856b4    0000001f                            : fd_tol28.asm.obj (.text)
                  000856d3    0000001d                            : memcpy.c.obj (.text)
                  000856f0    0000001c                            : fs_tofdfpu32.asm.obj (.text)
                  0008570c    0000001c                            : l_tofd28.asm.obj (.text)
                  00085728    00000018                            : ll_aox28.asm.obj (.text)
                  00085740    00000017                            : boot28.asm.obj (.text)
                  00085757    00000013     plx_driverlib_fpu32_eabi.lib : flash.obj (.text)
                  0008576a    0000000e     rts2800_fpu32_eabi.lib : fd_sub28.asm.obj (.text)
                  00085778    0000000c                            : args_main.c.obj (.text)
                  00085784    0000000a     F2837xD_DevInit.obj (.text:retain)
                  0008578e    00000009     rts2800_fpu32_eabi.lib : _lock.c.obj (.text)
                  00085797    00000009                            : fd_neg28.asm.obj (.text)
                  000857a0    00000008     F2837xD_CodeStartBranch.obj (.text)
                  000857a8    00000008     rts2800_fpu32_eabi.lib : copy_decompress_none.c.obj (.text:decompress:none)
                  000857b0    00000007     dispatcher_asm.obj (.text)
                  000857b7    00000007     pil_c28_fpu32_eabi.lib : pil_f28x_dis_int.obj (.text)
                  000857be    00000007     rts2800_fpu32_eabi.lib : memset.c.obj (.text)
                  000857c5    00000006                            : copy_zero_init.c.obj (.text:decompress:ZI)
                  000857cb    00000002                            : pre_init.c.obj (.text)
                  000857cd    00000001                            : startup.c.obj (.text)

GpioCtrlRegsFile 
*          1    00007c00    00000180     UNINITIALIZED
                  00007c00    00000180     F2837xD_GlobalVariableDefs.obj (GpioCtrlRegsFile)

GpioDataRegsFile 
*          1    00007f00    00000030     UNINITIALIZED
                  00007f00    00000030     F2837xD_GlobalVariableDefs.obj (GpioDataRegsFile)

MemCfgRegsFile 
*          1    0005f400    00000076     UNINITIALIZED
                  0005f400    00000076     F2837xD_GlobalVariableDefs.obj (MemCfgRegsFile)

PieCtrlRegsFile 
*          1    00000ce0    0000001a     UNINITIALIZED
                  00000ce0    0000001a     F2837xD_GlobalVariableDefs.obj (PieCtrlRegsFile)

step       0    000857d0    00000331     
                  000857d0    00000331     C2000_28379D.obj (step)

dispatch   0    00085b04    000000db     
                  00085b04    000000db     dispatcher.obj (dispatch)

.cinit     0    00085cb0    000000c8     
                  00085cb0    000000ae     (.cinit..data.load) [load image, compression = lzss]
                  00085d5e    00000006     (__TI_handler_table)
                  00085d64    00000004     (.cinit..bss.load) [load image, compression = zero_init]
                  00085d68    00000004     (.cinit.PieVectTableFile.load) [load image, compression = zero_init]
                  00085d6c    0000000c     (__TI_cinit_table)

.stack     0    00000400    00000300     UNINITIALIZED
                  00000400    00000300     --HOLE--

.init_array 
*          0    00080004    00000000     UNINITIALIZED

.const     0    00080004    00000222     
                  00080004    00000084     rts2800_fpu32_eabi.lib : k_rem_pio2.c.obj (.const:ipio2)
                  00080088    00000038                            : k_sin.c.obj (.const)
                  000800c0    00000064                            : e_rem_pio2.c.obj (.const)
                  00080124    0000001c                            : s_scalbn.c.obj (.const)
                  00080140    0000003c                            : k_cos.c.obj (.const)
                  0008017c    00000004     C2000_28379D.obj (.const:C2000_28379D_subTaskPeriod)
                  00080180    0000002c     rts2800_fpu32_eabi.lib : k_rem_pio2.c.obj (.const)
                  000801ac    00000020                            : k_rem_pio2.c.obj (.const:PIo2)
                  000801cc    00000016     C2000_28379D_hal.obj (.const)
                  000801e2    00000010     C2000_28379D_0.obj (.const)
                  000801f2    00000010     pil_c28_fpu32_eabi.lib : seriallink.obj (.const:PIL_SLINK_crc16Lookup)
                  00080202    0000000c     rts2800_fpu32_eabi.lib : e_sqrt.c.obj (.const)
                  0008020e    0000000c                            : s_floor.c.obj (.const)
                  0008021a    00000004                            : k_rem_pio2.c.obj (.const:init_jk)
                  0008021e    00000004                            : s_cos.c.obj (.const)
                  00080222    00000004                            : s_sin.c.obj (.const)

.data      0    000088ae    000007e7     UNINITIALIZED
                  000088ae    000001f4     C2000_28379D_0.obj (.data:Sa)
                  00008aa2    000001f4     C2000_28379D_0.obj (.data:Sb)
                  00008c96    000001f4     C2000_28379D_0.obj (.data:Sc)
                  00008e8a    00000014     C2000_28379D.obj (.data:inputPtrs$2)
                  00008e9e    00000014     C2000_28379D.obj (.data:terminalSampleTimeOffsets$12)
                  00008eb2    00000008     C2000_28379D.obj (.data:outputPtrs$5)
                  00008eba    00000006     rts2800_fpu32_eabi.lib : exit.c.obj (.data)
                  00008ec0    000001a8     C2000_28379D_0.obj (.data)
                  00009068    00000014     C2000_28379D.obj (.data:terminalSampleTimePeriods$11)
                  0000907c    00000004     C2000_28379D_hal.obj (.data)
                  00009080    00000002     rts2800_fpu32_eabi.lib : _lock.c.obj (.data:_lock)
                  00009082    00000002                            : _lock.c.obj (.data:_unlock)
                  00009084    00000002     C2000_28379D.obj (.data:inputs$3)
                  00009086    00000002     C2000_28379D.obj (.data:outputs$6)
                  00009088    00000002     C2000_28379D.obj (.data:sampleHits$8)
                  0000908a    00000002     C2000_28379D.obj (.data:sampleTimeOffsets$10)
                  0000908c    00000002     C2000_28379D.obj (.data:sampleTimePeriods$9)
                  0000908e    00000002     C2000_28379D.obj (.data:terminalSampleTimeOffsetPtrs$14)
                  00009090    00000002     C2000_28379D.obj (.data:terminalSampleTimePeriodPtrs$13)
                  00009092    00000001     C2000_28379D.obj (.data:numInputSignals$1)
                  00009093    00000001     C2000_28379D.obj (.data:numOutputSignals$4)
                  00009094    00000001     rts2800_fpu32_eabi.lib : errno.c.obj (.data)

ramfuncs   0    00085be0    00000000     UNINITIALIZEDRUN ADDR = 00000124

.TI.ramfunc 
*          0    00085be0    000000cf     RUN ADDR = 00000124
                  00085be0    000000cb     plx_driverlib_fpu32_eabi.lib : flash.obj (.TI.ramfunc)
                  00085cab    00000004                                  : sysctl.obj (.TI.ramfunc)

.reset     0    003fffc0    00000000     DSECT

MODULE SUMMARY

       Module                           code    ro data   rw data
       ------                           ----    -------   -------
    .\output_TI2837x_cpu1\
       C2000_28379D_0.obj               3330    16        3424   
       F2837xD_GlobalVariableDefs.obj   0       0         2184   
       C2000_28379D_hal.obj             1078    22        444    
       F2837xD_DefaultISR.obj           1413    0         0      
       C2000_28379D.obj                 1007    4         282    
       dispatcher.obj                   553     0         52     
       ain_type4.obj                    399     0         2      
       F2837xD_DevInit.obj              245     0         0      
       F2837xD_Adc.obj                  239     0         0      
       dio_2837x.obj                    126     0         30     
       C2000_28379D_main.obj            33      0         0      
       F2837xD_CodeStartBranch.obj      10      0         0      
       dispatcher_asm.obj               7       0         0      
    +--+--------------------------------+-------+---------+---------+
       Total:                           8440    42        6418   
                                                                 
    C:\Users\user\AppData\Local\Programs\PLECS C2000 TSP\cgt\ti-cgt-c2000_22.6.1.LTS\lib\rts2800_fpu32_eabi.lib
       k_rem_pio2.c.obj                 1660    212       0      
       e_rem_pio2.c.obj                 1073    100       0      
       k_sin.c.obj                      293     56        0      
       k_cos.c.obj                      275     60        0      
       s_floor.c.obj                    232     12        0      
       e_sqrt.c.obj                     222     12        0      
       s_cos.c.obj                      206     4         0      
       s_sin.c.obj                      203     4         0      
       s_scalbn.c.obj                   169     28        0      
       fd_add28.asm.obj                 156     0         0      
       fd_div28.asm.obj                 139     0         0      
       fs_div28.asm.obj                 136     0         0      
       fd_mpy28.asm.obj                 131     0         0      
       copy_decompress_lzss.c.obj       48      0         0      
       exit.c.obj                       41      0         6      
       autoinit.c.obj                   43      0         0      
       fd_cmp28.asm.obj                 42      0         0      
       s_copysign.c.obj                 36      0         0      
       fd_tofsfpu32.asm.obj             35      0         0      
       i_div28.asm.obj                  34      0         0      
       fd_toi28.asm.obj                 33      0         0      
       fd_tol28.asm.obj                 31      0         0      
       memcpy.c.obj                     29      0         0      
       fs_tofdfpu32.asm.obj             28      0         0      
       l_tofd28.asm.obj                 28      0         0      
       ll_aox28.asm.obj                 24      0         0      
       boot28.asm.obj                   23      0         0      
       fd_sub28.asm.obj                 14      0         0      
       _lock.c.obj                      9       0         4      
       args_main.c.obj                  12      0         0      
       fd_neg28.asm.obj                 9       0         0      
       copy_decompress_none.c.obj       8       0         0      
       memset.c.obj                     7       0         0      
       copy_zero_init.c.obj             6       0         0      
       pre_init.c.obj                   2       0         0      
       errno.c.obj                      0       0         1      
       startup.c.obj                    1       0         0      
    +--+--------------------------------+-------+---------+---------+
       Total:                           5438    488       11     
                                                                 
    F:\Repositorio_Chris\tsp_ti_c2000\ccs\2837x\..\pil\pil_c28_fpu32_eabi.lib
       probes.obj                       1567    0         0      
       scope.obj                        1476    0         0      
       pil.obj                          1112    0         0      
       seriallink.obj                   803     16        0      
       dualcorelink.obj                 679     0         0      
       basicservices.obj                550     0         0      
       remoteagent.obj                  505     0         0      
       parallelbridge.obj               370     0         0      
       ringbuf.obj                      100     0         0      
       pil_f28x_dis_int.obj             7       0         0      
    +--+--------------------------------+-------+---------+---------+
       Total:                           7169    16        0      
                                                                 
    F:\Repositorio_Chris\tsp_ti_c2000\ccs\2837x\tisrc\driverlib\plx_driverlib_fpu32_eabi.lib
       sysctl.obj                       1415    0         0      
       gpio.obj                         491     0         0      
       flash.obj                        425     0         0      
    +--+--------------------------------+-------+---------+---------+
       Total:                           2331    0         0      
                                                                 
       Stack:                           0       0         768    
       Linker Generated:                0       200       0      
    +--+--------------------------------+-------+---------+---------+
       Grand Total:                     23378   746       7197   


LINKER GENERATED COPY TABLES

__TI_cinit_table @ 00085d6c records: 3, size/record: 4, table size: 12
	.data: load addr=00085cb0, load size=000000ae bytes, run addr=000088ae, run size=000007e7 bytes, compression=lzss
	.bss: load addr=00085d64, load size=00000004 bytes, run addr=00008000, run size=000008ae bytes, compression=zero_init
	PieVectTableFile: load addr=00085d68, load size=00000004 bytes, run addr=00000d00, run size=000001c0 bytes, compression=zero_init


LINKER GENERATED HANDLER TABLE

__TI_handler_table @ 00085d5e records: 3, size/record: 2, table size: 6
	index: 0, handler: __TI_zero_init
	index: 1, handler: __TI_decompress_lzss
	index: 2, handler: __TI_decompress_none


GLOBAL DATA SYMBOLS: SORTED BY DATA PAGE

address     data page           name
--------    ----------------    ----
00000400      10 (00000400)     __stack

00000b00      2c (00000b00)     AdcaResultRegs
00000b20      2c (00000b00)     AdcbResultRegs

00000b40      2d (00000b40)     AdccResultRegs
00000b60      2d (00000b40)     AdcdResultRegs

00000c00      30 (00000c00)     CpuTimer0Regs
00000c08      30 (00000c00)     CpuTimer1Regs
00000c10      30 (00000c00)     CpuTimer2Regs

00000ce0      33 (00000cc0)     PieCtrlRegs

00000d00      34 (00000d00)     PieVectTable

00007400     1d0 (00007400)     AdcaRegs

00007480     1d2 (00007480)     AdcbRegs

00007500     1d4 (00007500)     AdccRegs

00007580     1d6 (00007580)     AdcdRegs

00007c00     1f0 (00007c00)     GpioCtrlRegs

00007f00     1fc (00007f00)     GpioDataRegs

00008000     200 (00008000)     g

000081f4     207 (000081c0)     gb

000083e8     20f (000083c0)     gv

000085dc     217 (000085c0)     AdcObj

00008740     21d (00008740)     C2000_28379D_X
00008746     21d (00008740)     C2000_28379D_errorStatus

00008780     21e (00008780)     C2000_28379D_B
000087b2     21e (00008780)     DoutObj

0000884c     221 (00008840)     DisprHandle
0000884e     221 (00008840)     DisprObj

00008880     222 (00008880)     DoutHandles
00008896     222 (00008880)     TaskObj
000088a0     222 (00008880)     AdcHandles
000088ae     222 (00008880)     Sa

00008aa2     22a (00008a80)     Sb

00008c96     232 (00008c80)     Sc

00008eba     23a (00008e80)     __TI_enable_exit_profile_output
00008ebc     23a (00008e80)     __TI_cleanup_ptr
00008ebe     23a (00008e80)     __TI_dtors_ptr

00008ec0     23b (00008ec0)     Sa1
00008ec1     23b (00008ec0)     Sa2
00008ec2     23b (00008ec0)     Sa3
00008ec3     23b (00008ec0)     Sb1
00008ec4     23b (00008ec0)     Sb2
00008ec5     23b (00008ec0)     Sb3
00008ec6     23b (00008ec0)     Sc1
00008ec7     23b (00008ec0)     Sc2
00008ec8     23b (00008ec0)     Sc3
00008ec9     23b (00008ec0)     cont_v
00008eca     23b (00008ec0)     x
00008ecb     23b (00008ec0)     x_opt
00008ecc     23b (00008ec0)     h
00008ed0     23b (00008ec0)     Vdc
00008ed4     23b (00008ec0)     L1
00008ed8     23b (00008ec0)     L2
00008edc     23b (00008ec0)     Cf
00008ee0     23b (00008ec0)     R
00008ee4     23b (00008ec0)     rc
00008ee8     23b (00008ec0)     w
00008eec     23b (00008ec0)     R1
00008ef0     23b (00008ec0)     Vgd_r
00008ef4     23b (00008ec0)     Vgq_r
00008ef8     23b (00008ec0)     e
00008efc     23b (00008ec0)     d1_L1C

00008f00     23c (00008f00)     d1_L2
00008f04     23c (00008f00)     C2
00008f08     23c (00008f00)     d1_C2
00008f0c     23c (00008f00)     d1_L1
00008f10     23c (00008f00)     d1_c
00008f14     23c (00008f00)     ik_d
00008f18     23c (00008f00)     ik_q
00008f1c     23c (00008f00)     ik1_d
00008f20     23c (00008f00)     ik1_q
00008f24     23c (00008f00)     V_d
00008f28     23c (00008f00)     V_q
00008f2c     23c (00008f00)     Vd_ant_2
00008f30     23c (00008f00)     Vd_ant
00008f34     23c (00008f00)     Vgd_ant_2
00008f38     23c (00008f00)     Vgd_ant
00008f3c     23c (00008f00)     Vq_ant_2

00008f40     23d (00008f40)     Vq_ant
00008f44     23d (00008f40)     Vgq_ant_2
00008f48     23d (00008f40)     Vgq_ant
00008f4c     23d (00008f40)     Vcdp
00008f50     23d (00008f40)     Vcqp
00008f54     23d (00008f40)     Vcd_ant_2
00008f58     23d (00008f40)     Vcd_ant
00008f5c     23d (00008f40)     Vcd
00008f60     23d (00008f40)     Vcd_k0
00008f64     23d (00008f40)     Vcd_k1
00008f68     23d (00008f40)     Vcq_ant_2
00008f6c     23d (00008f40)     Vcq_ant
00008f70     23d (00008f40)     Vcq
00008f74     23d (00008f40)     Vcq_k0
00008f78     23d (00008f40)     Vcq_k1
00008f7c     23d (00008f40)     i2d_k

00008f80     23e (00008f80)     i2d_k0
00008f84     23e (00008f80)     i2d_k1
00008f88     23e (00008f80)     i2d_ant
00008f8c     23e (00008f80)     i2d_ant_2
00008f90     23e (00008f80)     i2q_k
00008f94     23e (00008f80)     i2q_k0
00008f98     23e (00008f80)     i2q_k1
00008f9c     23e (00008f80)     i2q_ant
00008fa0     23e (00008f80)     i2q_ant_2
00008fa4     23e (00008f80)     i1d_k
00008fa8     23e (00008f80)     i1d_k0
00008fac     23e (00008f80)     i1d_k1
00008fb0     23e (00008f80)     i1d_ant
00008fb4     23e (00008f80)     i1d_ant_2
00008fb8     23e (00008f80)     i1q_k
00008fbc     23e (00008f80)     i1q_k0

00008fc0     23f (00008fc0)     i1q_k1
00008fc4     23f (00008fc0)     i1q_ant
00008fc8     23f (00008fc0)     i1q_ant_2
00008fcc     23f (00008fc0)     Vgd_k
00008fd0     23f (00008fc0)     Vgd_k0
00008fd4     23f (00008fc0)     Vgd_k1
00008fd8     23f (00008fc0)     Vgq_k
00008fdc     23f (00008fc0)     Vgq_k0
00008fe0     23f (00008fc0)     Vgq_k1
00008fe4     23f (00008fc0)     id_ref
00008fe8     23f (00008fc0)     iq_ref
00008fec     23f (00008fc0)     ia_ref
00008ff0     23f (00008fc0)     ib_ref
00008ff4     23f (00008fc0)     id
00008ff8     23f (00008fc0)     iq
00008ffc     23f (00008fc0)     theta

00009000     240 (00009000)     ed
00009004     240 (00009000)     xd
00009008     240 (00009000)     vd
0000900c     240 (00009000)     edp
00009010     240 (00009000)     eq
00009014     240 (00009000)     xq
00009018     240 (00009000)     vq
0000901c     240 (00009000)     eqp
00009020     240 (00009000)     ma
00009024     240 (00009000)     mb
00009028     240 (00009000)     mc
0000902c     240 (00009000)     sat
00009030     240 (00009000)     dp
00009034     240 (00009000)     id_r
00009038     240 (00009000)     iq_r
0000903c     240 (00009000)     Vcd_r

00009040     241 (00009040)     Vcq_r
00009044     241 (00009040)     g_opt
00009048     241 (00009040)     t
0000904c     241 (00009040)     gx
00009050     241 (00009040)     e_ant
00009054     241 (00009040)     ik0_d
00009058     241 (00009040)     ik0_q
0000905c     241 (00009040)     e1
00009060     241 (00009040)     PI23
00009064     241 (00009040)     CS
0000907e     241 (00009040)     PilHandle

00009080     242 (00009080)     _lock
00009082     242 (00009080)     _unlock
00009094     242 (00009080)     errno

0005d000    1740 (0005d000)     DevCfgRegs

0005d180    1746 (0005d180)     AnalogSubsysRegs

0005d200    1748 (0005d200)     ClkCfgRegs

0005d300    174c (0005d300)     CpuSysRegs

0005f400    17d0 (0005f400)     MemCfgRegs

000801f2    2007 (000801c0)     PIL_SLINK_crc16Lookup


GLOBAL SYMBOLS: SORTED ALPHABETICALLY BY Name 

page  address   name                              
----  -------   ----                              
0     00082704  ADCA1_ISR                         
0     000826fa  ADCA2_ISR                         
0     000826f0  ADCA3_ISR                         
0     000826e6  ADCA4_ISR                         
0     000826dc  ADCA_EVT_ISR                      
0     000826d2  ADCB1_ISR                         
0     000826c8  ADCB2_ISR                         
0     000826be  ADCB3_ISR                         
0     000826b4  ADCB4_ISR                         
0     000826aa  ADCB_EVT_ISR                      
0     000826a0  ADCC1_ISR                         
0     00082696  ADCC2_ISR                         
0     0008268c  ADCC3_ISR                         
0     00082682  ADCC4_ISR                         
0     00082678  ADCC_EVT_ISR                      
0     0008266e  ADCD1_ISR                         
0     00082664  ADCD2_ISR                         
0     0008265a  ADCD3_ISR                         
0     00082650  ADCD4_ISR                         
0     00082646  ADCD_EVT_ISR                      
0     0008263c  AUX_PLL_SLIP_ISR                  
0     000088a0  AdcHandles                        
0     000085dc  AdcObj                            
0     00084ba8  AdcSetMode                        
1     00007400  AdcaRegs                          
1     00000b00  AdcaResultRegs                    
1     00007480  AdcbRegs                          
1     00000b20  AdcbResultRegs                    
1     00007500  AdccRegs                          
1     00000b40  AdccResultRegs                    
1     00007580  AdcdRegs                          
1     00000b60  AdcdResultRegs                    
1     0005d180  AnalogSubsysRegs                  
0     000855e0  C$$EXIT                           
0     00008f04  C2                                
0     00080f29  C2000_28379D_0_cScriptDerivative  
0     00080ee8  C2000_28379D_0_cScriptOutput      
0     00080ee7  C2000_28379D_0_cScriptStart       
0     00080ee6  C2000_28379D_0_cScriptTerminate   
0     00080228  C2000_28379D_0_cScriptUpdate      
0     00008780  C2000_28379D_B                    
0     00008740  C2000_28379D_X                    
0     00083564  C2000_28379D_background           
0     00085524  C2000_28379D_baseTaskInterrupt    
0     00083516  C2000_28379D_enableTasksInterrupt 
0     00008746  C2000_28379D_errorStatus          
0     00083565  C2000_28379D_initHal              
0     000850b7  C2000_28379D_initialize           
0     000857d0  C2000_28379D_step                 
0     0008355f  C2000_28379D_syncTimers           
0     000850a9  C2000_28379D_terminate            
0     00082632  CANA0_ISR                         
0     00082628  CANA1_ISR                         
0     0008261e  CANB0_ISR                         
0     00082614  CANB1_ISR                         
0     0008260a  CLA1_1_ISR                        
0     00082600  CLA1_2_ISR                        
0     000825f6  CLA1_3_ISR                        
0     000825ec  CLA1_4_ISR                        
0     000825e2  CLA1_5_ISR                        
0     000825d8  CLA1_6_ISR                        
0     000825ce  CLA1_7_ISR                        
0     000825c4  CLA1_8_ISR                        
0     000825ba  CLA_OVERFLOW_ISR                  
0     000825b0  CLA_UNDERFLOW_ISR                 
0     00009064  CS                                
0     00084b70  CalAdcINL                         
0     00008edc  Cf                                
1     0005d200  ClkCfgRegs                        
1     0005d300  CpuSysRegs                        
1     00000c00  CpuTimer0Regs                     
1     00000c08  CpuTimer1Regs                     
1     00000c10  CpuTimer2Regs                     
0     000825a6  DATALOG_ISR                       
0     000847fd  DISPR_background                  
0     00084916  DISPR_configure                   
0     000857b0  DISPR_disableInt                  
0     00085b04  DISPR_dispatch                    
0     00084910  DISPR_registerIdleTask            
0     0008490a  DISPR_registerPanicCallback       
0     00084904  DISPR_registerSyncCallback        
0     000848be  DISPR_registerTask                
0     000847ea  DISPR_reset                       
0     000857b4  DISPR_restoreInt                  
0     000848b8  DISPR_setPowerupDelay             
0     000848aa  DISPR_sinit                       
0     00084871  DISPR_start                       
0     0008259c  DMA_CH1_ISR                       
0     00082592  DMA_CH2_ISR                       
0     00082588  DMA_CH3_ISR                       
0     0008257e  DMA_CH4_ISR                       
0     00082574  DMA_CH5_ISR                       
0     0008256a  DMA_CH6_ISR                       
1     0005d000  DevCfgRegs                        
0     00084d0e  DevInit                           
0     0000884c  DisprHandle                       
0     0000884e  DisprObj                          
0     00008880  DoutHandles                       
0     000087b2  DoutObj                           
0     00082560  ECAP1_ISR                         
0     00082556  ECAP2_ISR                         
0     0008254c  ECAP3_ISR                         
0     00082542  ECAP4_ISR                         
0     00082538  ECAP5_ISR                         
0     0008252e  ECAP6_ISR                         
0     00082524  EMIF_ERROR_ISR                    
0     00082517  EMPTY_ISR                         
0     0008250d  EMU_ISR                           
0     00082503  EPWM10_ISR                        
0     000824f9  EPWM10_TZ_ISR                     
0     000824ef  EPWM11_ISR                        
0     000824e5  EPWM11_TZ_ISR                     
0     000824db  EPWM12_ISR                        
0     000824d1  EPWM12_TZ_ISR                     
0     000824c7  EPWM1_ISR                         
0     000824bd  EPWM1_TZ_ISR                      
0     000824b3  EPWM2_ISR                         
0     000824a9  EPWM2_TZ_ISR                      
0     0008249f  EPWM3_ISR                         
0     00082495  EPWM3_TZ_ISR                      
0     0008248b  EPWM4_ISR                         
0     00082481  EPWM4_TZ_ISR                      
0     00082477  EPWM5_ISR                         
0     0008246d  EPWM5_TZ_ISR                      
0     00082463  EPWM6_ISR                         
0     00082459  EPWM6_TZ_ISR                      
0     0008244f  EPWM7_ISR                         
0     00082445  EPWM7_TZ_ISR                      
0     0008243b  EPWM8_ISR                         
0     00082431  EPWM8_TZ_ISR                      
0     00082427  EPWM9_ISR                         
0     0008241d  EPWM9_TZ_ISR                      
0     00082413  EQEP1_ISR                         
0     00082409  EQEP2_ISR                         
0     000823ff  EQEP3_ISR                         
0     000823f5  FLASH_CORRECTABLE_ERROR_ISR       
0     000823eb  FPU_OVERFLOW_ISR                  
0     000823e1  FPU_UNDERFLOW_ISR                 
0     000001ac  Flash_initModule                  
0     000001d3  Flash_powerDown                   
0     000001e3  Flash_wakeFromLPM                 
0     00084332  GPIO_getDirectionMode             
0     000843bb  GPIO_getPadConfig                 
0     0008441b  GPIO_getQualificationMode         
0     0008448a  GPIO_setAnalogMode                
0     0008430b  GPIO_setDirectionMode             
0     00084348  GPIO_setInterruptPin              
0     0008445e  GPIO_setMasterCore                
0     00084373  GPIO_setPadConfig                 
0     000844b2  GPIO_setPinConfig                 
0     000843ef  GPIO_setQualificationMode         
0     0008443c  GPIO_setQualificationPeriod       
1     00007c00  GpioCtrlRegs                      
1     00007f00  GpioDataRegs                      
0     000823d7  I2CA_FIFO_ISR                     
0     000823cd  I2CA_ISR                          
0     000823c3  I2CB_FIFO_ISR                     
0     000823b9  I2CB_ISR                          
0     000823af  ILLEGAL_ISR                       
0     000823a5  IPC0_ISR                          
0     0008239b  IPC1_ISR                          
0     00082391  IPC2_ISR                          
0     00082387  IPC3_ISR                          
0     00085784  ISR_ILLEGAL                       
0     00084c69  InitFlashHz                       
0     00008ed4  L1                                
0     00008ed8  L2                                
0     0008237d  MCBSPA_RX_ISR                     
0     00082373  MCBSPA_TX_ISR                     
0     00082369  MCBSPB_RX_ISR                     
0     0008235f  MCBSPB_TX_ISR                     
1     0005f400  MemCfgRegs                        
0     00084c5f  MemCopy                           
0     00082355  NMI_ISR                           
0     0008234b  NOTUSED_ISR                       
0     00009060  PI23                              
0     00082341  PIE_RESERVED_ISR                  
0     00083edf  PIL_BSRVS_init                    
0     00083f64  PIL_BSRVS_messageHandler          
0     00083ef7  PIL_BSRVS_setWriteInterlockHandler
0     00083c6d  PIL_DCLINK_configure              
0     00083c76  PIL_DCLINK_getCommunicationHandle 
0     00083c38  PIL_DCLINK_init                   
0     00083ecc  PIL_DCLINK_poll                   
0     00083c81  PIL_DCLINK_setBuffer              
0     000857b7  PIL_DisableInt                    
0     00084684  PIL_PBRIDGE_configure             
0     00084678  PIL_PBRIDGE_init                  
0     000847d5  PIL_PBRIDGE_poll                  
0     0008468d  PIL_PBRIDGE_setProtocol           
0     000815f5  PIL_PROBES_getActualPilMode       
0     0008160a  PIL_PROBES_getActualPilStep       
0     000815fc  PIL_PROBES_getDesiredPilMode      
0     00081614  PIL_PROBES_getDesiredPilStep      
0     00081603  PIL_PROBES_getPreviousPilMode     
0     000815a6  PIL_PROBES_init                   
0     00081748  PIL_PROBES_messageHandler         
0     000815d3  PIL_PROBES_setActualPilMode       
0     000815e9  PIL_PROBES_setActualPilStep       
0     000815e0  PIL_PROBES_setDesiredPilMode      
0     00084184  PIL_RA_init                       
0     000842b3  PIL_RA_pollLinkReq                
0     00084261  PIL_RA_pollLinkRsp                
0     0008421c  PIL_RA_registerService            
0     00082c8d  PIL_RA_serialIn                   
0     00084244  PIL_RA_serialIn_p                 
0     00082c9c  PIL_RA_serialOut                  
0     00084253  PIL_RA_serialOut_p                
0     000841f8  PIL_RA_setChecksum                
0     000841e0  PIL_RA_setGuid                    
0     00084210  PIL_RA_setNodeAddress             
0     000854cb  PIL_RBUF_isEmpty                  
0     00085503  PIL_RBUF_pop                      
0     000854d9  PIL_RBUF_push                     
0     000854c0  PIL_RBUF_reset                    
0     000857bb  PIL_RestoreInt                    
0     00081bf9  PIL_SCOPE_init                    
0     00081f3d  PIL_SCOPE_messageHandler          
0     00082caa  PIL_SCOPE_sample                  
0     00081d87  PIL_SCOPE_sample_p                
0     00081c19  PIL_SCOPE_setBuffer               
0     00081c36  PIL_SCOPE_setIndicator            
0     00082cb7  PIL_SCOPE_trigger                 
0     00081e57  PIL_SCOPE_trigger_p               
0     000801f2  PIL_SLINK_crc16Lookup             
0     0008393b  PIL_SLINK_in                      
0     00083915  PIL_SLINK_init                    
0     00083948  PIL_SLINK_out                     
0     00083980  PIL_SLINK_outBufIsEmpty           
0     00083b19  PIL_SLINK_receive                 
0     00083af9  PIL_SLINK_send                    
0     00082e22  PIL_allowPilSimulation            
0     00082f61  PIL_backgroundCall                
0     00082eb6  PIL_beginInterruptCall            
0     00082d6e  PIL_configureDualCoreLink         
0     00082d48  PIL_configureParallelCom          
0     00082e4a  PIL_inhibitPilSimulation          
0     00083014  PIL_init                          
0     00082e72  PIL_requestNormalMode             
0     00082e89  PIL_requestReadyMode              
0     00082dfe  PIL_setAndConfigScopeBuffer       
0     00082e14  PIL_setAndConfigureScopeIndicator 
0     00082df0  PIL_setBackgroundCommCallback     
0     00082ce8  PIL_setChecksum                   
0     00082de2  PIL_setCtrlCallback               
0     00082cc4  PIL_setGuid                       
0     00082dd3  PIL_setNodeAddress                
0     00082d30  PIL_setSerialComCallback          
0     00082ff9  PIL_setWriteInterlockHandler      
0     00082ea0  PIL_simulationActive              
0     00083541  PLXHAL_ADC_getIn                  
0     00083521  PLXHAL_DIO_set                    
0     000845e0  PLX_AIN_configure                 
0     000845d9  PLX_AIN_init                      
0     000845c6  PLX_AIN_resetChannelSetup         
0     0008457e  PLX_AIN_setDefaultAdcParams       
0     0008456e  PLX_AIN_setDefaultChannelParams   
0     000844ed  PLX_AIN_setupChannel              
0     000844e9  PLX_AIN_sinit                     
0     000854a2  PLX_DIO_configureIn               
0     0008547d  PLX_DIO_configureOut              
0     00085476  PLX_DIO_init                      
0     0008546e  PLX_DIO_obtainDummyRead           
0     0008546b  PLX_DIO_obtainDummyWrite          
0     00085442  PLX_DIO_sinit                     
1     00000ce0  PieCtrlRegs                       
1     00000d00  PieVectTable                      
0     0000907e  PilHandle                         
0     00008ee0  R                                 
0     00008eec  R1                                
0     00082337  RAM_ACCESS_VIOLATION_ISR          
0     0008232d  RAM_CORRECTABLE_ERROR_ISR         
0     00082323  RTOS_ISR                          
abs   00085caf  RamfuncsLoadEnd                   
abs   000000cf  RamfuncsLoadSize                  
abs   00085be0  RamfuncsLoadStart                 
abs   000001f3  RamfuncsRunEnd                    
abs   000000cf  RamfuncsRunSize                   
abs   00000124  RamfuncsRunStart                  
0     00082319  SCIA_RX_ISR                       
0     0008230f  SCIA_TX_ISR                       
0     00082305  SCIB_RX_ISR                       
0     000822fb  SCIB_TX_ISR                       
0     000822f1  SCIC_RX_ISR                       
0     000822e7  SCIC_TX_ISR                       
0     000822dd  SCID_RX_ISR                       
0     000822d3  SCID_TX_ISR                       
0     000822c9  SD1_ISR                           
0     000822bf  SD2_ISR                           
0     000822b5  SPIA_RX_ISR                       
0     000822ab  SPIA_TX_ISR                       
0     000822a1  SPIB_RX_ISR                       
0     00082297  SPIB_TX_ISR                       
0     0008228d  SPIC_RX_ISR                       
0     00082283  SPIC_TX_ISR                       
0     00082279  SYS_PLL_SLIP_ISR                  
0     000088ae  Sa                                
0     00008ec0  Sa1                               
0     00008ec1  Sa2                               
0     00008ec2  Sa3                               
0     00008aa2  Sb                                
0     00008ec3  Sb1                               
0     00008ec4  Sb2                               
0     00008ec5  Sb3                               
0     00008c96  Sc                                
0     00008ec6  Sc1                               
0     00008ec7  Sc2                               
0     00008ec8  Sc3                               
0     000001ef  SysCtl_delay                      
0     000827f4  SysCtl_getAuxClock                
0     000827a3  SysCtl_getClock                   
0     00082c25  SysCtl_getDeviceParametric        
0     00082c0b  SysCtl_getLowSpeedClock           
0     00082ba6  SysCtl_selectOscSource            
0     00082bdc  SysCtl_selectOscSourceAuxPLL      
0     00082b42  SysCtl_selectXTAL                 
0     00082a2f  SysCtl_setAuxClock                
0     00082835  SysCtl_setClock                   
0     0008226f  TIMER0_ISR                        
0     00082265  TIMER1_ISR                        
0     0008225b  TIMER2_ISR                        
0     00008896  TaskObj                           
0     00082251  UPPA_ISR                          
0     00082247  USBA_ISR                          
0     0008223d  USER10_ISR                        
0     00082233  USER11_ISR                        
0     00082229  USER12_ISR                        
0     0008221f  USER1_ISR                         
0     00082215  USER2_ISR                         
0     0008220b  USER3_ISR                         
0     00082201  USER4_ISR                         
0     000821f7  USER5_ISR                         
0     000821ed  USER6_ISR                         
0     000821e3  USER7_ISR                         
0     000821d9  USER8_ISR                         
0     000821cf  USER9_ISR                         
0     000821c5  VCU_ISR                           
0     00008f24  V_d                               
0     00008f28  V_q                               
0     00008f5c  Vcd                               
0     00008f58  Vcd_ant                           
0     00008f54  Vcd_ant_2                         
0     00008f60  Vcd_k0                            
0     00008f64  Vcd_k1                            
0     0000903c  Vcd_r                             
0     00008f4c  Vcdp                              
0     00008f70  Vcq                               
0     00008f6c  Vcq_ant                           
0     00008f68  Vcq_ant_2                         
0     00008f74  Vcq_k0                            
0     00008f78  Vcq_k1                            
0     00009040  Vcq_r                             
0     00008f50  Vcqp                              
0     00008f30  Vd_ant                            
0     00008f2c  Vd_ant_2                          
0     00008ed0  Vdc                               
0     00008f38  Vgd_ant                           
0     00008f34  Vgd_ant_2                         
0     00008fcc  Vgd_k                             
0     00008fd0  Vgd_k0                            
0     00008fd4  Vgd_k1                            
0     00008ef0  Vgd_r                             
0     00008f48  Vgq_ant                           
0     00008f44  Vgq_ant_2                         
0     00008fd8  Vgq_k                             
0     00008fdc  Vgq_k0                            
0     00008fe0  Vgq_k1                            
0     00008ef4  Vgq_r                             
0     00008f40  Vq_ant                            
0     00008f3c  Vq_ant_2                          
0     000821bb  WAKE_ISR                          
0     000821b1  XINT1_ISR                         
0     000821a7  XINT2_ISR                         
0     0008219d  XINT3_ISR                         
0     00082193  XINT4_ISR                         
0     00082189  XINT5_ISR                         
0     00085d6c  __TI_CINIT_Base                   
0     00085d78  __TI_CINIT_Limit                  
0     00085d78  __TI_CINIT_Warm                   
0     00085d5e  __TI_Handler_Table_Base           
0     00085d64  __TI_Handler_Table_Limit          
0     00000700  __TI_STACK_END                    
abs   00000300  __TI_STACK_SIZE                   
0     0008558b  __TI_auto_init_nobinit_nopinit    
0     00008ebc  __TI_cleanup_ptr                  
0     0008555b  __TI_decompress_lzss              
0     000857a8  __TI_decompress_none              
0     00008ebe  __TI_dtors_ptr                    
0     00008eba  __TI_enable_exit_profile_output   
abs   ffffffff  __TI_pprof_out_hndl               
abs   ffffffff  __TI_prof_data_size               
abs   ffffffff  __TI_prof_data_start              
0     000857c5  __TI_zero_init                    
0     00085210  __c28xabi_addd                    
0     00085728  __c28xabi_andll                   
0     000855b6  __c28xabi_cmpd                    
0     000852ac  __c28xabi_divd                    
0     00085337  __c28xabi_divf                    
0     00085650  __c28xabi_divi                    
0     0008562d  __c28xabi_dtof                    
0     00085693  __c28xabi_dtoi                    
0     000856b4  __c28xabi_dtol                    
0     000856f0  __c28xabi_ftod                    
0     0008570c  __c28xabi_ltod                    
0     00085661  __c28xabi_modi                    
0     000853bf  __c28xabi_mpyd                    
0     00085797  __c28xabi_negd                    
0     00085730  __c28xabi_orll                    
0     0008576a  __c28xabi_subd                    
0     00085738  __c28xabi_xorll                   
n/a   UNDEFED   __c_args__                        
0     00084a5d  __kernel_cos                      
0     00080f2a  __kernel_rem_pio2                 
0     00084938  __kernel_sin                      
0     000830e5  __rem_pio2                        
0     00000400  __stack                           
0     00085778  _args_main                        
0     00085740  _c_int00                          
0     00009080  _lock                             
0     00085796  _nop                              
0     00085792  _register_lock                    
0     0008578e  _register_unlock                  
0     000857cd  _system_post_cinit                
0     000857cb  _system_pre_init                  
0     00009082  _unlock                           
0     000855e0  abort                             
0     00080000  code_start                        
0     00008ec9  cont_v                            
0     00085609  copysign                          
0     00085609  copysignl                         
0     00084f10  cos                               
0     00084f10  cosl                              
0     00008f08  d1_C2                             
0     00008f0c  d1_L1                             
0     00008efc  d1_L1C                            
0     00008f00  d1_L2                             
0     00008f10  d1_c                              
0     00009030  dp                                
0     00008ef8  e                                 
0     0000905c  e1                                
0     00009050  e_ant                             
0     00009000  ed                                
0     0000900c  edp                               
0     00009010  eq                                
0     0000901c  eqp                               
0     00009094  errno                             
0     000855e2  exit                              
0     00084d4a  floor                             
0     00084d4a  floorl                            
0     00008000  g                                 
0     00009044  g_opt                             
0     000081f4  gb                                
0     000083e8  gv                                
0     0000904c  gx                                
0     00008ecc  h                                 
0     00008fb0  i1d_ant                           
0     00008fb4  i1d_ant_2                         
0     00008fa4  i1d_k                             
0     00008fa8  i1d_k0                            
0     00008fac  i1d_k1                            
0     00008fc4  i1q_ant                           
0     00008fc8  i1q_ant_2                         
0     00008fb8  i1q_k                             
0     00008fbc  i1q_k0                            
0     00008fc0  i1q_k1                            
0     00008f88  i2d_ant                           
0     00008f8c  i2d_ant_2                         
0     00008f7c  i2d_k                             
0     00008f80  i2d_k0                            
0     00008f84  i2d_k1                            
0     00008f9c  i2q_ant                           
0     00008fa0  i2q_ant_2                         
0     00008f90  i2q_k                             
0     00008f94  i2q_k0                            
0     00008f98  i2q_k1                            
0     00008fec  ia_ref                            
0     00008ff0  ib_ref                            
0     00008ff4  id                                
0     00009034  id_r                              
0     00008fe4  id_ref                            
0     00009054  ik0_d                             
0     00009058  ik0_q                             
0     00008f1c  ik1_d                             
0     00008f20  ik1_q                             
0     00008f14  ik_d                              
0     00008f18  ik_q                              
0     00008ff8  iq                                
0     00009038  iq_r                              
0     00008fe8  iq_ref                            
0     00085167  ldexp                             
0     00085167  ldexpl                            
0     00009020  ma                                
0     00085672  main                              
0     00009024  mb                                
0     00009028  mc                                
0     000856d3  memcpy                            
0     000857be  memset                            
0     00008ee4  rc                                
0     0000902c  sat                               
0     00085167  scalbn                            
0     00085167  scalbnl                           
0     00084fde  sin                               
0     00084fde  sinl                              
0     00084e32  sqrt                              
0     00084e32  sqrtl                             
0     00009048  t                                 
0     00008ffc  theta                             
0     00009008  vd                                
0     00009018  vq                                
0     00008ee8  w                                 
0     00008eca  x                                 
0     00008ecb  x_opt                             
0     00009004  xd                                
0     00009014  xq                                


GLOBAL SYMBOLS: SORTED BY Symbol Address 

page  address   name                              
----  -------   ----                              
0     000001ac  Flash_initModule                  
0     000001d3  Flash_powerDown                   
0     000001e3  Flash_wakeFromLPM                 
0     000001ef  SysCtl_delay                      
0     00000400  __stack                           
0     00000700  __TI_STACK_END                    
0     00008000  g                                 
0     000081f4  gb                                
0     000083e8  gv                                
0     000085dc  AdcObj                            
0     00008740  C2000_28379D_X                    
0     00008746  C2000_28379D_errorStatus          
0     00008780  C2000_28379D_B                    
0     000087b2  DoutObj                           
0     0000884c  DisprHandle                       
0     0000884e  DisprObj                          
0     00008880  DoutHandles                       
0     00008896  TaskObj                           
0     000088a0  AdcHandles                        
0     000088ae  Sa                                
0     00008aa2  Sb                                
0     00008c96  Sc                                
0     00008eba  __TI_enable_exit_profile_output   
0     00008ebc  __TI_cleanup_ptr                  
0     00008ebe  __TI_dtors_ptr                    
0     00008ec0  Sa1                               
0     00008ec1  Sa2                               
0     00008ec2  Sa3                               
0     00008ec3  Sb1                               
0     00008ec4  Sb2                               
0     00008ec5  Sb3                               
0     00008ec6  Sc1                               
0     00008ec7  Sc2                               
0     00008ec8  Sc3                               
0     00008ec9  cont_v                            
0     00008eca  x                                 
0     00008ecb  x_opt                             
0     00008ecc  h                                 
0     00008ed0  Vdc                               
0     00008ed4  L1                                
0     00008ed8  L2                                
0     00008edc  Cf                                
0     00008ee0  R                                 
0     00008ee4  rc                                
0     00008ee8  w                                 
0     00008eec  R1                                
0     00008ef0  Vgd_r                             
0     00008ef4  Vgq_r                             
0     00008ef8  e                                 
0     00008efc  d1_L1C                            
0     00008f00  d1_L2                             
0     00008f04  C2                                
0     00008f08  d1_C2                             
0     00008f0c  d1_L1                             
0     00008f10  d1_c                              
0     00008f14  ik_d                              
0     00008f18  ik_q                              
0     00008f1c  ik1_d                             
0     00008f20  ik1_q                             
0     00008f24  V_d                               
0     00008f28  V_q                               
0     00008f2c  Vd_ant_2                          
0     00008f30  Vd_ant                            
0     00008f34  Vgd_ant_2                         
0     00008f38  Vgd_ant                           
0     00008f3c  Vq_ant_2                          
0     00008f40  Vq_ant                            
0     00008f44  Vgq_ant_2                         
0     00008f48  Vgq_ant                           
0     00008f4c  Vcdp                              
0     00008f50  Vcqp                              
0     00008f54  Vcd_ant_2                         
0     00008f58  Vcd_ant                           
0     00008f5c  Vcd                               
0     00008f60  Vcd_k0                            
0     00008f64  Vcd_k1                            
0     00008f68  Vcq_ant_2                         
0     00008f6c  Vcq_ant                           
0     00008f70  Vcq                               
0     00008f74  Vcq_k0                            
0     00008f78  Vcq_k1                            
0     00008f7c  i2d_k                             
0     00008f80  i2d_k0                            
0     00008f84  i2d_k1                            
0     00008f88  i2d_ant                           
0     00008f8c  i2d_ant_2                         
0     00008f90  i2q_k                             
0     00008f94  i2q_k0                            
0     00008f98  i2q_k1                            
0     00008f9c  i2q_ant                           
0     00008fa0  i2q_ant_2                         
0     00008fa4  i1d_k                             
0     00008fa8  i1d_k0                            
0     00008fac  i1d_k1                            
0     00008fb0  i1d_ant                           
0     00008fb4  i1d_ant_2                         
0     00008fb8  i1q_k                             
0     00008fbc  i1q_k0                            
0     00008fc0  i1q_k1                            
0     00008fc4  i1q_ant                           
0     00008fc8  i1q_ant_2                         
0     00008fcc  Vgd_k                             
0     00008fd0  Vgd_k0                            
0     00008fd4  Vgd_k1                            
0     00008fd8  Vgq_k                             
0     00008fdc  Vgq_k0                            
0     00008fe0  Vgq_k1                            
0     00008fe4  id_ref                            
0     00008fe8  iq_ref                            
0     00008fec  ia_ref                            
0     00008ff0  ib_ref                            
0     00008ff4  id                                
0     00008ff8  iq                                
0     00008ffc  theta                             
0     00009000  ed                                
0     00009004  xd                                
0     00009008  vd                                
0     0000900c  edp                               
0     00009010  eq                                
0     00009014  xq                                
0     00009018  vq                                
0     0000901c  eqp                               
0     00009020  ma                                
0     00009024  mb                                
0     00009028  mc                                
0     0000902c  sat                               
0     00009030  dp                                
0     00009034  id_r                              
0     00009038  iq_r                              
0     0000903c  Vcd_r                             
0     00009040  Vcq_r                             
0     00009044  g_opt                             
0     00009048  t                                 
0     0000904c  gx                                
0     00009050  e_ant                             
0     00009054  ik0_d                             
0     00009058  ik0_q                             
0     0000905c  e1                                
0     00009060  PI23                              
0     00009064  CS                                
0     0000907e  PilHandle                         
0     00009080  _lock                             
0     00009082  _unlock                           
0     00009094  errno                             
0     00080000  code_start                        
0     000801f2  PIL_SLINK_crc16Lookup             
0     00080228  C2000_28379D_0_cScriptUpdate      
0     00080ee6  C2000_28379D_0_cScriptTerminate   
0     00080ee7  C2000_28379D_0_cScriptStart       
0     00080ee8  C2000_28379D_0_cScriptOutput      
0     00080f29  C2000_28379D_0_cScriptDerivative  
0     00080f2a  __kernel_rem_pio2                 
0     000815a6  PIL_PROBES_init                   
0     000815d3  PIL_PROBES_setActualPilMode       
0     000815e0  PIL_PROBES_setDesiredPilMode      
0     000815e9  PIL_PROBES_setActualPilStep       
0     000815f5  PIL_PROBES_getActualPilMode       
0     000815fc  PIL_PROBES_getDesiredPilMode      
0     00081603  PIL_PROBES_getPreviousPilMode     
0     0008160a  PIL_PROBES_getActualPilStep       
0     00081614  PIL_PROBES_getDesiredPilStep      
0     00081748  PIL_PROBES_messageHandler         
0     00081bf9  PIL_SCOPE_init                    
0     00081c19  PIL_SCOPE_setBuffer               
0     00081c36  PIL_SCOPE_setIndicator            
0     00081d87  PIL_SCOPE_sample_p                
0     00081e57  PIL_SCOPE_trigger_p               
0     00081f3d  PIL_SCOPE_messageHandler          
0     00082189  XINT5_ISR                         
0     00082193  XINT4_ISR                         
0     0008219d  XINT3_ISR                         
0     000821a7  XINT2_ISR                         
0     000821b1  XINT1_ISR                         
0     000821bb  WAKE_ISR                          
0     000821c5  VCU_ISR                           
0     000821cf  USER9_ISR                         
0     000821d9  USER8_ISR                         
0     000821e3  USER7_ISR                         
0     000821ed  USER6_ISR                         
0     000821f7  USER5_ISR                         
0     00082201  USER4_ISR                         
0     0008220b  USER3_ISR                         
0     00082215  USER2_ISR                         
0     0008221f  USER1_ISR                         
0     00082229  USER12_ISR                        
0     00082233  USER11_ISR                        
0     0008223d  USER10_ISR                        
0     00082247  USBA_ISR                          
0     00082251  UPPA_ISR                          
0     0008225b  TIMER2_ISR                        
0     00082265  TIMER1_ISR                        
0     0008226f  TIMER0_ISR                        
0     00082279  SYS_PLL_SLIP_ISR                  
0     00082283  SPIC_TX_ISR                       
0     0008228d  SPIC_RX_ISR                       
0     00082297  SPIB_TX_ISR                       
0     000822a1  SPIB_RX_ISR                       
0     000822ab  SPIA_TX_ISR                       
0     000822b5  SPIA_RX_ISR                       
0     000822bf  SD2_ISR                           
0     000822c9  SD1_ISR                           
0     000822d3  SCID_TX_ISR                       
0     000822dd  SCID_RX_ISR                       
0     000822e7  SCIC_TX_ISR                       
0     000822f1  SCIC_RX_ISR                       
0     000822fb  SCIB_TX_ISR                       
0     00082305  SCIB_RX_ISR                       
0     0008230f  SCIA_TX_ISR                       
0     00082319  SCIA_RX_ISR                       
0     00082323  RTOS_ISR                          
0     0008232d  RAM_CORRECTABLE_ERROR_ISR         
0     00082337  RAM_ACCESS_VIOLATION_ISR          
0     00082341  PIE_RESERVED_ISR                  
0     0008234b  NOTUSED_ISR                       
0     00082355  NMI_ISR                           
0     0008235f  MCBSPB_TX_ISR                     
0     00082369  MCBSPB_RX_ISR                     
0     00082373  MCBSPA_TX_ISR                     
0     0008237d  MCBSPA_RX_ISR                     
0     00082387  IPC3_ISR                          
0     00082391  IPC2_ISR                          
0     0008239b  IPC1_ISR                          
0     000823a5  IPC0_ISR                          
0     000823af  ILLEGAL_ISR                       
0     000823b9  I2CB_ISR                          
0     000823c3  I2CB_FIFO_ISR                     
0     000823cd  I2CA_ISR                          
0     000823d7  I2CA_FIFO_ISR                     
0     000823e1  FPU_UNDERFLOW_ISR                 
0     000823eb  FPU_OVERFLOW_ISR                  
0     000823f5  FLASH_CORRECTABLE_ERROR_ISR       
0     000823ff  EQEP3_ISR                         
0     00082409  EQEP2_ISR                         
0     00082413  EQEP1_ISR                         
0     0008241d  EPWM9_TZ_ISR                      
0     00082427  EPWM9_ISR                         
0     00082431  EPWM8_TZ_ISR                      
0     0008243b  EPWM8_ISR                         
0     00082445  EPWM7_TZ_ISR                      
0     0008244f  EPWM7_ISR                         
0     00082459  EPWM6_TZ_ISR                      
0     00082463  EPWM6_ISR                         
0     0008246d  EPWM5_TZ_ISR                      
0     00082477  EPWM5_ISR                         
0     00082481  EPWM4_TZ_ISR                      
0     0008248b  EPWM4_ISR                         
0     00082495  EPWM3_TZ_ISR                      
0     0008249f  EPWM3_ISR                         
0     000824a9  EPWM2_TZ_ISR                      
0     000824b3  EPWM2_ISR                         
0     000824bd  EPWM1_TZ_ISR                      
0     000824c7  EPWM1_ISR                         
0     000824d1  EPWM12_TZ_ISR                     
0     000824db  EPWM12_ISR                        
0     000824e5  EPWM11_TZ_ISR                     
0     000824ef  EPWM11_ISR                        
0     000824f9  EPWM10_TZ_ISR                     
0     00082503  EPWM10_ISR                        
0     0008250d  EMU_ISR                           
0     00082517  EMPTY_ISR                         
0     00082524  EMIF_ERROR_ISR                    
0     0008252e  ECAP6_ISR                         
0     00082538  ECAP5_ISR                         
0     00082542  ECAP4_ISR                         
0     0008254c  ECAP3_ISR                         
0     00082556  ECAP2_ISR                         
0     00082560  ECAP1_ISR                         
0     0008256a  DMA_CH6_ISR                       
0     00082574  DMA_CH5_ISR                       
0     0008257e  DMA_CH4_ISR                       
0     00082588  DMA_CH3_ISR                       
0     00082592  DMA_CH2_ISR                       
0     0008259c  DMA_CH1_ISR                       
0     000825a6  DATALOG_ISR                       
0     000825b0  CLA_UNDERFLOW_ISR                 
0     000825ba  CLA_OVERFLOW_ISR                  
0     000825c4  CLA1_8_ISR                        
0     000825ce  CLA1_7_ISR                        
0     000825d8  CLA1_6_ISR                        
0     000825e2  CLA1_5_ISR                        
0     000825ec  CLA1_4_ISR                        
0     000825f6  CLA1_3_ISR                        
0     00082600  CLA1_2_ISR                        
0     0008260a  CLA1_1_ISR                        
0     00082614  CANB1_ISR                         
0     0008261e  CANB0_ISR                         
0     00082628  CANA1_ISR                         
0     00082632  CANA0_ISR                         
0     0008263c  AUX_PLL_SLIP_ISR                  
0     00082646  ADCD_EVT_ISR                      
0     00082650  ADCD4_ISR                         
0     0008265a  ADCD3_ISR                         
0     00082664  ADCD2_ISR                         
0     0008266e  ADCD1_ISR                         
0     00082678  ADCC_EVT_ISR                      
0     00082682  ADCC4_ISR                         
0     0008268c  ADCC3_ISR                         
0     00082696  ADCC2_ISR                         
0     000826a0  ADCC1_ISR                         
0     000826aa  ADCB_EVT_ISR                      
0     000826b4  ADCB4_ISR                         
0     000826be  ADCB3_ISR                         
0     000826c8  ADCB2_ISR                         
0     000826d2  ADCB1_ISR                         
0     000826dc  ADCA_EVT_ISR                      
0     000826e6  ADCA4_ISR                         
0     000826f0  ADCA3_ISR                         
0     000826fa  ADCA2_ISR                         
0     00082704  ADCA1_ISR                         
0     000827a3  SysCtl_getClock                   
0     000827f4  SysCtl_getAuxClock                
0     00082835  SysCtl_setClock                   
0     00082a2f  SysCtl_setAuxClock                
0     00082b42  SysCtl_selectXTAL                 
0     00082ba6  SysCtl_selectOscSource            
0     00082bdc  SysCtl_selectOscSourceAuxPLL      
0     00082c0b  SysCtl_getLowSpeedClock           
0     00082c25  SysCtl_getDeviceParametric        
0     00082c8d  PIL_RA_serialIn                   
0     00082c9c  PIL_RA_serialOut                  
0     00082caa  PIL_SCOPE_sample                  
0     00082cb7  PIL_SCOPE_trigger                 
0     00082cc4  PIL_setGuid                       
0     00082ce8  PIL_setChecksum                   
0     00082d30  PIL_setSerialComCallback          
0     00082d48  PIL_configureParallelCom          
0     00082d6e  PIL_configureDualCoreLink         
0     00082dd3  PIL_setNodeAddress                
0     00082de2  PIL_setCtrlCallback               
0     00082df0  PIL_setBackgroundCommCallback     
0     00082dfe  PIL_setAndConfigScopeBuffer       
0     00082e14  PIL_setAndConfigureScopeIndicator 
0     00082e22  PIL_allowPilSimulation            
0     00082e4a  PIL_inhibitPilSimulation          
0     00082e72  PIL_requestNormalMode             
0     00082e89  PIL_requestReadyMode              
0     00082ea0  PIL_simulationActive              
0     00082eb6  PIL_beginInterruptCall            
0     00082f61  PIL_backgroundCall                
0     00082ff9  PIL_setWriteInterlockHandler      
0     00083014  PIL_init                          
0     000830e5  __rem_pio2                        
0     00083516  C2000_28379D_enableTasksInterrupt 
0     00083521  PLXHAL_DIO_set                    
0     00083541  PLXHAL_ADC_getIn                  
0     0008355f  C2000_28379D_syncTimers           
0     00083564  C2000_28379D_background           
0     00083565  C2000_28379D_initHal              
0     00083915  PIL_SLINK_init                    
0     0008393b  PIL_SLINK_in                      
0     00083948  PIL_SLINK_out                     
0     00083980  PIL_SLINK_outBufIsEmpty           
0     00083af9  PIL_SLINK_send                    
0     00083b19  PIL_SLINK_receive                 
0     00083c38  PIL_DCLINK_init                   
0     00083c6d  PIL_DCLINK_configure              
0     00083c76  PIL_DCLINK_getCommunicationHandle 
0     00083c81  PIL_DCLINK_setBuffer              
0     00083ecc  PIL_DCLINK_poll                   
0     00083edf  PIL_BSRVS_init                    
0     00083ef7  PIL_BSRVS_setWriteInterlockHandler
0     00083f64  PIL_BSRVS_messageHandler          
0     00084184  PIL_RA_init                       
0     000841e0  PIL_RA_setGuid                    
0     000841f8  PIL_RA_setChecksum                
0     00084210  PIL_RA_setNodeAddress             
0     0008421c  PIL_RA_registerService            
0     00084244  PIL_RA_serialIn_p                 
0     00084253  PIL_RA_serialOut_p                
0     00084261  PIL_RA_pollLinkRsp                
0     000842b3  PIL_RA_pollLinkReq                
0     0008430b  GPIO_setDirectionMode             
0     00084332  GPIO_getDirectionMode             
0     00084348  GPIO_setInterruptPin              
0     00084373  GPIO_setPadConfig                 
0     000843bb  GPIO_getPadConfig                 
0     000843ef  GPIO_setQualificationMode         
0     0008441b  GPIO_getQualificationMode         
0     0008443c  GPIO_setQualificationPeriod       
0     0008445e  GPIO_setMasterCore                
0     0008448a  GPIO_setAnalogMode                
0     000844b2  GPIO_setPinConfig                 
0     000844e9  PLX_AIN_sinit                     
0     000844ed  PLX_AIN_setupChannel              
0     0008456e  PLX_AIN_setDefaultChannelParams   
0     0008457e  PLX_AIN_setDefaultAdcParams       
0     000845c6  PLX_AIN_resetChannelSetup         
0     000845d9  PLX_AIN_init                      
0     000845e0  PLX_AIN_configure                 
0     00084678  PIL_PBRIDGE_init                  
0     00084684  PIL_PBRIDGE_configure             
0     0008468d  PIL_PBRIDGE_setProtocol           
0     000847d5  PIL_PBRIDGE_poll                  
0     000847ea  DISPR_reset                       
0     000847fd  DISPR_background                  
0     00084871  DISPR_start                       
0     000848aa  DISPR_sinit                       
0     000848b8  DISPR_setPowerupDelay             
0     000848be  DISPR_registerTask                
0     00084904  DISPR_registerSyncCallback        
0     0008490a  DISPR_registerPanicCallback       
0     00084910  DISPR_registerIdleTask            
0     00084916  DISPR_configure                   
0     00084938  __kernel_sin                      
0     00084a5d  __kernel_cos                      
0     00084b70  CalAdcINL                         
0     00084ba8  AdcSetMode                        
0     00084c5f  MemCopy                           
0     00084c69  InitFlashHz                       
0     00084d0e  DevInit                           
0     00084d4a  floor                             
0     00084d4a  floorl                            
0     00084e32  sqrt                              
0     00084e32  sqrtl                             
0     00084f10  cos                               
0     00084f10  cosl                              
0     00084fde  sin                               
0     00084fde  sinl                              
0     000850a9  C2000_28379D_terminate            
0     000850b7  C2000_28379D_initialize           
0     00085167  ldexp                             
0     00085167  ldexpl                            
0     00085167  scalbn                            
0     00085167  scalbnl                           
0     00085210  __c28xabi_addd                    
0     000852ac  __c28xabi_divd                    
0     00085337  __c28xabi_divf                    
0     000853bf  __c28xabi_mpyd                    
0     00085442  PLX_DIO_sinit                     
0     0008546b  PLX_DIO_obtainDummyWrite          
0     0008546e  PLX_DIO_obtainDummyRead           
0     00085476  PLX_DIO_init                      
0     0008547d  PLX_DIO_configureOut              
0     000854a2  PLX_DIO_configureIn               
0     000854c0  PIL_RBUF_reset                    
0     000854cb  PIL_RBUF_isEmpty                  
0     000854d9  PIL_RBUF_push                     
0     00085503  PIL_RBUF_pop                      
0     00085524  C2000_28379D_baseTaskInterrupt    
0     0008555b  __TI_decompress_lzss              
0     0008558b  __TI_auto_init_nobinit_nopinit    
0     000855b6  __c28xabi_cmpd                    
0     000855e0  C$$EXIT                           
0     000855e0  abort                             
0     000855e2  exit                              
0     00085609  copysign                          
0     00085609  copysignl                         
0     0008562d  __c28xabi_dtof                    
0     00085650  __c28xabi_divi                    
0     00085661  __c28xabi_modi                    
0     00085672  main                              
0     00085693  __c28xabi_dtoi                    
0     000856b4  __c28xabi_dtol                    
0     000856d3  memcpy                            
0     000856f0  __c28xabi_ftod                    
0     0008570c  __c28xabi_ltod                    
0     00085728  __c28xabi_andll                   
0     00085730  __c28xabi_orll                    
0     00085738  __c28xabi_xorll                   
0     00085740  _c_int00                          
0     0008576a  __c28xabi_subd                    
0     00085778  _args_main                        
0     00085784  ISR_ILLEGAL                       
0     0008578e  _register_unlock                  
0     00085792  _register_lock                    
0     00085796  _nop                              
0     00085797  __c28xabi_negd                    
0     000857a8  __TI_decompress_none              
0     000857b0  DISPR_disableInt                  
0     000857b4  DISPR_restoreInt                  
0     000857b7  PIL_DisableInt                    
0     000857bb  PIL_RestoreInt                    
0     000857be  memset                            
0     000857c5  __TI_zero_init                    
0     000857cb  _system_pre_init                  
0     000857cd  _system_post_cinit                
0     000857d0  C2000_28379D_step                 
0     00085b04  DISPR_dispatch                    
0     00085d5e  __TI_Handler_Table_Base           
0     00085d64  __TI_Handler_Table_Limit          
0     00085d6c  __TI_CINIT_Base                   
0     00085d78  __TI_CINIT_Limit                  
0     00085d78  __TI_CINIT_Warm                   
1     00000b00  AdcaResultRegs                    
1     00000b20  AdcbResultRegs                    
1     00000b40  AdccResultRegs                    
1     00000b60  AdcdResultRegs                    
1     00000c00  CpuTimer0Regs                     
1     00000c08  CpuTimer1Regs                     
1     00000c10  CpuTimer2Regs                     
1     00000ce0  PieCtrlRegs                       
1     00000d00  PieVectTable                      
1     00007400  AdcaRegs                          
1     00007480  AdcbRegs                          
1     00007500  AdccRegs                          
1     00007580  AdcdRegs                          
1     00007c00  GpioCtrlRegs                      
1     00007f00  GpioDataRegs                      
1     0005d000  DevCfgRegs                        
1     0005d180  AnalogSubsysRegs                  
1     0005d200  ClkCfgRegs                        
1     0005d300  CpuSysRegs                        
1     0005f400  MemCfgRegs                        
abs   000000cf  RamfuncsLoadSize                  
abs   000000cf  RamfuncsRunSize                   
abs   00000124  RamfuncsRunStart                  
abs   000001f3  RamfuncsRunEnd                    
abs   00000300  __TI_STACK_SIZE                   
abs   00085be0  RamfuncsLoadStart                 
abs   00085caf  RamfuncsLoadEnd                   
abs   ffffffff  __TI_pprof_out_hndl               
abs   ffffffff  __TI_prof_data_size               
abs   ffffffff  __TI_prof_data_start              
n/a   UNDEFED   __c_args__                        

[514 symbols]
