******************************************************************************
             TMS320C2000 Linker PC v22.6.1                     
******************************************************************************
>> Linked Wed Aug 28 17:19:25 2024

OUTPUT FILE NAME:   <./output_TI2837xS_cpu1/C2000_28379D.out>
ENTRY POINT SYMBOL: "_c_int00"  address: 000858ae


MEMORY CONFIGURATION

         name            origin    length      used     unused   attr    fill
----------------------  --------  ---------  --------  --------  ----  --------
PAGE 0:
  BOOT_RSVD             00000002   00000121  00000000  00000121  RWIX
  RAMM0                 00000124   000002dc  000000cf  0000020d  RWIX
  RAMM1                 00000400   00000400  00000300  00000100  RWIX
  RAMLS                 00008000   00003f00  00001830  000026d0  RWIX
  RAMD1_RSVD            0000bf00   00000100  00000000  00000100  RWIX
  CPU2TOCPU1RAM         0003f800   0000037f  00000000  0000037f  RWIX
  SCOPE_FLAG_CPU2       0003fb7f   00000001  00000001  00000000  RWIX
  CPU2TOCPU1LINK        0003fb80   00000080  00000000  00000080  RWIX
  CPU1TOCPU2RAM         0003fc00   0000037f  00000000  0000037f  RWIX
  SCOPE_FLAG_CPU1       0003ff7f   00000001  00000001  00000000  RWIX
  CPU1TOCPU2LINK        0003ff80   00000080  00000000  00000080  RWIX
  BEGIN                 00080000   00000002  00000002  00000000  RWIX
  FLASH                 00080002   0003fffe  00005eae  0003a150  RWIX
  RESET                 003fffc0   00000002  00000000  00000002  RWIX

PAGE 1:
  ADCARESULT            00000b00   00000018  00000018  00000000  RWIX
  ADCBRESULT            00000b20   00000018  00000018  00000000  RWIX
  ADCCRESULT            00000b40   00000018  00000018  00000000  RWIX
  ADCDRESULT            00000b60   00000018  00000018  00000000  RWIX
  CPUTIMER0             00000c00   00000008  00000008  00000000  RWIX
  CPUTIMER1             00000c08   00000008  00000008  00000000  RWIX
  CPUTIMER2             00000c10   00000008  00000008  00000000  RWIX
  PIECTRL               00000ce0   0000001a  0000001a  00000000  RWIX
  PIEVECTTABLE          00000d00   00000200  000001c0  00000040  RWIX
  DMA                   00001000   00000200  00000000  00000200  RWIX
  CLA1                  00001400   00000080  00000000  00000080  RWIX
  CLB1LOGICCFG          00003000   00000052  00000000  00000052  RWIX
  CLB1LOGICCTRL         00003100   00000040  00000000  00000040  RWIX
  CLB1DATAEXCH          00003200   00000200  00000000  00000200  RWIX
  CLB2LOGICCFG          00003400   00000052  00000000  00000052  RWIX
  CLB2LOGICCTRL         00003500   00000040  00000000  00000040  RWIX
  CLB2DATAEXCH          00003600   00000200  00000000  00000200  RWIX
  CLB3LOGICCFG          00003800   00000052  00000000  00000052  RWIX
  CLB3LOGICCTRL         00003900   00000040  00000000  00000040  RWIX
  CLB3DATAEXCH          00003a00   00000200  00000000  00000200  RWIX
  CLB4LOGICCFG          00003c00   00000052  00000000  00000052  RWIX
  CLB4LOGICCTRL         00003d00   00000040  00000000  00000040  RWIX
  CLB4DATAEXCH          00003e00   00000200  00000000  00000200  RWIX
  EPWM1                 00004000   00000100  00000000  00000100  RWIX
  EPWM2                 00004100   00000100  00000000  00000100  RWIX
  EPWM3                 00004200   00000100  00000000  00000100  RWIX
  EPWM4                 00004300   00000100  00000000  00000100  RWIX
  EPWM5                 00004400   00000100  00000000  00000100  RWIX
  EPWM6                 00004500   00000100  00000000  00000100  RWIX
  EPWM7                 00004600   00000100  00000000  00000100  RWIX
  EPWM8                 00004700   00000100  00000000  00000100  RWIX
  EPWM9                 00004800   00000100  00000000  00000100  RWIX
  EPWM10                00004900   00000100  00000000  00000100  RWIX
  EPWM11                00004a00   00000100  00000000  00000100  RWIX
  EPWM12                00004b00   00000100  00000000  00000100  RWIX
  ECAP1                 00005000   00000020  00000000  00000020  RWIX
  ECAP2                 00005020   00000020  00000000  00000020  RWIX
  ECAP3                 00005040   00000020  00000000  00000020  RWIX
  ECAP4                 00005060   00000020  00000000  00000020  RWIX
  ECAP5                 00005080   00000020  00000000  00000020  RWIX
  ECAP6                 000050a0   00000020  00000000  00000020  RWIX
  EQEP1                 00005100   00000022  00000000  00000022  RWIX
  EQEP2                 00005140   00000022  00000000  00000022  RWIX
  EQEP3                 00005180   00000022  00000000  00000022  RWIX
  DACA                  00005c00   00000008  00000000  00000008  RWIX
  DACB                  00005c10   00000008  00000000  00000008  RWIX
  DACC                  00005c20   00000008  00000000  00000008  RWIX
  CMPSS1                00005c80   00000020  00000000  00000020  RWIX
  CMPSS2                00005ca0   00000020  00000000  00000020  RWIX
  CMPSS3                00005cc0   00000020  00000000  00000020  RWIX
  CMPSS4                00005ce0   00000020  00000000  00000020  RWIX
  CMPSS5                00005d00   00000020  00000000  00000020  RWIX
  CMPSS6                00005d20   00000020  00000000  00000020  RWIX
  CMPSS7                00005d40   00000020  00000000  00000020  RWIX
  CMPSS8                00005d60   00000020  00000000  00000020  RWIX
  SDFM1                 00005e00   00000080  00000000  00000080  RWIX
  SDFM2                 00005e80   00000080  00000000  00000080  RWIX
  MCBSPA                00006000   00000024  00000000  00000024  RWIX
  MCBSPB                00006040   00000024  00000000  00000024  RWIX
  SPIA                  00006100   00000010  00000000  00000010  RWIX
  SPIB                  00006110   00000010  00000000  00000010  RWIX
  SPIC                  00006120   00000010  00000000  00000010  RWIX
  UPP                   00006200   00000048  00000000  00000048  RWIX
  WD                    00007000   0000002b  00000000  0000002b  RWIX
  NMIINTRUPT            00007060   00000007  00000000  00000007  RWIX
  XINT                  00007070   0000000b  00000000  0000000b  RWIX
  SCIA                  00007200   00000010  00000010  00000000  RWIX
  SCIB                  00007210   00000010  00000010  00000000  RWIX
  SCIC                  00007220   00000010  00000000  00000010  RWIX
  SCID                  00007230   00000010  00000000  00000010  RWIX
  I2CA                  00007300   00000022  00000000  00000022  RWIX
  I2CB                  00007340   00000022  00000000  00000022  RWIX
  ADCA                  00007400   00000080  0000007c  00000004  RWIX
  ADCB                  00007480   00000080  0000007c  00000004  RWIX
  ADCC                  00007500   00000080  0000007c  00000004  RWIX
  ADCD                  00007580   00000080  0000007c  00000004  RWIX
  INPUTXBAR             00007900   00000020  00000000  00000020  RWIX
  XBAR                  00007920   00000020  00000000  00000020  RWIX
  SYNCSOC               00007940   00000006  00000000  00000006  RWIX
  DMACLASRCSEL          00007980   0000001a  00000000  0000001a  RWIX
  EPWMXBAR              00007a00   00000040  00000000  00000040  RWIX
  CLBXBAR               00007a40   00000040  00000000  00000040  RWIX
  OUTPUTXBAR            00007a80   00000040  00000000  00000040  RWIX
  GPIOCTRL              00007c00   00000180  00000180  00000000  RWIX
  GPIODATA              00007f00   00000030  00000030  00000000  RWIX
  EMIF1                 00047000   00000070  00000000  00000070  RWIX
  EMIF2                 00047800   00000070  00000000  00000070  RWIX
  CANA                  00048000   00000200  00000000  00000200  RWIX
  CANB                  0004a000   00000200  00000000  00000200  RWIX
  IPC                   00050000   00000024  00000000  00000024  RWIX
  FLASHPUMPSEMAPHORE    00050024   00000002  00000000  00000002  RWIX
  DEVCFG                0005d000   0000012e  0000012e  00000000  RWIX
  ANALOGSUBSYS          0005d180   00000048  0000003e  0000000a  RWIX
  CLKCFG                0005d200   00000032  00000032  00000000  RWIX
  CPUSYS                0005d300   00000082  00000082  00000000  RWIX
  ROMPREFETCH           0005e608   00000002  00000000  00000002  RWIX
  DCSMZ1                0005f000   00000024  00000000  00000024  RWIX
  DCSMZ2                0005f040   00000024  00000000  00000024  RWIX
  DCSMCOMMON            0005f070   00000008  00000000  00000008  RWIX
  MEMCFG                0005f400   00000080  00000076  0000000a  RWIX
  EMIF1CONFIG           0005f480   00000020  00000000  00000020  RWIX
  EMIF2CONFIG           0005f4a0   00000020  00000000  00000020  RWIX
  ACCESSPROTECTION      0005f4c0   00000040  00000000  00000040  RWIX
  MEMORYERROR           0005f500   00000040  00000000  00000040  RWIX
  ROMWAITSTATE          0005f540   00000002  00000000  00000002  RWIX
  FLASH0CTRL            0005f800   00000182  00000000  00000182  RWIX
  FLASH0ECC             0005fb00   00000028  00000000  00000028  RWIX


SECTION ALLOCATION MAP

 output                                  attributes/
section   page    origin      length       input sections
--------  ----  ----------  ----------   ----------------
AdcaResultRegsFile 
*          1    00000b00    00000018     UNINITIALIZED
                  00000b00    00000018     F2837xD_GlobalVariableDefs.obj (AdcaResultRegsFile)

AdcbResultRegsFile 
*          1    00000b20    00000018     UNINITIALIZED
                  00000b20    00000018     F2837xD_GlobalVariableDefs.obj (AdcbResultRegsFile)

AdccResultRegsFile 
*          1    00000b40    00000018     UNINITIALIZED
                  00000b40    00000018     F2837xD_GlobalVariableDefs.obj (AdccResultRegsFile)

AdcdResultRegsFile 
*          1    00000b60    00000018     UNINITIALIZED
                  00000b60    00000018     F2837xD_GlobalVariableDefs.obj (AdcdResultRegsFile)

PieVectTableFile 
*          1    00000d00    000001c0     UNINITIALIZED
                  00000d00    000001c0     F2837xD_GlobalVariableDefs.obj (PieVectTableFile)

EmuKeyVar 
*          1    00000d00    00000000     UNINITIALIZED

EmuBModeVar 
*          1    00000d00    00000000     UNINITIALIZED

EmuBootPinsVar 
*          1    00000d00    00000000     UNINITIALIZED

FlashCallbackVar 
*          1    00000d00    00000000     UNINITIALIZED

FlashScalingVar 
*          1    00000d00    00000000     UNINITIALIZED

AdcaRegsFile 
*          1    00007400    0000007c     UNINITIALIZED
                  00007400    0000007c     F2837xD_GlobalVariableDefs.obj (AdcaRegsFile)

AdcbRegsFile 
*          1    00007480    0000007c     UNINITIALIZED
                  00007480    0000007c     F2837xD_GlobalVariableDefs.obj (AdcbRegsFile)

AdccRegsFile 
*          1    00007500    0000007c     UNINITIALIZED
                  00007500    0000007c     F2837xD_GlobalVariableDefs.obj (AdccRegsFile)

AdcdRegsFile 
*          1    00007580    0000007c     UNINITIALIZED
                  00007580    0000007c     F2837xD_GlobalVariableDefs.obj (AdcdRegsFile)

AnalogSubsysRegsFile 
*          1    0005d180    0000003e     UNINITIALIZED
                  0005d180    0000003e     F2837xD_GlobalVariableDefs.obj (AnalogSubsysRegsFile)

ClkCfgRegsFile 
*          1    0005d200    00000032     UNINITIALIZED
                  0005d200    00000032     F2837xD_GlobalVariableDefs.obj (ClkCfgRegsFile)

CpuTimer0RegsFile 
*          1    00000c00    00000008     UNINITIALIZED
                  00000c00    00000008     F2837xD_GlobalVariableDefs.obj (CpuTimer0RegsFile)

CpuTimer1RegsFile 
*          1    00000c08    00000008     UNINITIALIZED
                  00000c08    00000008     F2837xD_GlobalVariableDefs.obj (CpuTimer1RegsFile)

CpuTimer2RegsFile 
*          1    00000c10    00000008     UNINITIALIZED
                  00000c10    00000008     F2837xD_GlobalVariableDefs.obj (CpuTimer2RegsFile)

CpuSysRegsFile 
*          1    0005d300    00000082     UNINITIALIZED
                  0005d300    00000082     F2837xD_GlobalVariableDefs.obj (CpuSysRegsFile)

DevCfgRegsFile 
*          1    0005d000    0000012e     UNINITIALIZED
                  0005d000    0000012e     F2837xD_GlobalVariableDefs.obj (DevCfgRegsFile)

.bss       0    000083ec    00000c5f     UNINITIALIZED
                  000083ec    0000000e     C2000_28379D.obj (.bss:C2000_28379D_D_uint32_t)
                  000083fa    00000002     C2000_28379D.obj (.bss:C2000_28379D_ExtModeBuffer)
                  000083fc    00000002     C2000_28379D.obj (.bss:C2000_28379D_subTaskTick)
                  000083fe    00000002     ain_type4.obj (.bss)
                  00008400    000003e2     C2000_28379D_hal.obj (.bss)
                  000087e2    000001f4     C2000_28379D_0.obj (.bss:g)
                  000089d6    000001f4     C2000_28379D_0.obj (.bss:gb)
                  00008bca    000001f4     C2000_28379D_0.obj (.bss:gv)
                  00008dbe    00000138     C2000_28379D_hal.obj (.bss:AdcObj)
                  00008ef6    00000058     C2000_28379D_hal.obj (.bss:DoutObj)
                  00008f4e    00000042     C2000_28379D.obj (.bss:C2000_28379D_cScriptStruct)
                  00008f90    0000001e     dio_2837x.obj (.bss)
                  00008fae    0000000a     C2000_28379D_hal.obj (.bss:TaskObj)
                  00008fb8    00000008     C2000_28379D_hal.obj (.bss:AdcHandles)
                  00008fc0    00000040     C2000_28379D.obj (.bss)
                  00009000    00000034     dispatcher.obj (.bss)
                  00009034    00000016     C2000_28379D_hal.obj (.bss:DoutHandles)
                  0000904a    00000001     C2000_28379D.obj (.bss:C2000_28379D_subTaskHit)

scopeflag_remote 
*          0    0003fb7f    00000001     UNINITIALIZED
                  0003fb7f    00000001     C2000_28379D_hal.obj (scopeflag_remote:retain)

codestart 
*          0    00080000    00000002     
                  00080000    00000002     F2837xD_CodeStartBranch.obj (codestart)

.text      0    000802b4    00005688     
                  000802b4    00000cf8     C2000_28379D_0.obj (.text)
                  00080fac    0000067c     rts2800_fpu32_eabi.lib : k_rem_pio2.c.obj (.text)
                  00081628    0000061f     pil_c28_fpu32_eabi.lib : probes.obj (.text)
                  00081c47    000005c4                            : scope.obj (.text)
                  0008220b    00000585     F2837xD_DefaultISR.obj (.text:retain)
                  00082790    0000057f     plx_driverlib_fpu32_eabi.lib : sysctl.obj (.text)
                  00082d0f    0000049a     C2000_28379D_hal.obj (.text)
                  000831a9    00000458     pil_c28_fpu32_eabi.lib : pil.obj (.text)
                  00083601    00000431     rts2800_fpu32_eabi.lib : e_rem_pio2.c.obj (.text)
                  00083a32    00000323     pil_c28_fpu32_eabi.lib : seriallink.obj (.text)
                  00083d55    000002a7                            : dualcorelink.obj (.text)
                  00083ffc    00000226                            : basicservices.obj (.text)
                  00084222    000001f9                            : remoteagent.obj (.text)
                  0008441b    000001eb     plx_driverlib_fpu32_eabi.lib : gpio.obj (.text)
                  00084606    0000018f     ain_type4.obj (.text)
                  00084795    00000172     pil_c28_fpu32_eabi.lib : parallelbridge.obj (.text)
                  00084907    0000014e     dispatcher.obj (.text)
                  00084a55    00000125     rts2800_fpu32_eabi.lib : k_sin.c.obj (.text)
                  00084b7a    00000113                            : k_cos.c.obj (.text)
                  00084c8d    000000ef     F2837xD_Adc.obj (.text)
                  00084d7c    000000eb     F2837xD_DevInit.obj (.text)
                  00084e67    000000e8     rts2800_fpu32_eabi.lib : s_floor.c.obj (.text)
                  00084f4f    000000de                            : e_sqrt.c.obj (.text)
                  0008502d    000000ce                            : s_cos.c.obj (.text)
                  000850fb    000000cb                            : s_sin.c.obj (.text)
                  000851c6    000000b7     C2000_28379D.obj (.text)
                  0008527d    000000a9     rts2800_fpu32_eabi.lib : s_scalbn.c.obj (.text)
                  00085326    0000009c                            : fd_add28.asm.obj (.text)
                  000853c2    0000008b                            : fd_div28.asm.obj (.text)
                  0008544d    00000088                            : fs_div28.asm.obj (.text)
                  000854d5    00000083                            : fd_mpy28.asm.obj (.text)
                  00085558    0000007e     dio_2837x.obj (.text)
                  000855d6    00000064     pil_c28_fpu32_eabi.lib : ringbuf.obj (.text)
                  0008563a    00000058     sci_2837x.obj (.text)
                  00085692    00000037     C2000_28379D_hal.obj (.text:retain)
                  000856c9    00000030     rts2800_fpu32_eabi.lib : copy_decompress_lzss.c.obj (.text:decompress:lzss)
                  000856f9    0000002b                            : autoinit.c.obj (.text:__TI_auto_init_nobinit_nopinit)
                  00085724    0000002a                            : fd_cmp28.asm.obj (.text)
                  0008574e    00000029                            : exit.c.obj (.text)
                  00085777    00000024                            : s_copysign.c.obj (.text)
                  0008579b    00000023                            : fd_tofsfpu32.asm.obj (.text)
                  000857be    00000022                            : i_div28.asm.obj (.text)
                  000857e0    00000021     C2000_28379D_main.obj (.text)
                  00085801    00000021     rts2800_fpu32_eabi.lib : fd_toi28.asm.obj (.text)
                  00085822    0000001f                            : fd_tol28.asm.obj (.text)
                  00085841    0000001d                            : memcpy.c.obj (.text)
                  0008585e    0000001c                            : fs_tofdfpu32.asm.obj (.text)
                  0008587a    0000001c                            : l_tofd28.asm.obj (.text)
                  00085896    00000018                            : ll_aox28.asm.obj (.text)
                  000858ae    00000017                            : boot28.asm.obj (.text)
                  000858c5    00000013     plx_driverlib_fpu32_eabi.lib : flash.obj (.text)
                  000858d8    0000000e     rts2800_fpu32_eabi.lib : fd_sub28.asm.obj (.text)
                  000858e6    0000000c                            : args_main.c.obj (.text)
                  000858f2    0000000a     F2837xD_DevInit.obj (.text:retain)
                  000858fc    00000009     rts2800_fpu32_eabi.lib : _lock.c.obj (.text)
                  00085905    00000009                            : fd_neg28.asm.obj (.text)
                  0008590e    00000008     F2837xD_CodeStartBranch.obj (.text)
                  00085916    00000008     rts2800_fpu32_eabi.lib : copy_decompress_none.c.obj (.text:decompress:none)
                  0008591e    00000007     dispatcher_asm.obj (.text)
                  00085925    00000007     pil_c28_fpu32_eabi.lib : pil_f28x_dis_int.obj (.text)
                  0008592c    00000007     rts2800_fpu32_eabi.lib : memset.c.obj (.text)
                  00085933    00000006                            : copy_zero_init.c.obj (.text:decompress:ZI)
                  00085939    00000002                            : pre_init.c.obj (.text)
                  0008593b    00000001                            : startup.c.obj (.text)

GpioCtrlRegsFile 
*          1    00007c00    00000180     UNINITIALIZED
                  00007c00    00000180     F2837xD_GlobalVariableDefs.obj (GpioCtrlRegsFile)

GpioDataRegsFile 
*          1    00007f00    00000030     UNINITIALIZED
                  00007f00    00000030     F2837xD_GlobalVariableDefs.obj (GpioDataRegsFile)

MemCfgRegsFile 
*          1    0005f400    00000076     UNINITIALIZED
                  0005f400    00000076     F2837xD_GlobalVariableDefs.obj (MemCfgRegsFile)

PieCtrlRegsFile 
*          1    00000ce0    0000001a     UNINITIALIZED
                  00000ce0    0000001a     F2837xD_GlobalVariableDefs.obj (PieCtrlRegsFile)

SciaRegsFile 
*          1    00007200    00000010     UNINITIALIZED
                  00007200    00000010     F2837xD_GlobalVariableDefs.obj (SciaRegsFile)

ScibRegsFile 
*          1    00007210    00000010     UNINITIALIZED
                  00007210    00000010     F2837xD_GlobalVariableDefs.obj (ScibRegsFile)

scope      0    00008000    000003ec     UNINITIALIZED
                  00008000    000003ec     C2000_28379D_hal.obj (scope)

scopeflag_local 
*          0    0003ff7f    00000001     UNINITIALIZED
                  0003ff7f    00000001     C2000_28379D_hal.obj (scopeflag_local:retain)

step       0    0008593c    000002ef     
                  0008593c    000002ef     C2000_28379D.obj (step)

dispatch   0    00085c2c    000000db     
                  00085c2c    000000db     dispatcher.obj (dispatch)

.cinit     0    00085dd8    000000e0     
                  00085dd8    000000ad     (.cinit..data.load) [load image, compression = lzss]
                  00085e85    00000001     --HOLE-- [fill = 0]
                  00085e86    00000006     (__TI_handler_table)
                  00085e8c    00000004     (.cinit..bss.load) [load image, compression = zero_init]
                  00085e90    00000004     (.cinit.PieVectTableFile.load) [load image, compression = zero_init]
                  00085e94    00000004     (.cinit.scope.load) [load image, compression = zero_init]
                  00085e98    00000004     (.cinit.scopeflag_local.load) [load image, compression = zero_init]
                  00085e9c    00000004     (.cinit.scopeflag_remote.load) [load image, compression = zero_init]
                  00085ea0    00000018     (__TI_cinit_table)

.stack     0    00000400    00000300     UNINITIALIZED
                  00000400    00000300     --HOLE--

.init_array 
*          0    00080004    00000000     UNINITIALIZED

.const     0    00080004    000002ad     
                  00080004    00000084     rts2800_fpu32_eabi.lib : k_rem_pio2.c.obj (.const:ipio2)
                  00080088    00000038                            : k_sin.c.obj (.const)
                  000800c0    00000064                            : e_rem_pio2.c.obj (.const)
                  00080124    0000001c                            : s_scalbn.c.obj (.const)
                  00080140    00000043     C2000_28379D_hal.obj (.const:pilv)
                  00080183    00000001     --HOLE-- [fill = 0]
                  00080184    0000003c     rts2800_fpu32_eabi.lib : k_cos.c.obj (.const)
                  000801c0    0000002c                            : k_rem_pio2.c.obj (.const)
                  000801ec    00000029     C2000_28379D.obj (.const:.string)
                  00080215    00000001     --HOLE-- [fill = 0]
                  00080216    00000020     rts2800_fpu32_eabi.lib : k_rem_pio2.c.obj (.const:PIo2)
                  00080236    00000004     C2000_28379D.obj (.const)
                  0008023a    00000004     rts2800_fpu32_eabi.lib : k_rem_pio2.c.obj (.const:init_jk)
                  0008023e    00000002     C2000_28379D.obj (.const:C2000_28379D_ExtModeSignals)
                  00080240    00000018     C2000_28379D_hal.obj (.const:pilv:retain)
                  00080258    00000016     C2000_28379D_hal.obj (.const)
                  0008026e    00000010     C2000_28379D_0.obj (.const)
                  0008027e    00000010     pil_c28_fpu32_eabi.lib : seriallink.obj (.const:PIL_SLINK_crc16Lookup)
                  0008028e    0000000c     rts2800_fpu32_eabi.lib : e_sqrt.c.obj (.const)
                  0008029a    0000000c                            : s_floor.c.obj (.const)
                  000802a6    00000004                            : s_cos.c.obj (.const)
                  000802aa    00000004                            : s_sin.c.obj (.const)
                  000802ae    00000002     C2000_28379D.obj (.const:C2000_28379D_subTaskPeriod)
                  000802b0    00000001     C2000_28379D_hal.obj (.const:.string)

.data      0    0000904c    000007e5     UNINITIALIZED
                  0000904c    000001f4     C2000_28379D_0.obj (.data:Sa)
                  00009240    000001f4     C2000_28379D_0.obj (.data:Sb)
                  00009434    000001f4     C2000_28379D_0.obj (.data:Sc)
                  00009628    00000014     C2000_28379D.obj (.data:inputPtrs$2)
                  0000963c    00000004     C2000_28379D_hal.obj (.data)
                  00009640    000001a8     C2000_28379D_0.obj (.data)
                  000097e8    00000014     C2000_28379D.obj (.data:terminalSampleTimeOffsets$12)
                  000097fc    00000014     C2000_28379D.obj (.data:terminalSampleTimePeriods$11)
                  00009810    00000006     C2000_28379D.obj (.data:outputPtrs$5)
                  00009816    00000006     rts2800_fpu32_eabi.lib : exit.c.obj (.data)
                  0000981c    00000002                            : _lock.c.obj (.data:_lock)
                  0000981e    00000002                            : _lock.c.obj (.data:_unlock)
                  00009820    00000002     C2000_28379D.obj (.data:inputs$3)
                  00009822    00000002     C2000_28379D.obj (.data:outputs$6)
                  00009824    00000002     C2000_28379D.obj (.data:sampleHits$8)
                  00009826    00000002     C2000_28379D.obj (.data:sampleTimeOffsets$10)
                  00009828    00000002     C2000_28379D.obj (.data:sampleTimePeriods$9)
                  0000982a    00000002     C2000_28379D.obj (.data:terminalSampleTimeOffsetPtrs$14)
                  0000982c    00000002     C2000_28379D.obj (.data:terminalSampleTimePeriodPtrs$13)
                  0000982e    00000001     C2000_28379D.obj (.data:numInputSignals$1)
                  0000982f    00000001     C2000_28379D.obj (.data:numOutputSignals$4)
                  00009830    00000001     rts2800_fpu32_eabi.lib : errno.c.obj (.data)

ramfuncs   0    00085d08    00000000     UNINITIALIZEDRUN ADDR = 00000124

.TI.ramfunc 
*          0    00085d08    000000cf     RUN ADDR = 00000124
                  00085d08    000000cb     plx_driverlib_fpu32_eabi.lib : flash.obj (.TI.ramfunc)
                  00085dd3    00000004                                  : sysctl.obj (.TI.ramfunc)

.reset     0    003fffc0    00000000     DSECT

MODULE SUMMARY

       Module                           code    ro data   rw data
       ------                           ----    -------   -------
    .\output_TI2837xS_cpu1\
       C2000_28379D_0.obj               3320    16        3424   
       C2000_28379D_hal.obj             1233    114       2444   
       F2837xD_GlobalVariableDefs.obj   0       0         2216   
       F2837xD_DefaultISR.obj           1413    0         0      
       C2000_28379D.obj                 934     49        231    
       dispatcher.obj                   553     0         52     
       ain_type4.obj                    399     0         2      
       F2837xD_DevInit.obj              245     0         0      
       F2837xD_Adc.obj                  239     0         0      
       dio_2837x.obj                    126     0         30     
       sci_2837x.obj                    88      0         0      
       C2000_28379D_main.obj            33      0         0      
       F2837xD_CodeStartBranch.obj      10      0         0      
       dispatcher_asm.obj               7       0         0      
    +--+--------------------------------+-------+---------+---------+
       Total:                           8600    179       8399   
                                                                 
    C:\Users\user\AppData\Local\Programs\PLECS C2000 TSP\cgt\ti-cgt-c2000_22.6.1.LTS\lib\rts2800_fpu32_eabi.lib
       k_rem_pio2.c.obj                 1660    212       0      
       e_rem_pio2.c.obj                 1073    100       0      
       k_sin.c.obj                      293     56        0      
       k_cos.c.obj                      275     60        0      
       s_floor.c.obj                    232     12        0      
       e_sqrt.c.obj                     222     12        0      
       s_cos.c.obj                      206     4         0      
       s_sin.c.obj                      203     4         0      
       s_scalbn.c.obj                   169     28        0      
       fd_add28.asm.obj                 156     0         0      
       fd_div28.asm.obj                 139     0         0      
       fs_div28.asm.obj                 136     0         0      
       fd_mpy28.asm.obj                 131     0         0      
       copy_decompress_lzss.c.obj       48      0         0      
       exit.c.obj                       41      0         6      
       autoinit.c.obj                   43      0         0      
       fd_cmp28.asm.obj                 42      0         0      
       s_copysign.c.obj                 36      0         0      
       fd_tofsfpu32.asm.obj             35      0         0      
       i_div28.asm.obj                  34      0         0      
       fd_toi28.asm.obj                 33      0         0      
       fd_tol28.asm.obj                 31      0         0      
       memcpy.c.obj                     29      0         0      
       fs_tofdfpu32.asm.obj             28      0         0      
       l_tofd28.asm.obj                 28      0         0      
       ll_aox28.asm.obj                 24      0         0      
       boot28.asm.obj                   23      0         0      
       fd_sub28.asm.obj                 14      0         0      
       _lock.c.obj                      9       0         4      
       args_main.c.obj                  12      0         0      
       fd_neg28.asm.obj                 9       0         0      
       copy_decompress_none.c.obj       8       0         0      
       memset.c.obj                     7       0         0      
       copy_zero_init.c.obj             6       0         0      
       pre_init.c.obj                   2       0         0      
       errno.c.obj                      0       0         1      
       startup.c.obj                    1       0         0      
    +--+--------------------------------+-------+---------+---------+
       Total:                           5438    488       11     
                                                                 
    F:\Repositorio_Chris\tsp_ti_c2000\ccs\2837x\..\pil\pil_c28_fpu32_eabi.lib
       probes.obj                       1567    0         0      
       scope.obj                        1476    0         0      
       pil.obj                          1112    0         0      
       seriallink.obj                   803     16        0      
       dualcorelink.obj                 679     0         0      
       basicservices.obj                550     0         0      
       remoteagent.obj                  505     0         0      
       parallelbridge.obj               370     0         0      
       ringbuf.obj                      100     0         0      
       pil_f28x_dis_int.obj             7       0         0      
    +--+--------------------------------+-------+---------+---------+
       Total:                           7169    16        0      
                                                                 
    F:\Repositorio_Chris\tsp_ti_c2000\ccs\2837x\tisrc\driverlib\plx_driverlib_fpu32_eabi.lib
       sysctl.obj                       1415    0         0      
       gpio.obj                         491     0         0      
       flash.obj                        425     0         0      
    +--+--------------------------------+-------+---------+---------+
       Total:                           2331    0         0      
                                                                 
       Stack:                           0       0         768    
       Linker Generated:                0       223       0      
    +--+--------------------------------+-------+---------+---------+
       Grand Total:                     23538   906       9178   


LINKER GENERATED COPY TABLES

__TI_cinit_table @ 00085ea0 records: 6, size/record: 4, table size: 24
	.data: load addr=00085dd8, load size=000000ad bytes, run addr=0000904c, run size=000007e5 bytes, compression=lzss
	.bss: load addr=00085e8c, load size=00000004 bytes, run addr=000083ec, run size=00000c5f bytes, compression=zero_init
	PieVectTableFile: load addr=00085e90, load size=00000004 bytes, run addr=00000d00, run size=000001c0 bytes, compression=zero_init
	scope: load addr=00085e94, load size=00000004 bytes, run addr=00008000, run size=000003ec bytes, compression=zero_init
	scopeflag_local: load addr=00085e98, load size=00000004 bytes, run addr=0003ff7f, run size=00000001 bytes, compression=zero_init
	scopeflag_remote: load addr=00085e9c, load size=00000004 bytes, run addr=0003fb7f, run size=00000001 bytes, compression=zero_init


LINKER GENERATED HANDLER TABLE

__TI_handler_table @ 00085e86 records: 3, size/record: 2, table size: 6
	index: 0, handler: __TI_zero_init
	index: 1, handler: __TI_decompress_lzss
	index: 2, handler: __TI_decompress_none


GLOBAL DATA SYMBOLS: SORTED BY DATA PAGE

address     data page           name
--------    ----------------    ----
00000400      10 (00000400)     __stack

00000b00      2c (00000b00)     AdcaResultRegs
00000b20      2c (00000b00)     AdcbResultRegs

00000b40      2d (00000b40)     AdccResultRegs
00000b60      2d (00000b40)     AdcdResultRegs

00000c00      30 (00000c00)     CpuTimer0Regs
00000c08      30 (00000c00)     CpuTimer1Regs
00000c10      30 (00000c00)     CpuTimer2Regs

00000ce0      33 (00000cc0)     PieCtrlRegs

00000d00      34 (00000d00)     PieVectTable

00007200     1c8 (00007200)     SciaRegs
00007210     1c8 (00007200)     ScibRegs

00007400     1d0 (00007400)     AdcaRegs

00007480     1d2 (00007480)     AdcbRegs

00007500     1d4 (00007500)     AdccRegs

00007580     1d6 (00007580)     AdcdRegs

00007c00     1f0 (00007c00)     GpioCtrlRegs

00007f00     1fc (00007f00)     GpioDataRegs

00008000     200 (00008000)     ScopeBuffer

00008400     210 (00008400)     SciHandle
00008402     210 (00008400)     SciObj

00008440     211 (00008440)     PilObj

000087e2     21f (000087c0)     g

000089d6     227 (000089c0)     gb

00008bca     22f (00008bc0)     gv

00008dbe     236 (00008d80)     AdcObj

00008ef6     23b (00008ec0)     DoutObj

00008fae     23e (00008f80)     TaskObj
00008fb8     23e (00008f80)     AdcHandles

00008fc4     23f (00008fc0)     C2000_28379D_errorStatus
00008fce     23f (00008fc0)     C2000_28379D_B

00009000     240 (00009000)     DisprHandle
00009002     240 (00009000)     DisprObj
00009034     240 (00009000)     DoutHandles

0000904c     241 (00009040)     Sa

00009240     249 (00009240)     Sb

00009434     250 (00009400)     Sc

0000963e     258 (00009600)     PilHandle

00009640     259 (00009640)     Sa1
00009641     259 (00009640)     Sa2
00009642     259 (00009640)     Sa3
00009643     259 (00009640)     Sb1
00009644     259 (00009640)     Sb2
00009645     259 (00009640)     Sb3
00009646     259 (00009640)     Sc1
00009647     259 (00009640)     Sc2
00009648     259 (00009640)     Sc3
00009649     259 (00009640)     cont_v
0000964a     259 (00009640)     x
0000964b     259 (00009640)     x_opt
0000964c     259 (00009640)     h
00009650     259 (00009640)     Vdc
00009654     259 (00009640)     L1
00009658     259 (00009640)     L2
0000965c     259 (00009640)     Cf
00009660     259 (00009640)     R
00009664     259 (00009640)     rc
00009668     259 (00009640)     w
0000966c     259 (00009640)     R1
00009670     259 (00009640)     Vgd_r
00009674     259 (00009640)     Vgq_r
00009678     259 (00009640)     e
0000967c     259 (00009640)     d1_L1C

00009680     25a (00009680)     d1_L2
00009684     25a (00009680)     C2
00009688     25a (00009680)     d1_C2
0000968c     25a (00009680)     d1_L1
00009690     25a (00009680)     d1_c
00009694     25a (00009680)     ik_d
00009698     25a (00009680)     ik_q
0000969c     25a (00009680)     ik1_d
000096a0     25a (00009680)     ik1_q
000096a4     25a (00009680)     V_d
000096a8     25a (00009680)     V_q
000096ac     25a (00009680)     Vd_ant_2
000096b0     25a (00009680)     Vd_ant
000096b4     25a (00009680)     Vgd_ant_2
000096b8     25a (00009680)     Vgd_ant
000096bc     25a (00009680)     Vq_ant_2

000096c0     25b (000096c0)     Vq_ant
000096c4     25b (000096c0)     Vgq_ant_2
000096c8     25b (000096c0)     Vgq_ant
000096cc     25b (000096c0)     Vcdp
000096d0     25b (000096c0)     Vcqp
000096d4     25b (000096c0)     Vcd_ant_2
000096d8     25b (000096c0)     Vcd_ant
000096dc     25b (000096c0)     Vcd
000096e0     25b (000096c0)     Vcd_k0
000096e4     25b (000096c0)     Vcd_k1
000096e8     25b (000096c0)     Vcq_ant_2
000096ec     25b (000096c0)     Vcq_ant
000096f0     25b (000096c0)     Vcq
000096f4     25b (000096c0)     Vcq_k0
000096f8     25b (000096c0)     Vcq_k1
000096fc     25b (000096c0)     i2d_k

00009700     25c (00009700)     i2d_k0
00009704     25c (00009700)     i2d_k1
00009708     25c (00009700)     i2d_ant
0000970c     25c (00009700)     i2d_ant_2
00009710     25c (00009700)     i2q_k
00009714     25c (00009700)     i2q_k0
00009718     25c (00009700)     i2q_k1
0000971c     25c (00009700)     i2q_ant
00009720     25c (00009700)     i2q_ant_2
00009724     25c (00009700)     i1d_k
00009728     25c (00009700)     i1d_k0
0000972c     25c (00009700)     i1d_k1
00009730     25c (00009700)     i1d_ant
00009734     25c (00009700)     i1d_ant_2
00009738     25c (00009700)     i1q_k
0000973c     25c (00009700)     i1q_k0

00009740     25d (00009740)     i1q_k1
00009744     25d (00009740)     i1q_ant
00009748     25d (00009740)     i1q_ant_2
0000974c     25d (00009740)     Vgd_k
00009750     25d (00009740)     Vgd_k0
00009754     25d (00009740)     Vgd_k1
00009758     25d (00009740)     Vgq_k
0000975c     25d (00009740)     Vgq_k0
00009760     25d (00009740)     Vgq_k1
00009764     25d (00009740)     id_ref
00009768     25d (00009740)     iq_ref
0000976c     25d (00009740)     ia_ref
00009770     25d (00009740)     ib_ref
00009774     25d (00009740)     id
00009778     25d (00009740)     iq
0000977c     25d (00009740)     theta

00009780     25e (00009780)     ed
00009784     25e (00009780)     xd
00009788     25e (00009780)     vd
0000978c     25e (00009780)     edp
00009790     25e (00009780)     eq
00009794     25e (00009780)     xq
00009798     25e (00009780)     vq
0000979c     25e (00009780)     eqp
000097a0     25e (00009780)     ma
000097a4     25e (00009780)     mb
000097a8     25e (00009780)     mc
000097ac     25e (00009780)     sat
000097b0     25e (00009780)     dp
000097b4     25e (00009780)     id_r
000097b8     25e (00009780)     iq_r
000097bc     25e (00009780)     Vcd_r

000097c0     25f (000097c0)     Vcq_r
000097c4     25f (000097c0)     g_opt
000097c8     25f (000097c0)     t
000097cc     25f (000097c0)     gx
000097d0     25f (000097c0)     e_ant
000097d4     25f (000097c0)     ik0_d
000097d8     25f (000097c0)     ik0_q
000097dc     25f (000097c0)     e1
000097e0     25f (000097c0)     PI23
000097e4     25f (000097c0)     CS

00009816     260 (00009800)     __TI_enable_exit_profile_output
00009818     260 (00009800)     __TI_cleanup_ptr
0000981a     260 (00009800)     __TI_dtors_ptr
0000981c     260 (00009800)     _lock
0000981e     260 (00009800)     _unlock
00009830     260 (00009800)     errno

0003fb7f     fed (0003fb40)     ScopeFlagCpuRemote

0003ff7f     ffd (0003ff40)     ScopeFlagCpuThis

0005d000    1740 (0005d000)     DevCfgRegs

0005d180    1746 (0005d180)     AnalogSubsysRegs

0005d200    1748 (0005d200)     ClkCfgRegs

0005d300    174c (0005d300)     CpuSysRegs

0005f400    17d0 (0005f400)     MemCfgRegs

00080140    2005 (00080140)     PIL_D_FrameworkVersion
00080141    2005 (00080140)     PIL_D_StationAddress
00080142    2005 (00080140)     PIL_D_BaudRate
00080144    2005 (00080140)     PIL_D_Guid
0008014c    2005 (00080140)     PIL_D_CompiledBy
00080158    2005 (00080140)     PIL_D_CompiledDate
0008016c    2005 (00080140)     PIL_D_FirmwareDescription

00080236    2008 (00080200)     C2000_28379D_sampleTime
00080238    2008 (00080200)     C2000_28379D_checksum
0008023e    2008 (00080200)     C2000_28379D_ExtModeSignals

00080240    2009 (00080240)     PIL_C_ExtMode_targetFloat_Size
00080242    2009 (00080240)     PIL_C_ExtMode_targetPointer_Size
00080244    2009 (00080240)     PIL_C_ExtMode_sampleTime_Ptr
00080246    2009 (00080240)     PIL_C_ExtMode_checksum_Ptr
00080248    2009 (00080240)     PIL_C_ExtMode_ExtModeSignals_Ptr
0008024a    2009 (00080240)     PIL_C_ExtMode_ExtModeSignals_Size
0008024c    2009 (00080240)     PIL_V_ScopeFlagCpuRemote
00080252    2009 (00080240)     PIL_V_ScopeFlagCpuThis
0008027e    2009 (00080240)     PIL_SLINK_crc16Lookup


GLOBAL SYMBOLS: SORTED ALPHABETICALLY BY Name 

page  address   name                              
----  -------   ----                              
0     00082786  ADCA1_ISR                         
0     0008277c  ADCA2_ISR                         
0     00082772  ADCA3_ISR                         
0     00082768  ADCA4_ISR                         
0     0008275e  ADCA_EVT_ISR                      
0     00082754  ADCB1_ISR                         
0     0008274a  ADCB2_ISR                         
0     00082740  ADCB3_ISR                         
0     00082736  ADCB4_ISR                         
0     0008272c  ADCB_EVT_ISR                      
0     00082722  ADCC1_ISR                         
0     00082718  ADCC2_ISR                         
0     0008270e  ADCC3_ISR                         
0     00082704  ADCC4_ISR                         
0     000826fa  ADCC_EVT_ISR                      
0     000826f0  ADCD1_ISR                         
0     000826e6  ADCD2_ISR                         
0     000826dc  ADCD3_ISR                         
0     000826d2  ADCD4_ISR                         
0     000826c8  ADCD_EVT_ISR                      
0     000826be  AUX_PLL_SLIP_ISR                  
0     00008fb8  AdcHandles                        
0     00008dbe  AdcObj                            
0     00084cc5  AdcSetMode                        
1     00007400  AdcaRegs                          
1     00000b00  AdcaResultRegs                    
1     00007480  AdcbRegs                          
1     00000b20  AdcbResultRegs                    
1     00007500  AdccRegs                          
1     00000b40  AdccResultRegs                    
1     00007580  AdcdRegs                          
1     00000b60  AdcdResultRegs                    
1     0005d180  AnalogSubsysRegs                  
0     0008574e  C$$EXIT                           
0     00009684  C2                                
0     00080fab  C2000_28379D_0_cScriptDerivative  
0     00080f74  C2000_28379D_0_cScriptOutput      
0     00080f73  C2000_28379D_0_cScriptStart       
0     00080f72  C2000_28379D_0_cScriptTerminate   
0     000802b4  C2000_28379D_0_cScriptUpdate      
0     00008fce  C2000_28379D_B                    
0     0008023e  C2000_28379D_ExtModeSignals       
0     00082d1f  C2000_28379D_background           
0     00085692  C2000_28379D_baseTaskInterrupt    
0     00080238  C2000_28379D_checksum             
0     00082d0f  C2000_28379D_enableTasksInterrupt 
0     00008fc4  C2000_28379D_errorStatus          
0     00082d9c  C2000_28379D_initHal              
0     000851d4  C2000_28379D_initialize           
0     00080236  C2000_28379D_sampleTime           
0     0008593c  C2000_28379D_step                 
0     00082d1a  C2000_28379D_syncTimers           
0     000851c6  C2000_28379D_terminate            
0     000826b4  CANA0_ISR                         
0     000826aa  CANA1_ISR                         
0     000826a0  CANB0_ISR                         
0     00082696  CANB1_ISR                         
0     0008268c  CLA1_1_ISR                        
0     00082682  CLA1_2_ISR                        
0     00082678  CLA1_3_ISR                        
0     0008266e  CLA1_4_ISR                        
0     00082664  CLA1_5_ISR                        
0     0008265a  CLA1_6_ISR                        
0     00082650  CLA1_7_ISR                        
0     00082646  CLA1_8_ISR                        
0     0008263c  CLA_OVERFLOW_ISR                  
0     00082632  CLA_UNDERFLOW_ISR                 
0     000097e4  CS                                
0     00084c8d  CalAdcINL                         
0     0000965c  Cf                                
1     0005d200  ClkCfgRegs                        
1     0005d300  CpuSysRegs                        
1     00000c00  CpuTimer0Regs                     
1     00000c08  CpuTimer1Regs                     
1     00000c10  CpuTimer2Regs                     
0     00082628  DATALOG_ISR                       
0     0008491a  DISPR_background                  
0     00084a33  DISPR_configure                   
0     0008591e  DISPR_disableInt                  
0     00085c2c  DISPR_dispatch                    
0     00084a2d  DISPR_registerIdleTask            
0     00084a27  DISPR_registerPanicCallback       
0     00084a21  DISPR_registerSyncCallback        
0     000849db  DISPR_registerTask                
0     00084907  DISPR_reset                       
0     00085922  DISPR_restoreInt                  
0     000849d5  DISPR_setPowerupDelay             
0     000849c7  DISPR_sinit                       
0     0008498e  DISPR_start                       
0     0008261e  DMA_CH1_ISR                       
0     00082614  DMA_CH2_ISR                       
0     0008260a  DMA_CH3_ISR                       
0     00082600  DMA_CH4_ISR                       
0     000825f6  DMA_CH5_ISR                       
0     000825ec  DMA_CH6_ISR                       
1     0005d000  DevCfgRegs                        
0     00084e2b  DevInit                           
0     00009000  DisprHandle                       
0     00009002  DisprObj                          
0     00009034  DoutHandles                       
0     00008ef6  DoutObj                           
0     000825e2  ECAP1_ISR                         
0     000825d8  ECAP2_ISR                         
0     000825ce  ECAP3_ISR                         
0     000825c4  ECAP4_ISR                         
0     000825ba  ECAP5_ISR                         
0     000825b0  ECAP6_ISR                         
0     000825a6  EMIF_ERROR_ISR                    
0     00082599  EMPTY_ISR                         
0     0008258f  EMU_ISR                           
0     00082585  EPWM10_ISR                        
0     0008257b  EPWM10_TZ_ISR                     
0     00082571  EPWM11_ISR                        
0     00082567  EPWM11_TZ_ISR                     
0     0008255d  EPWM12_ISR                        
0     00082553  EPWM12_TZ_ISR                     
0     00082549  EPWM1_ISR                         
0     0008253f  EPWM1_TZ_ISR                      
0     00082535  EPWM2_ISR                         
0     0008252b  EPWM2_TZ_ISR                      
0     00082521  EPWM3_ISR                         
0     00082517  EPWM3_TZ_ISR                      
0     0008250d  EPWM4_ISR                         
0     00082503  EPWM4_TZ_ISR                      
0     000824f9  EPWM5_ISR                         
0     000824ef  EPWM5_TZ_ISR                      
0     000824e5  EPWM6_ISR                         
0     000824db  EPWM6_TZ_ISR                      
0     000824d1  EPWM7_ISR                         
0     000824c7  EPWM7_TZ_ISR                      
0     000824bd  EPWM8_ISR                         
0     000824b3  EPWM8_TZ_ISR                      
0     000824a9  EPWM9_ISR                         
0     0008249f  EPWM9_TZ_ISR                      
0     00082495  EQEP1_ISR                         
0     0008248b  EQEP2_ISR                         
0     00082481  EQEP3_ISR                         
0     00082477  FLASH_CORRECTABLE_ERROR_ISR       
0     0008246d  FPU_OVERFLOW_ISR                  
0     00082463  FPU_UNDERFLOW_ISR                 
0     000001ac  Flash_initModule                  
0     000001d3  Flash_powerDown                   
0     000001e3  Flash_wakeFromLPM                 
0     0008444f  GPIO_getDirectionMode             
0     000844d8  GPIO_getPadConfig                 
0     00084538  GPIO_getQualificationMode         
0     000845a7  GPIO_setAnalogMode                
0     00084428  GPIO_setDirectionMode             
0     00084465  GPIO_setInterruptPin              
0     0008457b  GPIO_setMasterCore                
0     00084490  GPIO_setPadConfig                 
0     000845cf  GPIO_setPinConfig                 
0     0008450c  GPIO_setQualificationMode         
0     00084559  GPIO_setQualificationPeriod       
1     00007c00  GpioCtrlRegs                      
1     00007f00  GpioDataRegs                      
0     00082459  I2CA_FIFO_ISR                     
0     0008244f  I2CA_ISR                          
0     00082445  I2CB_FIFO_ISR                     
0     0008243b  I2CB_ISR                          
0     00082431  ILLEGAL_ISR                       
0     00082427  IPC0_ISR                          
0     0008241d  IPC1_ISR                          
0     00082413  IPC2_ISR                          
0     00082409  IPC3_ISR                          
0     000858f2  ISR_ILLEGAL                       
0     00084d86  InitFlashHz                       
0     00009654  L1                                
0     00009658  L2                                
0     000823ff  MCBSPA_RX_ISR                     
0     000823f5  MCBSPA_TX_ISR                     
0     000823eb  MCBSPB_RX_ISR                     
0     000823e1  MCBSPB_TX_ISR                     
1     0005f400  MemCfgRegs                        
0     00084d7c  MemCopy                           
0     000823d7  NMI_ISR                           
0     000823cd  NOTUSED_ISR                       
0     000097e0  PI23                              
0     000823c3  PIE_RESERVED_ISR                  
0     00083ffc  PIL_BSRVS_init                    
0     00084081  PIL_BSRVS_messageHandler          
0     00084014  PIL_BSRVS_setWriteInterlockHandler
0     00080248  PIL_C_ExtMode_ExtModeSignals_Ptr  
0     0008024a  PIL_C_ExtMode_ExtModeSignals_Size 
0     00080246  PIL_C_ExtMode_checksum_Ptr        
0     00080244  PIL_C_ExtMode_sampleTime_Ptr      
0     00080240  PIL_C_ExtMode_targetFloat_Size    
0     00080242  PIL_C_ExtMode_targetPointer_Size  
0     00083d8a  PIL_DCLINK_configure              
0     00083d93  PIL_DCLINK_getCommunicationHandle 
0     00083d55  PIL_DCLINK_init                   
0     00083fe9  PIL_DCLINK_poll                   
0     00083d9e  PIL_DCLINK_setBuffer              
0     00080142  PIL_D_BaudRate                    
0     0008014c  PIL_D_CompiledBy                  
0     00080158  PIL_D_CompiledDate                
0     0008016c  PIL_D_FirmwareDescription         
0     00080140  PIL_D_FrameworkVersion            
0     00080144  PIL_D_Guid                        
0     00080141  PIL_D_StationAddress              
0     00085925  PIL_DisableInt                    
0     000847a1  PIL_PBRIDGE_configure             
0     00084795  PIL_PBRIDGE_init                  
0     000848f2  PIL_PBRIDGE_poll                  
0     000847aa  PIL_PBRIDGE_setProtocol           
0     00081677  PIL_PROBES_getActualPilMode       
0     0008168c  PIL_PROBES_getActualPilStep       
0     0008167e  PIL_PROBES_getDesiredPilMode      
0     00081696  PIL_PROBES_getDesiredPilStep      
0     00081685  PIL_PROBES_getPreviousPilMode     
0     00081628  PIL_PROBES_init                   
0     000817ca  PIL_PROBES_messageHandler         
0     00081655  PIL_PROBES_setActualPilMode       
0     0008166b  PIL_PROBES_setActualPilStep       
0     00081662  PIL_PROBES_setDesiredPilMode      
0     000842a1  PIL_RA_init                       
0     000843d0  PIL_RA_pollLinkReq                
0     0008437e  PIL_RA_pollLinkRsp                
0     00084339  PIL_RA_registerService            
0     000831a9  PIL_RA_serialIn                   
0     00084361  PIL_RA_serialIn_p                 
0     000831b8  PIL_RA_serialOut                  
0     00084370  PIL_RA_serialOut_p                
0     00084315  PIL_RA_setChecksum                
0     000842fd  PIL_RA_setGuid                    
0     0008432d  PIL_RA_setNodeAddress             
0     000855e1  PIL_RBUF_isEmpty                  
0     00085619  PIL_RBUF_pop                      
0     000855ef  PIL_RBUF_push                     
0     000855d6  PIL_RBUF_reset                    
0     00085929  PIL_RestoreInt                    
0     00081c7b  PIL_SCOPE_init                    
0     00081fbf  PIL_SCOPE_messageHandler          
0     000831c6  PIL_SCOPE_sample                  
0     00081e09  PIL_SCOPE_sample_p                
0     00081c9b  PIL_SCOPE_setBuffer               
0     00081cb8  PIL_SCOPE_setIndicator            
0     000831d3  PIL_SCOPE_trigger                 
0     00081ed9  PIL_SCOPE_trigger_p               
0     0008027e  PIL_SLINK_crc16Lookup             
0     00083a58  PIL_SLINK_in                      
0     00083a32  PIL_SLINK_init                    
0     00083a65  PIL_SLINK_out                     
0     00083a9d  PIL_SLINK_outBufIsEmpty           
0     00083c36  PIL_SLINK_receive                 
0     00083c16  PIL_SLINK_send                    
0     0008024c  PIL_V_ScopeFlagCpuRemote          
0     00080252  PIL_V_ScopeFlagCpuThis            
0     0008333e  PIL_allowPilSimulation            
0     0008347d  PIL_backgroundCall                
0     000833d2  PIL_beginInterruptCall            
0     0008328a  PIL_configureDualCoreLink         
0     00083264  PIL_configureParallelCom          
0     00083366  PIL_inhibitPilSimulation          
0     00083530  PIL_init                          
0     0008338e  PIL_requestNormalMode             
0     000833a5  PIL_requestReadyMode              
0     0008331a  PIL_setAndConfigScopeBuffer       
0     00083330  PIL_setAndConfigureScopeIndicator 
0     0008330c  PIL_setBackgroundCommCallback     
0     00083204  PIL_setChecksum                   
0     000832fe  PIL_setCtrlCallback               
0     000831e0  PIL_setGuid                       
0     000832ef  PIL_setNodeAddress                
0     0008324c  PIL_setSerialComCallback          
0     00083515  PIL_setWriteInterlockHandler      
0     000833bc  PIL_simulationActive              
0     00082d7e  PLXHAL_ADC_getIn                  
0     00082d5e  PLXHAL_DIO_set                    
0     000846fd  PLX_AIN_configure                 
0     000846f6  PLX_AIN_init                      
0     000846e3  PLX_AIN_resetChannelSetup         
0     0008469b  PLX_AIN_setDefaultAdcParams       
0     0008468b  PLX_AIN_setDefaultChannelParams   
0     0008460a  PLX_AIN_setupChannel              
0     00084606  PLX_AIN_sinit                     
0     000855b8  PLX_DIO_configureIn               
0     00085593  PLX_DIO_configureOut              
0     0008558c  PLX_DIO_init                      
0     00085584  PLX_DIO_obtainDummyRead           
0     00085581  PLX_DIO_obtainDummyWrite          
0     00085558  PLX_DIO_sinit                     
0     0008568f  PLX_SCI_configure                 
0     00085688  PLX_SCI_init                      
0     0008563a  PLX_SCI_setupPort                 
1     00000ce0  PieCtrlRegs                       
1     00000d00  PieVectTable                      
0     0000963e  PilHandle                         
0     00008440  PilObj                            
0     00009660  R                                 
0     0000966c  R1                                
0     000823b9  RAM_ACCESS_VIOLATION_ISR          
0     000823af  RAM_CORRECTABLE_ERROR_ISR         
0     000823a5  RTOS_ISR                          
abs   00085dd7  RamfuncsLoadEnd                   
abs   000000cf  RamfuncsLoadSize                  
abs   00085d08  RamfuncsLoadStart                 
abs   000001f3  RamfuncsRunEnd                    
abs   000000cf  RamfuncsRunSize                   
abs   00000124  RamfuncsRunStart                  
0     0008239b  SCIA_RX_ISR                       
0     00082391  SCIA_TX_ISR                       
0     00082387  SCIB_RX_ISR                       
0     0008237d  SCIB_TX_ISR                       
0     00082373  SCIC_RX_ISR                       
0     00082369  SCIC_TX_ISR                       
0     0008235f  SCID_RX_ISR                       
0     00082355  SCID_TX_ISR                       
0     0008234b  SD1_ISR                           
0     00082341  SD2_ISR                           
0     00082337  SPIA_RX_ISR                       
0     0008232d  SPIA_TX_ISR                       
0     00082323  SPIB_RX_ISR                       
0     00082319  SPIB_TX_ISR                       
0     0008230f  SPIC_RX_ISR                       
0     00082305  SPIC_TX_ISR                       
0     000822fb  SYS_PLL_SLIP_ISR                  
0     0000904c  Sa                                
0     00009640  Sa1                               
0     00009641  Sa2                               
0     00009642  Sa3                               
0     00009240  Sb                                
0     00009643  Sb1                               
0     00009644  Sb2                               
0     00009645  Sb3                               
0     00009434  Sc                                
0     00009646  Sc1                               
0     00009647  Sc2                               
0     00009648  Sc3                               
0     00008400  SciHandle                         
0     00008402  SciObj                            
1     00007200  SciaRegs                          
1     00007210  ScibRegs                          
0     00008000  ScopeBuffer                       
0     0003fb7f  ScopeFlagCpuRemote                
0     0003ff7f  ScopeFlagCpuThis                  
0     000001ef  SysCtl_delay                      
0     00082876  SysCtl_getAuxClock                
0     00082825  SysCtl_getClock                   
0     00082ca7  SysCtl_getDeviceParametric        
0     00082c8d  SysCtl_getLowSpeedClock           
0     00082c28  SysCtl_selectOscSource            
0     00082c5e  SysCtl_selectOscSourceAuxPLL      
0     00082bc4  SysCtl_selectXTAL                 
0     00082ab1  SysCtl_setAuxClock                
0     000828b7  SysCtl_setClock                   
0     000822f1  TIMER0_ISR                        
0     000822e7  TIMER1_ISR                        
0     000822dd  TIMER2_ISR                        
0     00008fae  TaskObj                           
0     000822d3  UPPA_ISR                          
0     000822c9  USBA_ISR                          
0     000822bf  USER10_ISR                        
0     000822b5  USER11_ISR                        
0     000822ab  USER12_ISR                        
0     000822a1  USER1_ISR                         
0     00082297  USER2_ISR                         
0     0008228d  USER3_ISR                         
0     00082283  USER4_ISR                         
0     00082279  USER5_ISR                         
0     0008226f  USER6_ISR                         
0     00082265  USER7_ISR                         
0     0008225b  USER8_ISR                         
0     00082251  USER9_ISR                         
0     00082247  VCU_ISR                           
0     000096a4  V_d                               
0     000096a8  V_q                               
0     000096dc  Vcd                               
0     000096d8  Vcd_ant                           
0     000096d4  Vcd_ant_2                         
0     000096e0  Vcd_k0                            
0     000096e4  Vcd_k1                            
0     000097bc  Vcd_r                             
0     000096cc  Vcdp                              
0     000096f0  Vcq                               
0     000096ec  Vcq_ant                           
0     000096e8  Vcq_ant_2                         
0     000096f4  Vcq_k0                            
0     000096f8  Vcq_k1                            
0     000097c0  Vcq_r                             
0     000096d0  Vcqp                              
0     000096b0  Vd_ant                            
0     000096ac  Vd_ant_2                          
0     00009650  Vdc                               
0     000096b8  Vgd_ant                           
0     000096b4  Vgd_ant_2                         
0     0000974c  Vgd_k                             
0     00009750  Vgd_k0                            
0     00009754  Vgd_k1                            
0     00009670  Vgd_r                             
0     000096c8  Vgq_ant                           
0     000096c4  Vgq_ant_2                         
0     00009758  Vgq_k                             
0     0000975c  Vgq_k0                            
0     00009760  Vgq_k1                            
0     00009674  Vgq_r                             
0     000096c0  Vq_ant                            
0     000096bc  Vq_ant_2                          
0     0008223d  WAKE_ISR                          
0     00082233  XINT1_ISR                         
0     00082229  XINT2_ISR                         
0     0008221f  XINT3_ISR                         
0     00082215  XINT4_ISR                         
0     0008220b  XINT5_ISR                         
0     00085ea0  __TI_CINIT_Base                   
0     00085eb8  __TI_CINIT_Limit                  
0     00085eb8  __TI_CINIT_Warm                   
0     00085e86  __TI_Handler_Table_Base           
0     00085e8c  __TI_Handler_Table_Limit          
0     00000700  __TI_STACK_END                    
abs   00000300  __TI_STACK_SIZE                   
0     000856f9  __TI_auto_init_nobinit_nopinit    
0     00009818  __TI_cleanup_ptr                  
0     000856c9  __TI_decompress_lzss              
0     00085916  __TI_decompress_none              
0     0000981a  __TI_dtors_ptr                    
0     00009816  __TI_enable_exit_profile_output   
abs   ffffffff  __TI_pprof_out_hndl               
abs   ffffffff  __TI_prof_data_size               
abs   ffffffff  __TI_prof_data_start              
0     00085933  __TI_zero_init                    
0     00085326  __c28xabi_addd                    
0     00085896  __c28xabi_andll                   
0     00085724  __c28xabi_cmpd                    
0     000853c2  __c28xabi_divd                    
0     0008544d  __c28xabi_divf                    
0     000857be  __c28xabi_divi                    
0     0008579b  __c28xabi_dtof                    
0     00085801  __c28xabi_dtoi                    
0     00085822  __c28xabi_dtol                    
0     0008585e  __c28xabi_ftod                    
0     0008587a  __c28xabi_ltod                    
0     000857cf  __c28xabi_modi                    
0     000854d5  __c28xabi_mpyd                    
0     00085905  __c28xabi_negd                    
0     0008589e  __c28xabi_orll                    
0     000858d8  __c28xabi_subd                    
0     000858a6  __c28xabi_xorll                   
n/a   UNDEFED   __c_args__                        
0     00084b7a  __kernel_cos                      
0     00080fac  __kernel_rem_pio2                 
0     00084a55  __kernel_sin                      
0     00083601  __rem_pio2                        
0     00000400  __stack                           
0     000858e6  _args_main                        
0     000858ae  _c_int00                          
0     0000981c  _lock                             
0     00085904  _nop                              
0     00085900  _register_lock                    
0     000858fc  _register_unlock                  
0     0008593b  _system_post_cinit                
0     00085939  _system_pre_init                  
0     0000981e  _unlock                           
0     0008574e  abort                             
0     00080000  code_start                        
0     00009649  cont_v                            
0     00085777  copysign                          
0     00085777  copysignl                         
0     0008502d  cos                               
0     0008502d  cosl                              
0     00009688  d1_C2                             
0     0000968c  d1_L1                             
0     0000967c  d1_L1C                            
0     00009680  d1_L2                             
0     00009690  d1_c                              
0     000097b0  dp                                
0     00009678  e                                 
0     000097dc  e1                                
0     000097d0  e_ant                             
0     00009780  ed                                
0     0000978c  edp                               
0     00009790  eq                                
0     0000979c  eqp                               
0     00009830  errno                             
0     00085750  exit                              
0     00084e67  floor                             
0     00084e67  floorl                            
0     000087e2  g                                 
0     000097c4  g_opt                             
0     000089d6  gb                                
0     00008bca  gv                                
0     000097cc  gx                                
0     0000964c  h                                 
0     00009730  i1d_ant                           
0     00009734  i1d_ant_2                         
0     00009724  i1d_k                             
0     00009728  i1d_k0                            
0     0000972c  i1d_k1                            
0     00009744  i1q_ant                           
0     00009748  i1q_ant_2                         
0     00009738  i1q_k                             
0     0000973c  i1q_k0                            
0     00009740  i1q_k1                            
0     00009708  i2d_ant                           
0     0000970c  i2d_ant_2                         
0     000096fc  i2d_k                             
0     00009700  i2d_k0                            
0     00009704  i2d_k1                            
0     0000971c  i2q_ant                           
0     00009720  i2q_ant_2                         
0     00009710  i2q_k                             
0     00009714  i2q_k0                            
0     00009718  i2q_k1                            
0     0000976c  ia_ref                            
0     00009770  ib_ref                            
0     00009774  id                                
0     000097b4  id_r                              
0     00009764  id_ref                            
0     000097d4  ik0_d                             
0     000097d8  ik0_q                             
0     0000969c  ik1_d                             
0     000096a0  ik1_q                             
0     00009694  ik_d                              
0     00009698  ik_q                              
0     00009778  iq                                
0     000097b8  iq_r                              
0     00009768  iq_ref                            
0     0008527d  ldexp                             
0     0008527d  ldexpl                            
0     000097a0  ma                                
0     000857e0  main                              
0     000097a4  mb                                
0     000097a8  mc                                
0     00085841  memcpy                            
0     0008592c  memset                            
0     00009664  rc                                
0     000097ac  sat                               
0     0008527d  scalbn                            
0     0008527d  scalbnl                           
0     000850fb  sin                               
0     000850fb  sinl                              
0     00084f4f  sqrt                              
0     00084f4f  sqrtl                             
0     000097c8  t                                 
0     0000977c  theta                             
0     00009788  vd                                
0     00009798  vq                                
0     00009668  w                                 
0     0000964a  x                                 
0     0000964b  x_opt                             
0     00009784  xd                                
0     00009794  xq                                


GLOBAL SYMBOLS: SORTED BY Symbol Address 

page  address   name                              
----  -------   ----                              
0     000001ac  Flash_initModule                  
0     000001d3  Flash_powerDown                   
0     000001e3  Flash_wakeFromLPM                 
0     000001ef  SysCtl_delay                      
0     00000400  __stack                           
0     00000700  __TI_STACK_END                    
0     00008000  ScopeBuffer                       
0     00008400  SciHandle                         
0     00008402  SciObj                            
0     00008440  PilObj                            
0     000087e2  g                                 
0     000089d6  gb                                
0     00008bca  gv                                
0     00008dbe  AdcObj                            
0     00008ef6  DoutObj                           
0     00008fae  TaskObj                           
0     00008fb8  AdcHandles                        
0     00008fc4  C2000_28379D_errorStatus          
0     00008fce  C2000_28379D_B                    
0     00009000  DisprHandle                       
0     00009002  DisprObj                          
0     00009034  DoutHandles                       
0     0000904c  Sa                                
0     00009240  Sb                                
0     00009434  Sc                                
0     0000963e  PilHandle                         
0     00009640  Sa1                               
0     00009641  Sa2                               
0     00009642  Sa3                               
0     00009643  Sb1                               
0     00009644  Sb2                               
0     00009645  Sb3                               
0     00009646  Sc1                               
0     00009647  Sc2                               
0     00009648  Sc3                               
0     00009649  cont_v                            
0     0000964a  x                                 
0     0000964b  x_opt                             
0     0000964c  h                                 
0     00009650  Vdc                               
0     00009654  L1                                
0     00009658  L2                                
0     0000965c  Cf                                
0     00009660  R                                 
0     00009664  rc                                
0     00009668  w                                 
0     0000966c  R1                                
0     00009670  Vgd_r                             
0     00009674  Vgq_r                             
0     00009678  e                                 
0     0000967c  d1_L1C                            
0     00009680  d1_L2                             
0     00009684  C2                                
0     00009688  d1_C2                             
0     0000968c  d1_L1                             
0     00009690  d1_c                              
0     00009694  ik_d                              
0     00009698  ik_q                              
0     0000969c  ik1_d                             
0     000096a0  ik1_q                             
0     000096a4  V_d                               
0     000096a8  V_q                               
0     000096ac  Vd_ant_2                          
0     000096b0  Vd_ant                            
0     000096b4  Vgd_ant_2                         
0     000096b8  Vgd_ant                           
0     000096bc  Vq_ant_2                          
0     000096c0  Vq_ant                            
0     000096c4  Vgq_ant_2                         
0     000096c8  Vgq_ant                           
0     000096cc  Vcdp                              
0     000096d0  Vcqp                              
0     000096d4  Vcd_ant_2                         
0     000096d8  Vcd_ant                           
0     000096dc  Vcd                               
0     000096e0  Vcd_k0                            
0     000096e4  Vcd_k1                            
0     000096e8  Vcq_ant_2                         
0     000096ec  Vcq_ant                           
0     000096f0  Vcq                               
0     000096f4  Vcq_k0                            
0     000096f8  Vcq_k1                            
0     000096fc  i2d_k                             
0     00009700  i2d_k0                            
0     00009704  i2d_k1                            
0     00009708  i2d_ant                           
0     0000970c  i2d_ant_2                         
0     00009710  i2q_k                             
0     00009714  i2q_k0                            
0     00009718  i2q_k1                            
0     0000971c  i2q_ant                           
0     00009720  i2q_ant_2                         
0     00009724  i1d_k                             
0     00009728  i1d_k0                            
0     0000972c  i1d_k1                            
0     00009730  i1d_ant                           
0     00009734  i1d_ant_2                         
0     00009738  i1q_k                             
0     0000973c  i1q_k0                            
0     00009740  i1q_k1                            
0     00009744  i1q_ant                           
0     00009748  i1q_ant_2                         
0     0000974c  Vgd_k                             
0     00009750  Vgd_k0                            
0     00009754  Vgd_k1                            
0     00009758  Vgq_k                             
0     0000975c  Vgq_k0                            
0     00009760  Vgq_k1                            
0     00009764  id_ref                            
0     00009768  iq_ref                            
0     0000976c  ia_ref                            
0     00009770  ib_ref                            
0     00009774  id                                
0     00009778  iq                                
0     0000977c  theta                             
0     00009780  ed                                
0     00009784  xd                                
0     00009788  vd                                
0     0000978c  edp                               
0     00009790  eq                                
0     00009794  xq                                
0     00009798  vq                                
0     0000979c  eqp                               
0     000097a0  ma                                
0     000097a4  mb                                
0     000097a8  mc                                
0     000097ac  sat                               
0     000097b0  dp                                
0     000097b4  id_r                              
0     000097b8  iq_r                              
0     000097bc  Vcd_r                             
0     000097c0  Vcq_r                             
0     000097c4  g_opt                             
0     000097c8  t                                 
0     000097cc  gx                                
0     000097d0  e_ant                             
0     000097d4  ik0_d                             
0     000097d8  ik0_q                             
0     000097dc  e1                                
0     000097e0  PI23                              
0     000097e4  CS                                
0     00009816  __TI_enable_exit_profile_output   
0     00009818  __TI_cleanup_ptr                  
0     0000981a  __TI_dtors_ptr                    
0     0000981c  _lock                             
0     0000981e  _unlock                           
0     00009830  errno                             
0     0003fb7f  ScopeFlagCpuRemote                
0     0003ff7f  ScopeFlagCpuThis                  
0     00080000  code_start                        
0     00080140  PIL_D_FrameworkVersion            
0     00080141  PIL_D_StationAddress              
0     00080142  PIL_D_BaudRate                    
0     00080144  PIL_D_Guid                        
0     0008014c  PIL_D_CompiledBy                  
0     00080158  PIL_D_CompiledDate                
0     0008016c  PIL_D_FirmwareDescription         
0     00080236  C2000_28379D_sampleTime           
0     00080238  C2000_28379D_checksum             
0     0008023e  C2000_28379D_ExtModeSignals       
0     00080240  PIL_C_ExtMode_targetFloat_Size    
0     00080242  PIL_C_ExtMode_targetPointer_Size  
0     00080244  PIL_C_ExtMode_sampleTime_Ptr      
0     00080246  PIL_C_ExtMode_checksum_Ptr        
0     00080248  PIL_C_ExtMode_ExtModeSignals_Ptr  
0     0008024a  PIL_C_ExtMode_ExtModeSignals_Size 
0     0008024c  PIL_V_ScopeFlagCpuRemote          
0     00080252  PIL_V_ScopeFlagCpuThis            
0     0008027e  PIL_SLINK_crc16Lookup             
0     000802b4  C2000_28379D_0_cScriptUpdate      
0     00080f72  C2000_28379D_0_cScriptTerminate   
0     00080f73  C2000_28379D_0_cScriptStart       
0     00080f74  C2000_28379D_0_cScriptOutput      
0     00080fab  C2000_28379D_0_cScriptDerivative  
0     00080fac  __kernel_rem_pio2                 
0     00081628  PIL_PROBES_init                   
0     00081655  PIL_PROBES_setActualPilMode       
0     00081662  PIL_PROBES_setDesiredPilMode      
0     0008166b  PIL_PROBES_setActualPilStep       
0     00081677  PIL_PROBES_getActualPilMode       
0     0008167e  PIL_PROBES_getDesiredPilMode      
0     00081685  PIL_PROBES_getPreviousPilMode     
0     0008168c  PIL_PROBES_getActualPilStep       
0     00081696  PIL_PROBES_getDesiredPilStep      
0     000817ca  PIL_PROBES_messageHandler         
0     00081c7b  PIL_SCOPE_init                    
0     00081c9b  PIL_SCOPE_setBuffer               
0     00081cb8  PIL_SCOPE_setIndicator            
0     00081e09  PIL_SCOPE_sample_p                
0     00081ed9  PIL_SCOPE_trigger_p               
0     00081fbf  PIL_SCOPE_messageHandler          
0     0008220b  XINT5_ISR                         
0     00082215  XINT4_ISR                         
0     0008221f  XINT3_ISR                         
0     00082229  XINT2_ISR                         
0     00082233  XINT1_ISR                         
0     0008223d  WAKE_ISR                          
0     00082247  VCU_ISR                           
0     00082251  USER9_ISR                         
0     0008225b  USER8_ISR                         
0     00082265  USER7_ISR                         
0     0008226f  USER6_ISR                         
0     00082279  USER5_ISR                         
0     00082283  USER4_ISR                         
0     0008228d  USER3_ISR                         
0     00082297  USER2_ISR                         
0     000822a1  USER1_ISR                         
0     000822ab  USER12_ISR                        
0     000822b5  USER11_ISR                        
0     000822bf  USER10_ISR                        
0     000822c9  USBA_ISR                          
0     000822d3  UPPA_ISR                          
0     000822dd  TIMER2_ISR                        
0     000822e7  TIMER1_ISR                        
0     000822f1  TIMER0_ISR                        
0     000822fb  SYS_PLL_SLIP_ISR                  
0     00082305  SPIC_TX_ISR                       
0     0008230f  SPIC_RX_ISR                       
0     00082319  SPIB_TX_ISR                       
0     00082323  SPIB_RX_ISR                       
0     0008232d  SPIA_TX_ISR                       
0     00082337  SPIA_RX_ISR                       
0     00082341  SD2_ISR                           
0     0008234b  SD1_ISR                           
0     00082355  SCID_TX_ISR                       
0     0008235f  SCID_RX_ISR                       
0     00082369  SCIC_TX_ISR                       
0     00082373  SCIC_RX_ISR                       
0     0008237d  SCIB_TX_ISR                       
0     00082387  SCIB_RX_ISR                       
0     00082391  SCIA_TX_ISR                       
0     0008239b  SCIA_RX_ISR                       
0     000823a5  RTOS_ISR                          
0     000823af  RAM_CORRECTABLE_ERROR_ISR         
0     000823b9  RAM_ACCESS_VIOLATION_ISR          
0     000823c3  PIE_RESERVED_ISR                  
0     000823cd  NOTUSED_ISR                       
0     000823d7  NMI_ISR                           
0     000823e1  MCBSPB_TX_ISR                     
0     000823eb  MCBSPB_RX_ISR                     
0     000823f5  MCBSPA_TX_ISR                     
0     000823ff  MCBSPA_RX_ISR                     
0     00082409  IPC3_ISR                          
0     00082413  IPC2_ISR                          
0     0008241d  IPC1_ISR                          
0     00082427  IPC0_ISR                          
0     00082431  ILLEGAL_ISR                       
0     0008243b  I2CB_ISR                          
0     00082445  I2CB_FIFO_ISR                     
0     0008244f  I2CA_ISR                          
0     00082459  I2CA_FIFO_ISR                     
0     00082463  FPU_UNDERFLOW_ISR                 
0     0008246d  FPU_OVERFLOW_ISR                  
0     00082477  FLASH_CORRECTABLE_ERROR_ISR       
0     00082481  EQEP3_ISR                         
0     0008248b  EQEP2_ISR                         
0     00082495  EQEP1_ISR                         
0     0008249f  EPWM9_TZ_ISR                      
0     000824a9  EPWM9_ISR                         
0     000824b3  EPWM8_TZ_ISR                      
0     000824bd  EPWM8_ISR                         
0     000824c7  EPWM7_TZ_ISR                      
0     000824d1  EPWM7_ISR                         
0     000824db  EPWM6_TZ_ISR                      
0     000824e5  EPWM6_ISR                         
0     000824ef  EPWM5_TZ_ISR                      
0     000824f9  EPWM5_ISR                         
0     00082503  EPWM4_TZ_ISR                      
0     0008250d  EPWM4_ISR                         
0     00082517  EPWM3_TZ_ISR                      
0     00082521  EPWM3_ISR                         
0     0008252b  EPWM2_TZ_ISR                      
0     00082535  EPWM2_ISR                         
0     0008253f  EPWM1_TZ_ISR                      
0     00082549  EPWM1_ISR                         
0     00082553  EPWM12_TZ_ISR                     
0     0008255d  EPWM12_ISR                        
0     00082567  EPWM11_TZ_ISR                     
0     00082571  EPWM11_ISR                        
0     0008257b  EPWM10_TZ_ISR                     
0     00082585  EPWM10_ISR                        
0     0008258f  EMU_ISR                           
0     00082599  EMPTY_ISR                         
0     000825a6  EMIF_ERROR_ISR                    
0     000825b0  ECAP6_ISR                         
0     000825ba  ECAP5_ISR                         
0     000825c4  ECAP4_ISR                         
0     000825ce  ECAP3_ISR                         
0     000825d8  ECAP2_ISR                         
0     000825e2  ECAP1_ISR                         
0     000825ec  DMA_CH6_ISR                       
0     000825f6  DMA_CH5_ISR                       
0     00082600  DMA_CH4_ISR                       
0     0008260a  DMA_CH3_ISR                       
0     00082614  DMA_CH2_ISR                       
0     0008261e  DMA_CH1_ISR                       
0     00082628  DATALOG_ISR                       
0     00082632  CLA_UNDERFLOW_ISR                 
0     0008263c  CLA_OVERFLOW_ISR                  
0     00082646  CLA1_8_ISR                        
0     00082650  CLA1_7_ISR                        
0     0008265a  CLA1_6_ISR                        
0     00082664  CLA1_5_ISR                        
0     0008266e  CLA1_4_ISR                        
0     00082678  CLA1_3_ISR                        
0     00082682  CLA1_2_ISR                        
0     0008268c  CLA1_1_ISR                        
0     00082696  CANB1_ISR                         
0     000826a0  CANB0_ISR                         
0     000826aa  CANA1_ISR                         
0     000826b4  CANA0_ISR                         
0     000826be  AUX_PLL_SLIP_ISR                  
0     000826c8  ADCD_EVT_ISR                      
0     000826d2  ADCD4_ISR                         
0     000826dc  ADCD3_ISR                         
0     000826e6  ADCD2_ISR                         
0     000826f0  ADCD1_ISR                         
0     000826fa  ADCC_EVT_ISR                      
0     00082704  ADCC4_ISR                         
0     0008270e  ADCC3_ISR                         
0     00082718  ADCC2_ISR                         
0     00082722  ADCC1_ISR                         
0     0008272c  ADCB_EVT_ISR                      
0     00082736  ADCB4_ISR                         
0     00082740  ADCB3_ISR                         
0     0008274a  ADCB2_ISR                         
0     00082754  ADCB1_ISR                         
0     0008275e  ADCA_EVT_ISR                      
0     00082768  ADCA4_ISR                         
0     00082772  ADCA3_ISR                         
0     0008277c  ADCA2_ISR                         
0     00082786  ADCA1_ISR                         
0     00082825  SysCtl_getClock                   
0     00082876  SysCtl_getAuxClock                
0     000828b7  SysCtl_setClock                   
0     00082ab1  SysCtl_setAuxClock                
0     00082bc4  SysCtl_selectXTAL                 
0     00082c28  SysCtl_selectOscSource            
0     00082c5e  SysCtl_selectOscSourceAuxPLL      
0     00082c8d  SysCtl_getLowSpeedClock           
0     00082ca7  SysCtl_getDeviceParametric        
0     00082d0f  C2000_28379D_enableTasksInterrupt 
0     00082d1a  C2000_28379D_syncTimers           
0     00082d1f  C2000_28379D_background           
0     00082d5e  PLXHAL_DIO_set                    
0     00082d7e  PLXHAL_ADC_getIn                  
0     00082d9c  C2000_28379D_initHal              
0     000831a9  PIL_RA_serialIn                   
0     000831b8  PIL_RA_serialOut                  
0     000831c6  PIL_SCOPE_sample                  
0     000831d3  PIL_SCOPE_trigger                 
0     000831e0  PIL_setGuid                       
0     00083204  PIL_setChecksum                   
0     0008324c  PIL_setSerialComCallback          
0     00083264  PIL_configureParallelCom          
0     0008328a  PIL_configureDualCoreLink         
0     000832ef  PIL_setNodeAddress                
0     000832fe  PIL_setCtrlCallback               
0     0008330c  PIL_setBackgroundCommCallback     
0     0008331a  PIL_setAndConfigScopeBuffer       
0     00083330  PIL_setAndConfigureScopeIndicator 
0     0008333e  PIL_allowPilSimulation            
0     00083366  PIL_inhibitPilSimulation          
0     0008338e  PIL_requestNormalMode             
0     000833a5  PIL_requestReadyMode              
0     000833bc  PIL_simulationActive              
0     000833d2  PIL_beginInterruptCall            
0     0008347d  PIL_backgroundCall                
0     00083515  PIL_setWriteInterlockHandler      
0     00083530  PIL_init                          
0     00083601  __rem_pio2                        
0     00083a32  PIL_SLINK_init                    
0     00083a58  PIL_SLINK_in                      
0     00083a65  PIL_SLINK_out                     
0     00083a9d  PIL_SLINK_outBufIsEmpty           
0     00083c16  PIL_SLINK_send                    
0     00083c36  PIL_SLINK_receive                 
0     00083d55  PIL_DCLINK_init                   
0     00083d8a  PIL_DCLINK_configure              
0     00083d93  PIL_DCLINK_getCommunicationHandle 
0     00083d9e  PIL_DCLINK_setBuffer              
0     00083fe9  PIL_DCLINK_poll                   
0     00083ffc  PIL_BSRVS_init                    
0     00084014  PIL_BSRVS_setWriteInterlockHandler
0     00084081  PIL_BSRVS_messageHandler          
0     000842a1  PIL_RA_init                       
0     000842fd  PIL_RA_setGuid                    
0     00084315  PIL_RA_setChecksum                
0     0008432d  PIL_RA_setNodeAddress             
0     00084339  PIL_RA_registerService            
0     00084361  PIL_RA_serialIn_p                 
0     00084370  PIL_RA_serialOut_p                
0     0008437e  PIL_RA_pollLinkRsp                
0     000843d0  PIL_RA_pollLinkReq                
0     00084428  GPIO_setDirectionMode             
0     0008444f  GPIO_getDirectionMode             
0     00084465  GPIO_setInterruptPin              
0     00084490  GPIO_setPadConfig                 
0     000844d8  GPIO_getPadConfig                 
0     0008450c  GPIO_setQualificationMode         
0     00084538  GPIO_getQualificationMode         
0     00084559  GPIO_setQualificationPeriod       
0     0008457b  GPIO_setMasterCore                
0     000845a7  GPIO_setAnalogMode                
0     000845cf  GPIO_setPinConfig                 
0     00084606  PLX_AIN_sinit                     
0     0008460a  PLX_AIN_setupChannel              
0     0008468b  PLX_AIN_setDefaultChannelParams   
0     0008469b  PLX_AIN_setDefaultAdcParams       
0     000846e3  PLX_AIN_resetChannelSetup         
0     000846f6  PLX_AIN_init                      
0     000846fd  PLX_AIN_configure                 
0     00084795  PIL_PBRIDGE_init                  
0     000847a1  PIL_PBRIDGE_configure             
0     000847aa  PIL_PBRIDGE_setProtocol           
0     000848f2  PIL_PBRIDGE_poll                  
0     00084907  DISPR_reset                       
0     0008491a  DISPR_background                  
0     0008498e  DISPR_start                       
0     000849c7  DISPR_sinit                       
0     000849d5  DISPR_setPowerupDelay             
0     000849db  DISPR_registerTask                
0     00084a21  DISPR_registerSyncCallback        
0     00084a27  DISPR_registerPanicCallback       
0     00084a2d  DISPR_registerIdleTask            
0     00084a33  DISPR_configure                   
0     00084a55  __kernel_sin                      
0     00084b7a  __kernel_cos                      
0     00084c8d  CalAdcINL                         
0     00084cc5  AdcSetMode                        
0     00084d7c  MemCopy                           
0     00084d86  InitFlashHz                       
0     00084e2b  DevInit                           
0     00084e67  floor                             
0     00084e67  floorl                            
0     00084f4f  sqrt                              
0     00084f4f  sqrtl                             
0     0008502d  cos                               
0     0008502d  cosl                              
0     000850fb  sin                               
0     000850fb  sinl                              
0     000851c6  C2000_28379D_terminate            
0     000851d4  C2000_28379D_initialize           
0     0008527d  ldexp                             
0     0008527d  ldexpl                            
0     0008527d  scalbn                            
0     0008527d  scalbnl                           
0     00085326  __c28xabi_addd                    
0     000853c2  __c28xabi_divd                    
0     0008544d  __c28xabi_divf                    
0     000854d5  __c28xabi_mpyd                    
0     00085558  PLX_DIO_sinit                     
0     00085581  PLX_DIO_obtainDummyWrite          
0     00085584  PLX_DIO_obtainDummyRead           
0     0008558c  PLX_DIO_init                      
0     00085593  PLX_DIO_configureOut              
0     000855b8  PLX_DIO_configureIn               
0     000855d6  PIL_RBUF_reset                    
0     000855e1  PIL_RBUF_isEmpty                  
0     000855ef  PIL_RBUF_push                     
0     00085619  PIL_RBUF_pop                      
0     0008563a  PLX_SCI_setupPort                 
0     00085688  PLX_SCI_init                      
0     0008568f  PLX_SCI_configure                 
0     00085692  C2000_28379D_baseTaskInterrupt    
0     000856c9  __TI_decompress_lzss              
0     000856f9  __TI_auto_init_nobinit_nopinit    
0     00085724  __c28xabi_cmpd                    
0     0008574e  C$$EXIT                           
0     0008574e  abort                             
0     00085750  exit                              
0     00085777  copysign                          
0     00085777  copysignl                         
0     0008579b  __c28xabi_dtof                    
0     000857be  __c28xabi_divi                    
0     000857cf  __c28xabi_modi                    
0     000857e0  main                              
0     00085801  __c28xabi_dtoi                    
0     00085822  __c28xabi_dtol                    
0     00085841  memcpy                            
0     0008585e  __c28xabi_ftod                    
0     0008587a  __c28xabi_ltod                    
0     00085896  __c28xabi_andll                   
0     0008589e  __c28xabi_orll                    
0     000858a6  __c28xabi_xorll                   
0     000858ae  _c_int00                          
0     000858d8  __c28xabi_subd                    
0     000858e6  _args_main                        
0     000858f2  ISR_ILLEGAL                       
0     000858fc  _register_unlock                  
0     00085900  _register_lock                    
0     00085904  _nop                              
0     00085905  __c28xabi_negd                    
0     00085916  __TI_decompress_none              
0     0008591e  DISPR_disableInt                  
0     00085922  DISPR_restoreInt                  
0     00085925  PIL_DisableInt                    
0     00085929  PIL_RestoreInt                    
0     0008592c  memset                            
0     00085933  __TI_zero_init                    
0     00085939  _system_pre_init                  
0     0008593b  _system_post_cinit                
0     0008593c  C2000_28379D_step                 
0     00085c2c  DISPR_dispatch                    
0     00085e86  __TI_Handler_Table_Base           
0     00085e8c  __TI_Handler_Table_Limit          
0     00085ea0  __TI_CINIT_Base                   
0     00085eb8  __TI_CINIT_Limit                  
0     00085eb8  __TI_CINIT_Warm                   
1     00000b00  AdcaResultRegs                    
1     00000b20  AdcbResultRegs                    
1     00000b40  AdccResultRegs                    
1     00000b60  AdcdResultRegs                    
1     00000c00  CpuTimer0Regs                     
1     00000c08  CpuTimer1Regs                     
1     00000c10  CpuTimer2Regs                     
1     00000ce0  PieCtrlRegs                       
1     00000d00  PieVectTable                      
1     00007200  SciaRegs                          
1     00007210  ScibRegs                          
1     00007400  AdcaRegs                          
1     00007480  AdcbRegs                          
1     00007500  AdccRegs                          
1     00007580  AdcdRegs                          
1     00007c00  GpioCtrlRegs                      
1     00007f00  GpioDataRegs                      
1     0005d000  DevCfgRegs                        
1     0005d180  AnalogSubsysRegs                  
1     0005d200  ClkCfgRegs                        
1     0005d300  CpuSysRegs                        
1     0005f400  MemCfgRegs                        
abs   000000cf  RamfuncsLoadSize                  
abs   000000cf  RamfuncsRunSize                   
abs   00000124  RamfuncsRunStart                  
abs   000001f3  RamfuncsRunEnd                    
abs   00000300  __TI_STACK_SIZE                   
abs   00085d08  RamfuncsLoadStart                 
abs   00085dd7  RamfuncsLoadEnd                   
abs   ffffffff  __TI_pprof_out_hndl               
abs   ffffffff  __TI_prof_data_size               
abs   ffffffff  __TI_prof_data_start              
n/a   UNDEFED   __c_args__                        

[542 symbols]
