******************************************************************************
             TMS320C2000 Linker PC v22.6.1                     
******************************************************************************
>> Linked Mon Oct 21 09:25:57 2024

OUTPUT FILE NAME:   <./output_TI2837x_cpu1/C2000_28379D.out>
ENTRY POINT SYMBOL: "_c_int00"  address: 000843e0


MEMORY CONFIGURATION

         name            origin    length      used     unused   attr    fill
----------------------  --------  ---------  --------  --------  ----  --------
PAGE 0:
  BOOT_RSVD             00000002   00000121  00000000  00000121  RWIX
  RAMM0                 00000124   000002dc  000000cf  0000020d  RWIX
  RAMM1                 00000400   00000400  00000300  00000100  RWIX
  RAMLS                 00008000   00003f00  00000b3f  000033c1  RWIX
  RAMD1_RSVD            0000bf00   00000100  00000000  00000100  RWIX
  CPU2TOCPU1RAM         0003f800   0000037f  00000000  0000037f  RWIX
  SCOPE_FLAG_CPU2       0003fb7f   00000001  00000001  00000000  RWIX
  CPU2TOCPU1LINK        0003fb80   00000080  00000000  00000080  RWIX
  CPU1TOCPU2RAM         0003fc00   0000037f  00000000  0000037f  RWIX
  SCOPE_FLAG_CPU1       0003ff7f   00000001  00000001  00000000  RWIX
  CPU1TOCPU2LINK        0003ff80   00000080  00000000  00000080  RWIX
  BEGIN                 00080000   00000002  00000002  00000000  RWIX
  FLASH                 00080002   0003fffe  00004926  0003b6d8  RWIX
  RESET                 003fffc0   00000002  00000000  00000002  RWIX

PAGE 1:
  ADCARESULT            00000b00   00000018  00000018  00000000  RWIX
  ADCBRESULT            00000b20   00000018  00000018  00000000  RWIX
  ADCCRESULT            00000b40   00000018  00000018  00000000  RWIX
  ADCDRESULT            00000b60   00000018  00000018  00000000  RWIX
  CPUTIMER0             00000c00   00000008  00000008  00000000  RWIX
  CPUTIMER1             00000c08   00000008  00000008  00000000  RWIX
  CPUTIMER2             00000c10   00000008  00000008  00000000  RWIX
  PIECTRL               00000ce0   0000001a  0000001a  00000000  RWIX
  PIEVECTTABLE          00000d00   00000200  000001c0  00000040  RWIX
  DMA                   00001000   00000200  00000000  00000200  RWIX
  CLA1                  00001400   00000080  00000000  00000080  RWIX
  CLB1LOGICCFG          00003000   00000052  00000000  00000052  RWIX
  CLB1LOGICCTRL         00003100   00000040  00000000  00000040  RWIX
  CLB1DATAEXCH          00003200   00000200  00000000  00000200  RWIX
  CLB2LOGICCFG          00003400   00000052  00000000  00000052  RWIX
  CLB2LOGICCTRL         00003500   00000040  00000000  00000040  RWIX
  CLB2DATAEXCH          00003600   00000200  00000000  00000200  RWIX
  CLB3LOGICCFG          00003800   00000052  00000000  00000052  RWIX
  CLB3LOGICCTRL         00003900   00000040  00000000  00000040  RWIX
  CLB3DATAEXCH          00003a00   00000200  00000000  00000200  RWIX
  CLB4LOGICCFG          00003c00   00000052  00000000  00000052  RWIX
  CLB4LOGICCTRL         00003d00   00000040  00000000  00000040  RWIX
  CLB4DATAEXCH          00003e00   00000200  00000000  00000200  RWIX
  EPWM1                 00004000   00000100  00000000  00000100  RWIX
  EPWM2                 00004100   00000100  00000000  00000100  RWIX
  EPWM3                 00004200   00000100  00000000  00000100  RWIX
  EPWM4                 00004300   00000100  00000000  00000100  RWIX
  EPWM5                 00004400   00000100  00000000  00000100  RWIX
  EPWM6                 00004500   00000100  00000000  00000100  RWIX
  EPWM7                 00004600   00000100  00000000  00000100  RWIX
  EPWM8                 00004700   00000100  00000000  00000100  RWIX
  EPWM9                 00004800   00000100  00000000  00000100  RWIX
  EPWM10                00004900   00000100  00000000  00000100  RWIX
  EPWM11                00004a00   00000100  00000000  00000100  RWIX
  EPWM12                00004b00   00000100  00000000  00000100  RWIX
  ECAP1                 00005000   00000020  00000000  00000020  RWIX
  ECAP2                 00005020   00000020  00000000  00000020  RWIX
  ECAP3                 00005040   00000020  00000000  00000020  RWIX
  ECAP4                 00005060   00000020  00000000  00000020  RWIX
  ECAP5                 00005080   00000020  00000000  00000020  RWIX
  ECAP6                 000050a0   00000020  00000000  00000020  RWIX
  EQEP1                 00005100   00000022  00000000  00000022  RWIX
  EQEP2                 00005140   00000022  00000000  00000022  RWIX
  EQEP3                 00005180   00000022  00000000  00000022  RWIX
  DACA                  00005c00   00000008  00000007  00000001  RWIX
  DACB                  00005c10   00000008  00000007  00000001  RWIX
  DACC                  00005c20   00000008  00000007  00000001  RWIX
  CMPSS1                00005c80   00000020  00000000  00000020  RWIX
  CMPSS2                00005ca0   00000020  00000000  00000020  RWIX
  CMPSS3                00005cc0   00000020  00000000  00000020  RWIX
  CMPSS4                00005ce0   00000020  00000000  00000020  RWIX
  CMPSS5                00005d00   00000020  00000000  00000020  RWIX
  CMPSS6                00005d20   00000020  00000000  00000020  RWIX
  CMPSS7                00005d40   00000020  00000000  00000020  RWIX
  CMPSS8                00005d60   00000020  00000000  00000020  RWIX
  SDFM1                 00005e00   00000080  00000000  00000080  RWIX
  SDFM2                 00005e80   00000080  00000000  00000080  RWIX
  MCBSPA                00006000   00000024  00000000  00000024  RWIX
  MCBSPB                00006040   00000024  00000000  00000024  RWIX
  SPIA                  00006100   00000010  00000000  00000010  RWIX
  SPIB                  00006110   00000010  00000000  00000010  RWIX
  SPIC                  00006120   00000010  00000000  00000010  RWIX
  UPP                   00006200   00000048  00000000  00000048  RWIX
  WD                    00007000   0000002b  00000000  0000002b  RWIX
  NMIINTRUPT            00007060   00000007  00000000  00000007  RWIX
  XINT                  00007070   0000000b  00000000  0000000b  RWIX
  SCIA                  00007200   00000010  00000010  00000000  RWIX
  SCIB                  00007210   00000010  00000010  00000000  RWIX
  SCIC                  00007220   00000010  00000000  00000010  RWIX
  SCID                  00007230   00000010  00000000  00000010  RWIX
  I2CA                  00007300   00000022  00000000  00000022  RWIX
  I2CB                  00007340   00000022  00000000  00000022  RWIX
  ADCA                  00007400   00000080  0000007c  00000004  RWIX
  ADCB                  00007480   00000080  0000007c  00000004  RWIX
  ADCC                  00007500   00000080  0000007c  00000004  RWIX
  ADCD                  00007580   00000080  0000007c  00000004  RWIX
  INPUTXBAR             00007900   00000020  00000000  00000020  RWIX
  XBAR                  00007920   00000020  00000000  00000020  RWIX
  SYNCSOC               00007940   00000006  00000000  00000006  RWIX
  DMACLASRCSEL          00007980   0000001a  00000000  0000001a  RWIX
  EPWMXBAR              00007a00   00000040  00000000  00000040  RWIX
  CLBXBAR               00007a40   00000040  00000000  00000040  RWIX
  OUTPUTXBAR            00007a80   00000040  00000000  00000040  RWIX
  GPIOCTRL              00007c00   00000180  00000180  00000000  RWIX
  GPIODATA              00007f00   00000030  00000030  00000000  RWIX
  EMIF1                 00047000   00000070  00000000  00000070  RWIX
  EMIF2                 00047800   00000070  00000000  00000070  RWIX
  CANA                  00048000   00000200  00000000  00000200  RWIX
  CANB                  0004a000   00000200  00000000  00000200  RWIX
  IPC                   00050000   00000024  00000000  00000024  RWIX
  FLASHPUMPSEMAPHORE    00050024   00000002  00000000  00000002  RWIX
  DEVCFG                0005d000   0000012e  0000012e  00000000  RWIX
  ANALOGSUBSYS          0005d180   00000048  0000003e  0000000a  RWIX
  CLKCFG                0005d200   00000032  00000032  00000000  RWIX
  CPUSYS                0005d300   00000082  00000082  00000000  RWIX
  ROMPREFETCH           0005e608   00000002  00000000  00000002  RWIX
  DCSMZ1                0005f000   00000024  00000000  00000024  RWIX
  DCSMZ2                0005f040   00000024  00000000  00000024  RWIX
  DCSMCOMMON            0005f070   00000008  00000000  00000008  RWIX
  MEMCFG                0005f400   00000080  00000076  0000000a  RWIX
  EMIF1CONFIG           0005f480   00000020  00000000  00000020  RWIX
  EMIF2CONFIG           0005f4a0   00000020  00000000  00000020  RWIX
  ACCESSPROTECTION      0005f4c0   00000040  00000000  00000040  RWIX
  MEMORYERROR           0005f500   00000040  00000000  00000040  RWIX
  ROMWAITSTATE          0005f540   00000002  00000000  00000002  RWIX
  FLASH0CTRL            0005f800   00000182  00000000  00000182  RWIX
  FLASH0ECC             0005fb00   00000028  00000000  00000028  RWIX


SECTION ALLOCATION MAP

 output                                  attributes/
section   page    origin      length       input sections
--------  ----  ----------  ----------   ----------------
AdcaResultRegsFile 
*          1    00000b00    00000018     UNINITIALIZED
                  00000b00    00000018     F2837xD_GlobalVariableDefs.obj (AdcaResultRegsFile)

AdcbResultRegsFile 
*          1    00000b20    00000018     UNINITIALIZED
                  00000b20    00000018     F2837xD_GlobalVariableDefs.obj (AdcbResultRegsFile)

AdccResultRegsFile 
*          1    00000b40    00000018     UNINITIALIZED
                  00000b40    00000018     F2837xD_GlobalVariableDefs.obj (AdccResultRegsFile)

AdcdResultRegsFile 
*          1    00000b60    00000018     UNINITIALIZED
                  00000b60    00000018     F2837xD_GlobalVariableDefs.obj (AdcdResultRegsFile)

PieVectTableFile 
*          1    00000d00    000001c0     UNINITIALIZED
                  00000d00    000001c0     F2837xD_GlobalVariableDefs.obj (PieVectTableFile)

EmuKeyVar 
*          1    00000d00    00000000     UNINITIALIZED

EmuBModeVar 
*          1    00000d00    00000000     UNINITIALIZED

EmuBootPinsVar 
*          1    00000d00    00000000     UNINITIALIZED

FlashCallbackVar 
*          1    00000d00    00000000     UNINITIALIZED

FlashScalingVar 
*          1    00000d00    00000000     UNINITIALIZED

AdcaRegsFile 
*          1    00007400    0000007c     UNINITIALIZED
                  00007400    0000007c     F2837xD_GlobalVariableDefs.obj (AdcaRegsFile)

AdcbRegsFile 
*          1    00007480    0000007c     UNINITIALIZED
                  00007480    0000007c     F2837xD_GlobalVariableDefs.obj (AdcbRegsFile)

AdccRegsFile 
*          1    00007500    0000007c     UNINITIALIZED
                  00007500    0000007c     F2837xD_GlobalVariableDefs.obj (AdccRegsFile)

AdcdRegsFile 
*          1    00007580    0000007c     UNINITIALIZED
                  00007580    0000007c     F2837xD_GlobalVariableDefs.obj (AdcdRegsFile)

AnalogSubsysRegsFile 
*          1    0005d180    0000003e     UNINITIALIZED
                  0005d180    0000003e     F2837xD_GlobalVariableDefs.obj (AnalogSubsysRegsFile)

ClkCfgRegsFile 
*          1    0005d200    00000032     UNINITIALIZED
                  0005d200    00000032     F2837xD_GlobalVariableDefs.obj (ClkCfgRegsFile)

CpuTimer0RegsFile 
*          1    00000c00    00000008     UNINITIALIZED
                  00000c00    00000008     F2837xD_GlobalVariableDefs.obj (CpuTimer0RegsFile)

CpuTimer1RegsFile 
*          1    00000c08    00000008     UNINITIALIZED
                  00000c08    00000008     F2837xD_GlobalVariableDefs.obj (CpuTimer1RegsFile)

CpuTimer2RegsFile 
*          1    00000c10    00000008     UNINITIALIZED
                  00000c10    00000008     F2837xD_GlobalVariableDefs.obj (CpuTimer2RegsFile)

DacaRegsFile 
*          1    00005c00    00000007     UNINITIALIZED
                  00005c00    00000007     F2837xD_GlobalVariableDefs.obj (DacaRegsFile)

DacbRegsFile 
*          1    00005c10    00000007     UNINITIALIZED
                  00005c10    00000007     F2837xD_GlobalVariableDefs.obj (DacbRegsFile)

DaccRegsFile 
*          1    00005c20    00000007     UNINITIALIZED
                  00005c20    00000007     F2837xD_GlobalVariableDefs.obj (DaccRegsFile)

CpuSysRegsFile 
*          1    0005d300    00000082     UNINITIALIZED
                  0005d300    00000082     F2837xD_GlobalVariableDefs.obj (CpuSysRegsFile)

DevCfgRegsFile 
*          1    0005d000    0000012e     UNINITIALIZED
                  0005d000    0000012e     F2837xD_GlobalVariableDefs.obj (DevCfgRegsFile)

.bss       0    000083ec    00000681     UNINITIALIZED
                  000083ec    00000014     C2000_28379D_hal.obj (.bss:DacObj)
                  00008400    000003e2     C2000_28379D_hal.obj (.bss)
                  000087e2    00000138     C2000_28379D_hal.obj (.bss:AdcObj)
                  0000891a    00000048     C2000_28379D_hal.obj (.bss:DoutObj)
                  00008962    00000042     C2000_28379D.obj (.bss:C2000_28379D_cScriptStruct)
                  000089a4    00000012     C2000_28379D_hal.obj (.bss:DoutHandles)
                  000089b6    0000000a     C2000_28379D_hal.obj (.bss:TaskObj)
                  000089c0    0000003e     C2000_28379D.obj (.bss)
                  000089fe    00000002     C2000_28379D.obj (.bss:C2000_28379D_subTaskTick)
                  00008a00    00000034     dispatcher.obj (.bss)
                  00008a34    0000000c     C2000_28379D.obj (.bss:C2000_28379D_D_uint32_t)
                  00008a40    0000001e     dio_2837x.obj (.bss)
                  00008a5e    00000008     C2000_28379D_hal.obj (.bss:AdcHandles)
                  00008a66    00000004     C2000_28379D_hal.obj (.bss:DacHandles)
                  00008a6a    00000002     ain_type4.obj (.bss)
                  00008a6c    00000001     C2000_28379D.obj (.bss:C2000_28379D_subTaskHit)

scopeflag_remote 
*          0    0003fb7f    00000001     UNINITIALIZED
                  0003fb7f    00000001     C2000_28379D_hal.obj (scopeflag_remote:retain)

codestart 
*          0    00080000    00000002     
                  00080000    00000002     F2837xD_CodeStartBranch.obj (codestart)

.text      0    00080650    00003e07     
                  00080650    000006e7     C2000_28379D_0.obj (.text)
                  00080d37    0000061f     pil_c28_fpu32_eabi.lib : probes.obj (.text)
                  00081356    000005c4                            : scope.obj (.text)
                  0008191a    00000585     F2837xD_DefaultISR.obj (.text:retain)
                  00081e9f    0000057f     plx_driverlib_fpu32_eabi.lib : sysctl.obj (.text)
                  0008241e    000004b2     C2000_28379D_hal.obj (.text)
                  000828d0    00000458     pil_c28_fpu32_eabi.lib : pil.obj (.text)
                  00082d28    00000323                            : seriallink.obj (.text)
                  0008304b    000002a7                            : dualcorelink.obj (.text)
                  000832f2    00000226                            : basicservices.obj (.text)
                  00083518    000001f9                            : remoteagent.obj (.text)
                  00083711    000001eb     plx_driverlib_fpu32_eabi.lib : gpio.obj (.text)
                  000838fc    0000018f     ain_type4.obj (.text)
                  00083a8b    00000172     pil_c28_fpu32_eabi.lib : parallelbridge.obj (.text)
                  00083bfd    0000014e     dispatcher.obj (.text)
                  00083d4b    000000ef     F2837xD_Adc.obj (.text)
                  00083e3a    000000eb     F2837xD_DevInit.obj (.text)
                  00083f25    000000b4     C2000_28379D.obj (.text)
                  00083fd9    00000088     rts2800_fpu32_eabi.lib : fs_div28.asm.obj (.text)
                  00084061    00000083     dac_type1.obj (.text)
                  000840e4    00000083     rts2800_fpu32_eabi.lib : fd_mpy28.asm.obj (.text)
                  00084167    0000007e     dio_2837x.obj (.text)
                  000841e5    00000064     pil_c28_fpu32_eabi.lib : ringbuf.obj (.text)
                  00084249    00000058     sci_2837x.obj (.text)
                  000842a1    00000037     C2000_28379D_hal.obj (.text:retain)
                  000842d8    00000030     rts2800_fpu32_eabi.lib : copy_decompress_lzss.c.obj (.text:decompress:lzss)
                  00084308    0000002b                            : autoinit.c.obj (.text:__TI_auto_init_nobinit_nopinit)
                  00084333    0000002a                            : fd_cmp28.asm.obj (.text)
                  0008435d    00000029                            : exit.c.obj (.text)
                  00084386    00000021     C2000_28379D_main.obj (.text)
                  000843a7    0000001d     rts2800_fpu32_eabi.lib : memcpy.c.obj (.text)
                  000843c4    0000001c                            : fs_tofdfpu32.asm.obj (.text)
                  000843e0    00000017                            : boot28.asm.obj (.text)
                  000843f7    00000013     plx_driverlib_fpu32_eabi.lib : flash.obj (.text)
                  0008440a    0000000c     rts2800_fpu32_eabi.lib : args_main.c.obj (.text)
                  00084416    0000000a     F2837xD_DevInit.obj (.text:retain)
                  00084420    00000009     rts2800_fpu32_eabi.lib : _lock.c.obj (.text)
                  00084429    00000008     F2837xD_CodeStartBranch.obj (.text)
                  00084431    00000008     rts2800_fpu32_eabi.lib : copy_decompress_none.c.obj (.text:decompress:none)
                  00084439    00000007     dispatcher_asm.obj (.text)
                  00084440    00000007     pil_c28_fpu32_eabi.lib : pil_f28x_dis_int.obj (.text)
                  00084447    00000007     rts2800_fpu32_eabi.lib : memset.c.obj (.text)
                  0008444e    00000006                            : copy_zero_init.c.obj (.text:decompress:ZI)
                  00084454    00000002                            : pre_init.c.obj (.text)
                  00084456    00000001                            : startup.c.obj (.text)

GpioCtrlRegsFile 
*          1    00007c00    00000180     UNINITIALIZED
                  00007c00    00000180     F2837xD_GlobalVariableDefs.obj (GpioCtrlRegsFile)

GpioDataRegsFile 
*          1    00007f00    00000030     UNINITIALIZED
                  00007f00    00000030     F2837xD_GlobalVariableDefs.obj (GpioDataRegsFile)

MemCfgRegsFile 
*          1    0005f400    00000076     UNINITIALIZED
                  0005f400    00000076     F2837xD_GlobalVariableDefs.obj (MemCfgRegsFile)

PieCtrlRegsFile 
*          1    00000ce0    0000001a     UNINITIALIZED
                  00000ce0    0000001a     F2837xD_GlobalVariableDefs.obj (PieCtrlRegsFile)

SciaRegsFile 
*          1    00007200    00000010     UNINITIALIZED
                  00007200    00000010     F2837xD_GlobalVariableDefs.obj (SciaRegsFile)

ScibRegsFile 
*          1    00007210    00000010     UNINITIALIZED
                  00007210    00000010     F2837xD_GlobalVariableDefs.obj (ScibRegsFile)

scope      0    00008000    000003ec     UNINITIALIZED
                  00008000    000003ec     C2000_28379D_hal.obj (scope)

scopeflag_local 
*          0    0003ff7f    00000001     UNINITIALIZED
                  0003ff7f    00000001     C2000_28379D_hal.obj (scopeflag_local:retain)

step       0    00084458    000002b5     
                  00084458    000002b5     C2000_28379D.obj (step)

dispatch   0    00084710    000000db     
                  00084710    000000db     dispatcher.obj (dispatch)

.cinit     0    000848bc    00000076     
                  000848bc    00000044     (.cinit..data.load) [load image, compression = lzss]
                  00084900    00000006     (__TI_handler_table)
                  00084906    00000004     (.cinit..bss.load) [load image, compression = zero_init]
                  0008490a    00000004     (.cinit.PieVectTableFile.load) [load image, compression = zero_init]
                  0008490e    00000004     (.cinit.scope.load) [load image, compression = zero_init]
                  00084912    00000004     (.cinit.scopeflag_local.load) [load image, compression = zero_init]
                  00084916    00000004     (.cinit.scopeflag_remote.load) [load image, compression = zero_init]
                  0008491a    00000018     (__TI_cinit_table)

.stack     0    00000400    00000300     UNINITIALIZED
                  00000400    00000300     --HOLE--

.init_array 
*          0    00080004    00000000     UNINITIALIZED

.const     0    00080004    0000064a     
                  00080004    000000ca     C2000_28379D_0.obj (.const:angulo)
                  000800ce    000000ca     C2000_28379D_0.obj (.const:cosenos)
                  00080198    000000ca     C2000_28379D_0.obj (.const:cosma2pi3)
                  00080262    000000ca     C2000_28379D_0.obj (.const:cosme2pi3)
                  0008032c    000000ca     C2000_28379D_0.obj (.const:senos)
                  000803f6    000000ca     C2000_28379D_0.obj (.const:sinma2pi3)
                  000804c0    000000ca     C2000_28379D_0.obj (.const:sinme2pi3)
                  0008058a    00000029     C2000_28379D.obj (.const:.string)
                  000805b3    00000001     --HOLE-- [fill = 0]
                  000805b4    00000004     C2000_28379D.obj (.const)
                  000805b8    00000002     C2000_28379D.obj (.const:C2000_28379D_ExtModeSignals)
                  000805ba    00000002     C2000_28379D.obj (.const:C2000_28379D_subTaskPeriod)
                  000805bc    00000001     C2000_28379D_hal.obj (.const:.string)
                  000805bd    00000003     --HOLE-- [fill = 0]
                  000805c0    00000043     C2000_28379D_hal.obj (.const:pilv)
                  00080603    00000001     --HOLE-- [fill = 0]
                  00080604    00000018     C2000_28379D_hal.obj (.const:pilv:retain)
                  0008061c    00000012     C2000_28379D_hal.obj (.const)
                  0008062e    00000010     pil_c28_fpu32_eabi.lib : seriallink.obj (.const:PIL_SLINK_crc16Lookup)
                  0008063e    00000002     --HOLE-- [fill = 0]
                  00080640    0000000e     C2000_28379D_0.obj (.const)

.data      0    00008a6e    000000d2     UNINITIALIZED
                  00008a6e    0000000a     C2000_28379D.obj (.data:outputPtrs$5)
                  00008a78    00000006     C2000_28379D_0.obj (.data:Sav)
                  00008a7e    00000002     rts2800_fpu32_eabi.lib : _lock.c.obj (.data:_lock)
                  00008a80    0000005c     C2000_28379D_0.obj (.data)
                  00008adc    00000014     C2000_28379D.obj (.data:inputPtrs$2)
                  00008af0    00000014     C2000_28379D.obj (.data:terminalSampleTimeOffsets$12)
                  00008b04    00000014     C2000_28379D.obj (.data:terminalSampleTimePeriods$11)
                  00008b18    00000006     C2000_28379D_0.obj (.data:Sbv)
                  00008b1e    00000006     C2000_28379D_0.obj (.data:Scv)
                  00008b24    00000006     rts2800_fpu32_eabi.lib : exit.c.obj (.data)
                  00008b2a    00000004     C2000_28379D_hal.obj (.data)
                  00008b2e    00000002     rts2800_fpu32_eabi.lib : _lock.c.obj (.data:_unlock)
                  00008b30    00000002     C2000_28379D.obj (.data:inputs$3)
                  00008b32    00000002     C2000_28379D.obj (.data:outputs$6)
                  00008b34    00000002     C2000_28379D.obj (.data:sampleHits$8)
                  00008b36    00000002     C2000_28379D.obj (.data:sampleTimeOffsets$10)
                  00008b38    00000002     C2000_28379D.obj (.data:sampleTimePeriods$9)
                  00008b3a    00000002     C2000_28379D.obj (.data:terminalSampleTimeOffsetPtrs$14)
                  00008b3c    00000002     C2000_28379D.obj (.data:terminalSampleTimePeriodPtrs$13)
                  00008b3e    00000001     C2000_28379D.obj (.data:numInputSignals$1)
                  00008b3f    00000001     C2000_28379D.obj (.data:numOutputSignals$4)

ramfuncs   0    000847ec    00000000     UNINITIALIZEDRUN ADDR = 00000124

.TI.ramfunc 
*          0    000847ec    000000cf     RUN ADDR = 00000124
                  000847ec    000000cb     plx_driverlib_fpu32_eabi.lib : flash.obj (.TI.ramfunc)
                  000848b7    00000004                                  : sysctl.obj (.TI.ramfunc)

.reset     0    003fffc0    00000000     DSECT

MODULE SUMMARY

       Module                           code    ro data   rw data
       ------                           ----    -------   -------
    .\output_TI2837x_cpu1\
       C2000_28379D_hal.obj             1257    110       2448   
       C2000_28379D_0.obj               1767    1428      110    
       F2837xD_GlobalVariableDefs.obj   0       0         2237   
       F2837xD_DefaultISR.obj           1413    0         0      
       C2000_28379D.obj                 873     49        229    
       dispatcher.obj                   553     0         52     
       ain_type4.obj                    399     0         2      
       F2837xD_DevInit.obj              245     0         0      
       F2837xD_Adc.obj                  239     0         0      
       dio_2837x.obj                    126     0         30     
       dac_type1.obj                    131     0         0      
       sci_2837x.obj                    88      0         0      
       C2000_28379D_main.obj            33      0         0      
       F2837xD_CodeStartBranch.obj      10      0         0      
       dispatcher_asm.obj               7       0         0      
    +--+--------------------------------+-------+---------+---------+
       Total:                           7141    1587      5108   
                                                                 
    C:\Users\user\AppData\Local\Programs\PLECS C2000 TSP\cgt\ti-cgt-c2000_22.6.1.LTS\lib\rts2800_fpu32_eabi.lib
       fs_div28.asm.obj                 136     0         0      
       fd_mpy28.asm.obj                 131     0         0      
       copy_decompress_lzss.c.obj       48      0         0      
       exit.c.obj                       41      0         6      
       autoinit.c.obj                   43      0         0      
       fd_cmp28.asm.obj                 42      0         0      
       memcpy.c.obj                     29      0         0      
       fs_tofdfpu32.asm.obj             28      0         0      
       boot28.asm.obj                   23      0         0      
       _lock.c.obj                      9       0         4      
       args_main.c.obj                  12      0         0      
       copy_decompress_none.c.obj       8       0         0      
       memset.c.obj                     7       0         0      
       copy_zero_init.c.obj             6       0         0      
       pre_init.c.obj                   2       0         0      
       startup.c.obj                    1       0         0      
    +--+--------------------------------+-------+---------+---------+
       Total:                           566     0         10     
                                                                 
    F:\Repositorio_Chris\tsp_ti_c2000\ccs\2837x\..\pil\pil_c28_fpu32_eabi.lib
       probes.obj                       1567    0         0      
       scope.obj                        1476    0         0      
       pil.obj                          1112    0         0      
       seriallink.obj                   803     16        0      
       dualcorelink.obj                 679     0         0      
       basicservices.obj                550     0         0      
       remoteagent.obj                  505     0         0      
       parallelbridge.obj               370     0         0      
       ringbuf.obj                      100     0         0      
       pil_f28x_dis_int.obj             7       0         0      
    +--+--------------------------------+-------+---------+---------+
       Total:                           7169    16        0      
                                                                 
    F:\Repositorio_Chris\tsp_ti_c2000\ccs\2837x\tisrc\driverlib\plx_driverlib_fpu32_eabi.lib
       sysctl.obj                       1415    0         0      
       gpio.obj                         491     0         0      
       flash.obj                        425     0         0      
    +--+--------------------------------+-------+---------+---------+
       Total:                           2331    0         0      
                                                                 
       Stack:                           0       0         768    
       Linker Generated:                0       118       0      
    +--+--------------------------------+-------+---------+---------+
       Grand Total:                     17207   1721      5886   


LINKER GENERATED COPY TABLES

__TI_cinit_table @ 0008491a records: 6, size/record: 4, table size: 24
	.data: load addr=000848bc, load size=00000044 bytes, run addr=00008a6e, run size=000000d2 bytes, compression=lzss
	.bss: load addr=00084906, load size=00000004 bytes, run addr=000083ec, run size=00000681 bytes, compression=zero_init
	PieVectTableFile: load addr=0008490a, load size=00000004 bytes, run addr=00000d00, run size=000001c0 bytes, compression=zero_init
	scope: load addr=0008490e, load size=00000004 bytes, run addr=00008000, run size=000003ec bytes, compression=zero_init
	scopeflag_local: load addr=00084912, load size=00000004 bytes, run addr=0003ff7f, run size=00000001 bytes, compression=zero_init
	scopeflag_remote: load addr=00084916, load size=00000004 bytes, run addr=0003fb7f, run size=00000001 bytes, compression=zero_init


LINKER GENERATED HANDLER TABLE

__TI_handler_table @ 00084900 records: 3, size/record: 2, table size: 6
	index: 0, handler: __TI_zero_init
	index: 1, handler: __TI_decompress_lzss
	index: 2, handler: __TI_decompress_none


GLOBAL DATA SYMBOLS: SORTED BY DATA PAGE

address     data page           name
--------    ----------------    ----
00000400      10 (00000400)     __stack

00000b00      2c (00000b00)     AdcaResultRegs
00000b20      2c (00000b00)     AdcbResultRegs

00000b40      2d (00000b40)     AdccResultRegs
00000b60      2d (00000b40)     AdcdResultRegs

00000c00      30 (00000c00)     CpuTimer0Regs
00000c08      30 (00000c00)     CpuTimer1Regs
00000c10      30 (00000c00)     CpuTimer2Regs

00000ce0      33 (00000cc0)     PieCtrlRegs

00000d00      34 (00000d00)     PieVectTable

00005c00     170 (00005c00)     DacaRegs
00005c10     170 (00005c00)     DacbRegs
00005c20     170 (00005c00)     DaccRegs

00007200     1c8 (00007200)     SciaRegs
00007210     1c8 (00007200)     ScibRegs

00007400     1d0 (00007400)     AdcaRegs

00007480     1d2 (00007480)     AdcbRegs

00007500     1d4 (00007500)     AdccRegs

00007580     1d6 (00007580)     AdcdRegs

00007c00     1f0 (00007c00)     GpioCtrlRegs

00007f00     1fc (00007f00)     GpioDataRegs

00008000     200 (00008000)     ScopeBuffer

000083ec     20f (000083c0)     DacObj

00008400     210 (00008400)     SciHandle
00008402     210 (00008400)     SciObj

00008440     211 (00008440)     PilObj

000087e2     21f (000087c0)     AdcObj

0000891a     224 (00008900)     DoutObj

000089a4     226 (00008980)     DoutHandles
000089b6     226 (00008980)     TaskObj

000089c4     227 (000089c0)     C2000_28379D_errorStatus
000089ce     227 (000089c0)     C2000_28379D_B

00008a00     228 (00008a00)     DisprHandle
00008a02     228 (00008a00)     DisprObj

00008a5e     229 (00008a40)     AdcHandles
00008a66     229 (00008a40)     DacHandles
00008a78     229 (00008a40)     Sav
00008a7e     229 (00008a40)     _lock

00008a80     22a (00008a80)     x
00008a81     22a (00008a80)     x_opt
00008a82     22a (00008a80)     a
00008a83     22a (00008a80)     b
00008a84     22a (00008a80)     c
00008a85     22a (00008a80)     i
00008a86     22a (00008a80)     j
00008a87     22a (00008a80)     k
00008a88     22a (00008a80)     muestra
00008a8a     22a (00008a80)     V_d
00008a8c     22a (00008a80)     V_q
00008a8e     22a (00008a80)     Vcd
00008a90     22a (00008a80)     Vcd_k0
00008a92     22a (00008a80)     Vcd_k1
00008a94     22a (00008a80)     Vcq
00008a96     22a (00008a80)     Vcq_k0
00008a98     22a (00008a80)     Vcq_k1
00008a9a     22a (00008a80)     i2d_k
00008a9c     22a (00008a80)     i2d_k0
00008a9e     22a (00008a80)     i2d_k1
00008aa0     22a (00008a80)     i2q_k
00008aa2     22a (00008a80)     i2q_k0
00008aa4     22a (00008a80)     i2q_k1
00008aa6     22a (00008a80)     i1d_k
00008aa8     22a (00008a80)     i1d_k0
00008aaa     22a (00008a80)     i1d_k1
00008aac     22a (00008a80)     i1q_k
00008aae     22a (00008a80)     i1q_k0
00008ab0     22a (00008a80)     i1q_k1
00008ab2     22a (00008a80)     id
00008ab4     22a (00008a80)     iq
00008ab6     22a (00008a80)     theta
00008ab8     22a (00008a80)     id_r
00008aba     22a (00008a80)     iq_r
00008abc     22a (00008a80)     Vcd_r
00008abe     22a (00008a80)     Vcq_r

00008ac0     22b (00008ac0)     g_opt
00008ac2     22b (00008ac0)     comb
00008ac4     22b (00008ac0)     vari1d
00008ac6     22b (00008ac0)     vari1q
00008ac8     22b (00008ac0)     varvcd
00008aca     22b (00008ac0)     varvcq
00008acc     22b (00008ac0)     vari2d
00008ace     22b (00008ac0)     vari2q
00008ad0     22b (00008ac0)     Saopt
00008ad2     22b (00008ac0)     Sbopt
00008ad4     22b (00008ac0)     Scopt
00008ad6     22b (00008ac0)     error
00008ad8     22b (00008ac0)     error2
00008ada     22b (00008ac0)     error3

00008b18     22c (00008b00)     Sbv
00008b1e     22c (00008b00)     Scv
00008b24     22c (00008b00)     __TI_enable_exit_profile_output
00008b26     22c (00008b00)     __TI_cleanup_ptr
00008b28     22c (00008b00)     __TI_dtors_ptr
00008b2c     22c (00008b00)     PilHandle
00008b2e     22c (00008b00)     _unlock

0003fb7f     fed (0003fb40)     ScopeFlagCpuRemote

0003ff7f     ffd (0003ff40)     ScopeFlagCpuThis

0005d000    1740 (0005d000)     DevCfgRegs

0005d180    1746 (0005d180)     AnalogSubsysRegs

0005d200    1748 (0005d200)     ClkCfgRegs

0005d300    174c (0005d300)     CpuSysRegs

0005f400    17d0 (0005f400)     MemCfgRegs

00080004    2000 (00080000)     angulo

000800ce    2003 (000800c0)     cosenos

00080198    2006 (00080180)     cosma2pi3

00080262    2009 (00080240)     cosme2pi3

0008032c    200c (00080300)     senos

000803f6    200f (000803c0)     sinma2pi3

000804c0    2013 (000804c0)     sinme2pi3

000805b4    2016 (00080580)     C2000_28379D_sampleTime
000805b6    2016 (00080580)     C2000_28379D_checksum
000805b8    2016 (00080580)     C2000_28379D_ExtModeSignals

000805c0    2017 (000805c0)     PIL_D_FrameworkVersion
000805c1    2017 (000805c0)     PIL_D_StationAddress
000805c2    2017 (000805c0)     PIL_D_BaudRate
000805c4    2017 (000805c0)     PIL_D_Guid
000805cc    2017 (000805c0)     PIL_D_CompiledBy
000805d8    2017 (000805c0)     PIL_D_CompiledDate
000805ec    2017 (000805c0)     PIL_D_FirmwareDescription

00080604    2018 (00080600)     PIL_C_ExtMode_targetFloat_Size
00080606    2018 (00080600)     PIL_C_ExtMode_targetPointer_Size
00080608    2018 (00080600)     PIL_C_ExtMode_sampleTime_Ptr
0008060a    2018 (00080600)     PIL_C_ExtMode_checksum_Ptr
0008060c    2018 (00080600)     PIL_C_ExtMode_ExtModeSignals_Ptr
0008060e    2018 (00080600)     PIL_C_ExtMode_ExtModeSignals_Size
00080610    2018 (00080600)     PIL_V_ScopeFlagCpuRemote
00080616    2018 (00080600)     PIL_V_ScopeFlagCpuThis
0008062e    2018 (00080600)     PIL_SLINK_crc16Lookup

00080640    2019 (00080640)     Vgd_r
00080642    2019 (00080640)     Vgq_r
00080644    2019 (00080640)     dp
00080646    2019 (00080640)     wh
00080648    2019 (00080640)     CS


GLOBAL SYMBOLS: SORTED ALPHABETICALLY BY Name 

page  address   name                              
----  -------   ----                              
0     00081e95  ADCA1_ISR                         
0     00081e8b  ADCA2_ISR                         
0     00081e81  ADCA3_ISR                         
0     00081e77  ADCA4_ISR                         
0     00081e6d  ADCA_EVT_ISR                      
0     00081e63  ADCB1_ISR                         
0     00081e59  ADCB2_ISR                         
0     00081e4f  ADCB3_ISR                         
0     00081e45  ADCB4_ISR                         
0     00081e3b  ADCB_EVT_ISR                      
0     00081e31  ADCC1_ISR                         
0     00081e27  ADCC2_ISR                         
0     00081e1d  ADCC3_ISR                         
0     00081e13  ADCC4_ISR                         
0     00081e09  ADCC_EVT_ISR                      
0     00081dff  ADCD1_ISR                         
0     00081df5  ADCD2_ISR                         
0     00081deb  ADCD3_ISR                         
0     00081de1  ADCD4_ISR                         
0     00081dd7  ADCD_EVT_ISR                      
0     00081dcd  AUX_PLL_SLIP_ISR                  
0     00008a5e  AdcHandles                        
0     000087e2  AdcObj                            
0     00083d83  AdcSetMode                        
1     00007400  AdcaRegs                          
1     00000b00  AdcaResultRegs                    
1     00007480  AdcbRegs                          
1     00000b20  AdcbResultRegs                    
1     00007500  AdccRegs                          
1     00000b40  AdccResultRegs                    
1     00007580  AdcdRegs                          
1     00000b60  AdcdResultRegs                    
1     0005d180  AnalogSubsysRegs                  
0     0008435d  C$$EXIT                           
0     00080d36  C2000_28379D_0_cScriptDerivative  
0     00080d0a  C2000_28379D_0_cScriptOutput      
0     00080d09  C2000_28379D_0_cScriptStart       
0     00080d08  C2000_28379D_0_cScriptTerminate   
0     00080650  C2000_28379D_0_cScriptUpdate      
0     000089ce  C2000_28379D_B                    
0     000805b8  C2000_28379D_ExtModeSignals       
0     0008242e  C2000_28379D_background           
0     000842a1  C2000_28379D_baseTaskInterrupt    
0     000805b6  C2000_28379D_checksum             
0     0008241e  C2000_28379D_enableTasksInterrupt 
0     000089c4  C2000_28379D_errorStatus          
0     000824b6  C2000_28379D_initHal              
0     00083f33  C2000_28379D_initialize           
0     000805b4  C2000_28379D_sampleTime           
0     00084458  C2000_28379D_step                 
0     00082429  C2000_28379D_syncTimers           
0     00083f25  C2000_28379D_terminate            
0     00081dc3  CANA0_ISR                         
0     00081db9  CANA1_ISR                         
0     00081daf  CANB0_ISR                         
0     00081da5  CANB1_ISR                         
0     00081d9b  CLA1_1_ISR                        
0     00081d91  CLA1_2_ISR                        
0     00081d87  CLA1_3_ISR                        
0     00081d7d  CLA1_4_ISR                        
0     00081d73  CLA1_5_ISR                        
0     00081d69  CLA1_6_ISR                        
0     00081d5f  CLA1_7_ISR                        
0     00081d55  CLA1_8_ISR                        
0     00081d4b  CLA_OVERFLOW_ISR                  
0     00081d41  CLA_UNDERFLOW_ISR                 
0     00080648  CS                                
0     00083d4b  CalAdcINL                         
1     0005d200  ClkCfgRegs                        
1     0005d300  CpuSysRegs                        
1     00000c00  CpuTimer0Regs                     
1     00000c08  CpuTimer1Regs                     
1     00000c10  CpuTimer2Regs                     
0     00081d37  DATALOG_ISR                       
0     00083c10  DISPR_background                  
0     00083d29  DISPR_configure                   
0     00084439  DISPR_disableInt                  
0     00084710  DISPR_dispatch                    
0     00083d23  DISPR_registerIdleTask            
0     00083d1d  DISPR_registerPanicCallback       
0     00083d17  DISPR_registerSyncCallback        
0     00083cd1  DISPR_registerTask                
0     00083bfd  DISPR_reset                       
0     0008443d  DISPR_restoreInt                  
0     00083ccb  DISPR_setPowerupDelay             
0     00083cbd  DISPR_sinit                       
0     00083c84  DISPR_start                       
0     00081d2d  DMA_CH1_ISR                       
0     00081d23  DMA_CH2_ISR                       
0     00081d19  DMA_CH3_ISR                       
0     00081d0f  DMA_CH4_ISR                       
0     00081d05  DMA_CH5_ISR                       
0     00081cfb  DMA_CH6_ISR                       
0     00008a66  DacHandles                        
0     000083ec  DacObj                            
1     00005c00  DacaRegs                          
1     00005c10  DacbRegs                          
1     00005c20  DaccRegs                          
1     0005d000  DevCfgRegs                        
0     00083ee9  DevInit                           
0     00008a00  DisprHandle                       
0     00008a02  DisprObj                          
0     000089a4  DoutHandles                       
0     0000891a  DoutObj                           
0     00081cf1  ECAP1_ISR                         
0     00081ce7  ECAP2_ISR                         
0     00081cdd  ECAP3_ISR                         
0     00081cd3  ECAP4_ISR                         
0     00081cc9  ECAP5_ISR                         
0     00081cbf  ECAP6_ISR                         
0     00081cb5  EMIF_ERROR_ISR                    
0     00081ca8  EMPTY_ISR                         
0     00081c9e  EMU_ISR                           
0     00081c94  EPWM10_ISR                        
0     00081c8a  EPWM10_TZ_ISR                     
0     00081c80  EPWM11_ISR                        
0     00081c76  EPWM11_TZ_ISR                     
0     00081c6c  EPWM12_ISR                        
0     00081c62  EPWM12_TZ_ISR                     
0     00081c58  EPWM1_ISR                         
0     00081c4e  EPWM1_TZ_ISR                      
0     00081c44  EPWM2_ISR                         
0     00081c3a  EPWM2_TZ_ISR                      
0     00081c30  EPWM3_ISR                         
0     00081c26  EPWM3_TZ_ISR                      
0     00081c1c  EPWM4_ISR                         
0     00081c12  EPWM4_TZ_ISR                      
0     00081c08  EPWM5_ISR                         
0     00081bfe  EPWM5_TZ_ISR                      
0     00081bf4  EPWM6_ISR                         
0     00081bea  EPWM6_TZ_ISR                      
0     00081be0  EPWM7_ISR                         
0     00081bd6  EPWM7_TZ_ISR                      
0     00081bcc  EPWM8_ISR                         
0     00081bc2  EPWM8_TZ_ISR                      
0     00081bb8  EPWM9_ISR                         
0     00081bae  EPWM9_TZ_ISR                      
0     00081ba4  EQEP1_ISR                         
0     00081b9a  EQEP2_ISR                         
0     00081b90  EQEP3_ISR                         
0     00081b86  FLASH_CORRECTABLE_ERROR_ISR       
0     00081b7c  FPU_OVERFLOW_ISR                  
0     00081b72  FPU_UNDERFLOW_ISR                 
0     000001ac  Flash_initModule                  
0     000001d3  Flash_powerDown                   
0     000001e3  Flash_wakeFromLPM                 
0     00083745  GPIO_getDirectionMode             
0     000837ce  GPIO_getPadConfig                 
0     0008382e  GPIO_getQualificationMode         
0     0008389d  GPIO_setAnalogMode                
0     0008371e  GPIO_setDirectionMode             
0     0008375b  GPIO_setInterruptPin              
0     00083871  GPIO_setMasterCore                
0     00083786  GPIO_setPadConfig                 
0     000838c5  GPIO_setPinConfig                 
0     00083802  GPIO_setQualificationMode         
0     0008384f  GPIO_setQualificationPeriod       
1     00007c00  GpioCtrlRegs                      
1     00007f00  GpioDataRegs                      
0     00081b68  I2CA_FIFO_ISR                     
0     00081b5e  I2CA_ISR                          
0     00081b54  I2CB_FIFO_ISR                     
0     00081b4a  I2CB_ISR                          
0     00081b40  ILLEGAL_ISR                       
0     00081b36  IPC0_ISR                          
0     00081b2c  IPC1_ISR                          
0     00081b22  IPC2_ISR                          
0     00081b18  IPC3_ISR                          
0     00084416  ISR_ILLEGAL                       
0     00083e44  InitFlashHz                       
0     00081b0e  MCBSPA_RX_ISR                     
0     00081b04  MCBSPA_TX_ISR                     
0     00081afa  MCBSPB_RX_ISR                     
0     00081af0  MCBSPB_TX_ISR                     
1     0005f400  MemCfgRegs                        
0     00083e3a  MemCopy                           
0     00081ae6  NMI_ISR                           
0     00081adc  NOTUSED_ISR                       
0     00081ad2  PIE_RESERVED_ISR                  
0     000832f2  PIL_BSRVS_init                    
0     00083377  PIL_BSRVS_messageHandler          
0     0008330a  PIL_BSRVS_setWriteInterlockHandler
0     0008060c  PIL_C_ExtMode_ExtModeSignals_Ptr  
0     0008060e  PIL_C_ExtMode_ExtModeSignals_Size 
0     0008060a  PIL_C_ExtMode_checksum_Ptr        
0     00080608  PIL_C_ExtMode_sampleTime_Ptr      
0     00080604  PIL_C_ExtMode_targetFloat_Size    
0     00080606  PIL_C_ExtMode_targetPointer_Size  
0     00083080  PIL_DCLINK_configure              
0     00083089  PIL_DCLINK_getCommunicationHandle 
0     0008304b  PIL_DCLINK_init                   
0     000832df  PIL_DCLINK_poll                   
0     00083094  PIL_DCLINK_setBuffer              
0     000805c2  PIL_D_BaudRate                    
0     000805cc  PIL_D_CompiledBy                  
0     000805d8  PIL_D_CompiledDate                
0     000805ec  PIL_D_FirmwareDescription         
0     000805c0  PIL_D_FrameworkVersion            
0     000805c4  PIL_D_Guid                        
0     000805c1  PIL_D_StationAddress              
0     00084440  PIL_DisableInt                    
0     00083a97  PIL_PBRIDGE_configure             
0     00083a8b  PIL_PBRIDGE_init                  
0     00083be8  PIL_PBRIDGE_poll                  
0     00083aa0  PIL_PBRIDGE_setProtocol           
0     00080d86  PIL_PROBES_getActualPilMode       
0     00080d9b  PIL_PROBES_getActualPilStep       
0     00080d8d  PIL_PROBES_getDesiredPilMode      
0     00080da5  PIL_PROBES_getDesiredPilStep      
0     00080d94  PIL_PROBES_getPreviousPilMode     
0     00080d37  PIL_PROBES_init                   
0     00080ed9  PIL_PROBES_messageHandler         
0     00080d64  PIL_PROBES_setActualPilMode       
0     00080d7a  PIL_PROBES_setActualPilStep       
0     00080d71  PIL_PROBES_setDesiredPilMode      
0     00083597  PIL_RA_init                       
0     000836c6  PIL_RA_pollLinkReq                
0     00083674  PIL_RA_pollLinkRsp                
0     0008362f  PIL_RA_registerService            
0     000828d0  PIL_RA_serialIn                   
0     00083657  PIL_RA_serialIn_p                 
0     000828df  PIL_RA_serialOut                  
0     00083666  PIL_RA_serialOut_p                
0     0008360b  PIL_RA_setChecksum                
0     000835f3  PIL_RA_setGuid                    
0     00083623  PIL_RA_setNodeAddress             
0     000841f0  PIL_RBUF_isEmpty                  
0     00084228  PIL_RBUF_pop                      
0     000841fe  PIL_RBUF_push                     
0     000841e5  PIL_RBUF_reset                    
0     00084444  PIL_RestoreInt                    
0     0008138a  PIL_SCOPE_init                    
0     000816ce  PIL_SCOPE_messageHandler          
0     000828ed  PIL_SCOPE_sample                  
0     00081518  PIL_SCOPE_sample_p                
0     000813aa  PIL_SCOPE_setBuffer               
0     000813c7  PIL_SCOPE_setIndicator            
0     000828fa  PIL_SCOPE_trigger                 
0     000815e8  PIL_SCOPE_trigger_p               
0     0008062e  PIL_SLINK_crc16Lookup             
0     00082d4e  PIL_SLINK_in                      
0     00082d28  PIL_SLINK_init                    
0     00082d5b  PIL_SLINK_out                     
0     00082d93  PIL_SLINK_outBufIsEmpty           
0     00082f2c  PIL_SLINK_receive                 
0     00082f0c  PIL_SLINK_send                    
0     00080610  PIL_V_ScopeFlagCpuRemote          
0     00080616  PIL_V_ScopeFlagCpuThis            
0     00082a65  PIL_allowPilSimulation            
0     00082ba4  PIL_backgroundCall                
0     00082af9  PIL_beginInterruptCall            
0     000829b1  PIL_configureDualCoreLink         
0     0008298b  PIL_configureParallelCom          
0     00082a8d  PIL_inhibitPilSimulation          
0     00082c57  PIL_init                          
0     00082ab5  PIL_requestNormalMode             
0     00082acc  PIL_requestReadyMode              
0     00082a41  PIL_setAndConfigScopeBuffer       
0     00082a57  PIL_setAndConfigureScopeIndicator 
0     00082a33  PIL_setBackgroundCommCallback     
0     0008292b  PIL_setChecksum                   
0     00082a25  PIL_setCtrlCallback               
0     00082907  PIL_setGuid                       
0     00082a16  PIL_setNodeAddress                
0     00082973  PIL_setSerialComCallback          
0     00082c3c  PIL_setWriteInterlockHandler      
0     00082ae3  PIL_simulationActive              
0     00082498  PLXHAL_ADC_getIn                  
0     0008248d  PLXHAL_DAC_set                    
0     0008246d  PLXHAL_DIO_set                    
0     000839f3  PLX_AIN_configure                 
0     000839ec  PLX_AIN_init                      
0     000839d9  PLX_AIN_resetChannelSetup         
0     00083991  PLX_AIN_setDefaultAdcParams       
0     00083981  PLX_AIN_setDefaultChannelParams   
0     00083900  PLX_AIN_setupChannel              
0     000838fc  PLX_AIN_sinit                     
0     000840c0  PLX_DAC_configure                 
0     00084092  PLX_DAC_configureScaling          
0     0008408b  PLX_DAC_init                      
0     0008406d  PLX_DAC_setValF                   
0     00084061  PLX_DAC_sinit                     
0     000841c7  PLX_DIO_configureIn               
0     000841a2  PLX_DIO_configureOut              
0     0008419b  PLX_DIO_init                      
0     00084193  PLX_DIO_obtainDummyRead           
0     00084190  PLX_DIO_obtainDummyWrite          
0     00084167  PLX_DIO_sinit                     
0     0008429e  PLX_SCI_configure                 
0     00084297  PLX_SCI_init                      
0     00084249  PLX_SCI_setupPort                 
1     00000ce0  PieCtrlRegs                       
1     00000d00  PieVectTable                      
0     00008b2c  PilHandle                         
0     00008440  PilObj                            
0     00081ac8  RAM_ACCESS_VIOLATION_ISR          
0     00081abe  RAM_CORRECTABLE_ERROR_ISR         
0     00081ab4  RTOS_ISR                          
abs   000848bb  RamfuncsLoadEnd                   
abs   000000cf  RamfuncsLoadSize                  
abs   000847ec  RamfuncsLoadStart                 
abs   000001f3  RamfuncsRunEnd                    
abs   000000cf  RamfuncsRunSize                   
abs   00000124  RamfuncsRunStart                  
0     00081aaa  SCIA_RX_ISR                       
0     00081aa0  SCIA_TX_ISR                       
0     00081a96  SCIB_RX_ISR                       
0     00081a8c  SCIB_TX_ISR                       
0     00081a82  SCIC_RX_ISR                       
0     00081a78  SCIC_TX_ISR                       
0     00081a6e  SCID_RX_ISR                       
0     00081a64  SCID_TX_ISR                       
0     00081a5a  SD1_ISR                           
0     00081a50  SD2_ISR                           
0     00081a46  SPIA_RX_ISR                       
0     00081a3c  SPIA_TX_ISR                       
0     00081a32  SPIB_RX_ISR                       
0     00081a28  SPIB_TX_ISR                       
0     00081a1e  SPIC_RX_ISR                       
0     00081a14  SPIC_TX_ISR                       
0     00081a0a  SYS_PLL_SLIP_ISR                  
0     00008ad0  Saopt                             
0     00008a78  Sav                               
0     00008ad2  Sbopt                             
0     00008b18  Sbv                               
0     00008400  SciHandle                         
0     00008402  SciObj                            
1     00007200  SciaRegs                          
1     00007210  ScibRegs                          
0     00008000  ScopeBuffer                       
0     0003fb7f  ScopeFlagCpuRemote                
0     0003ff7f  ScopeFlagCpuThis                  
0     00008ad4  Scopt                             
0     00008b1e  Scv                               
0     000001ef  SysCtl_delay                      
0     00081f85  SysCtl_getAuxClock                
0     00081f34  SysCtl_getClock                   
0     000823b6  SysCtl_getDeviceParametric        
0     0008239c  SysCtl_getLowSpeedClock           
0     00082337  SysCtl_selectOscSource            
0     0008236d  SysCtl_selectOscSourceAuxPLL      
0     000822d3  SysCtl_selectXTAL                 
0     000821c0  SysCtl_setAuxClock                
0     00081fc6  SysCtl_setClock                   
0     00081a00  TIMER0_ISR                        
0     000819f6  TIMER1_ISR                        
0     000819ec  TIMER2_ISR                        
0     000089b6  TaskObj                           
0     000819e2  UPPA_ISR                          
0     000819d8  USBA_ISR                          
0     000819ce  USER10_ISR                        
0     000819c4  USER11_ISR                        
0     000819ba  USER12_ISR                        
0     000819b0  USER1_ISR                         
0     000819a6  USER2_ISR                         
0     0008199c  USER3_ISR                         
0     00081992  USER4_ISR                         
0     00081988  USER5_ISR                         
0     0008197e  USER6_ISR                         
0     00081974  USER7_ISR                         
0     0008196a  USER8_ISR                         
0     00081960  USER9_ISR                         
0     00081956  VCU_ISR                           
0     00008a8a  V_d                               
0     00008a8c  V_q                               
0     00008a8e  Vcd                               
0     00008a90  Vcd_k0                            
0     00008a92  Vcd_k1                            
0     00008abc  Vcd_r                             
0     00008a94  Vcq                               
0     00008a96  Vcq_k0                            
0     00008a98  Vcq_k1                            
0     00008abe  Vcq_r                             
0     00080640  Vgd_r                             
0     00080642  Vgq_r                             
0     0008194c  WAKE_ISR                          
0     00081942  XINT1_ISR                         
0     00081938  XINT2_ISR                         
0     0008192e  XINT3_ISR                         
0     00081924  XINT4_ISR                         
0     0008191a  XINT5_ISR                         
0     0008491a  __TI_CINIT_Base                   
0     00084932  __TI_CINIT_Limit                  
0     00084932  __TI_CINIT_Warm                   
0     00084900  __TI_Handler_Table_Base           
0     00084906  __TI_Handler_Table_Limit          
0     00000700  __TI_STACK_END                    
abs   00000300  __TI_STACK_SIZE                   
0     00084308  __TI_auto_init_nobinit_nopinit    
0     00008b26  __TI_cleanup_ptr                  
0     000842d8  __TI_decompress_lzss              
0     00084431  __TI_decompress_none              
0     00008b28  __TI_dtors_ptr                    
0     00008b24  __TI_enable_exit_profile_output   
abs   ffffffff  __TI_pprof_out_hndl               
abs   ffffffff  __TI_prof_data_size               
abs   ffffffff  __TI_prof_data_start              
0     0008444e  __TI_zero_init                    
0     00084333  __c28xabi_cmpd                    
0     00083fd9  __c28xabi_divf                    
0     000843c4  __c28xabi_ftod                    
0     000840e4  __c28xabi_mpyd                    
n/a   UNDEFED   __c_args__                        
0     00000400  __stack                           
0     0008440a  _args_main                        
0     000843e0  _c_int00                          
0     00008a7e  _lock                             
0     00084428  _nop                              
0     00084424  _register_lock                    
0     00084420  _register_unlock                  
0     00084456  _system_post_cinit                
0     00084454  _system_pre_init                  
0     00008b2e  _unlock                           
0     00008a82  a                                 
0     0008435d  abort                             
0     00080004  angulo                            
0     00008a83  b                                 
0     00008a84  c                                 
0     00080000  code_start                        
0     00008ac2  comb                              
0     000800ce  cosenos                           
0     00080198  cosma2pi3                         
0     00080262  cosme2pi3                         
0     00080644  dp                                
0     00008ad6  error                             
0     00008ad8  error2                            
0     00008ada  error3                            
0     0008435f  exit                              
0     00008ac0  g_opt                             
0     00008a85  i                                 
0     00008aa6  i1d_k                             
0     00008aa8  i1d_k0                            
0     00008aaa  i1d_k1                            
0     00008aac  i1q_k                             
0     00008aae  i1q_k0                            
0     00008ab0  i1q_k1                            
0     00008a9a  i2d_k                             
0     00008a9c  i2d_k0                            
0     00008a9e  i2d_k1                            
0     00008aa0  i2q_k                             
0     00008aa2  i2q_k0                            
0     00008aa4  i2q_k1                            
0     00008ab2  id                                
0     00008ab8  id_r                              
0     00008ab4  iq                                
0     00008aba  iq_r                              
0     00008a86  j                                 
0     00008a87  k                                 
0     00084386  main                              
0     000843a7  memcpy                            
0     00084447  memset                            
0     00008a88  muestra                           
0     0008032c  senos                             
0     000803f6  sinma2pi3                         
0     000804c0  sinme2pi3                         
0     00008ab6  theta                             
0     00008ac4  vari1d                            
0     00008ac6  vari1q                            
0     00008acc  vari2d                            
0     00008ace  vari2q                            
0     00008ac8  varvcd                            
0     00008aca  varvcq                            
0     00080646  wh                                
0     00008a80  x                                 
0     00008a81  x_opt                             


GLOBAL SYMBOLS: SORTED BY Symbol Address 

page  address   name                              
----  -------   ----                              
0     000001ac  Flash_initModule                  
0     000001d3  Flash_powerDown                   
0     000001e3  Flash_wakeFromLPM                 
0     000001ef  SysCtl_delay                      
0     00000400  __stack                           
0     00000700  __TI_STACK_END                    
0     00008000  ScopeBuffer                       
0     000083ec  DacObj                            
0     00008400  SciHandle                         
0     00008402  SciObj                            
0     00008440  PilObj                            
0     000087e2  AdcObj                            
0     0000891a  DoutObj                           
0     000089a4  DoutHandles                       
0     000089b6  TaskObj                           
0     000089c4  C2000_28379D_errorStatus          
0     000089ce  C2000_28379D_B                    
0     00008a00  DisprHandle                       
0     00008a02  DisprObj                          
0     00008a5e  AdcHandles                        
0     00008a66  DacHandles                        
0     00008a78  Sav                               
0     00008a7e  _lock                             
0     00008a80  x                                 
0     00008a81  x_opt                             
0     00008a82  a                                 
0     00008a83  b                                 
0     00008a84  c                                 
0     00008a85  i                                 
0     00008a86  j                                 
0     00008a87  k                                 
0     00008a88  muestra                           
0     00008a8a  V_d                               
0     00008a8c  V_q                               
0     00008a8e  Vcd                               
0     00008a90  Vcd_k0                            
0     00008a92  Vcd_k1                            
0     00008a94  Vcq                               
0     00008a96  Vcq_k0                            
0     00008a98  Vcq_k1                            
0     00008a9a  i2d_k                             
0     00008a9c  i2d_k0                            
0     00008a9e  i2d_k1                            
0     00008aa0  i2q_k                             
0     00008aa2  i2q_k0                            
0     00008aa4  i2q_k1                            
0     00008aa6  i1d_k                             
0     00008aa8  i1d_k0                            
0     00008aaa  i1d_k1                            
0     00008aac  i1q_k                             
0     00008aae  i1q_k0                            
0     00008ab0  i1q_k1                            
0     00008ab2  id                                
0     00008ab4  iq                                
0     00008ab6  theta                             
0     00008ab8  id_r                              
0     00008aba  iq_r                              
0     00008abc  Vcd_r                             
0     00008abe  Vcq_r                             
0     00008ac0  g_opt                             
0     00008ac2  comb                              
0     00008ac4  vari1d                            
0     00008ac6  vari1q                            
0     00008ac8  varvcd                            
0     00008aca  varvcq                            
0     00008acc  vari2d                            
0     00008ace  vari2q                            
0     00008ad0  Saopt                             
0     00008ad2  Sbopt                             
0     00008ad4  Scopt                             
0     00008ad6  error                             
0     00008ad8  error2                            
0     00008ada  error3                            
0     00008b18  Sbv                               
0     00008b1e  Scv                               
0     00008b24  __TI_enable_exit_profile_output   
0     00008b26  __TI_cleanup_ptr                  
0     00008b28  __TI_dtors_ptr                    
0     00008b2c  PilHandle                         
0     00008b2e  _unlock                           
0     0003fb7f  ScopeFlagCpuRemote                
0     0003ff7f  ScopeFlagCpuThis                  
0     00080000  code_start                        
0     00080004  angulo                            
0     000800ce  cosenos                           
0     00080198  cosma2pi3                         
0     00080262  cosme2pi3                         
0     0008032c  senos                             
0     000803f6  sinma2pi3                         
0     000804c0  sinme2pi3                         
0     000805b4  C2000_28379D_sampleTime           
0     000805b6  C2000_28379D_checksum             
0     000805b8  C2000_28379D_ExtModeSignals       
0     000805c0  PIL_D_FrameworkVersion            
0     000805c1  PIL_D_StationAddress              
0     000805c2  PIL_D_BaudRate                    
0     000805c4  PIL_D_Guid                        
0     000805cc  PIL_D_CompiledBy                  
0     000805d8  PIL_D_CompiledDate                
0     000805ec  PIL_D_FirmwareDescription         
0     00080604  PIL_C_ExtMode_targetFloat_Size    
0     00080606  PIL_C_ExtMode_targetPointer_Size  
0     00080608  PIL_C_ExtMode_sampleTime_Ptr      
0     0008060a  PIL_C_ExtMode_checksum_Ptr        
0     0008060c  PIL_C_ExtMode_ExtModeSignals_Ptr  
0     0008060e  PIL_C_ExtMode_ExtModeSignals_Size 
0     00080610  PIL_V_ScopeFlagCpuRemote          
0     00080616  PIL_V_ScopeFlagCpuThis            
0     0008062e  PIL_SLINK_crc16Lookup             
0     00080640  Vgd_r                             
0     00080642  Vgq_r                             
0     00080644  dp                                
0     00080646  wh                                
0     00080648  CS                                
0     00080650  C2000_28379D_0_cScriptUpdate      
0     00080d08  C2000_28379D_0_cScriptTerminate   
0     00080d09  C2000_28379D_0_cScriptStart       
0     00080d0a  C2000_28379D_0_cScriptOutput      
0     00080d36  C2000_28379D_0_cScriptDerivative  
0     00080d37  PIL_PROBES_init                   
0     00080d64  PIL_PROBES_setActualPilMode       
0     00080d71  PIL_PROBES_setDesiredPilMode      
0     00080d7a  PIL_PROBES_setActualPilStep       
0     00080d86  PIL_PROBES_getActualPilMode       
0     00080d8d  PIL_PROBES_getDesiredPilMode      
0     00080d94  PIL_PROBES_getPreviousPilMode     
0     00080d9b  PIL_PROBES_getActualPilStep       
0     00080da5  PIL_PROBES_getDesiredPilStep      
0     00080ed9  PIL_PROBES_messageHandler         
0     0008138a  PIL_SCOPE_init                    
0     000813aa  PIL_SCOPE_setBuffer               
0     000813c7  PIL_SCOPE_setIndicator            
0     00081518  PIL_SCOPE_sample_p                
0     000815e8  PIL_SCOPE_trigger_p               
0     000816ce  PIL_SCOPE_messageHandler          
0     0008191a  XINT5_ISR                         
0     00081924  XINT4_ISR                         
0     0008192e  XINT3_ISR                         
0     00081938  XINT2_ISR                         
0     00081942  XINT1_ISR                         
0     0008194c  WAKE_ISR                          
0     00081956  VCU_ISR                           
0     00081960  USER9_ISR                         
0     0008196a  USER8_ISR                         
0     00081974  USER7_ISR                         
0     0008197e  USER6_ISR                         
0     00081988  USER5_ISR                         
0     00081992  USER4_ISR                         
0     0008199c  USER3_ISR                         
0     000819a6  USER2_ISR                         
0     000819b0  USER1_ISR                         
0     000819ba  USER12_ISR                        
0     000819c4  USER11_ISR                        
0     000819ce  USER10_ISR                        
0     000819d8  USBA_ISR                          
0     000819e2  UPPA_ISR                          
0     000819ec  TIMER2_ISR                        
0     000819f6  TIMER1_ISR                        
0     00081a00  TIMER0_ISR                        
0     00081a0a  SYS_PLL_SLIP_ISR                  
0     00081a14  SPIC_TX_ISR                       
0     00081a1e  SPIC_RX_ISR                       
0     00081a28  SPIB_TX_ISR                       
0     00081a32  SPIB_RX_ISR                       
0     00081a3c  SPIA_TX_ISR                       
0     00081a46  SPIA_RX_ISR                       
0     00081a50  SD2_ISR                           
0     00081a5a  SD1_ISR                           
0     00081a64  SCID_TX_ISR                       
0     00081a6e  SCID_RX_ISR                       
0     00081a78  SCIC_TX_ISR                       
0     00081a82  SCIC_RX_ISR                       
0     00081a8c  SCIB_TX_ISR                       
0     00081a96  SCIB_RX_ISR                       
0     00081aa0  SCIA_TX_ISR                       
0     00081aaa  SCIA_RX_ISR                       
0     00081ab4  RTOS_ISR                          
0     00081abe  RAM_CORRECTABLE_ERROR_ISR         
0     00081ac8  RAM_ACCESS_VIOLATION_ISR          
0     00081ad2  PIE_RESERVED_ISR                  
0     00081adc  NOTUSED_ISR                       
0     00081ae6  NMI_ISR                           
0     00081af0  MCBSPB_TX_ISR                     
0     00081afa  MCBSPB_RX_ISR                     
0     00081b04  MCBSPA_TX_ISR                     
0     00081b0e  MCBSPA_RX_ISR                     
0     00081b18  IPC3_ISR                          
0     00081b22  IPC2_ISR                          
0     00081b2c  IPC1_ISR                          
0     00081b36  IPC0_ISR                          
0     00081b40  ILLEGAL_ISR                       
0     00081b4a  I2CB_ISR                          
0     00081b54  I2CB_FIFO_ISR                     
0     00081b5e  I2CA_ISR                          
0     00081b68  I2CA_FIFO_ISR                     
0     00081b72  FPU_UNDERFLOW_ISR                 
0     00081b7c  FPU_OVERFLOW_ISR                  
0     00081b86  FLASH_CORRECTABLE_ERROR_ISR       
0     00081b90  EQEP3_ISR                         
0     00081b9a  EQEP2_ISR                         
0     00081ba4  EQEP1_ISR                         
0     00081bae  EPWM9_TZ_ISR                      
0     00081bb8  EPWM9_ISR                         
0     00081bc2  EPWM8_TZ_ISR                      
0     00081bcc  EPWM8_ISR                         
0     00081bd6  EPWM7_TZ_ISR                      
0     00081be0  EPWM7_ISR                         
0     00081bea  EPWM6_TZ_ISR                      
0     00081bf4  EPWM6_ISR                         
0     00081bfe  EPWM5_TZ_ISR                      
0     00081c08  EPWM5_ISR                         
0     00081c12  EPWM4_TZ_ISR                      
0     00081c1c  EPWM4_ISR                         
0     00081c26  EPWM3_TZ_ISR                      
0     00081c30  EPWM3_ISR                         
0     00081c3a  EPWM2_TZ_ISR                      
0     00081c44  EPWM2_ISR                         
0     00081c4e  EPWM1_TZ_ISR                      
0     00081c58  EPWM1_ISR                         
0     00081c62  EPWM12_TZ_ISR                     
0     00081c6c  EPWM12_ISR                        
0     00081c76  EPWM11_TZ_ISR                     
0     00081c80  EPWM11_ISR                        
0     00081c8a  EPWM10_TZ_ISR                     
0     00081c94  EPWM10_ISR                        
0     00081c9e  EMU_ISR                           
0     00081ca8  EMPTY_ISR                         
0     00081cb5  EMIF_ERROR_ISR                    
0     00081cbf  ECAP6_ISR                         
0     00081cc9  ECAP5_ISR                         
0     00081cd3  ECAP4_ISR                         
0     00081cdd  ECAP3_ISR                         
0     00081ce7  ECAP2_ISR                         
0     00081cf1  ECAP1_ISR                         
0     00081cfb  DMA_CH6_ISR                       
0     00081d05  DMA_CH5_ISR                       
0     00081d0f  DMA_CH4_ISR                       
0     00081d19  DMA_CH3_ISR                       
0     00081d23  DMA_CH2_ISR                       
0     00081d2d  DMA_CH1_ISR                       
0     00081d37  DATALOG_ISR                       
0     00081d41  CLA_UNDERFLOW_ISR                 
0     00081d4b  CLA_OVERFLOW_ISR                  
0     00081d55  CLA1_8_ISR                        
0     00081d5f  CLA1_7_ISR                        
0     00081d69  CLA1_6_ISR                        
0     00081d73  CLA1_5_ISR                        
0     00081d7d  CLA1_4_ISR                        
0     00081d87  CLA1_3_ISR                        
0     00081d91  CLA1_2_ISR                        
0     00081d9b  CLA1_1_ISR                        
0     00081da5  CANB1_ISR                         
0     00081daf  CANB0_ISR                         
0     00081db9  CANA1_ISR                         
0     00081dc3  CANA0_ISR                         
0     00081dcd  AUX_PLL_SLIP_ISR                  
0     00081dd7  ADCD_EVT_ISR                      
0     00081de1  ADCD4_ISR                         
0     00081deb  ADCD3_ISR                         
0     00081df5  ADCD2_ISR                         
0     00081dff  ADCD1_ISR                         
0     00081e09  ADCC_EVT_ISR                      
0     00081e13  ADCC4_ISR                         
0     00081e1d  ADCC3_ISR                         
0     00081e27  ADCC2_ISR                         
0     00081e31  ADCC1_ISR                         
0     00081e3b  ADCB_EVT_ISR                      
0     00081e45  ADCB4_ISR                         
0     00081e4f  ADCB3_ISR                         
0     00081e59  ADCB2_ISR                         
0     00081e63  ADCB1_ISR                         
0     00081e6d  ADCA_EVT_ISR                      
0     00081e77  ADCA4_ISR                         
0     00081e81  ADCA3_ISR                         
0     00081e8b  ADCA2_ISR                         
0     00081e95  ADCA1_ISR                         
0     00081f34  SysCtl_getClock                   
0     00081f85  SysCtl_getAuxClock                
0     00081fc6  SysCtl_setClock                   
0     000821c0  SysCtl_setAuxClock                
0     000822d3  SysCtl_selectXTAL                 
0     00082337  SysCtl_selectOscSource            
0     0008236d  SysCtl_selectOscSourceAuxPLL      
0     0008239c  SysCtl_getLowSpeedClock           
0     000823b6  SysCtl_getDeviceParametric        
0     0008241e  C2000_28379D_enableTasksInterrupt 
0     00082429  C2000_28379D_syncTimers           
0     0008242e  C2000_28379D_background           
0     0008246d  PLXHAL_DIO_set                    
0     0008248d  PLXHAL_DAC_set                    
0     00082498  PLXHAL_ADC_getIn                  
0     000824b6  C2000_28379D_initHal              
0     000828d0  PIL_RA_serialIn                   
0     000828df  PIL_RA_serialOut                  
0     000828ed  PIL_SCOPE_sample                  
0     000828fa  PIL_SCOPE_trigger                 
0     00082907  PIL_setGuid                       
0     0008292b  PIL_setChecksum                   
0     00082973  PIL_setSerialComCallback          
0     0008298b  PIL_configureParallelCom          
0     000829b1  PIL_configureDualCoreLink         
0     00082a16  PIL_setNodeAddress                
0     00082a25  PIL_setCtrlCallback               
0     00082a33  PIL_setBackgroundCommCallback     
0     00082a41  PIL_setAndConfigScopeBuffer       
0     00082a57  PIL_setAndConfigureScopeIndicator 
0     00082a65  PIL_allowPilSimulation            
0     00082a8d  PIL_inhibitPilSimulation          
0     00082ab5  PIL_requestNormalMode             
0     00082acc  PIL_requestReadyMode              
0     00082ae3  PIL_simulationActive              
0     00082af9  PIL_beginInterruptCall            
0     00082ba4  PIL_backgroundCall                
0     00082c3c  PIL_setWriteInterlockHandler      
0     00082c57  PIL_init                          
0     00082d28  PIL_SLINK_init                    
0     00082d4e  PIL_SLINK_in                      
0     00082d5b  PIL_SLINK_out                     
0     00082d93  PIL_SLINK_outBufIsEmpty           
0     00082f0c  PIL_SLINK_send                    
0     00082f2c  PIL_SLINK_receive                 
0     0008304b  PIL_DCLINK_init                   
0     00083080  PIL_DCLINK_configure              
0     00083089  PIL_DCLINK_getCommunicationHandle 
0     00083094  PIL_DCLINK_setBuffer              
0     000832df  PIL_DCLINK_poll                   
0     000832f2  PIL_BSRVS_init                    
0     0008330a  PIL_BSRVS_setWriteInterlockHandler
0     00083377  PIL_BSRVS_messageHandler          
0     00083597  PIL_RA_init                       
0     000835f3  PIL_RA_setGuid                    
0     0008360b  PIL_RA_setChecksum                
0     00083623  PIL_RA_setNodeAddress             
0     0008362f  PIL_RA_registerService            
0     00083657  PIL_RA_serialIn_p                 
0     00083666  PIL_RA_serialOut_p                
0     00083674  PIL_RA_pollLinkRsp                
0     000836c6  PIL_RA_pollLinkReq                
0     0008371e  GPIO_setDirectionMode             
0     00083745  GPIO_getDirectionMode             
0     0008375b  GPIO_setInterruptPin              
0     00083786  GPIO_setPadConfig                 
0     000837ce  GPIO_getPadConfig                 
0     00083802  GPIO_setQualificationMode         
0     0008382e  GPIO_getQualificationMode         
0     0008384f  GPIO_setQualificationPeriod       
0     00083871  GPIO_setMasterCore                
0     0008389d  GPIO_setAnalogMode                
0     000838c5  GPIO_setPinConfig                 
0     000838fc  PLX_AIN_sinit                     
0     00083900  PLX_AIN_setupChannel              
0     00083981  PLX_AIN_setDefaultChannelParams   
0     00083991  PLX_AIN_setDefaultAdcParams       
0     000839d9  PLX_AIN_resetChannelSetup         
0     000839ec  PLX_AIN_init                      
0     000839f3  PLX_AIN_configure                 
0     00083a8b  PIL_PBRIDGE_init                  
0     00083a97  PIL_PBRIDGE_configure             
0     00083aa0  PIL_PBRIDGE_setProtocol           
0     00083be8  PIL_PBRIDGE_poll                  
0     00083bfd  DISPR_reset                       
0     00083c10  DISPR_background                  
0     00083c84  DISPR_start                       
0     00083cbd  DISPR_sinit                       
0     00083ccb  DISPR_setPowerupDelay             
0     00083cd1  DISPR_registerTask                
0     00083d17  DISPR_registerSyncCallback        
0     00083d1d  DISPR_registerPanicCallback       
0     00083d23  DISPR_registerIdleTask            
0     00083d29  DISPR_configure                   
0     00083d4b  CalAdcINL                         
0     00083d83  AdcSetMode                        
0     00083e3a  MemCopy                           
0     00083e44  InitFlashHz                       
0     00083ee9  DevInit                           
0     00083f25  C2000_28379D_terminate            
0     00083f33  C2000_28379D_initialize           
0     00083fd9  __c28xabi_divf                    
0     00084061  PLX_DAC_sinit                     
0     0008406d  PLX_DAC_setValF                   
0     0008408b  PLX_DAC_init                      
0     00084092  PLX_DAC_configureScaling          
0     000840c0  PLX_DAC_configure                 
0     000840e4  __c28xabi_mpyd                    
0     00084167  PLX_DIO_sinit                     
0     00084190  PLX_DIO_obtainDummyWrite          
0     00084193  PLX_DIO_obtainDummyRead           
0     0008419b  PLX_DIO_init                      
0     000841a2  PLX_DIO_configureOut              
0     000841c7  PLX_DIO_configureIn               
0     000841e5  PIL_RBUF_reset                    
0     000841f0  PIL_RBUF_isEmpty                  
0     000841fe  PIL_RBUF_push                     
0     00084228  PIL_RBUF_pop                      
0     00084249  PLX_SCI_setupPort                 
0     00084297  PLX_SCI_init                      
0     0008429e  PLX_SCI_configure                 
0     000842a1  C2000_28379D_baseTaskInterrupt    
0     000842d8  __TI_decompress_lzss              
0     00084308  __TI_auto_init_nobinit_nopinit    
0     00084333  __c28xabi_cmpd                    
0     0008435d  C$$EXIT                           
0     0008435d  abort                             
0     0008435f  exit                              
0     00084386  main                              
0     000843a7  memcpy                            
0     000843c4  __c28xabi_ftod                    
0     000843e0  _c_int00                          
0     0008440a  _args_main                        
0     00084416  ISR_ILLEGAL                       
0     00084420  _register_unlock                  
0     00084424  _register_lock                    
0     00084428  _nop                              
0     00084431  __TI_decompress_none              
0     00084439  DISPR_disableInt                  
0     0008443d  DISPR_restoreInt                  
0     00084440  PIL_DisableInt                    
0     00084444  PIL_RestoreInt                    
0     00084447  memset                            
0     0008444e  __TI_zero_init                    
0     00084454  _system_pre_init                  
0     00084456  _system_post_cinit                
0     00084458  C2000_28379D_step                 
0     00084710  DISPR_dispatch                    
0     00084900  __TI_Handler_Table_Base           
0     00084906  __TI_Handler_Table_Limit          
0     0008491a  __TI_CINIT_Base                   
0     00084932  __TI_CINIT_Limit                  
0     00084932  __TI_CINIT_Warm                   
1     00000b00  AdcaResultRegs                    
1     00000b20  AdcbResultRegs                    
1     00000b40  AdccResultRegs                    
1     00000b60  AdcdResultRegs                    
1     00000c00  CpuTimer0Regs                     
1     00000c08  CpuTimer1Regs                     
1     00000c10  CpuTimer2Regs                     
1     00000ce0  PieCtrlRegs                       
1     00000d00  PieVectTable                      
1     00005c00  DacaRegs                          
1     00005c10  DacbRegs                          
1     00005c20  DaccRegs                          
1     00007200  SciaRegs                          
1     00007210  ScibRegs                          
1     00007400  AdcaRegs                          
1     00007480  AdcbRegs                          
1     00007500  AdccRegs                          
1     00007580  AdcdRegs                          
1     00007c00  GpioCtrlRegs                      
1     00007f00  GpioDataRegs                      
1     0005d000  DevCfgRegs                        
1     0005d180  AnalogSubsysRegs                  
1     0005d200  ClkCfgRegs                        
1     0005d300  CpuSysRegs                        
1     0005f400  MemCfgRegs                        
abs   000000cf  RamfuncsLoadSize                  
abs   000000cf  RamfuncsRunSize                   
abs   00000124  RamfuncsRunStart                  
abs   000001f3  RamfuncsRunEnd                    
abs   00000300  __TI_STACK_SIZE                   
abs   000847ec  RamfuncsLoadStart                 
abs   000848bb  RamfuncsLoadEnd                   
abs   ffffffff  __TI_pprof_out_hndl               
abs   ffffffff  __TI_prof_data_size               
abs   ffffffff  __TI_prof_data_start              
n/a   UNDEFED   __c_args__                        

[465 symbols]
