******************************************************************************
             TMS320C2000 Linker PC v22.6.1                     
******************************************************************************
>> Linked Wed Sep 25 14:22:22 2024

OUTPUT FILE NAME:   <./output_TI2837x_cpu1/C2000_28379D.out>
ENTRY POINT SYMBOL: "_c_int00"  address: 00083fd1


MEMORY CONFIGURATION

         name            origin    length      used     unused   attr    fill
----------------------  --------  ---------  --------  --------  ----  --------
PAGE 0:
  BOOT_RSVD             00000002   00000121  00000000  00000121  RWIX
  RAMM0                 00000124   000002dc  000000cf  0000020d  RWIX
  RAMM1                 00000400   00000400  00000300  00000100  RWIX
  RAMLS                 00008000   00003f00  00000468  00003a98  RWIX
  RAMD1_RSVD            0000bf00   00000100  00000000  00000100  RWIX
  CPU2TOCPU1RAM         0003f800   0000037f  00000000  0000037f  RWIX
  SCOPE_FLAG_CPU2       0003fb7f   00000001  00000000  00000001  RWIX
  CPU2TOCPU1LINK        0003fb80   00000080  00000000  00000080  RWIX
  CPU1TOCPU2RAM         0003fc00   0000037f  00000000  0000037f  RWIX
  SCOPE_FLAG_CPU1       0003ff7f   00000001  00000000  00000001  RWIX
  CPU1TOCPU2LINK        0003ff80   00000080  00000000  00000080  RWIX
  BEGIN                 00080000   00000002  00000002  00000000  RWIX
  FLASH                 00080002   0003fffe  00004531  0003bacd  RWIX
  RESET                 003fffc0   00000002  00000000  00000002  RWIX

PAGE 1:
  ADCARESULT            00000b00   00000018  00000018  00000000  RWIX
  ADCBRESULT            00000b20   00000018  00000018  00000000  RWIX
  ADCCRESULT            00000b40   00000018  00000018  00000000  RWIX
  ADCDRESULT            00000b60   00000018  00000018  00000000  RWIX
  CPUTIMER0             00000c00   00000008  00000008  00000000  RWIX
  CPUTIMER1             00000c08   00000008  00000008  00000000  RWIX
  CPUTIMER2             00000c10   00000008  00000008  00000000  RWIX
  PIECTRL               00000ce0   0000001a  0000001a  00000000  RWIX
  PIEVECTTABLE          00000d00   00000200  000001c0  00000040  RWIX
  DMA                   00001000   00000200  00000000  00000200  RWIX
  CLA1                  00001400   00000080  00000000  00000080  RWIX
  CLB1LOGICCFG          00003000   00000052  00000000  00000052  RWIX
  CLB1LOGICCTRL         00003100   00000040  00000000  00000040  RWIX
  CLB1DATAEXCH          00003200   00000200  00000000  00000200  RWIX
  CLB2LOGICCFG          00003400   00000052  00000000  00000052  RWIX
  CLB2LOGICCTRL         00003500   00000040  00000000  00000040  RWIX
  CLB2DATAEXCH          00003600   00000200  00000000  00000200  RWIX
  CLB3LOGICCFG          00003800   00000052  00000000  00000052  RWIX
  CLB3LOGICCTRL         00003900   00000040  00000000  00000040  RWIX
  CLB3DATAEXCH          00003a00   00000200  00000000  00000200  RWIX
  CLB4LOGICCFG          00003c00   00000052  00000000  00000052  RWIX
  CLB4LOGICCTRL         00003d00   00000040  00000000  00000040  RWIX
  CLB4DATAEXCH          00003e00   00000200  00000000  00000200  RWIX
  EPWM1                 00004000   00000100  00000000  00000100  RWIX
  EPWM2                 00004100   00000100  00000000  00000100  RWIX
  EPWM3                 00004200   00000100  00000000  00000100  RWIX
  EPWM4                 00004300   00000100  00000000  00000100  RWIX
  EPWM5                 00004400   00000100  00000000  00000100  RWIX
  EPWM6                 00004500   00000100  00000000  00000100  RWIX
  EPWM7                 00004600   00000100  00000000  00000100  RWIX
  EPWM8                 00004700   00000100  00000000  00000100  RWIX
  EPWM9                 00004800   00000100  00000000  00000100  RWIX
  EPWM10                00004900   00000100  00000000  00000100  RWIX
  EPWM11                00004a00   00000100  00000000  00000100  RWIX
  EPWM12                00004b00   00000100  00000000  00000100  RWIX
  ECAP1                 00005000   00000020  00000000  00000020  RWIX
  ECAP2                 00005020   00000020  00000000  00000020  RWIX
  ECAP3                 00005040   00000020  00000000  00000020  RWIX
  ECAP4                 00005060   00000020  00000000  00000020  RWIX
  ECAP5                 00005080   00000020  00000000  00000020  RWIX
  ECAP6                 000050a0   00000020  00000000  00000020  RWIX
  EQEP1                 00005100   00000022  00000000  00000022  RWIX
  EQEP2                 00005140   00000022  00000000  00000022  RWIX
  EQEP3                 00005180   00000022  00000000  00000022  RWIX
  DACA                  00005c00   00000008  00000007  00000001  RWIX
  DACB                  00005c10   00000008  00000007  00000001  RWIX
  DACC                  00005c20   00000008  00000007  00000001  RWIX
  CMPSS1                00005c80   00000020  00000000  00000020  RWIX
  CMPSS2                00005ca0   00000020  00000000  00000020  RWIX
  CMPSS3                00005cc0   00000020  00000000  00000020  RWIX
  CMPSS4                00005ce0   00000020  00000000  00000020  RWIX
  CMPSS5                00005d00   00000020  00000000  00000020  RWIX
  CMPSS6                00005d20   00000020  00000000  00000020  RWIX
  CMPSS7                00005d40   00000020  00000000  00000020  RWIX
  CMPSS8                00005d60   00000020  00000000  00000020  RWIX
  SDFM1                 00005e00   00000080  00000000  00000080  RWIX
  SDFM2                 00005e80   00000080  00000000  00000080  RWIX
  MCBSPA                00006000   00000024  00000000  00000024  RWIX
  MCBSPB                00006040   00000024  00000000  00000024  RWIX
  SPIA                  00006100   00000010  00000000  00000010  RWIX
  SPIB                  00006110   00000010  00000000  00000010  RWIX
  SPIC                  00006120   00000010  00000000  00000010  RWIX
  UPP                   00006200   00000048  00000000  00000048  RWIX
  WD                    00007000   0000002b  00000000  0000002b  RWIX
  NMIINTRUPT            00007060   00000007  00000000  00000007  RWIX
  XINT                  00007070   0000000b  00000000  0000000b  RWIX
  SCIA                  00007200   00000010  00000000  00000010  RWIX
  SCIB                  00007210   00000010  00000000  00000010  RWIX
  SCIC                  00007220   00000010  00000000  00000010  RWIX
  SCID                  00007230   00000010  00000000  00000010  RWIX
  I2CA                  00007300   00000022  00000000  00000022  RWIX
  I2CB                  00007340   00000022  00000000  00000022  RWIX
  ADCA                  00007400   00000080  0000007c  00000004  RWIX
  ADCB                  00007480   00000080  0000007c  00000004  RWIX
  ADCC                  00007500   00000080  0000007c  00000004  RWIX
  ADCD                  00007580   00000080  0000007c  00000004  RWIX
  INPUTXBAR             00007900   00000020  00000000  00000020  RWIX
  XBAR                  00007920   00000020  00000000  00000020  RWIX
  SYNCSOC               00007940   00000006  00000000  00000006  RWIX
  DMACLASRCSEL          00007980   0000001a  00000000  0000001a  RWIX
  EPWMXBAR              00007a00   00000040  00000000  00000040  RWIX
  CLBXBAR               00007a40   00000040  00000000  00000040  RWIX
  OUTPUTXBAR            00007a80   00000040  00000000  00000040  RWIX
  GPIOCTRL              00007c00   00000180  00000180  00000000  RWIX
  GPIODATA              00007f00   00000030  00000030  00000000  RWIX
  EMIF1                 00047000   00000070  00000000  00000070  RWIX
  EMIF2                 00047800   00000070  00000000  00000070  RWIX
  CANA                  00048000   00000200  00000000  00000200  RWIX
  CANB                  0004a000   00000200  00000000  00000200  RWIX
  IPC                   00050000   00000024  00000000  00000024  RWIX
  FLASHPUMPSEMAPHORE    00050024   00000002  00000000  00000002  RWIX
  DEVCFG                0005d000   0000012e  0000012e  00000000  RWIX
  ANALOGSUBSYS          0005d180   00000048  0000003e  0000000a  RWIX
  CLKCFG                0005d200   00000032  00000032  00000000  RWIX
  CPUSYS                0005d300   00000082  00000082  00000000  RWIX
  ROMPREFETCH           0005e608   00000002  00000000  00000002  RWIX
  DCSMZ1                0005f000   00000024  00000000  00000024  RWIX
  DCSMZ2                0005f040   00000024  00000000  00000024  RWIX
  DCSMCOMMON            0005f070   00000008  00000000  00000008  RWIX
  MEMCFG                0005f400   00000080  00000076  0000000a  RWIX
  EMIF1CONFIG           0005f480   00000020  00000000  00000020  RWIX
  EMIF2CONFIG           0005f4a0   00000020  00000000  00000020  RWIX
  ACCESSPROTECTION      0005f4c0   00000040  00000000  00000040  RWIX
  MEMORYERROR           0005f500   00000040  00000000  00000040  RWIX
  ROMWAITSTATE          0005f540   00000002  00000000  00000002  RWIX
  FLASH0CTRL            0005f800   00000182  00000000  00000182  RWIX
  FLASH0ECC             0005fb00   00000028  00000000  00000028  RWIX


SECTION ALLOCATION MAP

 output                                  attributes/
section   page    origin      length       input sections
--------  ----  ----------  ----------   ----------------
AdcaResultRegsFile 
*          1    00000b00    00000018     UNINITIALIZED
                  00000b00    00000018     F2837xD_GlobalVariableDefs.obj (AdcaResultRegsFile)

AdcbResultRegsFile 
*          1    00000b20    00000018     UNINITIALIZED
                  00000b20    00000018     F2837xD_GlobalVariableDefs.obj (AdcbResultRegsFile)

AdccResultRegsFile 
*          1    00000b40    00000018     UNINITIALIZED
                  00000b40    00000018     F2837xD_GlobalVariableDefs.obj (AdccResultRegsFile)

AdcdResultRegsFile 
*          1    00000b60    00000018     UNINITIALIZED
                  00000b60    00000018     F2837xD_GlobalVariableDefs.obj (AdcdResultRegsFile)

PieVectTableFile 
*          1    00000d00    000001c0     UNINITIALIZED
                  00000d00    000001c0     F2837xD_GlobalVariableDefs.obj (PieVectTableFile)

EmuKeyVar 
*          1    00000d00    00000000     UNINITIALIZED

EmuBModeVar 
*          1    00000d00    00000000     UNINITIALIZED

EmuBootPinsVar 
*          1    00000d00    00000000     UNINITIALIZED

FlashCallbackVar 
*          1    00000d00    00000000     UNINITIALIZED

FlashScalingVar 
*          1    00000d00    00000000     UNINITIALIZED

AdcaRegsFile 
*          1    00007400    0000007c     UNINITIALIZED
                  00007400    0000007c     F2837xD_GlobalVariableDefs.obj (AdcaRegsFile)

AdcbRegsFile 
*          1    00007480    0000007c     UNINITIALIZED
                  00007480    0000007c     F2837xD_GlobalVariableDefs.obj (AdcbRegsFile)

AdccRegsFile 
*          1    00007500    0000007c     UNINITIALIZED
                  00007500    0000007c     F2837xD_GlobalVariableDefs.obj (AdccRegsFile)

AdcdRegsFile 
*          1    00007580    0000007c     UNINITIALIZED
                  00007580    0000007c     F2837xD_GlobalVariableDefs.obj (AdcdRegsFile)

AnalogSubsysRegsFile 
*          1    0005d180    0000003e     UNINITIALIZED
                  0005d180    0000003e     F2837xD_GlobalVariableDefs.obj (AnalogSubsysRegsFile)

ClkCfgRegsFile 
*          1    0005d200    00000032     UNINITIALIZED
                  0005d200    00000032     F2837xD_GlobalVariableDefs.obj (ClkCfgRegsFile)

CpuTimer0RegsFile 
*          1    00000c00    00000008     UNINITIALIZED
                  00000c00    00000008     F2837xD_GlobalVariableDefs.obj (CpuTimer0RegsFile)

CpuTimer1RegsFile 
*          1    00000c08    00000008     UNINITIALIZED
                  00000c08    00000008     F2837xD_GlobalVariableDefs.obj (CpuTimer1RegsFile)

CpuTimer2RegsFile 
*          1    00000c10    00000008     UNINITIALIZED
                  00000c10    00000008     F2837xD_GlobalVariableDefs.obj (CpuTimer2RegsFile)

DacaRegsFile 
*          1    00005c00    00000007     UNINITIALIZED
                  00005c00    00000007     F2837xD_GlobalVariableDefs.obj (DacaRegsFile)

DacbRegsFile 
*          1    00005c10    00000007     UNINITIALIZED
                  00005c10    00000007     F2837xD_GlobalVariableDefs.obj (DacbRegsFile)

DaccRegsFile 
*          1    00005c20    00000007     UNINITIALIZED
                  00005c20    00000007     F2837xD_GlobalVariableDefs.obj (DaccRegsFile)

CpuSysRegsFile 
*          1    0005d300    00000082     UNINITIALIZED
                  0005d300    00000082     F2837xD_GlobalVariableDefs.obj (CpuSysRegsFile)

DevCfgRegsFile 
*          1    0005d000    0000012e     UNINITIALIZED
                  0005d000    0000012e     F2837xD_GlobalVariableDefs.obj (DevCfgRegsFile)

.bss       0    00008000    000003a5     UNINITIALIZED
                  00008000    00000138     C2000_28379D_hal.obj (.bss:AdcObj)
                  00008138    000000fa     C2000_28379D_0.obj (.bss:g)
                  00008232    00000048     C2000_28379D_hal.obj (.bss:DoutObj)
                  0000827a    00000042     C2000_28379D.obj (.bss:C2000_28379D_cScriptStruct)
                  000082bc    00000004     C2000_28379D.obj (.bss:C2000_28379D_tickHi)
                  000082c0    0000003e     C2000_28379D.obj (.bss)
                  000082fe    00000002     C2000_28379D.obj (.bss:C2000_28379D_subTaskTick)
                  00008300    00000034     dispatcher.obj (.bss)
                  00008334    0000000c     C2000_28379D.obj (.bss:C2000_28379D_D_uint32_t)
                  00008340    0000001e     dio_2837x.obj (.bss)
                  0000835e    00000014     C2000_28379D_hal.obj (.bss:TaskObj)
                  00008372    00000012     C2000_28379D_hal.obj (.bss:DoutHandles)
                  00008384    0000000a     C2000_28379D_hal.obj (.bss:DacObj)
                  0000838e    00000008     C2000_28379D_hal.obj (.bss:AdcHandles)
                  00008396    00000006     C2000_28379D.obj (.bss:C2000_28379D_D_float)
                  0000839c    00000004     C2000_28379D.obj (.bss:C2000_28379D_tickLo)
                  000083a0    00000002     C2000_28379D_hal.obj (.bss:DacHandles)
                  000083a2    00000002     ain_type4.obj (.bss)
                  000083a4    00000001     C2000_28379D.obj (.bss:C2000_28379D_subTaskHit)

codestart 
*          0    00080000    00000002     
                  00080000    00000002     F2837xD_CodeStartBranch.obj (codestart)

.text      0    00080324    00003d32     
                  00080324    000006db     C2000_28379D_0.obj (.text)
                  000809ff    0000061f     pil_c28_fpu32_eabi.lib : probes.obj (.text)
                  0008101e    000005c4                            : scope.obj (.text)
                  000815e2    00000585     F2837xD_DefaultISR.obj (.text:retain)
                  00081b67    0000057f     plx_driverlib_fpu32_eabi.lib : sysctl.obj (.text)
                  000820e6    00000458     pil_c28_fpu32_eabi.lib : pil.obj (.text)
                  0008253e    00000406     C2000_28379D_hal.obj (.text)
                  00082944    00000323     pil_c28_fpu32_eabi.lib : seriallink.obj (.text)
                  00082c67    000002a7                            : dualcorelink.obj (.text)
                  00082f0e    00000226                            : basicservices.obj (.text)
                  00083134    000001f9                            : remoteagent.obj (.text)
                  0008332d    000001eb     plx_driverlib_fpu32_eabi.lib : gpio.obj (.text)
                  00083518    0000018f     ain_type4.obj (.text)
                  000836a7    00000172     pil_c28_fpu32_eabi.lib : parallelbridge.obj (.text)
                  00083819    0000014e     dispatcher.obj (.text)
                  00083967    000000ef     F2837xD_Adc.obj (.text)
                  00083a56    000000eb     F2837xD_DevInit.obj (.text)
                  00083b41    000000c8     C2000_28379D.obj (.text)
                  00083c09    0000009c     rts2800_fpu32_eabi.lib : fd_add28.asm.obj (.text)
                  00083ca5    00000088                            : fs_div28.asm.obj (.text)
                  00083d2d    00000083     dac_type1.obj (.text)
                  00083db0    0000007e     dio_2837x.obj (.text)
                  00083e2e    00000064     pil_c28_fpu32_eabi.lib : ringbuf.obj (.text)
                  00083e92    00000037     C2000_28379D_hal.obj (.text:retain)
                  00083ec9    00000030     rts2800_fpu32_eabi.lib : copy_decompress_lzss.c.obj (.text:decompress:lzss)
                  00083ef9    0000002b                            : autoinit.c.obj (.text:__TI_auto_init_nobinit_nopinit)
                  00083f24    0000002a                            : fd_cmp28.asm.obj (.text)
                  00083f4e    00000029                            : exit.c.obj (.text)
                  00083f77    00000021     C2000_28379D_main.obj (.text)
                  00083f98    0000001d     rts2800_fpu32_eabi.lib : memcpy.c.obj (.text)
                  00083fb5    0000001c                            : fs_tofdfpu32.asm.obj (.text)
                  00083fd1    00000017                            : boot28.asm.obj (.text)
                  00083fe8    00000013     plx_driverlib_fpu32_eabi.lib : flash.obj (.text)
                  00083ffb    0000000e     rts2800_fpu32_eabi.lib : fd_sub28.asm.obj (.text)
                  00084009    0000000c                            : args_main.c.obj (.text)
                  00084015    0000000a     F2837xD_DevInit.obj (.text:retain)
                  0008401f    00000009     rts2800_fpu32_eabi.lib : _lock.c.obj (.text)
                  00084028    00000008     F2837xD_CodeStartBranch.obj (.text)
                  00084030    00000008     rts2800_fpu32_eabi.lib : copy_decompress_none.c.obj (.text:decompress:none)
                  00084038    00000007     dispatcher_asm.obj (.text)
                  0008403f    00000007     pil_c28_fpu32_eabi.lib : pil_f28x_dis_int.obj (.text)
                  00084046    00000007     rts2800_fpu32_eabi.lib : memset.c.obj (.text)
                  0008404d    00000006                            : copy_zero_init.c.obj (.text:decompress:ZI)
                  00084053    00000002                            : pre_init.c.obj (.text)
                  00084055    00000001                            : startup.c.obj (.text)

GpioCtrlRegsFile 
*          1    00007c00    00000180     UNINITIALIZED
                  00007c00    00000180     F2837xD_GlobalVariableDefs.obj (GpioCtrlRegsFile)

GpioDataRegsFile 
*          1    00007f00    00000030     UNINITIALIZED
                  00007f00    00000030     F2837xD_GlobalVariableDefs.obj (GpioDataRegsFile)

MemCfgRegsFile 
*          1    0005f400    00000076     UNINITIALIZED
                  0005f400    00000076     F2837xD_GlobalVariableDefs.obj (MemCfgRegsFile)

PieCtrlRegsFile 
*          1    00000ce0    0000001a     UNINITIALIZED
                  00000ce0    0000001a     F2837xD_GlobalVariableDefs.obj (PieCtrlRegsFile)

step       0    00084058    000002dd     
                  00084058    000002dd     C2000_28379D.obj (step)

dispatch   0    00084338    000000db     
                  00084338    000000db     dispatcher.obj (dispatch)

.cinit     0    000844e4    00000058     
                  000844e4    0000003e     (.cinit..data.load) [load image, compression = lzss]
                  00084522    00000006     (__TI_handler_table)
                  00084528    00000004     (.cinit..bss.load) [load image, compression = zero_init]
                  0008452c    00000004     (.cinit.PieVectTableFile.load) [load image, compression = zero_init]
                  00084530    0000000c     (__TI_cinit_table)

.stack     0    00000400    00000300     UNINITIALIZED
                  00000400    00000300     --HOLE--

.init_array 
*          0    00080004    00000000     UNINITIALIZED

.const     0    00080004    00000320     
                  00080004    000000fa     C2000_28379D_0.obj (.const:Sa)
                  000800fe    000000fa     C2000_28379D_0.obj (.const:Sb)
                  000801f8    000000fa     C2000_28379D_0.obj (.const:Sc)
                  000802f2    0000000e     C2000_28379D_0.obj (.const)
                  00080300    00000012     C2000_28379D_hal.obj (.const)
                  00080312    00000010     pil_c28_fpu32_eabi.lib : seriallink.obj (.const:PIL_SLINK_crc16Lookup)
                  00080322    00000002     C2000_28379D.obj (.const:C2000_28379D_subTaskPeriod)

.data      0    000083a6    000000c3     UNINITIALIZED
                  000083a6    00000014     C2000_28379D.obj (.data:inputPtrs$2)
                  000083ba    00000006     C2000_28379D_hal.obj (.data)
                  000083c0    0000005e     C2000_28379D_0.obj (.data)
                  0000841e    00000014     C2000_28379D.obj (.data:terminalSampleTimeOffsets$12)
                  00008432    00000014     C2000_28379D.obj (.data:terminalSampleTimePeriods$11)
                  00008446    00000008     C2000_28379D.obj (.data:outputPtrs$5)
                  0000844e    00000006     rts2800_fpu32_eabi.lib : exit.c.obj (.data)
                  00008454    00000002                            : _lock.c.obj (.data:_lock)
                  00008456    00000002                            : _lock.c.obj (.data:_unlock)
                  00008458    00000002     C2000_28379D.obj (.data:inputs$3)
                  0000845a    00000002     C2000_28379D.obj (.data:outputs$6)
                  0000845c    00000002     C2000_28379D.obj (.data:sampleHits$8)
                  0000845e    00000002     C2000_28379D.obj (.data:sampleTimeOffsets$10)
                  00008460    00000002     C2000_28379D.obj (.data:sampleTimePeriods$9)
                  00008462    00000002     C2000_28379D.obj (.data:terminalSampleTimeOffsetPtrs$14)
                  00008464    00000002     C2000_28379D.obj (.data:terminalSampleTimePeriodPtrs$13)
                  00008466    00000001     C2000_28379D.obj (.data)
                  00008467    00000001     C2000_28379D.obj (.data:numInputSignals$1)
                  00008468    00000001     C2000_28379D.obj (.data:numOutputSignals$4)

ramfuncs   0    00084414    00000000     UNINITIALIZEDRUN ADDR = 00000124

.TI.ramfunc 
*          0    00084414    000000cf     RUN ADDR = 00000124
                  00084414    000000cb     plx_driverlib_fpu32_eabi.lib : flash.obj (.TI.ramfunc)
                  000844df    00000004                                  : sysctl.obj (.TI.ramfunc)

.reset     0    003fffc0    00000000     DSECT

MODULE SUMMARY

       Module                           code    ro data   rw data
       ------                           ----    -------   -------
    .\output_TI2837x_cpu1\
       C2000_28379D_0.obj               1755    764       344    
       F2837xD_GlobalVariableDefs.obj   0       0         2205   
       C2000_28379D_hal.obj             1085    18        448    
       F2837xD_DefaultISR.obj           1413    0         0      
       C2000_28379D.obj                 933     2         242    
       dispatcher.obj                   553     0         52     
       ain_type4.obj                    399     0         2      
       F2837xD_DevInit.obj              245     0         0      
       F2837xD_Adc.obj                  239     0         0      
       dio_2837x.obj                    126     0         30     
       dac_type1.obj                    131     0         0      
       C2000_28379D_main.obj            33      0         0      
       F2837xD_CodeStartBranch.obj      10      0         0      
       dispatcher_asm.obj               7       0         0      
    +--+--------------------------------+-------+---------+---------+
       Total:                           6929    784       3323   
                                                                 
    C:\Users\Estudiante USM\AppData\Local\Programs\PLECS C2000 TSP\cgt\ti-cgt-c2000_22.6.1.LTS\lib\rts2800_fpu32_eabi.lib
       fd_add28.asm.obj                 156     0         0      
       fs_div28.asm.obj                 136     0         0      
       copy_decompress_lzss.c.obj       48      0         0      
       exit.c.obj                       41      0         6      
       autoinit.c.obj                   43      0         0      
       fd_cmp28.asm.obj                 42      0         0      
       memcpy.c.obj                     29      0         0      
       fs_tofdfpu32.asm.obj             28      0         0      
       boot28.asm.obj                   23      0         0      
       fd_sub28.asm.obj                 14      0         0      
       _lock.c.obj                      9       0         4      
       args_main.c.obj                  12      0         0      
       copy_decompress_none.c.obj       8       0         0      
       memset.c.obj                     7       0         0      
       copy_zero_init.c.obj             6       0         0      
       pre_init.c.obj                   2       0         0      
       startup.c.obj                    1       0         0      
    +--+--------------------------------+-------+---------+---------+
       Total:                           605     0         10     
                                                                 
    C:\Users\Estudiante USM\Desktop\target supp\tsp_ti_c2000\ccs\2837x\..\pil\pil_c28_fpu32_eabi.lib
       probes.obj                       1567    0         0      
       scope.obj                        1476    0         0      
       pil.obj                          1112    0         0      
       seriallink.obj                   803     16        0      
       dualcorelink.obj                 679     0         0      
       basicservices.obj                550     0         0      
       remoteagent.obj                  505     0         0      
       parallelbridge.obj               370     0         0      
       ringbuf.obj                      100     0         0      
       pil_f28x_dis_int.obj             7       0         0      
    +--+--------------------------------+-------+---------+---------+
       Total:                           7169    16        0      
                                                                 
    C:\Users\Estudiante USM\Desktop\target supp\tsp_ti_c2000\ccs\2837x\tisrc\driverlib\plx_driverlib_fpu32_eabi.lib
       sysctl.obj                       1415    0         0      
       gpio.obj                         491     0         0      
       flash.obj                        425     0         0      
    +--+--------------------------------+-------+---------+---------+
       Total:                           2331    0         0      
                                                                 
       Stack:                           0       0         768    
       Linker Generated:                0       88        0      
    +--+--------------------------------+-------+---------+---------+
       Grand Total:                     17034   888       4101   


LINKER GENERATED COPY TABLES

__TI_cinit_table @ 00084530 records: 3, size/record: 4, table size: 12
	.data: load addr=000844e4, load size=0000003e bytes, run addr=000083a6, run size=000000c3 bytes, compression=lzss
	.bss: load addr=00084528, load size=00000004 bytes, run addr=00008000, run size=000003a5 bytes, compression=zero_init
	PieVectTableFile: load addr=0008452c, load size=00000004 bytes, run addr=00000d00, run size=000001c0 bytes, compression=zero_init


LINKER GENERATED HANDLER TABLE

__TI_handler_table @ 00084522 records: 3, size/record: 2, table size: 6
	index: 0, handler: __TI_zero_init
	index: 1, handler: __TI_decompress_lzss
	index: 2, handler: __TI_decompress_none


GLOBAL DATA SYMBOLS: SORTED BY DATA PAGE

address     data page           name
--------    ----------------    ----
00000400      10 (00000400)     __stack

00000b00      2c (00000b00)     AdcaResultRegs
00000b20      2c (00000b00)     AdcbResultRegs

00000b40      2d (00000b40)     AdccResultRegs
00000b60      2d (00000b40)     AdcdResultRegs

00000c00      30 (00000c00)     CpuTimer0Regs
00000c08      30 (00000c00)     CpuTimer1Regs
00000c10      30 (00000c00)     CpuTimer2Regs

00000ce0      33 (00000cc0)     PieCtrlRegs

00000d00      34 (00000d00)     PieVectTable

00005c00     170 (00005c00)     DacaRegs
00005c10     170 (00005c00)     DacbRegs
00005c20     170 (00005c00)     DaccRegs

00007400     1d0 (00007400)     AdcaRegs

00007480     1d2 (00007480)     AdcbRegs

00007500     1d4 (00007500)     AdccRegs

00007580     1d6 (00007580)     AdcdRegs

00007c00     1f0 (00007c00)     GpioCtrlRegs

00007f00     1fc (00007f00)     GpioDataRegs

00008000     200 (00008000)     AdcObj

00008138     204 (00008100)     g

00008232     208 (00008200)     DoutObj

000082c0     20b (000082c0)     C2000_28379D_errorStatus
000082ca     20b (000082c0)     C2000_28379D_B

00008300     20c (00008300)     DisprHandle
00008302     20c (00008300)     DisprObj

0000835e     20d (00008340)     TaskObj
00008372     20d (00008340)     DoutHandles

00008384     20e (00008380)     DacObj
0000838e     20e (00008380)     AdcHandles
000083a0     20e (00008380)     DacHandles
000083be     20e (00008380)     PilHandle

000083c0     20f (000083c0)     x
000083c1     20f (000083c0)     x_opt
000083c2     20f (000083c0)     V_d
000083c4     20f (000083c0)     V_q
000083c6     20f (000083c0)     Vcd
000083c8     20f (000083c0)     Vcd_k0
000083ca     20f (000083c0)     Vcd_k1
000083cc     20f (000083c0)     Vcq
000083ce     20f (000083c0)     Vcq_k0
000083d0     20f (000083c0)     Vcq_k1
000083d2     20f (000083c0)     i2d_k
000083d4     20f (000083c0)     i2d_k0
000083d6     20f (000083c0)     i2d_k1
000083d8     20f (000083c0)     i2q_k
000083da     20f (000083c0)     i2q_k0
000083dc     20f (000083c0)     i2q_k1
000083de     20f (000083c0)     i1d_k
000083e0     20f (000083c0)     i1d_k0
000083e2     20f (000083c0)     i1d_k1
000083e4     20f (000083c0)     i1q_k
000083e6     20f (000083c0)     i1q_k0
000083e8     20f (000083c0)     i1q_k1
000083ea     20f (000083c0)     id
000083ec     20f (000083c0)     iq
000083ee     20f (000083c0)     theta
000083f0     20f (000083c0)     id_r
000083f2     20f (000083c0)     iq_r
000083f4     20f (000083c0)     Vcd_r
000083f6     20f (000083c0)     Vcq_r
000083f8     20f (000083c0)     g_opt
000083fa     20f (000083c0)     coseno
000083fc     20f (000083c0)     seno
000083fe     20f (000083c0)     cosma2pi3

00008400     210 (00008400)     cosme2pi3
00008402     210 (00008400)     sinma2pi3
00008404     210 (00008400)     sinme2pi3
00008406     210 (00008400)     fa_cosa
00008408     210 (00008400)     fa_cosb
0000840a     210 (00008400)     fa_cosc
0000840c     210 (00008400)     fa_sinoa
0000840e     210 (00008400)     fa_sinob
00008410     210 (00008400)     fa_sinoc
00008412     210 (00008400)     vari1d
00008414     210 (00008400)     vari1q
00008416     210 (00008400)     varvcd
00008418     210 (00008400)     varvcq
0000841a     210 (00008400)     vari2d
0000841c     210 (00008400)     vari2q

0000844e     211 (00008440)     __TI_enable_exit_profile_output
00008450     211 (00008440)     __TI_cleanup_ptr
00008452     211 (00008440)     __TI_dtors_ptr
00008454     211 (00008440)     _lock
00008456     211 (00008440)     _unlock

0005d000    1740 (0005d000)     DevCfgRegs

0005d180    1746 (0005d180)     AnalogSubsysRegs

0005d200    1748 (0005d200)     ClkCfgRegs

0005d300    174c (0005d300)     CpuSysRegs

0005f400    17d0 (0005f400)     MemCfgRegs

00080004    2000 (00080000)     Sa

000800fe    2003 (000800c0)     Sb

000801f8    2007 (000801c0)     Sc

000802f2    200b (000802c0)     Vgd_r
000802f4    200b (000802c0)     Vgq_r
000802f6    200b (000802c0)     dp
000802f8    200b (000802c0)     wh
000802fa    200b (000802c0)     CS

00080312    200c (00080300)     PIL_SLINK_crc16Lookup


GLOBAL SYMBOLS: SORTED ALPHABETICALLY BY Name 

page  address   name                              
----  -------   ----                              
0     00081b5d  ADCA1_ISR                         
0     00081b53  ADCA2_ISR                         
0     00081b49  ADCA3_ISR                         
0     00081b3f  ADCA4_ISR                         
0     00081b35  ADCA_EVT_ISR                      
0     00081b2b  ADCB1_ISR                         
0     00081b21  ADCB2_ISR                         
0     00081b17  ADCB3_ISR                         
0     00081b0d  ADCB4_ISR                         
0     00081b03  ADCB_EVT_ISR                      
0     00081af9  ADCC1_ISR                         
0     00081aef  ADCC2_ISR                         
0     00081ae5  ADCC3_ISR                         
0     00081adb  ADCC4_ISR                         
0     00081ad1  ADCC_EVT_ISR                      
0     00081ac7  ADCD1_ISR                         
0     00081abd  ADCD2_ISR                         
0     00081ab3  ADCD3_ISR                         
0     00081aa9  ADCD4_ISR                         
0     00081a9f  ADCD_EVT_ISR                      
0     00081a95  AUX_PLL_SLIP_ISR                  
0     0000838e  AdcHandles                        
0     00008000  AdcObj                            
0     0008399f  AdcSetMode                        
1     00007400  AdcaRegs                          
1     00000b00  AdcaResultRegs                    
1     00007480  AdcbRegs                          
1     00000b20  AdcbResultRegs                    
1     00007500  AdccRegs                          
1     00000b40  AdccResultRegs                    
1     00007580  AdcdRegs                          
1     00000b60  AdcdResultRegs                    
1     0005d180  AnalogSubsysRegs                  
0     00083f4e  C$$EXIT                           
0     000809fe  C2000_28379D_0_cScriptDerivative  
0     000809d0  C2000_28379D_0_cScriptOutput      
0     000809cf  C2000_28379D_0_cScriptStart       
0     000809ce  C2000_28379D_0_cScriptTerminate   
0     00080324  C2000_28379D_0_cScriptUpdate      
0     000082ca  C2000_28379D_B                    
0     00082598  C2000_28379D_background           
0     00083e92  C2000_28379D_baseTaskInterrupt    
0     0008253e  C2000_28379D_enableTasksInterrupt 
0     000082c0  C2000_28379D_errorStatus          
0     00082599  C2000_28379D_initHal              
0     00083b4f  C2000_28379D_initialize           
0     00084058  C2000_28379D_step                 
0     00082593  C2000_28379D_syncTimers           
0     00083b41  C2000_28379D_terminate            
0     00081a8b  CANA0_ISR                         
0     00081a81  CANA1_ISR                         
0     00081a77  CANB0_ISR                         
0     00081a6d  CANB1_ISR                         
0     00081a63  CLA1_1_ISR                        
0     00081a59  CLA1_2_ISR                        
0     00081a4f  CLA1_3_ISR                        
0     00081a45  CLA1_4_ISR                        
0     00081a3b  CLA1_5_ISR                        
0     00081a31  CLA1_6_ISR                        
0     00081a27  CLA1_7_ISR                        
0     00081a1d  CLA1_8_ISR                        
0     00081a13  CLA_OVERFLOW_ISR                  
0     00081a09  CLA_UNDERFLOW_ISR                 
0     000802fa  CS                                
0     00083967  CalAdcINL                         
1     0005d200  ClkCfgRegs                        
1     0005d300  CpuSysRegs                        
1     00000c00  CpuTimer0Regs                     
1     00000c08  CpuTimer1Regs                     
1     00000c10  CpuTimer2Regs                     
0     000819ff  DATALOG_ISR                       
0     0008382c  DISPR_background                  
0     00083945  DISPR_configure                   
0     00084038  DISPR_disableInt                  
0     00084338  DISPR_dispatch                    
0     0008393f  DISPR_registerIdleTask            
0     00083939  DISPR_registerPanicCallback       
0     00083933  DISPR_registerSyncCallback        
0     000838ed  DISPR_registerTask                
0     00083819  DISPR_reset                       
0     0008403c  DISPR_restoreInt                  
0     000838e7  DISPR_setPowerupDelay             
0     000838d9  DISPR_sinit                       
0     000838a0  DISPR_start                       
0     000819f5  DMA_CH1_ISR                       
0     000819eb  DMA_CH2_ISR                       
0     000819e1  DMA_CH3_ISR                       
0     000819d7  DMA_CH4_ISR                       
0     000819cd  DMA_CH5_ISR                       
0     000819c3  DMA_CH6_ISR                       
0     000083a0  DacHandles                        
0     00008384  DacObj                            
1     00005c00  DacaRegs                          
1     00005c10  DacbRegs                          
1     00005c20  DaccRegs                          
1     0005d000  DevCfgRegs                        
0     00083b05  DevInit                           
0     00008300  DisprHandle                       
0     00008302  DisprObj                          
0     00008372  DoutHandles                       
0     00008232  DoutObj                           
0     000819b9  ECAP1_ISR                         
0     000819af  ECAP2_ISR                         
0     000819a5  ECAP3_ISR                         
0     0008199b  ECAP4_ISR                         
0     00081991  ECAP5_ISR                         
0     00081987  ECAP6_ISR                         
0     0008197d  EMIF_ERROR_ISR                    
0     00081970  EMPTY_ISR                         
0     00081966  EMU_ISR                           
0     0008195c  EPWM10_ISR                        
0     00081952  EPWM10_TZ_ISR                     
0     00081948  EPWM11_ISR                        
0     0008193e  EPWM11_TZ_ISR                     
0     00081934  EPWM12_ISR                        
0     0008192a  EPWM12_TZ_ISR                     
0     00081920  EPWM1_ISR                         
0     00081916  EPWM1_TZ_ISR                      
0     0008190c  EPWM2_ISR                         
0     00081902  EPWM2_TZ_ISR                      
0     000818f8  EPWM3_ISR                         
0     000818ee  EPWM3_TZ_ISR                      
0     000818e4  EPWM4_ISR                         
0     000818da  EPWM4_TZ_ISR                      
0     000818d0  EPWM5_ISR                         
0     000818c6  EPWM5_TZ_ISR                      
0     000818bc  EPWM6_ISR                         
0     000818b2  EPWM6_TZ_ISR                      
0     000818a8  EPWM7_ISR                         
0     0008189e  EPWM7_TZ_ISR                      
0     00081894  EPWM8_ISR                         
0     0008188a  EPWM8_TZ_ISR                      
0     00081880  EPWM9_ISR                         
0     00081876  EPWM9_TZ_ISR                      
0     0008186c  EQEP1_ISR                         
0     00081862  EQEP2_ISR                         
0     00081858  EQEP3_ISR                         
0     0008184e  FLASH_CORRECTABLE_ERROR_ISR       
0     00081844  FPU_OVERFLOW_ISR                  
0     0008183a  FPU_UNDERFLOW_ISR                 
0     000001ac  Flash_initModule                  
0     000001d3  Flash_powerDown                   
0     000001e3  Flash_wakeFromLPM                 
0     00083361  GPIO_getDirectionMode             
0     000833ea  GPIO_getPadConfig                 
0     0008344a  GPIO_getQualificationMode         
0     000834b9  GPIO_setAnalogMode                
0     0008333a  GPIO_setDirectionMode             
0     00083377  GPIO_setInterruptPin              
0     0008348d  GPIO_setMasterCore                
0     000833a2  GPIO_setPadConfig                 
0     000834e1  GPIO_setPinConfig                 
0     0008341e  GPIO_setQualificationMode         
0     0008346b  GPIO_setQualificationPeriod       
1     00007c00  GpioCtrlRegs                      
1     00007f00  GpioDataRegs                      
0     00081830  I2CA_FIFO_ISR                     
0     00081826  I2CA_ISR                          
0     0008181c  I2CB_FIFO_ISR                     
0     00081812  I2CB_ISR                          
0     00081808  ILLEGAL_ISR                       
0     000817fe  IPC0_ISR                          
0     000817f4  IPC1_ISR                          
0     000817ea  IPC2_ISR                          
0     000817e0  IPC3_ISR                          
0     00084015  ISR_ILLEGAL                       
0     00083a60  InitFlashHz                       
0     000817d6  MCBSPA_RX_ISR                     
0     000817cc  MCBSPA_TX_ISR                     
0     000817c2  MCBSPB_RX_ISR                     
0     000817b8  MCBSPB_TX_ISR                     
1     0005f400  MemCfgRegs                        
0     00083a56  MemCopy                           
0     000817ae  NMI_ISR                           
0     000817a4  NOTUSED_ISR                       
0     0008179a  PIE_RESERVED_ISR                  
0     00082f0e  PIL_BSRVS_init                    
0     00082f93  PIL_BSRVS_messageHandler          
0     00082f26  PIL_BSRVS_setWriteInterlockHandler
0     00082c9c  PIL_DCLINK_configure              
0     00082ca5  PIL_DCLINK_getCommunicationHandle 
0     00082c67  PIL_DCLINK_init                   
0     00082efb  PIL_DCLINK_poll                   
0     00082cb0  PIL_DCLINK_setBuffer              
0     0008403f  PIL_DisableInt                    
0     000836b3  PIL_PBRIDGE_configure             
0     000836a7  PIL_PBRIDGE_init                  
0     00083804  PIL_PBRIDGE_poll                  
0     000836bc  PIL_PBRIDGE_setProtocol           
0     00080a4e  PIL_PROBES_getActualPilMode       
0     00080a63  PIL_PROBES_getActualPilStep       
0     00080a55  PIL_PROBES_getDesiredPilMode      
0     00080a6d  PIL_PROBES_getDesiredPilStep      
0     00080a5c  PIL_PROBES_getPreviousPilMode     
0     000809ff  PIL_PROBES_init                   
0     00080ba1  PIL_PROBES_messageHandler         
0     00080a2c  PIL_PROBES_setActualPilMode       
0     00080a42  PIL_PROBES_setActualPilStep       
0     00080a39  PIL_PROBES_setDesiredPilMode      
0     000831b3  PIL_RA_init                       
0     000832e2  PIL_RA_pollLinkReq                
0     00083290  PIL_RA_pollLinkRsp                
0     0008324b  PIL_RA_registerService            
0     000820e6  PIL_RA_serialIn                   
0     00083273  PIL_RA_serialIn_p                 
0     000820f5  PIL_RA_serialOut                  
0     00083282  PIL_RA_serialOut_p                
0     00083227  PIL_RA_setChecksum                
0     0008320f  PIL_RA_setGuid                    
0     0008323f  PIL_RA_setNodeAddress             
0     00083e39  PIL_RBUF_isEmpty                  
0     00083e71  PIL_RBUF_pop                      
0     00083e47  PIL_RBUF_push                     
0     00083e2e  PIL_RBUF_reset                    
0     00084043  PIL_RestoreInt                    
0     00081052  PIL_SCOPE_init                    
0     00081396  PIL_SCOPE_messageHandler          
0     00082103  PIL_SCOPE_sample                  
0     000811e0  PIL_SCOPE_sample_p                
0     00081072  PIL_SCOPE_setBuffer               
0     0008108f  PIL_SCOPE_setIndicator            
0     00082110  PIL_SCOPE_trigger                 
0     000812b0  PIL_SCOPE_trigger_p               
0     00080312  PIL_SLINK_crc16Lookup             
0     0008296a  PIL_SLINK_in                      
0     00082944  PIL_SLINK_init                    
0     00082977  PIL_SLINK_out                     
0     000829af  PIL_SLINK_outBufIsEmpty           
0     00082b48  PIL_SLINK_receive                 
0     00082b28  PIL_SLINK_send                    
0     0008227b  PIL_allowPilSimulation            
0     000823ba  PIL_backgroundCall                
0     0008230f  PIL_beginInterruptCall            
0     000821c7  PIL_configureDualCoreLink         
0     000821a1  PIL_configureParallelCom          
0     000822a3  PIL_inhibitPilSimulation          
0     0008246d  PIL_init                          
0     000822cb  PIL_requestNormalMode             
0     000822e2  PIL_requestReadyMode              
0     00082257  PIL_setAndConfigScopeBuffer       
0     0008226d  PIL_setAndConfigureScopeIndicator 
0     00082249  PIL_setBackgroundCommCallback     
0     00082141  PIL_setChecksum                   
0     0008223b  PIL_setCtrlCallback               
0     0008211d  PIL_setGuid                       
0     0008222c  PIL_setNodeAddress                
0     00082189  PIL_setSerialComCallback          
0     00082452  PIL_setWriteInterlockHandler      
0     000822f9  PIL_simulationActive              
0     00082575  PLXHAL_ADC_getIn                  
0     0008256a  PLXHAL_DAC_set                    
0     0008254a  PLXHAL_DIO_set                    
0     0008360f  PLX_AIN_configure                 
0     00083608  PLX_AIN_init                      
0     000835f5  PLX_AIN_resetChannelSetup         
0     000835ad  PLX_AIN_setDefaultAdcParams       
0     0008359d  PLX_AIN_setDefaultChannelParams   
0     0008351c  PLX_AIN_setupChannel              
0     00083518  PLX_AIN_sinit                     
0     00083d8c  PLX_DAC_configure                 
0     00083d5e  PLX_DAC_configureScaling          
0     00083d57  PLX_DAC_init                      
0     00083d39  PLX_DAC_setValF                   
0     00083d2d  PLX_DAC_sinit                     
0     00083e10  PLX_DIO_configureIn               
0     00083deb  PLX_DIO_configureOut              
0     00083de4  PLX_DIO_init                      
0     00083ddc  PLX_DIO_obtainDummyRead           
0     00083dd9  PLX_DIO_obtainDummyWrite          
0     00083db0  PLX_DIO_sinit                     
1     00000ce0  PieCtrlRegs                       
1     00000d00  PieVectTable                      
0     000083be  PilHandle                         
0     00081790  RAM_ACCESS_VIOLATION_ISR          
0     00081786  RAM_CORRECTABLE_ERROR_ISR         
0     0008177c  RTOS_ISR                          
abs   000844e3  RamfuncsLoadEnd                   
abs   000000cf  RamfuncsLoadSize                  
abs   00084414  RamfuncsLoadStart                 
abs   000001f3  RamfuncsRunEnd                    
abs   000000cf  RamfuncsRunSize                   
abs   00000124  RamfuncsRunStart                  
0     00081772  SCIA_RX_ISR                       
0     00081768  SCIA_TX_ISR                       
0     0008175e  SCIB_RX_ISR                       
0     00081754  SCIB_TX_ISR                       
0     0008174a  SCIC_RX_ISR                       
0     00081740  SCIC_TX_ISR                       
0     00081736  SCID_RX_ISR                       
0     0008172c  SCID_TX_ISR                       
0     00081722  SD1_ISR                           
0     00081718  SD2_ISR                           
0     0008170e  SPIA_RX_ISR                       
0     00081704  SPIA_TX_ISR                       
0     000816fa  SPIB_RX_ISR                       
0     000816f0  SPIB_TX_ISR                       
0     000816e6  SPIC_RX_ISR                       
0     000816dc  SPIC_TX_ISR                       
0     000816d2  SYS_PLL_SLIP_ISR                  
0     00080004  Sa                                
0     000800fe  Sb                                
0     000801f8  Sc                                
0     000001ef  SysCtl_delay                      
0     00081c4d  SysCtl_getAuxClock                
0     00081bfc  SysCtl_getClock                   
0     0008207e  SysCtl_getDeviceParametric        
0     00082064  SysCtl_getLowSpeedClock           
0     00081fff  SysCtl_selectOscSource            
0     00082035  SysCtl_selectOscSourceAuxPLL      
0     00081f9b  SysCtl_selectXTAL                 
0     00081e88  SysCtl_setAuxClock                
0     00081c8e  SysCtl_setClock                   
0     000816c8  TIMER0_ISR                        
0     000816be  TIMER1_ISR                        
0     000816b4  TIMER2_ISR                        
0     0000835e  TaskObj                           
0     000816aa  UPPA_ISR                          
0     000816a0  USBA_ISR                          
0     00081696  USER10_ISR                        
0     0008168c  USER11_ISR                        
0     00081682  USER12_ISR                        
0     00081678  USER1_ISR                         
0     0008166e  USER2_ISR                         
0     00081664  USER3_ISR                         
0     0008165a  USER4_ISR                         
0     00081650  USER5_ISR                         
0     00081646  USER6_ISR                         
0     0008163c  USER7_ISR                         
0     00081632  USER8_ISR                         
0     00081628  USER9_ISR                         
0     0008161e  VCU_ISR                           
0     000083c2  V_d                               
0     000083c4  V_q                               
0     000083c6  Vcd                               
0     000083c8  Vcd_k0                            
0     000083ca  Vcd_k1                            
0     000083f4  Vcd_r                             
0     000083cc  Vcq                               
0     000083ce  Vcq_k0                            
0     000083d0  Vcq_k1                            
0     000083f6  Vcq_r                             
0     000802f2  Vgd_r                             
0     000802f4  Vgq_r                             
0     00081614  WAKE_ISR                          
0     0008160a  XINT1_ISR                         
0     00081600  XINT2_ISR                         
0     000815f6  XINT3_ISR                         
0     000815ec  XINT4_ISR                         
0     000815e2  XINT5_ISR                         
0     00084530  __TI_CINIT_Base                   
0     0008453c  __TI_CINIT_Limit                  
0     0008453c  __TI_CINIT_Warm                   
0     00084522  __TI_Handler_Table_Base           
0     00084528  __TI_Handler_Table_Limit          
0     00000700  __TI_STACK_END                    
abs   00000300  __TI_STACK_SIZE                   
0     00083ef9  __TI_auto_init_nobinit_nopinit    
0     00008450  __TI_cleanup_ptr                  
0     00083ec9  __TI_decompress_lzss              
0     00084030  __TI_decompress_none              
0     00008452  __TI_dtors_ptr                    
0     0000844e  __TI_enable_exit_profile_output   
abs   ffffffff  __TI_pprof_out_hndl               
abs   ffffffff  __TI_prof_data_size               
abs   ffffffff  __TI_prof_data_start              
0     0008404d  __TI_zero_init                    
0     00083c09  __c28xabi_addd                    
0     00083f24  __c28xabi_cmpd                    
0     00083ca5  __c28xabi_divf                    
0     00083fb5  __c28xabi_ftod                    
0     00083ffb  __c28xabi_subd                    
n/a   UNDEFED   __c_args__                        
0     00000400  __stack                           
0     00084009  _args_main                        
0     00083fd1  _c_int00                          
0     00008454  _lock                             
0     00084027  _nop                              
0     00084023  _register_lock                    
0     0008401f  _register_unlock                  
0     00084055  _system_post_cinit                
0     00084053  _system_pre_init                  
0     00008456  _unlock                           
0     00083f4e  abort                             
0     00080000  code_start                        
0     000083fa  coseno                            
0     000083fe  cosma2pi3                         
0     00008400  cosme2pi3                         
0     000802f6  dp                                
0     00083f50  exit                              
0     00008406  fa_cosa                           
0     00008408  fa_cosb                           
0     0000840a  fa_cosc                           
0     0000840c  fa_sinoa                          
0     0000840e  fa_sinob                          
0     00008410  fa_sinoc                          
0     00008138  g                                 
0     000083f8  g_opt                             
0     000083de  i1d_k                             
0     000083e0  i1d_k0                            
0     000083e2  i1d_k1                            
0     000083e4  i1q_k                             
0     000083e6  i1q_k0                            
0     000083e8  i1q_k1                            
0     000083d2  i2d_k                             
0     000083d4  i2d_k0                            
0     000083d6  i2d_k1                            
0     000083d8  i2q_k                             
0     000083da  i2q_k0                            
0     000083dc  i2q_k1                            
0     000083ea  id                                
0     000083f0  id_r                              
0     000083ec  iq                                
0     000083f2  iq_r                              
0     00083f77  main                              
0     00083f98  memcpy                            
0     00084046  memset                            
0     000083fc  seno                              
0     00008402  sinma2pi3                         
0     00008404  sinme2pi3                         
0     000083ee  theta                             
0     00008412  vari1d                            
0     00008414  vari1q                            
0     0000841a  vari2d                            
0     0000841c  vari2q                            
0     00008416  varvcd                            
0     00008418  varvcq                            
0     000802f8  wh                                
0     000083c0  x                                 
0     000083c1  x_opt                             


GLOBAL SYMBOLS: SORTED BY Symbol Address 

page  address   name                              
----  -------   ----                              
0     000001ac  Flash_initModule                  
0     000001d3  Flash_powerDown                   
0     000001e3  Flash_wakeFromLPM                 
0     000001ef  SysCtl_delay                      
0     00000400  __stack                           
0     00000700  __TI_STACK_END                    
0     00008000  AdcObj                            
0     00008138  g                                 
0     00008232  DoutObj                           
0     000082c0  C2000_28379D_errorStatus          
0     000082ca  C2000_28379D_B                    
0     00008300  DisprHandle                       
0     00008302  DisprObj                          
0     0000835e  TaskObj                           
0     00008372  DoutHandles                       
0     00008384  DacObj                            
0     0000838e  AdcHandles                        
0     000083a0  DacHandles                        
0     000083be  PilHandle                         
0     000083c0  x                                 
0     000083c1  x_opt                             
0     000083c2  V_d                               
0     000083c4  V_q                               
0     000083c6  Vcd                               
0     000083c8  Vcd_k0                            
0     000083ca  Vcd_k1                            
0     000083cc  Vcq                               
0     000083ce  Vcq_k0                            
0     000083d0  Vcq_k1                            
0     000083d2  i2d_k                             
0     000083d4  i2d_k0                            
0     000083d6  i2d_k1                            
0     000083d8  i2q_k                             
0     000083da  i2q_k0                            
0     000083dc  i2q_k1                            
0     000083de  i1d_k                             
0     000083e0  i1d_k0                            
0     000083e2  i1d_k1                            
0     000083e4  i1q_k                             
0     000083e6  i1q_k0                            
0     000083e8  i1q_k1                            
0     000083ea  id                                
0     000083ec  iq                                
0     000083ee  theta                             
0     000083f0  id_r                              
0     000083f2  iq_r                              
0     000083f4  Vcd_r                             
0     000083f6  Vcq_r                             
0     000083f8  g_opt                             
0     000083fa  coseno                            
0     000083fc  seno                              
0     000083fe  cosma2pi3                         
0     00008400  cosme2pi3                         
0     00008402  sinma2pi3                         
0     00008404  sinme2pi3                         
0     00008406  fa_cosa                           
0     00008408  fa_cosb                           
0     0000840a  fa_cosc                           
0     0000840c  fa_sinoa                          
0     0000840e  fa_sinob                          
0     00008410  fa_sinoc                          
0     00008412  vari1d                            
0     00008414  vari1q                            
0     00008416  varvcd                            
0     00008418  varvcq                            
0     0000841a  vari2d                            
0     0000841c  vari2q                            
0     0000844e  __TI_enable_exit_profile_output   
0     00008450  __TI_cleanup_ptr                  
0     00008452  __TI_dtors_ptr                    
0     00008454  _lock                             
0     00008456  _unlock                           
0     00080000  code_start                        
0     00080004  Sa                                
0     000800fe  Sb                                
0     000801f8  Sc                                
0     000802f2  Vgd_r                             
0     000802f4  Vgq_r                             
0     000802f6  dp                                
0     000802f8  wh                                
0     000802fa  CS                                
0     00080312  PIL_SLINK_crc16Lookup             
0     00080324  C2000_28379D_0_cScriptUpdate      
0     000809ce  C2000_28379D_0_cScriptTerminate   
0     000809cf  C2000_28379D_0_cScriptStart       
0     000809d0  C2000_28379D_0_cScriptOutput      
0     000809fe  C2000_28379D_0_cScriptDerivative  
0     000809ff  PIL_PROBES_init                   
0     00080a2c  PIL_PROBES_setActualPilMode       
0     00080a39  PIL_PROBES_setDesiredPilMode      
0     00080a42  PIL_PROBES_setActualPilStep       
0     00080a4e  PIL_PROBES_getActualPilMode       
0     00080a55  PIL_PROBES_getDesiredPilMode      
0     00080a5c  PIL_PROBES_getPreviousPilMode     
0     00080a63  PIL_PROBES_getActualPilStep       
0     00080a6d  PIL_PROBES_getDesiredPilStep      
0     00080ba1  PIL_PROBES_messageHandler         
0     00081052  PIL_SCOPE_init                    
0     00081072  PIL_SCOPE_setBuffer               
0     0008108f  PIL_SCOPE_setIndicator            
0     000811e0  PIL_SCOPE_sample_p                
0     000812b0  PIL_SCOPE_trigger_p               
0     00081396  PIL_SCOPE_messageHandler          
0     000815e2  XINT5_ISR                         
0     000815ec  XINT4_ISR                         
0     000815f6  XINT3_ISR                         
0     00081600  XINT2_ISR                         
0     0008160a  XINT1_ISR                         
0     00081614  WAKE_ISR                          
0     0008161e  VCU_ISR                           
0     00081628  USER9_ISR                         
0     00081632  USER8_ISR                         
0     0008163c  USER7_ISR                         
0     00081646  USER6_ISR                         
0     00081650  USER5_ISR                         
0     0008165a  USER4_ISR                         
0     00081664  USER3_ISR                         
0     0008166e  USER2_ISR                         
0     00081678  USER1_ISR                         
0     00081682  USER12_ISR                        
0     0008168c  USER11_ISR                        
0     00081696  USER10_ISR                        
0     000816a0  USBA_ISR                          
0     000816aa  UPPA_ISR                          
0     000816b4  TIMER2_ISR                        
0     000816be  TIMER1_ISR                        
0     000816c8  TIMER0_ISR                        
0     000816d2  SYS_PLL_SLIP_ISR                  
0     000816dc  SPIC_TX_ISR                       
0     000816e6  SPIC_RX_ISR                       
0     000816f0  SPIB_TX_ISR                       
0     000816fa  SPIB_RX_ISR                       
0     00081704  SPIA_TX_ISR                       
0     0008170e  SPIA_RX_ISR                       
0     00081718  SD2_ISR                           
0     00081722  SD1_ISR                           
0     0008172c  SCID_TX_ISR                       
0     00081736  SCID_RX_ISR                       
0     00081740  SCIC_TX_ISR                       
0     0008174a  SCIC_RX_ISR                       
0     00081754  SCIB_TX_ISR                       
0     0008175e  SCIB_RX_ISR                       
0     00081768  SCIA_TX_ISR                       
0     00081772  SCIA_RX_ISR                       
0     0008177c  RTOS_ISR                          
0     00081786  RAM_CORRECTABLE_ERROR_ISR         
0     00081790  RAM_ACCESS_VIOLATION_ISR          
0     0008179a  PIE_RESERVED_ISR                  
0     000817a4  NOTUSED_ISR                       
0     000817ae  NMI_ISR                           
0     000817b8  MCBSPB_TX_ISR                     
0     000817c2  MCBSPB_RX_ISR                     
0     000817cc  MCBSPA_TX_ISR                     
0     000817d6  MCBSPA_RX_ISR                     
0     000817e0  IPC3_ISR                          
0     000817ea  IPC2_ISR                          
0     000817f4  IPC1_ISR                          
0     000817fe  IPC0_ISR                          
0     00081808  ILLEGAL_ISR                       
0     00081812  I2CB_ISR                          
0     0008181c  I2CB_FIFO_ISR                     
0     00081826  I2CA_ISR                          
0     00081830  I2CA_FIFO_ISR                     
0     0008183a  FPU_UNDERFLOW_ISR                 
0     00081844  FPU_OVERFLOW_ISR                  
0     0008184e  FLASH_CORRECTABLE_ERROR_ISR       
0     00081858  EQEP3_ISR                         
0     00081862  EQEP2_ISR                         
0     0008186c  EQEP1_ISR                         
0     00081876  EPWM9_TZ_ISR                      
0     00081880  EPWM9_ISR                         
0     0008188a  EPWM8_TZ_ISR                      
0     00081894  EPWM8_ISR                         
0     0008189e  EPWM7_TZ_ISR                      
0     000818a8  EPWM7_ISR                         
0     000818b2  EPWM6_TZ_ISR                      
0     000818bc  EPWM6_ISR                         
0     000818c6  EPWM5_TZ_ISR                      
0     000818d0  EPWM5_ISR                         
0     000818da  EPWM4_TZ_ISR                      
0     000818e4  EPWM4_ISR                         
0     000818ee  EPWM3_TZ_ISR                      
0     000818f8  EPWM3_ISR                         
0     00081902  EPWM2_TZ_ISR                      
0     0008190c  EPWM2_ISR                         
0     00081916  EPWM1_TZ_ISR                      
0     00081920  EPWM1_ISR                         
0     0008192a  EPWM12_TZ_ISR                     
0     00081934  EPWM12_ISR                        
0     0008193e  EPWM11_TZ_ISR                     
0     00081948  EPWM11_ISR                        
0     00081952  EPWM10_TZ_ISR                     
0     0008195c  EPWM10_ISR                        
0     00081966  EMU_ISR                           
0     00081970  EMPTY_ISR                         
0     0008197d  EMIF_ERROR_ISR                    
0     00081987  ECAP6_ISR                         
0     00081991  ECAP5_ISR                         
0     0008199b  ECAP4_ISR                         
0     000819a5  ECAP3_ISR                         
0     000819af  ECAP2_ISR                         
0     000819b9  ECAP1_ISR                         
0     000819c3  DMA_CH6_ISR                       
0     000819cd  DMA_CH5_ISR                       
0     000819d7  DMA_CH4_ISR                       
0     000819e1  DMA_CH3_ISR                       
0     000819eb  DMA_CH2_ISR                       
0     000819f5  DMA_CH1_ISR                       
0     000819ff  DATALOG_ISR                       
0     00081a09  CLA_UNDERFLOW_ISR                 
0     00081a13  CLA_OVERFLOW_ISR                  
0     00081a1d  CLA1_8_ISR                        
0     00081a27  CLA1_7_ISR                        
0     00081a31  CLA1_6_ISR                        
0     00081a3b  CLA1_5_ISR                        
0     00081a45  CLA1_4_ISR                        
0     00081a4f  CLA1_3_ISR                        
0     00081a59  CLA1_2_ISR                        
0     00081a63  CLA1_1_ISR                        
0     00081a6d  CANB1_ISR                         
0     00081a77  CANB0_ISR                         
0     00081a81  CANA1_ISR                         
0     00081a8b  CANA0_ISR                         
0     00081a95  AUX_PLL_SLIP_ISR                  
0     00081a9f  ADCD_EVT_ISR                      
0     00081aa9  ADCD4_ISR                         
0     00081ab3  ADCD3_ISR                         
0     00081abd  ADCD2_ISR                         
0     00081ac7  ADCD1_ISR                         
0     00081ad1  ADCC_EVT_ISR                      
0     00081adb  ADCC4_ISR                         
0     00081ae5  ADCC3_ISR                         
0     00081aef  ADCC2_ISR                         
0     00081af9  ADCC1_ISR                         
0     00081b03  ADCB_EVT_ISR                      
0     00081b0d  ADCB4_ISR                         
0     00081b17  ADCB3_ISR                         
0     00081b21  ADCB2_ISR                         
0     00081b2b  ADCB1_ISR                         
0     00081b35  ADCA_EVT_ISR                      
0     00081b3f  ADCA4_ISR                         
0     00081b49  ADCA3_ISR                         
0     00081b53  ADCA2_ISR                         
0     00081b5d  ADCA1_ISR                         
0     00081bfc  SysCtl_getClock                   
0     00081c4d  SysCtl_getAuxClock                
0     00081c8e  SysCtl_setClock                   
0     00081e88  SysCtl_setAuxClock                
0     00081f9b  SysCtl_selectXTAL                 
0     00081fff  SysCtl_selectOscSource            
0     00082035  SysCtl_selectOscSourceAuxPLL      
0     00082064  SysCtl_getLowSpeedClock           
0     0008207e  SysCtl_getDeviceParametric        
0     000820e6  PIL_RA_serialIn                   
0     000820f5  PIL_RA_serialOut                  
0     00082103  PIL_SCOPE_sample                  
0     00082110  PIL_SCOPE_trigger                 
0     0008211d  PIL_setGuid                       
0     00082141  PIL_setChecksum                   
0     00082189  PIL_setSerialComCallback          
0     000821a1  PIL_configureParallelCom          
0     000821c7  PIL_configureDualCoreLink         
0     0008222c  PIL_setNodeAddress                
0     0008223b  PIL_setCtrlCallback               
0     00082249  PIL_setBackgroundCommCallback     
0     00082257  PIL_setAndConfigScopeBuffer       
0     0008226d  PIL_setAndConfigureScopeIndicator 
0     0008227b  PIL_allowPilSimulation            
0     000822a3  PIL_inhibitPilSimulation          
0     000822cb  PIL_requestNormalMode             
0     000822e2  PIL_requestReadyMode              
0     000822f9  PIL_simulationActive              
0     0008230f  PIL_beginInterruptCall            
0     000823ba  PIL_backgroundCall                
0     00082452  PIL_setWriteInterlockHandler      
0     0008246d  PIL_init                          
0     0008253e  C2000_28379D_enableTasksInterrupt 
0     0008254a  PLXHAL_DIO_set                    
0     0008256a  PLXHAL_DAC_set                    
0     00082575  PLXHAL_ADC_getIn                  
0     00082593  C2000_28379D_syncTimers           
0     00082598  C2000_28379D_background           
0     00082599  C2000_28379D_initHal              
0     00082944  PIL_SLINK_init                    
0     0008296a  PIL_SLINK_in                      
0     00082977  PIL_SLINK_out                     
0     000829af  PIL_SLINK_outBufIsEmpty           
0     00082b28  PIL_SLINK_send                    
0     00082b48  PIL_SLINK_receive                 
0     00082c67  PIL_DCLINK_init                   
0     00082c9c  PIL_DCLINK_configure              
0     00082ca5  PIL_DCLINK_getCommunicationHandle 
0     00082cb0  PIL_DCLINK_setBuffer              
0     00082efb  PIL_DCLINK_poll                   
0     00082f0e  PIL_BSRVS_init                    
0     00082f26  PIL_BSRVS_setWriteInterlockHandler
0     00082f93  PIL_BSRVS_messageHandler          
0     000831b3  PIL_RA_init                       
0     0008320f  PIL_RA_setGuid                    
0     00083227  PIL_RA_setChecksum                
0     0008323f  PIL_RA_setNodeAddress             
0     0008324b  PIL_RA_registerService            
0     00083273  PIL_RA_serialIn_p                 
0     00083282  PIL_RA_serialOut_p                
0     00083290  PIL_RA_pollLinkRsp                
0     000832e2  PIL_RA_pollLinkReq                
0     0008333a  GPIO_setDirectionMode             
0     00083361  GPIO_getDirectionMode             
0     00083377  GPIO_setInterruptPin              
0     000833a2  GPIO_setPadConfig                 
0     000833ea  GPIO_getPadConfig                 
0     0008341e  GPIO_setQualificationMode         
0     0008344a  GPIO_getQualificationMode         
0     0008346b  GPIO_setQualificationPeriod       
0     0008348d  GPIO_setMasterCore                
0     000834b9  GPIO_setAnalogMode                
0     000834e1  GPIO_setPinConfig                 
0     00083518  PLX_AIN_sinit                     
0     0008351c  PLX_AIN_setupChannel              
0     0008359d  PLX_AIN_setDefaultChannelParams   
0     000835ad  PLX_AIN_setDefaultAdcParams       
0     000835f5  PLX_AIN_resetChannelSetup         
0     00083608  PLX_AIN_init                      
0     0008360f  PLX_AIN_configure                 
0     000836a7  PIL_PBRIDGE_init                  
0     000836b3  PIL_PBRIDGE_configure             
0     000836bc  PIL_PBRIDGE_setProtocol           
0     00083804  PIL_PBRIDGE_poll                  
0     00083819  DISPR_reset                       
0     0008382c  DISPR_background                  
0     000838a0  DISPR_start                       
0     000838d9  DISPR_sinit                       
0     000838e7  DISPR_setPowerupDelay             
0     000838ed  DISPR_registerTask                
0     00083933  DISPR_registerSyncCallback        
0     00083939  DISPR_registerPanicCallback       
0     0008393f  DISPR_registerIdleTask            
0     00083945  DISPR_configure                   
0     00083967  CalAdcINL                         
0     0008399f  AdcSetMode                        
0     00083a56  MemCopy                           
0     00083a60  InitFlashHz                       
0     00083b05  DevInit                           
0     00083b41  C2000_28379D_terminate            
0     00083b4f  C2000_28379D_initialize           
0     00083c09  __c28xabi_addd                    
0     00083ca5  __c28xabi_divf                    
0     00083d2d  PLX_DAC_sinit                     
0     00083d39  PLX_DAC_setValF                   
0     00083d57  PLX_DAC_init                      
0     00083d5e  PLX_DAC_configureScaling          
0     00083d8c  PLX_DAC_configure                 
0     00083db0  PLX_DIO_sinit                     
0     00083dd9  PLX_DIO_obtainDummyWrite          
0     00083ddc  PLX_DIO_obtainDummyRead           
0     00083de4  PLX_DIO_init                      
0     00083deb  PLX_DIO_configureOut              
0     00083e10  PLX_DIO_configureIn               
0     00083e2e  PIL_RBUF_reset                    
0     00083e39  PIL_RBUF_isEmpty                  
0     00083e47  PIL_RBUF_push                     
0     00083e71  PIL_RBUF_pop                      
0     00083e92  C2000_28379D_baseTaskInterrupt    
0     00083ec9  __TI_decompress_lzss              
0     00083ef9  __TI_auto_init_nobinit_nopinit    
0     00083f24  __c28xabi_cmpd                    
0     00083f4e  C$$EXIT                           
0     00083f4e  abort                             
0     00083f50  exit                              
0     00083f77  main                              
0     00083f98  memcpy                            
0     00083fb5  __c28xabi_ftod                    
0     00083fd1  _c_int00                          
0     00083ffb  __c28xabi_subd                    
0     00084009  _args_main                        
0     00084015  ISR_ILLEGAL                       
0     0008401f  _register_unlock                  
0     00084023  _register_lock                    
0     00084027  _nop                              
0     00084030  __TI_decompress_none              
0     00084038  DISPR_disableInt                  
0     0008403c  DISPR_restoreInt                  
0     0008403f  PIL_DisableInt                    
0     00084043  PIL_RestoreInt                    
0     00084046  memset                            
0     0008404d  __TI_zero_init                    
0     00084053  _system_pre_init                  
0     00084055  _system_post_cinit                
0     00084058  C2000_28379D_step                 
0     00084338  DISPR_dispatch                    
0     00084522  __TI_Handler_Table_Base           
0     00084528  __TI_Handler_Table_Limit          
0     00084530  __TI_CINIT_Base                   
0     0008453c  __TI_CINIT_Limit                  
0     0008453c  __TI_CINIT_Warm                   
1     00000b00  AdcaResultRegs                    
1     00000b20  AdcbResultRegs                    
1     00000b40  AdccResultRegs                    
1     00000b60  AdcdResultRegs                    
1     00000c00  CpuTimer0Regs                     
1     00000c08  CpuTimer1Regs                     
1     00000c10  CpuTimer2Regs                     
1     00000ce0  PieCtrlRegs                       
1     00000d00  PieVectTable                      
1     00005c00  DacaRegs                          
1     00005c10  DacbRegs                          
1     00005c20  DaccRegs                          
1     00007400  AdcaRegs                          
1     00007480  AdcbRegs                          
1     00007500  AdccRegs                          
1     00007580  AdcdRegs                          
1     00007c00  GpioCtrlRegs                      
1     00007f00  GpioDataRegs                      
1     0005d000  DevCfgRegs                        
1     0005d180  AnalogSubsysRegs                  
1     0005d200  ClkCfgRegs                        
1     0005d300  CpuSysRegs                        
1     0005f400  MemCfgRegs                        
abs   000000cf  RamfuncsLoadSize                  
abs   000000cf  RamfuncsRunSize                   
abs   00000124  RamfuncsRunStart                  
abs   000001f3  RamfuncsRunEnd                    
abs   00000300  __TI_STACK_SIZE                   
abs   00084414  RamfuncsLoadStart                 
abs   000844e3  RamfuncsLoadEnd                   
abs   ffffffff  __TI_pprof_out_hndl               
abs   ffffffff  __TI_prof_data_size               
abs   ffffffff  __TI_prof_data_start              
n/a   UNDEFED   __c_args__                        

[429 symbols]
