******************************************************************************
             TMS320C2000 Linker PC v22.6.1                     
******************************************************************************
>> Linked Fri Sep 27 17:23:52 2024

OUTPUT FILE NAME:   <./output_TI2837x_cpu1/C2000_28379D.out>
ENTRY POINT SYMBOL: "_c_int00"  address: 0008423f


MEMORY CONFIGURATION

         name            origin    length      used     unused   attr    fill
----------------------  --------  ---------  --------  --------  ----  --------
PAGE 0:
  BOOT_RSVD             00000002   00000121  00000000  00000121  RWIX
  RAMM0                 00000124   000002dc  000000cf  0000020d  RWIX
  RAMM1                 00000400   00000400  00000300  00000100  RWIX
  RAMLS                 00008000   00003f00  00000361  00003b9f  RWIX
  RAMD1_RSVD            0000bf00   00000100  00000000  00000100  RWIX
  CPU2TOCPU1RAM         0003f800   0000037f  00000000  0000037f  RWIX
  SCOPE_FLAG_CPU2       0003fb7f   00000001  00000000  00000001  RWIX
  CPU2TOCPU1LINK        0003fb80   00000080  00000000  00000080  RWIX
  CPU1TOCPU2RAM         0003fc00   0000037f  00000000  0000037f  RWIX
  SCOPE_FLAG_CPU1       0003ff7f   00000001  00000000  00000001  RWIX
  CPU1TOCPU2LINK        0003ff80   00000080  00000000  00000080  RWIX
  BEGIN                 00080000   00000002  00000002  00000000  RWIX
  FLASH                 00080002   0003fffe  00004764  0003b89a  RWIX
  RESET                 003fffc0   00000002  00000000  00000002  RWIX

PAGE 1:
  ADCARESULT            00000b00   00000018  00000018  00000000  RWIX
  ADCBRESULT            00000b20   00000018  00000018  00000000  RWIX
  ADCCRESULT            00000b40   00000018  00000018  00000000  RWIX
  ADCDRESULT            00000b60   00000018  00000018  00000000  RWIX
  CPUTIMER0             00000c00   00000008  00000008  00000000  RWIX
  CPUTIMER1             00000c08   00000008  00000008  00000000  RWIX
  CPUTIMER2             00000c10   00000008  00000008  00000000  RWIX
  PIECTRL               00000ce0   0000001a  0000001a  00000000  RWIX
  PIEVECTTABLE          00000d00   00000200  000001c0  00000040  RWIX
  DMA                   00001000   00000200  00000000  00000200  RWIX
  CLA1                  00001400   00000080  00000000  00000080  RWIX
  CLB1LOGICCFG          00003000   00000052  00000000  00000052  RWIX
  CLB1LOGICCTRL         00003100   00000040  00000000  00000040  RWIX
  CLB1DATAEXCH          00003200   00000200  00000000  00000200  RWIX
  CLB2LOGICCFG          00003400   00000052  00000000  00000052  RWIX
  CLB2LOGICCTRL         00003500   00000040  00000000  00000040  RWIX
  CLB2DATAEXCH          00003600   00000200  00000000  00000200  RWIX
  CLB3LOGICCFG          00003800   00000052  00000000  00000052  RWIX
  CLB3LOGICCTRL         00003900   00000040  00000000  00000040  RWIX
  CLB3DATAEXCH          00003a00   00000200  00000000  00000200  RWIX
  CLB4LOGICCFG          00003c00   00000052  00000000  00000052  RWIX
  CLB4LOGICCTRL         00003d00   00000040  00000000  00000040  RWIX
  CLB4DATAEXCH          00003e00   00000200  00000000  00000200  RWIX
  EPWM1                 00004000   00000100  00000000  00000100  RWIX
  EPWM2                 00004100   00000100  00000000  00000100  RWIX
  EPWM3                 00004200   00000100  00000000  00000100  RWIX
  EPWM4                 00004300   00000100  00000000  00000100  RWIX
  EPWM5                 00004400   00000100  00000000  00000100  RWIX
  EPWM6                 00004500   00000100  00000000  00000100  RWIX
  EPWM7                 00004600   00000100  00000000  00000100  RWIX
  EPWM8                 00004700   00000100  00000000  00000100  RWIX
  EPWM9                 00004800   00000100  00000000  00000100  RWIX
  EPWM10                00004900   00000100  00000000  00000100  RWIX
  EPWM11                00004a00   00000100  00000000  00000100  RWIX
  EPWM12                00004b00   00000100  00000000  00000100  RWIX
  ECAP1                 00005000   00000020  00000000  00000020  RWIX
  ECAP2                 00005020   00000020  00000000  00000020  RWIX
  ECAP3                 00005040   00000020  00000000  00000020  RWIX
  ECAP4                 00005060   00000020  00000000  00000020  RWIX
  ECAP5                 00005080   00000020  00000000  00000020  RWIX
  ECAP6                 000050a0   00000020  00000000  00000020  RWIX
  EQEP1                 00005100   00000022  00000000  00000022  RWIX
  EQEP2                 00005140   00000022  00000000  00000022  RWIX
  EQEP3                 00005180   00000022  00000000  00000022  RWIX
  DACA                  00005c00   00000008  00000007  00000001  RWIX
  DACB                  00005c10   00000008  00000007  00000001  RWIX
  DACC                  00005c20   00000008  00000007  00000001  RWIX
  CMPSS1                00005c80   00000020  00000000  00000020  RWIX
  CMPSS2                00005ca0   00000020  00000000  00000020  RWIX
  CMPSS3                00005cc0   00000020  00000000  00000020  RWIX
  CMPSS4                00005ce0   00000020  00000000  00000020  RWIX
  CMPSS5                00005d00   00000020  00000000  00000020  RWIX
  CMPSS6                00005d20   00000020  00000000  00000020  RWIX
  CMPSS7                00005d40   00000020  00000000  00000020  RWIX
  CMPSS8                00005d60   00000020  00000000  00000020  RWIX
  SDFM1                 00005e00   00000080  00000000  00000080  RWIX
  SDFM2                 00005e80   00000080  00000000  00000080  RWIX
  MCBSPA                00006000   00000024  00000000  00000024  RWIX
  MCBSPB                00006040   00000024  00000000  00000024  RWIX
  SPIA                  00006100   00000010  00000000  00000010  RWIX
  SPIB                  00006110   00000010  00000000  00000010  RWIX
  SPIC                  00006120   00000010  00000000  00000010  RWIX
  UPP                   00006200   00000048  00000000  00000048  RWIX
  WD                    00007000   0000002b  00000000  0000002b  RWIX
  NMIINTRUPT            00007060   00000007  00000000  00000007  RWIX
  XINT                  00007070   0000000b  00000000  0000000b  RWIX
  SCIA                  00007200   00000010  00000000  00000010  RWIX
  SCIB                  00007210   00000010  00000000  00000010  RWIX
  SCIC                  00007220   00000010  00000000  00000010  RWIX
  SCID                  00007230   00000010  00000000  00000010  RWIX
  I2CA                  00007300   00000022  00000000  00000022  RWIX
  I2CB                  00007340   00000022  00000000  00000022  RWIX
  ADCA                  00007400   00000080  0000007c  00000004  RWIX
  ADCB                  00007480   00000080  0000007c  00000004  RWIX
  ADCC                  00007500   00000080  0000007c  00000004  RWIX
  ADCD                  00007580   00000080  0000007c  00000004  RWIX
  INPUTXBAR             00007900   00000020  00000000  00000020  RWIX
  XBAR                  00007920   00000020  00000000  00000020  RWIX
  SYNCSOC               00007940   00000006  00000000  00000006  RWIX
  DMACLASRCSEL          00007980   0000001a  00000000  0000001a  RWIX
  EPWMXBAR              00007a00   00000040  00000000  00000040  RWIX
  CLBXBAR               00007a40   00000040  00000000  00000040  RWIX
  OUTPUTXBAR            00007a80   00000040  00000000  00000040  RWIX
  GPIOCTRL              00007c00   00000180  00000180  00000000  RWIX
  GPIODATA              00007f00   00000030  00000030  00000000  RWIX
  EMIF1                 00047000   00000070  00000000  00000070  RWIX
  EMIF2                 00047800   00000070  00000000  00000070  RWIX
  CANA                  00048000   00000200  00000000  00000200  RWIX
  CANB                  0004a000   00000200  00000000  00000200  RWIX
  IPC                   00050000   00000024  00000000  00000024  RWIX
  FLASHPUMPSEMAPHORE    00050024   00000002  00000000  00000002  RWIX
  DEVCFG                0005d000   0000012e  0000012e  00000000  RWIX
  ANALOGSUBSYS          0005d180   00000048  0000003e  0000000a  RWIX
  CLKCFG                0005d200   00000032  00000032  00000000  RWIX
  CPUSYS                0005d300   00000082  00000082  00000000  RWIX
  ROMPREFETCH           0005e608   00000002  00000000  00000002  RWIX
  DCSMZ1                0005f000   00000024  00000000  00000024  RWIX
  DCSMZ2                0005f040   00000024  00000000  00000024  RWIX
  DCSMCOMMON            0005f070   00000008  00000000  00000008  RWIX
  MEMCFG                0005f400   00000080  00000076  0000000a  RWIX
  EMIF1CONFIG           0005f480   00000020  00000000  00000020  RWIX
  EMIF2CONFIG           0005f4a0   00000020  00000000  00000020  RWIX
  ACCESSPROTECTION      0005f4c0   00000040  00000000  00000040  RWIX
  MEMORYERROR           0005f500   00000040  00000000  00000040  RWIX
  ROMWAITSTATE          0005f540   00000002  00000000  00000002  RWIX
  FLASH0CTRL            0005f800   00000182  00000000  00000182  RWIX
  FLASH0ECC             0005fb00   00000028  00000000  00000028  RWIX


SECTION ALLOCATION MAP

 output                                  attributes/
section   page    origin      length       input sections
--------  ----  ----------  ----------   ----------------
AdcaResultRegsFile 
*          1    00000b00    00000018     UNINITIALIZED
                  00000b00    00000018     F2837xD_GlobalVariableDefs.obj (AdcaResultRegsFile)

AdcbResultRegsFile 
*          1    00000b20    00000018     UNINITIALIZED
                  00000b20    00000018     F2837xD_GlobalVariableDefs.obj (AdcbResultRegsFile)

AdccResultRegsFile 
*          1    00000b40    00000018     UNINITIALIZED
                  00000b40    00000018     F2837xD_GlobalVariableDefs.obj (AdccResultRegsFile)

AdcdResultRegsFile 
*          1    00000b60    00000018     UNINITIALIZED
                  00000b60    00000018     F2837xD_GlobalVariableDefs.obj (AdcdResultRegsFile)

PieVectTableFile 
*          1    00000d00    000001c0     UNINITIALIZED
                  00000d00    000001c0     F2837xD_GlobalVariableDefs.obj (PieVectTableFile)

EmuKeyVar 
*          1    00000d00    00000000     UNINITIALIZED

EmuBModeVar 
*          1    00000d00    00000000     UNINITIALIZED

EmuBootPinsVar 
*          1    00000d00    00000000     UNINITIALIZED

FlashCallbackVar 
*          1    00000d00    00000000     UNINITIALIZED

FlashScalingVar 
*          1    00000d00    00000000     UNINITIALIZED

AdcaRegsFile 
*          1    00007400    0000007c     UNINITIALIZED
                  00007400    0000007c     F2837xD_GlobalVariableDefs.obj (AdcaRegsFile)

AdcbRegsFile 
*          1    00007480    0000007c     UNINITIALIZED
                  00007480    0000007c     F2837xD_GlobalVariableDefs.obj (AdcbRegsFile)

AdccRegsFile 
*          1    00007500    0000007c     UNINITIALIZED
                  00007500    0000007c     F2837xD_GlobalVariableDefs.obj (AdccRegsFile)

AdcdRegsFile 
*          1    00007580    0000007c     UNINITIALIZED
                  00007580    0000007c     F2837xD_GlobalVariableDefs.obj (AdcdRegsFile)

AnalogSubsysRegsFile 
*          1    0005d180    0000003e     UNINITIALIZED
                  0005d180    0000003e     F2837xD_GlobalVariableDefs.obj (AnalogSubsysRegsFile)

ClkCfgRegsFile 
*          1    0005d200    00000032     UNINITIALIZED
                  0005d200    00000032     F2837xD_GlobalVariableDefs.obj (ClkCfgRegsFile)

CpuTimer0RegsFile 
*          1    00000c00    00000008     UNINITIALIZED
                  00000c00    00000008     F2837xD_GlobalVariableDefs.obj (CpuTimer0RegsFile)

CpuTimer1RegsFile 
*          1    00000c08    00000008     UNINITIALIZED
                  00000c08    00000008     F2837xD_GlobalVariableDefs.obj (CpuTimer1RegsFile)

CpuTimer2RegsFile 
*          1    00000c10    00000008     UNINITIALIZED
                  00000c10    00000008     F2837xD_GlobalVariableDefs.obj (CpuTimer2RegsFile)

DacaRegsFile 
*          1    00005c00    00000007     UNINITIALIZED
                  00005c00    00000007     F2837xD_GlobalVariableDefs.obj (DacaRegsFile)

DacbRegsFile 
*          1    00005c10    00000007     UNINITIALIZED
                  00005c10    00000007     F2837xD_GlobalVariableDefs.obj (DacbRegsFile)

DaccRegsFile 
*          1    00005c20    00000007     UNINITIALIZED
                  00005c20    00000007     F2837xD_GlobalVariableDefs.obj (DaccRegsFile)

CpuSysRegsFile 
*          1    0005d300    00000082     UNINITIALIZED
                  0005d300    00000082     F2837xD_GlobalVariableDefs.obj (CpuSysRegsFile)

DevCfgRegsFile 
*          1    0005d000    0000012e     UNINITIALIZED
                  0005d000    0000012e     F2837xD_GlobalVariableDefs.obj (DevCfgRegsFile)

.bss       0    00008000    00000291     UNINITIALIZED
                  00008000    00000138     C2000_28379D_hal.obj (.bss:AdcObj)
                  00008138    00000048     C2000_28379D_hal.obj (.bss:DoutObj)
                  00008180    00000042     C2000_28379D.obj (.bss:C2000_28379D_cScriptStruct)
                  000081c2    0000003c     C2000_28379D.obj (.bss)
                  000081fe    00000002     C2000_28379D.obj (.bss:C2000_28379D_subTaskTick)
                  00008200    00000034     dispatcher.obj (.bss)
                  00008234    0000000c     C2000_28379D.obj (.bss:C2000_28379D_D_uint32_t)
                  00008240    0000001e     dio_2837x.obj (.bss)
                  0000825e    00000012     C2000_28379D_hal.obj (.bss:DoutHandles)
                  00008270    0000000a     C2000_28379D_hal.obj (.bss:DacObj)
                  0000827a    0000000a     C2000_28379D_hal.obj (.bss:TaskObj)
                  00008284    00000008     C2000_28379D_hal.obj (.bss:AdcHandles)
                  0000828c    00000002     C2000_28379D_hal.obj (.bss:DacHandles)
                  0000828e    00000002     ain_type4.obj (.bss)
                  00008290    00000001     C2000_28379D.obj (.bss:C2000_28379D_subTaskHit)

codestart 
*          0    00080000    00000002     
                  00080000    00000002     F2837xD_CodeStartBranch.obj (codestart)

.text      0    000805bc    00003cfa     
                  000805bc    000006df     C2000_28379D_0.obj (.text)
                  00080c9b    0000061f     pil_c28_fpu32_eabi.lib : probes.obj (.text)
                  000812ba    000005c4                            : scope.obj (.text)
                  0008187e    00000585     F2837xD_DefaultISR.obj (.text:retain)
                  00081e03    0000057f     plx_driverlib_fpu32_eabi.lib : sysctl.obj (.text)
                  00082382    00000458     pil_c28_fpu32_eabi.lib : pil.obj (.text)
                  000827da    00000405     C2000_28379D_hal.obj (.text)
                  00082bdf    00000323     pil_c28_fpu32_eabi.lib : seriallink.obj (.text)
                  00082f02    000002a7                            : dualcorelink.obj (.text)
                  000831a9    00000226                            : basicservices.obj (.text)
                  000833cf    000001f9                            : remoteagent.obj (.text)
                  000835c8    000001eb     plx_driverlib_fpu32_eabi.lib : gpio.obj (.text)
                  000837b3    0000018f     ain_type4.obj (.text)
                  00083942    00000172     pil_c28_fpu32_eabi.lib : parallelbridge.obj (.text)
                  00083ab4    0000014e     dispatcher.obj (.text)
                  00083c02    000000ef     F2837xD_Adc.obj (.text)
                  00083cf1    000000eb     F2837xD_DevInit.obj (.text)
                  00083ddc    000000b4     C2000_28379D.obj (.text)
                  00083e90    00000088     rts2800_fpu32_eabi.lib : fs_div28.asm.obj (.text)
                  00083f18    00000083     dac_type1.obj (.text)
                  00083f9b    00000083     rts2800_fpu32_eabi.lib : fd_mpy28.asm.obj (.text)
                  0008401e    0000007e     dio_2837x.obj (.text)
                  0008409c    00000064     pil_c28_fpu32_eabi.lib : ringbuf.obj (.text)
                  00084100    00000037     C2000_28379D_hal.obj (.text:retain)
                  00084137    00000030     rts2800_fpu32_eabi.lib : copy_decompress_lzss.c.obj (.text:decompress:lzss)
                  00084167    0000002b                            : autoinit.c.obj (.text:__TI_auto_init_nobinit_nopinit)
                  00084192    0000002a                            : fd_cmp28.asm.obj (.text)
                  000841bc    00000029                            : exit.c.obj (.text)
                  000841e5    00000021     C2000_28379D_main.obj (.text)
                  00084206    0000001d     rts2800_fpu32_eabi.lib : memcpy.c.obj (.text)
                  00084223    0000001c                            : fs_tofdfpu32.asm.obj (.text)
                  0008423f    00000017                            : boot28.asm.obj (.text)
                  00084256    00000013     plx_driverlib_fpu32_eabi.lib : flash.obj (.text)
                  00084269    0000000c     rts2800_fpu32_eabi.lib : args_main.c.obj (.text)
                  00084275    0000000a     F2837xD_DevInit.obj (.text:retain)
                  0008427f    00000009     rts2800_fpu32_eabi.lib : _lock.c.obj (.text)
                  00084288    00000008     F2837xD_CodeStartBranch.obj (.text)
                  00084290    00000008     rts2800_fpu32_eabi.lib : copy_decompress_none.c.obj (.text:decompress:none)
                  00084298    00000007     dispatcher_asm.obj (.text)
                  0008429f    00000007     pil_c28_fpu32_eabi.lib : pil_f28x_dis_int.obj (.text)
                  000842a6    00000007     rts2800_fpu32_eabi.lib : memset.c.obj (.text)
                  000842ad    00000006                            : copy_zero_init.c.obj (.text:decompress:ZI)
                  000842b3    00000002                            : pre_init.c.obj (.text)
                  000842b5    00000001                            : startup.c.obj (.text)

GpioCtrlRegsFile 
*          1    00007c00    00000180     UNINITIALIZED
                  00007c00    00000180     F2837xD_GlobalVariableDefs.obj (GpioCtrlRegsFile)

GpioDataRegsFile 
*          1    00007f00    00000030     UNINITIALIZED
                  00007f00    00000030     F2837xD_GlobalVariableDefs.obj (GpioDataRegsFile)

MemCfgRegsFile 
*          1    0005f400    00000076     UNINITIALIZED
                  0005f400    00000076     F2837xD_GlobalVariableDefs.obj (MemCfgRegsFile)

PieCtrlRegsFile 
*          1    00000ce0    0000001a     UNINITIALIZED
                  00000ce0    0000001a     F2837xD_GlobalVariableDefs.obj (PieCtrlRegsFile)

step       0    000842b8    000002ae     
                  000842b8    000002ae     C2000_28379D.obj (step)

dispatch   0    00084568    000000db     
                  00084568    000000db     dispatcher.obj (dispatch)

.cinit     0    00084714    0000005a     
                  00084714    0000003f     (.cinit..data.load) [load image, compression = lzss]
                  00084753    00000001     --HOLE-- [fill = 0]
                  00084754    00000006     (__TI_handler_table)
                  0008475a    00000004     (.cinit..bss.load) [load image, compression = zero_init]
                  0008475e    00000004     (.cinit.PieVectTableFile.load) [load image, compression = zero_init]
                  00084762    0000000c     (__TI_cinit_table)

.stack     0    00000400    00000300     UNINITIALIZED
                  00000400    00000300     --HOLE--

.init_array 
*          0    00080004    00000000     UNINITIALIZED

.const     0    00080004    000005b8     
                  00080004    000000ca     C2000_28379D_0.obj (.const:angulo)
                  000800ce    000000ca     C2000_28379D_0.obj (.const:cosenos)
                  00080198    000000ca     C2000_28379D_0.obj (.const:cosma2pi3)
                  00080262    000000ca     C2000_28379D_0.obj (.const:cosme2pi3)
                  0008032c    000000ca     C2000_28379D_0.obj (.const:senos)
                  000803f6    000000ca     C2000_28379D_0.obj (.const:sinma2pi3)
                  000804c0    000000ca     C2000_28379D_0.obj (.const:sinme2pi3)
                  0008058a    00000012     C2000_28379D_hal.obj (.const)
                  0008059c    00000010     pil_c28_fpu32_eabi.lib : seriallink.obj (.const:PIL_SLINK_crc16Lookup)
                  000805ac    0000000e     C2000_28379D_0.obj (.const)
                  000805ba    00000002     C2000_28379D.obj (.const:C2000_28379D_subTaskPeriod)

.data      0    00008292    000000d0     UNINITIALIZED
                  00008292    00000014     C2000_28379D.obj (.data:inputPtrs$2)
                  000082a6    00000014     C2000_28379D.obj (.data:terminalSampleTimeOffsets$12)
                  000082ba    00000006     C2000_28379D_0.obj (.data:Sav)
                  000082c0    0000005c     C2000_28379D_0.obj (.data)
                  0000831c    00000014     C2000_28379D.obj (.data:terminalSampleTimePeriods$11)
                  00008330    00000008     C2000_28379D.obj (.data:outputPtrs$5)
                  00008338    00000006     C2000_28379D_0.obj (.data:Sbv)
                  0000833e    00000006     C2000_28379D_0.obj (.data:Scv)
                  00008344    00000006     rts2800_fpu32_eabi.lib : exit.c.obj (.data)
                  0000834a    00000004     C2000_28379D_hal.obj (.data)
                  0000834e    00000002     rts2800_fpu32_eabi.lib : _lock.c.obj (.data:_lock)
                  00008350    00000002                            : _lock.c.obj (.data:_unlock)
                  00008352    00000002     C2000_28379D.obj (.data:inputs$3)
                  00008354    00000002     C2000_28379D.obj (.data:outputs$6)
                  00008356    00000002     C2000_28379D.obj (.data:sampleHits$8)
                  00008358    00000002     C2000_28379D.obj (.data:sampleTimeOffsets$10)
                  0000835a    00000002     C2000_28379D.obj (.data:sampleTimePeriods$9)
                  0000835c    00000002     C2000_28379D.obj (.data:terminalSampleTimeOffsetPtrs$14)
                  0000835e    00000002     C2000_28379D.obj (.data:terminalSampleTimePeriodPtrs$13)
                  00008360    00000001     C2000_28379D.obj (.data:numInputSignals$1)
                  00008361    00000001     C2000_28379D.obj (.data:numOutputSignals$4)

ramfuncs   0    00084644    00000000     UNINITIALIZEDRUN ADDR = 00000124

.TI.ramfunc 
*          0    00084644    000000cf     RUN ADDR = 00000124
                  00084644    000000cb     plx_driverlib_fpu32_eabi.lib : flash.obj (.TI.ramfunc)
                  0008470f    00000004                                  : sysctl.obj (.TI.ramfunc)

.reset     0    003fffc0    00000000     DSECT

MODULE SUMMARY

       Module                           code    ro data   rw data
       ------                           ----    -------   -------
    .\output_TI2837x_cpu1\
       C2000_28379D_0.obj               1759    1428      110    
       F2837xD_GlobalVariableDefs.obj   0       0         2205   
       C2000_28379D_hal.obj             1084    18        436    
       F2837xD_DefaultISR.obj           1413    0         0      
       C2000_28379D.obj                 866     2         225    
       dispatcher.obj                   553     0         52     
       ain_type4.obj                    399     0         2      
       F2837xD_DevInit.obj              245     0         0      
       F2837xD_Adc.obj                  239     0         0      
       dio_2837x.obj                    126     0         30     
       dac_type1.obj                    131     0         0      
       C2000_28379D_main.obj            33      0         0      
       F2837xD_CodeStartBranch.obj      10      0         0      
       dispatcher_asm.obj               7       0         0      
    +--+--------------------------------+-------+---------+---------+
       Total:                           6865    1448      3060   
                                                                 
    C:\Users\Estudiante USM\AppData\Local\Programs\PLECS C2000 TSP\cgt\ti-cgt-c2000_22.6.1.LTS\lib\rts2800_fpu32_eabi.lib
       fs_div28.asm.obj                 136     0         0      
       fd_mpy28.asm.obj                 131     0         0      
       copy_decompress_lzss.c.obj       48      0         0      
       exit.c.obj                       41      0         6      
       autoinit.c.obj                   43      0         0      
       fd_cmp28.asm.obj                 42      0         0      
       memcpy.c.obj                     29      0         0      
       fs_tofdfpu32.asm.obj             28      0         0      
       boot28.asm.obj                   23      0         0      
       _lock.c.obj                      9       0         4      
       args_main.c.obj                  12      0         0      
       copy_decompress_none.c.obj       8       0         0      
       memset.c.obj                     7       0         0      
       copy_zero_init.c.obj             6       0         0      
       pre_init.c.obj                   2       0         0      
       startup.c.obj                    1       0         0      
    +--+--------------------------------+-------+---------+---------+
       Total:                           566     0         10     
                                                                 
    C:\Users\Estudiante USM\Desktop\target supp\tsp_ti_c2000\ccs\2837x\..\pil\pil_c28_fpu32_eabi.lib
       probes.obj                       1567    0         0      
       scope.obj                        1476    0         0      
       pil.obj                          1112    0         0      
       seriallink.obj                   803     16        0      
       dualcorelink.obj                 679     0         0      
       basicservices.obj                550     0         0      
       remoteagent.obj                  505     0         0      
       parallelbridge.obj               370     0         0      
       ringbuf.obj                      100     0         0      
       pil_f28x_dis_int.obj             7       0         0      
    +--+--------------------------------+-------+---------+---------+
       Total:                           7169    16        0      
                                                                 
    C:\Users\Estudiante USM\Desktop\target supp\tsp_ti_c2000\ccs\2837x\tisrc\driverlib\plx_driverlib_fpu32_eabi.lib
       sysctl.obj                       1415    0         0      
       gpio.obj                         491     0         0      
       flash.obj                        425     0         0      
    +--+--------------------------------+-------+---------+---------+
       Total:                           2331    0         0      
                                                                 
       Stack:                           0       0         768    
       Linker Generated:                0       89        0      
    +--+--------------------------------+-------+---------+---------+
       Grand Total:                     16931   1553      3838   


LINKER GENERATED COPY TABLES

__TI_cinit_table @ 00084762 records: 3, size/record: 4, table size: 12
	.data: load addr=00084714, load size=0000003f bytes, run addr=00008292, run size=000000d0 bytes, compression=lzss
	.bss: load addr=0008475a, load size=00000004 bytes, run addr=00008000, run size=00000291 bytes, compression=zero_init
	PieVectTableFile: load addr=0008475e, load size=00000004 bytes, run addr=00000d00, run size=000001c0 bytes, compression=zero_init


LINKER GENERATED HANDLER TABLE

__TI_handler_table @ 00084754 records: 3, size/record: 2, table size: 6
	index: 0, handler: __TI_zero_init
	index: 1, handler: __TI_decompress_lzss
	index: 2, handler: __TI_decompress_none


GLOBAL DATA SYMBOLS: SORTED BY DATA PAGE

address     data page           name
--------    ----------------    ----
00000400      10 (00000400)     __stack

00000b00      2c (00000b00)     AdcaResultRegs
00000b20      2c (00000b00)     AdcbResultRegs

00000b40      2d (00000b40)     AdccResultRegs
00000b60      2d (00000b40)     AdcdResultRegs

00000c00      30 (00000c00)     CpuTimer0Regs
00000c08      30 (00000c00)     CpuTimer1Regs
00000c10      30 (00000c00)     CpuTimer2Regs

00000ce0      33 (00000cc0)     PieCtrlRegs

00000d00      34 (00000d00)     PieVectTable

00005c00     170 (00005c00)     DacaRegs
00005c10     170 (00005c00)     DacbRegs
00005c20     170 (00005c00)     DaccRegs

00007400     1d0 (00007400)     AdcaRegs

00007480     1d2 (00007480)     AdcbRegs

00007500     1d4 (00007500)     AdccRegs

00007580     1d6 (00007580)     AdcdRegs

00007c00     1f0 (00007c00)     GpioCtrlRegs

00007f00     1fc (00007f00)     GpioDataRegs

00008000     200 (00008000)     AdcObj

00008138     204 (00008100)     DoutObj

000081c6     207 (000081c0)     C2000_28379D_errorStatus
000081d0     207 (000081c0)     C2000_28379D_B

00008200     208 (00008200)     DisprHandle
00008202     208 (00008200)     DisprObj

0000825e     209 (00008240)     DoutHandles
00008270     209 (00008240)     DacObj
0000827a     209 (00008240)     TaskObj

00008284     20a (00008280)     AdcHandles
0000828c     20a (00008280)     DacHandles
000082ba     20a (00008280)     Sav

000082c0     20b (000082c0)     x
000082c1     20b (000082c0)     x_opt
000082c2     20b (000082c0)     a
000082c3     20b (000082c0)     b
000082c4     20b (000082c0)     c
000082c5     20b (000082c0)     i
000082c6     20b (000082c0)     j
000082c7     20b (000082c0)     k
000082c8     20b (000082c0)     muestra
000082ca     20b (000082c0)     V_d
000082cc     20b (000082c0)     V_q
000082ce     20b (000082c0)     Vcd
000082d0     20b (000082c0)     Vcd_k0
000082d2     20b (000082c0)     Vcd_k1
000082d4     20b (000082c0)     Vcq
000082d6     20b (000082c0)     Vcq_k0
000082d8     20b (000082c0)     Vcq_k1
000082da     20b (000082c0)     i2d_k
000082dc     20b (000082c0)     i2d_k0
000082de     20b (000082c0)     i2d_k1
000082e0     20b (000082c0)     i2q_k
000082e2     20b (000082c0)     i2q_k0
000082e4     20b (000082c0)     i2q_k1
000082e6     20b (000082c0)     i1d_k
000082e8     20b (000082c0)     i1d_k0
000082ea     20b (000082c0)     i1d_k1
000082ec     20b (000082c0)     i1q_k
000082ee     20b (000082c0)     i1q_k0
000082f0     20b (000082c0)     i1q_k1
000082f2     20b (000082c0)     id
000082f4     20b (000082c0)     iq
000082f6     20b (000082c0)     theta
000082f8     20b (000082c0)     id_r
000082fa     20b (000082c0)     iq_r
000082fc     20b (000082c0)     Vcd_r
000082fe     20b (000082c0)     Vcq_r

00008300     20c (00008300)     g_opt
00008302     20c (00008300)     comb
00008304     20c (00008300)     vari1d
00008306     20c (00008300)     vari1q
00008308     20c (00008300)     varvcd
0000830a     20c (00008300)     varvcq
0000830c     20c (00008300)     vari2d
0000830e     20c (00008300)     vari2q
00008310     20c (00008300)     Saopt
00008312     20c (00008300)     Sbopt
00008314     20c (00008300)     Scopt
00008316     20c (00008300)     error
00008318     20c (00008300)     error2
0000831a     20c (00008300)     error3
00008338     20c (00008300)     Sbv
0000833e     20c (00008300)     Scv

00008344     20d (00008340)     __TI_enable_exit_profile_output
00008346     20d (00008340)     __TI_cleanup_ptr
00008348     20d (00008340)     __TI_dtors_ptr
0000834c     20d (00008340)     PilHandle
0000834e     20d (00008340)     _lock
00008350     20d (00008340)     _unlock

0005d000    1740 (0005d000)     DevCfgRegs

0005d180    1746 (0005d180)     AnalogSubsysRegs

0005d200    1748 (0005d200)     ClkCfgRegs

0005d300    174c (0005d300)     CpuSysRegs

0005f400    17d0 (0005f400)     MemCfgRegs

00080004    2000 (00080000)     angulo

000800ce    2003 (000800c0)     cosenos

00080198    2006 (00080180)     cosma2pi3

00080262    2009 (00080240)     cosme2pi3

0008032c    200c (00080300)     senos

000803f6    200f (000803c0)     sinma2pi3

000804c0    2013 (000804c0)     sinme2pi3

0008059c    2016 (00080580)     PIL_SLINK_crc16Lookup
000805ac    2016 (00080580)     Vgd_r
000805ae    2016 (00080580)     Vgq_r
000805b0    2016 (00080580)     dp
000805b2    2016 (00080580)     wh
000805b4    2016 (00080580)     CS


GLOBAL SYMBOLS: SORTED ALPHABETICALLY BY Name 

page  address   name                              
----  -------   ----                              
0     00081df9  ADCA1_ISR                         
0     00081def  ADCA2_ISR                         
0     00081de5  ADCA3_ISR                         
0     00081ddb  ADCA4_ISR                         
0     00081dd1  ADCA_EVT_ISR                      
0     00081dc7  ADCB1_ISR                         
0     00081dbd  ADCB2_ISR                         
0     00081db3  ADCB3_ISR                         
0     00081da9  ADCB4_ISR                         
0     00081d9f  ADCB_EVT_ISR                      
0     00081d95  ADCC1_ISR                         
0     00081d8b  ADCC2_ISR                         
0     00081d81  ADCC3_ISR                         
0     00081d77  ADCC4_ISR                         
0     00081d6d  ADCC_EVT_ISR                      
0     00081d63  ADCD1_ISR                         
0     00081d59  ADCD2_ISR                         
0     00081d4f  ADCD3_ISR                         
0     00081d45  ADCD4_ISR                         
0     00081d3b  ADCD_EVT_ISR                      
0     00081d31  AUX_PLL_SLIP_ISR                  
0     00008284  AdcHandles                        
0     00008000  AdcObj                            
0     00083c3a  AdcSetMode                        
1     00007400  AdcaRegs                          
1     00000b00  AdcaResultRegs                    
1     00007480  AdcbRegs                          
1     00000b20  AdcbResultRegs                    
1     00007500  AdccRegs                          
1     00000b40  AdccResultRegs                    
1     00007580  AdcdRegs                          
1     00000b60  AdcdResultRegs                    
1     0005d180  AnalogSubsysRegs                  
0     000841bc  C$$EXIT                           
0     00080c9a  C2000_28379D_0_cScriptDerivative  
0     00080c76  C2000_28379D_0_cScriptOutput      
0     00080c75  C2000_28379D_0_cScriptStart       
0     00080c74  C2000_28379D_0_cScriptTerminate   
0     000805bc  C2000_28379D_0_cScriptUpdate      
0     000081d0  C2000_28379D_B                    
0     00082833  C2000_28379D_background           
0     00084100  C2000_28379D_baseTaskInterrupt    
0     000827da  C2000_28379D_enableTasksInterrupt 
0     000081c6  C2000_28379D_errorStatus          
0     00082834  C2000_28379D_initHal              
0     00083dea  C2000_28379D_initialize           
0     000842b8  C2000_28379D_step                 
0     0008282e  C2000_28379D_syncTimers           
0     00083ddc  C2000_28379D_terminate            
0     00081d27  CANA0_ISR                         
0     00081d1d  CANA1_ISR                         
0     00081d13  CANB0_ISR                         
0     00081d09  CANB1_ISR                         
0     00081cff  CLA1_1_ISR                        
0     00081cf5  CLA1_2_ISR                        
0     00081ceb  CLA1_3_ISR                        
0     00081ce1  CLA1_4_ISR                        
0     00081cd7  CLA1_5_ISR                        
0     00081ccd  CLA1_6_ISR                        
0     00081cc3  CLA1_7_ISR                        
0     00081cb9  CLA1_8_ISR                        
0     00081caf  CLA_OVERFLOW_ISR                  
0     00081ca5  CLA_UNDERFLOW_ISR                 
0     000805b4  CS                                
0     00083c02  CalAdcINL                         
1     0005d200  ClkCfgRegs                        
1     0005d300  CpuSysRegs                        
1     00000c00  CpuTimer0Regs                     
1     00000c08  CpuTimer1Regs                     
1     00000c10  CpuTimer2Regs                     
0     00081c9b  DATALOG_ISR                       
0     00083ac7  DISPR_background                  
0     00083be0  DISPR_configure                   
0     00084298  DISPR_disableInt                  
0     00084568  DISPR_dispatch                    
0     00083bda  DISPR_registerIdleTask            
0     00083bd4  DISPR_registerPanicCallback       
0     00083bce  DISPR_registerSyncCallback        
0     00083b88  DISPR_registerTask                
0     00083ab4  DISPR_reset                       
0     0008429c  DISPR_restoreInt                  
0     00083b82  DISPR_setPowerupDelay             
0     00083b74  DISPR_sinit                       
0     00083b3b  DISPR_start                       
0     00081c91  DMA_CH1_ISR                       
0     00081c87  DMA_CH2_ISR                       
0     00081c7d  DMA_CH3_ISR                       
0     00081c73  DMA_CH4_ISR                       
0     00081c69  DMA_CH5_ISR                       
0     00081c5f  DMA_CH6_ISR                       
0     0000828c  DacHandles                        
0     00008270  DacObj                            
1     00005c00  DacaRegs                          
1     00005c10  DacbRegs                          
1     00005c20  DaccRegs                          
1     0005d000  DevCfgRegs                        
0     00083da0  DevInit                           
0     00008200  DisprHandle                       
0     00008202  DisprObj                          
0     0000825e  DoutHandles                       
0     00008138  DoutObj                           
0     00081c55  ECAP1_ISR                         
0     00081c4b  ECAP2_ISR                         
0     00081c41  ECAP3_ISR                         
0     00081c37  ECAP4_ISR                         
0     00081c2d  ECAP5_ISR                         
0     00081c23  ECAP6_ISR                         
0     00081c19  EMIF_ERROR_ISR                    
0     00081c0c  EMPTY_ISR                         
0     00081c02  EMU_ISR                           
0     00081bf8  EPWM10_ISR                        
0     00081bee  EPWM10_TZ_ISR                     
0     00081be4  EPWM11_ISR                        
0     00081bda  EPWM11_TZ_ISR                     
0     00081bd0  EPWM12_ISR                        
0     00081bc6  EPWM12_TZ_ISR                     
0     00081bbc  EPWM1_ISR                         
0     00081bb2  EPWM1_TZ_ISR                      
0     00081ba8  EPWM2_ISR                         
0     00081b9e  EPWM2_TZ_ISR                      
0     00081b94  EPWM3_ISR                         
0     00081b8a  EPWM3_TZ_ISR                      
0     00081b80  EPWM4_ISR                         
0     00081b76  EPWM4_TZ_ISR                      
0     00081b6c  EPWM5_ISR                         
0     00081b62  EPWM5_TZ_ISR                      
0     00081b58  EPWM6_ISR                         
0     00081b4e  EPWM6_TZ_ISR                      
0     00081b44  EPWM7_ISR                         
0     00081b3a  EPWM7_TZ_ISR                      
0     00081b30  EPWM8_ISR                         
0     00081b26  EPWM8_TZ_ISR                      
0     00081b1c  EPWM9_ISR                         
0     00081b12  EPWM9_TZ_ISR                      
0     00081b08  EQEP1_ISR                         
0     00081afe  EQEP2_ISR                         
0     00081af4  EQEP3_ISR                         
0     00081aea  FLASH_CORRECTABLE_ERROR_ISR       
0     00081ae0  FPU_OVERFLOW_ISR                  
0     00081ad6  FPU_UNDERFLOW_ISR                 
0     000001ac  Flash_initModule                  
0     000001d3  Flash_powerDown                   
0     000001e3  Flash_wakeFromLPM                 
0     000835fc  GPIO_getDirectionMode             
0     00083685  GPIO_getPadConfig                 
0     000836e5  GPIO_getQualificationMode         
0     00083754  GPIO_setAnalogMode                
0     000835d5  GPIO_setDirectionMode             
0     00083612  GPIO_setInterruptPin              
0     00083728  GPIO_setMasterCore                
0     0008363d  GPIO_setPadConfig                 
0     0008377c  GPIO_setPinConfig                 
0     000836b9  GPIO_setQualificationMode         
0     00083706  GPIO_setQualificationPeriod       
1     00007c00  GpioCtrlRegs                      
1     00007f00  GpioDataRegs                      
0     00081acc  I2CA_FIFO_ISR                     
0     00081ac2  I2CA_ISR                          
0     00081ab8  I2CB_FIFO_ISR                     
0     00081aae  I2CB_ISR                          
0     00081aa4  ILLEGAL_ISR                       
0     00081a9a  IPC0_ISR                          
0     00081a90  IPC1_ISR                          
0     00081a86  IPC2_ISR                          
0     00081a7c  IPC3_ISR                          
0     00084275  ISR_ILLEGAL                       
0     00083cfb  InitFlashHz                       
0     00081a72  MCBSPA_RX_ISR                     
0     00081a68  MCBSPA_TX_ISR                     
0     00081a5e  MCBSPB_RX_ISR                     
0     00081a54  MCBSPB_TX_ISR                     
1     0005f400  MemCfgRegs                        
0     00083cf1  MemCopy                           
0     00081a4a  NMI_ISR                           
0     00081a40  NOTUSED_ISR                       
0     00081a36  PIE_RESERVED_ISR                  
0     000831a9  PIL_BSRVS_init                    
0     0008322e  PIL_BSRVS_messageHandler          
0     000831c1  PIL_BSRVS_setWriteInterlockHandler
0     00082f37  PIL_DCLINK_configure              
0     00082f40  PIL_DCLINK_getCommunicationHandle 
0     00082f02  PIL_DCLINK_init                   
0     00083196  PIL_DCLINK_poll                   
0     00082f4b  PIL_DCLINK_setBuffer              
0     0008429f  PIL_DisableInt                    
0     0008394e  PIL_PBRIDGE_configure             
0     00083942  PIL_PBRIDGE_init                  
0     00083a9f  PIL_PBRIDGE_poll                  
0     00083957  PIL_PBRIDGE_setProtocol           
0     00080cea  PIL_PROBES_getActualPilMode       
0     00080cff  PIL_PROBES_getActualPilStep       
0     00080cf1  PIL_PROBES_getDesiredPilMode      
0     00080d09  PIL_PROBES_getDesiredPilStep      
0     00080cf8  PIL_PROBES_getPreviousPilMode     
0     00080c9b  PIL_PROBES_init                   
0     00080e3d  PIL_PROBES_messageHandler         
0     00080cc8  PIL_PROBES_setActualPilMode       
0     00080cde  PIL_PROBES_setActualPilStep       
0     00080cd5  PIL_PROBES_setDesiredPilMode      
0     0008344e  PIL_RA_init                       
0     0008357d  PIL_RA_pollLinkReq                
0     0008352b  PIL_RA_pollLinkRsp                
0     000834e6  PIL_RA_registerService            
0     00082382  PIL_RA_serialIn                   
0     0008350e  PIL_RA_serialIn_p                 
0     00082391  PIL_RA_serialOut                  
0     0008351d  PIL_RA_serialOut_p                
0     000834c2  PIL_RA_setChecksum                
0     000834aa  PIL_RA_setGuid                    
0     000834da  PIL_RA_setNodeAddress             
0     000840a7  PIL_RBUF_isEmpty                  
0     000840df  PIL_RBUF_pop                      
0     000840b5  PIL_RBUF_push                     
0     0008409c  PIL_RBUF_reset                    
0     000842a3  PIL_RestoreInt                    
0     000812ee  PIL_SCOPE_init                    
0     00081632  PIL_SCOPE_messageHandler          
0     0008239f  PIL_SCOPE_sample                  
0     0008147c  PIL_SCOPE_sample_p                
0     0008130e  PIL_SCOPE_setBuffer               
0     0008132b  PIL_SCOPE_setIndicator            
0     000823ac  PIL_SCOPE_trigger                 
0     0008154c  PIL_SCOPE_trigger_p               
0     0008059c  PIL_SLINK_crc16Lookup             
0     00082c05  PIL_SLINK_in                      
0     00082bdf  PIL_SLINK_init                    
0     00082c12  PIL_SLINK_out                     
0     00082c4a  PIL_SLINK_outBufIsEmpty           
0     00082de3  PIL_SLINK_receive                 
0     00082dc3  PIL_SLINK_send                    
0     00082517  PIL_allowPilSimulation            
0     00082656  PIL_backgroundCall                
0     000825ab  PIL_beginInterruptCall            
0     00082463  PIL_configureDualCoreLink         
0     0008243d  PIL_configureParallelCom          
0     0008253f  PIL_inhibitPilSimulation          
0     00082709  PIL_init                          
0     00082567  PIL_requestNormalMode             
0     0008257e  PIL_requestReadyMode              
0     000824f3  PIL_setAndConfigScopeBuffer       
0     00082509  PIL_setAndConfigureScopeIndicator 
0     000824e5  PIL_setBackgroundCommCallback     
0     000823dd  PIL_setChecksum                   
0     000824d7  PIL_setCtrlCallback               
0     000823b9  PIL_setGuid                       
0     000824c8  PIL_setNodeAddress                
0     00082425  PIL_setSerialComCallback          
0     000826ee  PIL_setWriteInterlockHandler      
0     00082595  PIL_simulationActive              
0     00082810  PLXHAL_ADC_getIn                  
0     00082805  PLXHAL_DAC_set                    
0     000827e5  PLXHAL_DIO_set                    
0     000838aa  PLX_AIN_configure                 
0     000838a3  PLX_AIN_init                      
0     00083890  PLX_AIN_resetChannelSetup         
0     00083848  PLX_AIN_setDefaultAdcParams       
0     00083838  PLX_AIN_setDefaultChannelParams   
0     000837b7  PLX_AIN_setupChannel              
0     000837b3  PLX_AIN_sinit                     
0     00083f77  PLX_DAC_configure                 
0     00083f49  PLX_DAC_configureScaling          
0     00083f42  PLX_DAC_init                      
0     00083f24  PLX_DAC_setValF                   
0     00083f18  PLX_DAC_sinit                     
0     0008407e  PLX_DIO_configureIn               
0     00084059  PLX_DIO_configureOut              
0     00084052  PLX_DIO_init                      
0     0008404a  PLX_DIO_obtainDummyRead           
0     00084047  PLX_DIO_obtainDummyWrite          
0     0008401e  PLX_DIO_sinit                     
1     00000ce0  PieCtrlRegs                       
1     00000d00  PieVectTable                      
0     0000834c  PilHandle                         
0     00081a2c  RAM_ACCESS_VIOLATION_ISR          
0     00081a22  RAM_CORRECTABLE_ERROR_ISR         
0     00081a18  RTOS_ISR                          
abs   00084713  RamfuncsLoadEnd                   
abs   000000cf  RamfuncsLoadSize                  
abs   00084644  RamfuncsLoadStart                 
abs   000001f3  RamfuncsRunEnd                    
abs   000000cf  RamfuncsRunSize                   
abs   00000124  RamfuncsRunStart                  
0     00081a0e  SCIA_RX_ISR                       
0     00081a04  SCIA_TX_ISR                       
0     000819fa  SCIB_RX_ISR                       
0     000819f0  SCIB_TX_ISR                       
0     000819e6  SCIC_RX_ISR                       
0     000819dc  SCIC_TX_ISR                       
0     000819d2  SCID_RX_ISR                       
0     000819c8  SCID_TX_ISR                       
0     000819be  SD1_ISR                           
0     000819b4  SD2_ISR                           
0     000819aa  SPIA_RX_ISR                       
0     000819a0  SPIA_TX_ISR                       
0     00081996  SPIB_RX_ISR                       
0     0008198c  SPIB_TX_ISR                       
0     00081982  SPIC_RX_ISR                       
0     00081978  SPIC_TX_ISR                       
0     0008196e  SYS_PLL_SLIP_ISR                  
0     00008310  Saopt                             
0     000082ba  Sav                               
0     00008312  Sbopt                             
0     00008338  Sbv                               
0     00008314  Scopt                             
0     0000833e  Scv                               
0     000001ef  SysCtl_delay                      
0     00081ee9  SysCtl_getAuxClock                
0     00081e98  SysCtl_getClock                   
0     0008231a  SysCtl_getDeviceParametric        
0     00082300  SysCtl_getLowSpeedClock           
0     0008229b  SysCtl_selectOscSource            
0     000822d1  SysCtl_selectOscSourceAuxPLL      
0     00082237  SysCtl_selectXTAL                 
0     00082124  SysCtl_setAuxClock                
0     00081f2a  SysCtl_setClock                   
0     00081964  TIMER0_ISR                        
0     0008195a  TIMER1_ISR                        
0     00081950  TIMER2_ISR                        
0     0000827a  TaskObj                           
0     00081946  UPPA_ISR                          
0     0008193c  USBA_ISR                          
0     00081932  USER10_ISR                        
0     00081928  USER11_ISR                        
0     0008191e  USER12_ISR                        
0     00081914  USER1_ISR                         
0     0008190a  USER2_ISR                         
0     00081900  USER3_ISR                         
0     000818f6  USER4_ISR                         
0     000818ec  USER5_ISR                         
0     000818e2  USER6_ISR                         
0     000818d8  USER7_ISR                         
0     000818ce  USER8_ISR                         
0     000818c4  USER9_ISR                         
0     000818ba  VCU_ISR                           
0     000082ca  V_d                               
0     000082cc  V_q                               
0     000082ce  Vcd                               
0     000082d0  Vcd_k0                            
0     000082d2  Vcd_k1                            
0     000082fc  Vcd_r                             
0     000082d4  Vcq                               
0     000082d6  Vcq_k0                            
0     000082d8  Vcq_k1                            
0     000082fe  Vcq_r                             
0     000805ac  Vgd_r                             
0     000805ae  Vgq_r                             
0     000818b0  WAKE_ISR                          
0     000818a6  XINT1_ISR                         
0     0008189c  XINT2_ISR                         
0     00081892  XINT3_ISR                         
0     00081888  XINT4_ISR                         
0     0008187e  XINT5_ISR                         
0     00084762  __TI_CINIT_Base                   
0     0008476e  __TI_CINIT_Limit                  
0     0008476e  __TI_CINIT_Warm                   
0     00084754  __TI_Handler_Table_Base           
0     0008475a  __TI_Handler_Table_Limit          
0     00000700  __TI_STACK_END                    
abs   00000300  __TI_STACK_SIZE                   
0     00084167  __TI_auto_init_nobinit_nopinit    
0     00008346  __TI_cleanup_ptr                  
0     00084137  __TI_decompress_lzss              
0     00084290  __TI_decompress_none              
0     00008348  __TI_dtors_ptr                    
0     00008344  __TI_enable_exit_profile_output   
abs   ffffffff  __TI_pprof_out_hndl               
abs   ffffffff  __TI_prof_data_size               
abs   ffffffff  __TI_prof_data_start              
0     000842ad  __TI_zero_init                    
0     00084192  __c28xabi_cmpd                    
0     00083e90  __c28xabi_divf                    
0     00084223  __c28xabi_ftod                    
0     00083f9b  __c28xabi_mpyd                    
n/a   UNDEFED   __c_args__                        
0     00000400  __stack                           
0     00084269  _args_main                        
0     0008423f  _c_int00                          
0     0000834e  _lock                             
0     00084287  _nop                              
0     00084283  _register_lock                    
0     0008427f  _register_unlock                  
0     000842b5  _system_post_cinit                
0     000842b3  _system_pre_init                  
0     00008350  _unlock                           
0     000082c2  a                                 
0     000841bc  abort                             
0     00080004  angulo                            
0     000082c3  b                                 
0     000082c4  c                                 
0     00080000  code_start                        
0     00008302  comb                              
0     000800ce  cosenos                           
0     00080198  cosma2pi3                         
0     00080262  cosme2pi3                         
0     000805b0  dp                                
0     00008316  error                             
0     00008318  error2                            
0     0000831a  error3                            
0     000841be  exit                              
0     00008300  g_opt                             
0     000082c5  i                                 
0     000082e6  i1d_k                             
0     000082e8  i1d_k0                            
0     000082ea  i1d_k1                            
0     000082ec  i1q_k                             
0     000082ee  i1q_k0                            
0     000082f0  i1q_k1                            
0     000082da  i2d_k                             
0     000082dc  i2d_k0                            
0     000082de  i2d_k1                            
0     000082e0  i2q_k                             
0     000082e2  i2q_k0                            
0     000082e4  i2q_k1                            
0     000082f2  id                                
0     000082f8  id_r                              
0     000082f4  iq                                
0     000082fa  iq_r                              
0     000082c6  j                                 
0     000082c7  k                                 
0     000841e5  main                              
0     00084206  memcpy                            
0     000842a6  memset                            
0     000082c8  muestra                           
0     0008032c  senos                             
0     000803f6  sinma2pi3                         
0     000804c0  sinme2pi3                         
0     000082f6  theta                             
0     00008304  vari1d                            
0     00008306  vari1q                            
0     0000830c  vari2d                            
0     0000830e  vari2q                            
0     00008308  varvcd                            
0     0000830a  varvcq                            
0     000805b2  wh                                
0     000082c0  x                                 
0     000082c1  x_opt                             


GLOBAL SYMBOLS: SORTED BY Symbol Address 

page  address   name                              
----  -------   ----                              
0     000001ac  Flash_initModule                  
0     000001d3  Flash_powerDown                   
0     000001e3  Flash_wakeFromLPM                 
0     000001ef  SysCtl_delay                      
0     00000400  __stack                           
0     00000700  __TI_STACK_END                    
0     00008000  AdcObj                            
0     00008138  DoutObj                           
0     000081c6  C2000_28379D_errorStatus          
0     000081d0  C2000_28379D_B                    
0     00008200  DisprHandle                       
0     00008202  DisprObj                          
0     0000825e  DoutHandles                       
0     00008270  DacObj                            
0     0000827a  TaskObj                           
0     00008284  AdcHandles                        
0     0000828c  DacHandles                        
0     000082ba  Sav                               
0     000082c0  x                                 
0     000082c1  x_opt                             
0     000082c2  a                                 
0     000082c3  b                                 
0     000082c4  c                                 
0     000082c5  i                                 
0     000082c6  j                                 
0     000082c7  k                                 
0     000082c8  muestra                           
0     000082ca  V_d                               
0     000082cc  V_q                               
0     000082ce  Vcd                               
0     000082d0  Vcd_k0                            
0     000082d2  Vcd_k1                            
0     000082d4  Vcq                               
0     000082d6  Vcq_k0                            
0     000082d8  Vcq_k1                            
0     000082da  i2d_k                             
0     000082dc  i2d_k0                            
0     000082de  i2d_k1                            
0     000082e0  i2q_k                             
0     000082e2  i2q_k0                            
0     000082e4  i2q_k1                            
0     000082e6  i1d_k                             
0     000082e8  i1d_k0                            
0     000082ea  i1d_k1                            
0     000082ec  i1q_k                             
0     000082ee  i1q_k0                            
0     000082f0  i1q_k1                            
0     000082f2  id                                
0     000082f4  iq                                
0     000082f6  theta                             
0     000082f8  id_r                              
0     000082fa  iq_r                              
0     000082fc  Vcd_r                             
0     000082fe  Vcq_r                             
0     00008300  g_opt                             
0     00008302  comb                              
0     00008304  vari1d                            
0     00008306  vari1q                            
0     00008308  varvcd                            
0     0000830a  varvcq                            
0     0000830c  vari2d                            
0     0000830e  vari2q                            
0     00008310  Saopt                             
0     00008312  Sbopt                             
0     00008314  Scopt                             
0     00008316  error                             
0     00008318  error2                            
0     0000831a  error3                            
0     00008338  Sbv                               
0     0000833e  Scv                               
0     00008344  __TI_enable_exit_profile_output   
0     00008346  __TI_cleanup_ptr                  
0     00008348  __TI_dtors_ptr                    
0     0000834c  PilHandle                         
0     0000834e  _lock                             
0     00008350  _unlock                           
0     00080000  code_start                        
0     00080004  angulo                            
0     000800ce  cosenos                           
0     00080198  cosma2pi3                         
0     00080262  cosme2pi3                         
0     0008032c  senos                             
0     000803f6  sinma2pi3                         
0     000804c0  sinme2pi3                         
0     0008059c  PIL_SLINK_crc16Lookup             
0     000805ac  Vgd_r                             
0     000805ae  Vgq_r                             
0     000805b0  dp                                
0     000805b2  wh                                
0     000805b4  CS                                
0     000805bc  C2000_28379D_0_cScriptUpdate      
0     00080c74  C2000_28379D_0_cScriptTerminate   
0     00080c75  C2000_28379D_0_cScriptStart       
0     00080c76  C2000_28379D_0_cScriptOutput      
0     00080c9a  C2000_28379D_0_cScriptDerivative  
0     00080c9b  PIL_PROBES_init                   
0     00080cc8  PIL_PROBES_setActualPilMode       
0     00080cd5  PIL_PROBES_setDesiredPilMode      
0     00080cde  PIL_PROBES_setActualPilStep       
0     00080cea  PIL_PROBES_getActualPilMode       
0     00080cf1  PIL_PROBES_getDesiredPilMode      
0     00080cf8  PIL_PROBES_getPreviousPilMode     
0     00080cff  PIL_PROBES_getActualPilStep       
0     00080d09  PIL_PROBES_getDesiredPilStep      
0     00080e3d  PIL_PROBES_messageHandler         
0     000812ee  PIL_SCOPE_init                    
0     0008130e  PIL_SCOPE_setBuffer               
0     0008132b  PIL_SCOPE_setIndicator            
0     0008147c  PIL_SCOPE_sample_p                
0     0008154c  PIL_SCOPE_trigger_p               
0     00081632  PIL_SCOPE_messageHandler          
0     0008187e  XINT5_ISR                         
0     00081888  XINT4_ISR                         
0     00081892  XINT3_ISR                         
0     0008189c  XINT2_ISR                         
0     000818a6  XINT1_ISR                         
0     000818b0  WAKE_ISR                          
0     000818ba  VCU_ISR                           
0     000818c4  USER9_ISR                         
0     000818ce  USER8_ISR                         
0     000818d8  USER7_ISR                         
0     000818e2  USER6_ISR                         
0     000818ec  USER5_ISR                         
0     000818f6  USER4_ISR                         
0     00081900  USER3_ISR                         
0     0008190a  USER2_ISR                         
0     00081914  USER1_ISR                         
0     0008191e  USER12_ISR                        
0     00081928  USER11_ISR                        
0     00081932  USER10_ISR                        
0     0008193c  USBA_ISR                          
0     00081946  UPPA_ISR                          
0     00081950  TIMER2_ISR                        
0     0008195a  TIMER1_ISR                        
0     00081964  TIMER0_ISR                        
0     0008196e  SYS_PLL_SLIP_ISR                  
0     00081978  SPIC_TX_ISR                       
0     00081982  SPIC_RX_ISR                       
0     0008198c  SPIB_TX_ISR                       
0     00081996  SPIB_RX_ISR                       
0     000819a0  SPIA_TX_ISR                       
0     000819aa  SPIA_RX_ISR                       
0     000819b4  SD2_ISR                           
0     000819be  SD1_ISR                           
0     000819c8  SCID_TX_ISR                       
0     000819d2  SCID_RX_ISR                       
0     000819dc  SCIC_TX_ISR                       
0     000819e6  SCIC_RX_ISR                       
0     000819f0  SCIB_TX_ISR                       
0     000819fa  SCIB_RX_ISR                       
0     00081a04  SCIA_TX_ISR                       
0     00081a0e  SCIA_RX_ISR                       
0     00081a18  RTOS_ISR                          
0     00081a22  RAM_CORRECTABLE_ERROR_ISR         
0     00081a2c  RAM_ACCESS_VIOLATION_ISR          
0     00081a36  PIE_RESERVED_ISR                  
0     00081a40  NOTUSED_ISR                       
0     00081a4a  NMI_ISR                           
0     00081a54  MCBSPB_TX_ISR                     
0     00081a5e  MCBSPB_RX_ISR                     
0     00081a68  MCBSPA_TX_ISR                     
0     00081a72  MCBSPA_RX_ISR                     
0     00081a7c  IPC3_ISR                          
0     00081a86  IPC2_ISR                          
0     00081a90  IPC1_ISR                          
0     00081a9a  IPC0_ISR                          
0     00081aa4  ILLEGAL_ISR                       
0     00081aae  I2CB_ISR                          
0     00081ab8  I2CB_FIFO_ISR                     
0     00081ac2  I2CA_ISR                          
0     00081acc  I2CA_FIFO_ISR                     
0     00081ad6  FPU_UNDERFLOW_ISR                 
0     00081ae0  FPU_OVERFLOW_ISR                  
0     00081aea  FLASH_CORRECTABLE_ERROR_ISR       
0     00081af4  EQEP3_ISR                         
0     00081afe  EQEP2_ISR                         
0     00081b08  EQEP1_ISR                         
0     00081b12  EPWM9_TZ_ISR                      
0     00081b1c  EPWM9_ISR                         
0     00081b26  EPWM8_TZ_ISR                      
0     00081b30  EPWM8_ISR                         
0     00081b3a  EPWM7_TZ_ISR                      
0     00081b44  EPWM7_ISR                         
0     00081b4e  EPWM6_TZ_ISR                      
0     00081b58  EPWM6_ISR                         
0     00081b62  EPWM5_TZ_ISR                      
0     00081b6c  EPWM5_ISR                         
0     00081b76  EPWM4_TZ_ISR                      
0     00081b80  EPWM4_ISR                         
0     00081b8a  EPWM3_TZ_ISR                      
0     00081b94  EPWM3_ISR                         
0     00081b9e  EPWM2_TZ_ISR                      
0     00081ba8  EPWM2_ISR                         
0     00081bb2  EPWM1_TZ_ISR                      
0     00081bbc  EPWM1_ISR                         
0     00081bc6  EPWM12_TZ_ISR                     
0     00081bd0  EPWM12_ISR                        
0     00081bda  EPWM11_TZ_ISR                     
0     00081be4  EPWM11_ISR                        
0     00081bee  EPWM10_TZ_ISR                     
0     00081bf8  EPWM10_ISR                        
0     00081c02  EMU_ISR                           
0     00081c0c  EMPTY_ISR                         
0     00081c19  EMIF_ERROR_ISR                    
0     00081c23  ECAP6_ISR                         
0     00081c2d  ECAP5_ISR                         
0     00081c37  ECAP4_ISR                         
0     00081c41  ECAP3_ISR                         
0     00081c4b  ECAP2_ISR                         
0     00081c55  ECAP1_ISR                         
0     00081c5f  DMA_CH6_ISR                       
0     00081c69  DMA_CH5_ISR                       
0     00081c73  DMA_CH4_ISR                       
0     00081c7d  DMA_CH3_ISR                       
0     00081c87  DMA_CH2_ISR                       
0     00081c91  DMA_CH1_ISR                       
0     00081c9b  DATALOG_ISR                       
0     00081ca5  CLA_UNDERFLOW_ISR                 
0     00081caf  CLA_OVERFLOW_ISR                  
0     00081cb9  CLA1_8_ISR                        
0     00081cc3  CLA1_7_ISR                        
0     00081ccd  CLA1_6_ISR                        
0     00081cd7  CLA1_5_ISR                        
0     00081ce1  CLA1_4_ISR                        
0     00081ceb  CLA1_3_ISR                        
0     00081cf5  CLA1_2_ISR                        
0     00081cff  CLA1_1_ISR                        
0     00081d09  CANB1_ISR                         
0     00081d13  CANB0_ISR                         
0     00081d1d  CANA1_ISR                         
0     00081d27  CANA0_ISR                         
0     00081d31  AUX_PLL_SLIP_ISR                  
0     00081d3b  ADCD_EVT_ISR                      
0     00081d45  ADCD4_ISR                         
0     00081d4f  ADCD3_ISR                         
0     00081d59  ADCD2_ISR                         
0     00081d63  ADCD1_ISR                         
0     00081d6d  ADCC_EVT_ISR                      
0     00081d77  ADCC4_ISR                         
0     00081d81  ADCC3_ISR                         
0     00081d8b  ADCC2_ISR                         
0     00081d95  ADCC1_ISR                         
0     00081d9f  ADCB_EVT_ISR                      
0     00081da9  ADCB4_ISR                         
0     00081db3  ADCB3_ISR                         
0     00081dbd  ADCB2_ISR                         
0     00081dc7  ADCB1_ISR                         
0     00081dd1  ADCA_EVT_ISR                      
0     00081ddb  ADCA4_ISR                         
0     00081de5  ADCA3_ISR                         
0     00081def  ADCA2_ISR                         
0     00081df9  ADCA1_ISR                         
0     00081e98  SysCtl_getClock                   
0     00081ee9  SysCtl_getAuxClock                
0     00081f2a  SysCtl_setClock                   
0     00082124  SysCtl_setAuxClock                
0     00082237  SysCtl_selectXTAL                 
0     0008229b  SysCtl_selectOscSource            
0     000822d1  SysCtl_selectOscSourceAuxPLL      
0     00082300  SysCtl_getLowSpeedClock           
0     0008231a  SysCtl_getDeviceParametric        
0     00082382  PIL_RA_serialIn                   
0     00082391  PIL_RA_serialOut                  
0     0008239f  PIL_SCOPE_sample                  
0     000823ac  PIL_SCOPE_trigger                 
0     000823b9  PIL_setGuid                       
0     000823dd  PIL_setChecksum                   
0     00082425  PIL_setSerialComCallback          
0     0008243d  PIL_configureParallelCom          
0     00082463  PIL_configureDualCoreLink         
0     000824c8  PIL_setNodeAddress                
0     000824d7  PIL_setCtrlCallback               
0     000824e5  PIL_setBackgroundCommCallback     
0     000824f3  PIL_setAndConfigScopeBuffer       
0     00082509  PIL_setAndConfigureScopeIndicator 
0     00082517  PIL_allowPilSimulation            
0     0008253f  PIL_inhibitPilSimulation          
0     00082567  PIL_requestNormalMode             
0     0008257e  PIL_requestReadyMode              
0     00082595  PIL_simulationActive              
0     000825ab  PIL_beginInterruptCall            
0     00082656  PIL_backgroundCall                
0     000826ee  PIL_setWriteInterlockHandler      
0     00082709  PIL_init                          
0     000827da  C2000_28379D_enableTasksInterrupt 
0     000827e5  PLXHAL_DIO_set                    
0     00082805  PLXHAL_DAC_set                    
0     00082810  PLXHAL_ADC_getIn                  
0     0008282e  C2000_28379D_syncTimers           
0     00082833  C2000_28379D_background           
0     00082834  C2000_28379D_initHal              
0     00082bdf  PIL_SLINK_init                    
0     00082c05  PIL_SLINK_in                      
0     00082c12  PIL_SLINK_out                     
0     00082c4a  PIL_SLINK_outBufIsEmpty           
0     00082dc3  PIL_SLINK_send                    
0     00082de3  PIL_SLINK_receive                 
0     00082f02  PIL_DCLINK_init                   
0     00082f37  PIL_DCLINK_configure              
0     00082f40  PIL_DCLINK_getCommunicationHandle 
0     00082f4b  PIL_DCLINK_setBuffer              
0     00083196  PIL_DCLINK_poll                   
0     000831a9  PIL_BSRVS_init                    
0     000831c1  PIL_BSRVS_setWriteInterlockHandler
0     0008322e  PIL_BSRVS_messageHandler          
0     0008344e  PIL_RA_init                       
0     000834aa  PIL_RA_setGuid                    
0     000834c2  PIL_RA_setChecksum                
0     000834da  PIL_RA_setNodeAddress             
0     000834e6  PIL_RA_registerService            
0     0008350e  PIL_RA_serialIn_p                 
0     0008351d  PIL_RA_serialOut_p                
0     0008352b  PIL_RA_pollLinkRsp                
0     0008357d  PIL_RA_pollLinkReq                
0     000835d5  GPIO_setDirectionMode             
0     000835fc  GPIO_getDirectionMode             
0     00083612  GPIO_setInterruptPin              
0     0008363d  GPIO_setPadConfig                 
0     00083685  GPIO_getPadConfig                 
0     000836b9  GPIO_setQualificationMode         
0     000836e5  GPIO_getQualificationMode         
0     00083706  GPIO_setQualificationPeriod       
0     00083728  GPIO_setMasterCore                
0     00083754  GPIO_setAnalogMode                
0     0008377c  GPIO_setPinConfig                 
0     000837b3  PLX_AIN_sinit                     
0     000837b7  PLX_AIN_setupChannel              
0     00083838  PLX_AIN_setDefaultChannelParams   
0     00083848  PLX_AIN_setDefaultAdcParams       
0     00083890  PLX_AIN_resetChannelSetup         
0     000838a3  PLX_AIN_init                      
0     000838aa  PLX_AIN_configure                 
0     00083942  PIL_PBRIDGE_init                  
0     0008394e  PIL_PBRIDGE_configure             
0     00083957  PIL_PBRIDGE_setProtocol           
0     00083a9f  PIL_PBRIDGE_poll                  
0     00083ab4  DISPR_reset                       
0     00083ac7  DISPR_background                  
0     00083b3b  DISPR_start                       
0     00083b74  DISPR_sinit                       
0     00083b82  DISPR_setPowerupDelay             
0     00083b88  DISPR_registerTask                
0     00083bce  DISPR_registerSyncCallback        
0     00083bd4  DISPR_registerPanicCallback       
0     00083bda  DISPR_registerIdleTask            
0     00083be0  DISPR_configure                   
0     00083c02  CalAdcINL                         
0     00083c3a  AdcSetMode                        
0     00083cf1  MemCopy                           
0     00083cfb  InitFlashHz                       
0     00083da0  DevInit                           
0     00083ddc  C2000_28379D_terminate            
0     00083dea  C2000_28379D_initialize           
0     00083e90  __c28xabi_divf                    
0     00083f18  PLX_DAC_sinit                     
0     00083f24  PLX_DAC_setValF                   
0     00083f42  PLX_DAC_init                      
0     00083f49  PLX_DAC_configureScaling          
0     00083f77  PLX_DAC_configure                 
0     00083f9b  __c28xabi_mpyd                    
0     0008401e  PLX_DIO_sinit                     
0     00084047  PLX_DIO_obtainDummyWrite          
0     0008404a  PLX_DIO_obtainDummyRead           
0     00084052  PLX_DIO_init                      
0     00084059  PLX_DIO_configureOut              
0     0008407e  PLX_DIO_configureIn               
0     0008409c  PIL_RBUF_reset                    
0     000840a7  PIL_RBUF_isEmpty                  
0     000840b5  PIL_RBUF_push                     
0     000840df  PIL_RBUF_pop                      
0     00084100  C2000_28379D_baseTaskInterrupt    
0     00084137  __TI_decompress_lzss              
0     00084167  __TI_auto_init_nobinit_nopinit    
0     00084192  __c28xabi_cmpd                    
0     000841bc  C$$EXIT                           
0     000841bc  abort                             
0     000841be  exit                              
0     000841e5  main                              
0     00084206  memcpy                            
0     00084223  __c28xabi_ftod                    
0     0008423f  _c_int00                          
0     00084269  _args_main                        
0     00084275  ISR_ILLEGAL                       
0     0008427f  _register_unlock                  
0     00084283  _register_lock                    
0     00084287  _nop                              
0     00084290  __TI_decompress_none              
0     00084298  DISPR_disableInt                  
0     0008429c  DISPR_restoreInt                  
0     0008429f  PIL_DisableInt                    
0     000842a3  PIL_RestoreInt                    
0     000842a6  memset                            
0     000842ad  __TI_zero_init                    
0     000842b3  _system_pre_init                  
0     000842b5  _system_post_cinit                
0     000842b8  C2000_28379D_step                 
0     00084568  DISPR_dispatch                    
0     00084754  __TI_Handler_Table_Base           
0     0008475a  __TI_Handler_Table_Limit          
0     00084762  __TI_CINIT_Base                   
0     0008476e  __TI_CINIT_Limit                  
0     0008476e  __TI_CINIT_Warm                   
1     00000b00  AdcaResultRegs                    
1     00000b20  AdcbResultRegs                    
1     00000b40  AdccResultRegs                    
1     00000b60  AdcdResultRegs                    
1     00000c00  CpuTimer0Regs                     
1     00000c08  CpuTimer1Regs                     
1     00000c10  CpuTimer2Regs                     
1     00000ce0  PieCtrlRegs                       
1     00000d00  PieVectTable                      
1     00005c00  DacaRegs                          
1     00005c10  DacbRegs                          
1     00005c20  DaccRegs                          
1     00007400  AdcaRegs                          
1     00007480  AdcbRegs                          
1     00007500  AdccRegs                          
1     00007580  AdcdRegs                          
1     00007c00  GpioCtrlRegs                      
1     00007f00  GpioDataRegs                      
1     0005d000  DevCfgRegs                        
1     0005d180  AnalogSubsysRegs                  
1     0005d200  ClkCfgRegs                        
1     0005d300  CpuSysRegs                        
1     0005f400  MemCfgRegs                        
abs   000000cf  RamfuncsLoadSize                  
abs   000000cf  RamfuncsRunSize                   
abs   00000124  RamfuncsRunStart                  
abs   000001f3  RamfuncsRunEnd                    
abs   00000300  __TI_STACK_SIZE                   
abs   00084644  RamfuncsLoadStart                 
abs   00084713  RamfuncsLoadEnd                   
abs   ffffffff  __TI_pprof_out_hndl               
abs   ffffffff  __TI_prof_data_size               
abs   ffffffff  __TI_prof_data_start              
n/a   UNDEFED   __c_args__                        

[436 symbols]
