******************************************************************************
             TMS320C2000 Linker PC v22.6.1                     
******************************************************************************
>> Linked Tue Sep  3 17:56:07 2024

OUTPUT FILE NAME:   <./output_TI2837xS_cpu1/C2000_28379D.out>
ENTRY POINT SYMBOL: "_c_int00"  address: 00085970


MEMORY CONFIGURATION

         name            origin    length      used     unused   attr    fill
----------------------  --------  ---------  --------  --------  ----  --------
PAGE 0:
  BOOT_RSVD             00000002   00000121  00000000  00000121  RWIX
  RAMM0                 00000124   000002dc  000000cf  0000020d  RWIX
  RAMM1                 00000400   00000400  00000300  00000100  RWIX
  RAMLS                 00008000   00003f00  00001886  0000267a  RWIX
  RAMD1_RSVD            0000bf00   00000100  00000000  00000100  RWIX
  CPU2TOCPU1RAM         0003f800   0000037f  00000000  0000037f  RWIX
  SCOPE_FLAG_CPU2       0003fb7f   00000001  00000001  00000000  RWIX
  CPU2TOCPU1LINK        0003fb80   00000080  00000000  00000080  RWIX
  CPU1TOCPU2RAM         0003fc00   0000037f  00000000  0000037f  RWIX
  SCOPE_FLAG_CPU1       0003ff7f   00000001  00000001  00000000  RWIX
  CPU1TOCPU2LINK        0003ff80   00000080  00000000  00000080  RWIX
  BEGIN                 00080000   00000002  00000002  00000000  RWIX
  FLASH                 00080002   0003fffe  00005fb2  0003a04c  RWIX
  RESET                 003fffc0   00000002  00000000  00000002  RWIX

PAGE 1:
  ADCARESULT            00000b00   00000018  00000018  00000000  RWIX
  ADCBRESULT            00000b20   00000018  00000018  00000000  RWIX
  ADCCRESULT            00000b40   00000018  00000018  00000000  RWIX
  ADCDRESULT            00000b60   00000018  00000018  00000000  RWIX
  CPUTIMER0             00000c00   00000008  00000008  00000000  RWIX
  CPUTIMER1             00000c08   00000008  00000008  00000000  RWIX
  CPUTIMER2             00000c10   00000008  00000008  00000000  RWIX
  PIECTRL               00000ce0   0000001a  0000001a  00000000  RWIX
  PIEVECTTABLE          00000d00   00000200  000001c0  00000040  RWIX
  DMA                   00001000   00000200  00000000  00000200  RWIX
  CLA1                  00001400   00000080  00000000  00000080  RWIX
  CLB1LOGICCFG          00003000   00000052  00000000  00000052  RWIX
  CLB1LOGICCTRL         00003100   00000040  00000000  00000040  RWIX
  CLB1DATAEXCH          00003200   00000200  00000000  00000200  RWIX
  CLB2LOGICCFG          00003400   00000052  00000000  00000052  RWIX
  CLB2LOGICCTRL         00003500   00000040  00000000  00000040  RWIX
  CLB2DATAEXCH          00003600   00000200  00000000  00000200  RWIX
  CLB3LOGICCFG          00003800   00000052  00000000  00000052  RWIX
  CLB3LOGICCTRL         00003900   00000040  00000000  00000040  RWIX
  CLB3DATAEXCH          00003a00   00000200  00000000  00000200  RWIX
  CLB4LOGICCFG          00003c00   00000052  00000000  00000052  RWIX
  CLB4LOGICCTRL         00003d00   00000040  00000000  00000040  RWIX
  CLB4DATAEXCH          00003e00   00000200  00000000  00000200  RWIX
  EPWM1                 00004000   00000100  00000000  00000100  RWIX
  EPWM2                 00004100   00000100  00000000  00000100  RWIX
  EPWM3                 00004200   00000100  00000000  00000100  RWIX
  EPWM4                 00004300   00000100  00000000  00000100  RWIX
  EPWM5                 00004400   00000100  00000000  00000100  RWIX
  EPWM6                 00004500   00000100  00000000  00000100  RWIX
  EPWM7                 00004600   00000100  00000000  00000100  RWIX
  EPWM8                 00004700   00000100  00000000  00000100  RWIX
  EPWM9                 00004800   00000100  00000000  00000100  RWIX
  EPWM10                00004900   00000100  00000000  00000100  RWIX
  EPWM11                00004a00   00000100  00000000  00000100  RWIX
  EPWM12                00004b00   00000100  00000000  00000100  RWIX
  ECAP1                 00005000   00000020  00000000  00000020  RWIX
  ECAP2                 00005020   00000020  00000000  00000020  RWIX
  ECAP3                 00005040   00000020  00000000  00000020  RWIX
  ECAP4                 00005060   00000020  00000000  00000020  RWIX
  ECAP5                 00005080   00000020  00000000  00000020  RWIX
  ECAP6                 000050a0   00000020  00000000  00000020  RWIX
  EQEP1                 00005100   00000022  00000000  00000022  RWIX
  EQEP2                 00005140   00000022  00000000  00000022  RWIX
  EQEP3                 00005180   00000022  00000000  00000022  RWIX
  DACA                  00005c00   00000008  00000007  00000001  RWIX
  DACB                  00005c10   00000008  00000007  00000001  RWIX
  DACC                  00005c20   00000008  00000007  00000001  RWIX
  CMPSS1                00005c80   00000020  00000000  00000020  RWIX
  CMPSS2                00005ca0   00000020  00000000  00000020  RWIX
  CMPSS3                00005cc0   00000020  00000000  00000020  RWIX
  CMPSS4                00005ce0   00000020  00000000  00000020  RWIX
  CMPSS5                00005d00   00000020  00000000  00000020  RWIX
  CMPSS6                00005d20   00000020  00000000  00000020  RWIX
  CMPSS7                00005d40   00000020  00000000  00000020  RWIX
  CMPSS8                00005d60   00000020  00000000  00000020  RWIX
  SDFM1                 00005e00   00000080  00000000  00000080  RWIX
  SDFM2                 00005e80   00000080  00000000  00000080  RWIX
  MCBSPA                00006000   00000024  00000000  00000024  RWIX
  MCBSPB                00006040   00000024  00000000  00000024  RWIX
  SPIA                  00006100   00000010  00000000  00000010  RWIX
  SPIB                  00006110   00000010  00000000  00000010  RWIX
  SPIC                  00006120   00000010  00000000  00000010  RWIX
  UPP                   00006200   00000048  00000000  00000048  RWIX
  WD                    00007000   0000002b  00000000  0000002b  RWIX
  NMIINTRUPT            00007060   00000007  00000000  00000007  RWIX
  XINT                  00007070   0000000b  00000000  0000000b  RWIX
  SCIA                  00007200   00000010  00000010  00000000  RWIX
  SCIB                  00007210   00000010  00000010  00000000  RWIX
  SCIC                  00007220   00000010  00000000  00000010  RWIX
  SCID                  00007230   00000010  00000000  00000010  RWIX
  I2CA                  00007300   00000022  00000000  00000022  RWIX
  I2CB                  00007340   00000022  00000000  00000022  RWIX
  ADCA                  00007400   00000080  0000007c  00000004  RWIX
  ADCB                  00007480   00000080  0000007c  00000004  RWIX
  ADCC                  00007500   00000080  0000007c  00000004  RWIX
  ADCD                  00007580   00000080  0000007c  00000004  RWIX
  INPUTXBAR             00007900   00000020  00000000  00000020  RWIX
  XBAR                  00007920   00000020  00000000  00000020  RWIX
  SYNCSOC               00007940   00000006  00000000  00000006  RWIX
  DMACLASRCSEL          00007980   0000001a  00000000  0000001a  RWIX
  EPWMXBAR              00007a00   00000040  00000000  00000040  RWIX
  CLBXBAR               00007a40   00000040  00000000  00000040  RWIX
  OUTPUTXBAR            00007a80   00000040  00000000  00000040  RWIX
  GPIOCTRL              00007c00   00000180  00000180  00000000  RWIX
  GPIODATA              00007f00   00000030  00000030  00000000  RWIX
  EMIF1                 00047000   00000070  00000000  00000070  RWIX
  EMIF2                 00047800   00000070  00000000  00000070  RWIX
  CANA                  00048000   00000200  00000000  00000200  RWIX
  CANB                  0004a000   00000200  00000000  00000200  RWIX
  IPC                   00050000   00000024  00000000  00000024  RWIX
  FLASHPUMPSEMAPHORE    00050024   00000002  00000000  00000002  RWIX
  DEVCFG                0005d000   0000012e  0000012e  00000000  RWIX
  ANALOGSUBSYS          0005d180   00000048  0000003e  0000000a  RWIX
  CLKCFG                0005d200   00000032  00000032  00000000  RWIX
  CPUSYS                0005d300   00000082  00000082  00000000  RWIX
  ROMPREFETCH           0005e608   00000002  00000000  00000002  RWIX
  DCSMZ1                0005f000   00000024  00000000  00000024  RWIX
  DCSMZ2                0005f040   00000024  00000000  00000024  RWIX
  DCSMCOMMON            0005f070   00000008  00000000  00000008  RWIX
  MEMCFG                0005f400   00000080  00000076  0000000a  RWIX
  EMIF1CONFIG           0005f480   00000020  00000000  00000020  RWIX
  EMIF2CONFIG           0005f4a0   00000020  00000000  00000020  RWIX
  ACCESSPROTECTION      0005f4c0   00000040  00000000  00000040  RWIX
  MEMORYERROR           0005f500   00000040  00000000  00000040  RWIX
  ROMWAITSTATE          0005f540   00000002  00000000  00000002  RWIX
  FLASH0CTRL            0005f800   00000182  00000000  00000182  RWIX
  FLASH0ECC             0005fb00   00000028  00000000  00000028  RWIX


SECTION ALLOCATION MAP

 output                                  attributes/
section   page    origin      length       input sections
--------  ----  ----------  ----------   ----------------
AdcaResultRegsFile 
*          1    00000b00    00000018     UNINITIALIZED
                  00000b00    00000018     F2837xD_GlobalVariableDefs.obj (AdcaResultRegsFile)

AdcbResultRegsFile 
*          1    00000b20    00000018     UNINITIALIZED
                  00000b20    00000018     F2837xD_GlobalVariableDefs.obj (AdcbResultRegsFile)

AdccResultRegsFile 
*          1    00000b40    00000018     UNINITIALIZED
                  00000b40    00000018     F2837xD_GlobalVariableDefs.obj (AdccResultRegsFile)

AdcdResultRegsFile 
*          1    00000b60    00000018     UNINITIALIZED
                  00000b60    00000018     F2837xD_GlobalVariableDefs.obj (AdcdResultRegsFile)

PieVectTableFile 
*          1    00000d00    000001c0     UNINITIALIZED
                  00000d00    000001c0     F2837xD_GlobalVariableDefs.obj (PieVectTableFile)

EmuKeyVar 
*          1    00000d00    00000000     UNINITIALIZED

EmuBModeVar 
*          1    00000d00    00000000     UNINITIALIZED

EmuBootPinsVar 
*          1    00000d00    00000000     UNINITIALIZED

FlashCallbackVar 
*          1    00000d00    00000000     UNINITIALIZED

FlashScalingVar 
*          1    00000d00    00000000     UNINITIALIZED

AdcaRegsFile 
*          1    00007400    0000007c     UNINITIALIZED
                  00007400    0000007c     F2837xD_GlobalVariableDefs.obj (AdcaRegsFile)

AdcbRegsFile 
*          1    00007480    0000007c     UNINITIALIZED
                  00007480    0000007c     F2837xD_GlobalVariableDefs.obj (AdcbRegsFile)

AdccRegsFile 
*          1    00007500    0000007c     UNINITIALIZED
                  00007500    0000007c     F2837xD_GlobalVariableDefs.obj (AdccRegsFile)

AdcdRegsFile 
*          1    00007580    0000007c     UNINITIALIZED
                  00007580    0000007c     F2837xD_GlobalVariableDefs.obj (AdcdRegsFile)

AnalogSubsysRegsFile 
*          1    0005d180    0000003e     UNINITIALIZED
                  0005d180    0000003e     F2837xD_GlobalVariableDefs.obj (AnalogSubsysRegsFile)

ClkCfgRegsFile 
*          1    0005d200    00000032     UNINITIALIZED
                  0005d200    00000032     F2837xD_GlobalVariableDefs.obj (ClkCfgRegsFile)

CpuTimer0RegsFile 
*          1    00000c00    00000008     UNINITIALIZED
                  00000c00    00000008     F2837xD_GlobalVariableDefs.obj (CpuTimer0RegsFile)

CpuTimer1RegsFile 
*          1    00000c08    00000008     UNINITIALIZED
                  00000c08    00000008     F2837xD_GlobalVariableDefs.obj (CpuTimer1RegsFile)

CpuTimer2RegsFile 
*          1    00000c10    00000008     UNINITIALIZED
                  00000c10    00000008     F2837xD_GlobalVariableDefs.obj (CpuTimer2RegsFile)

DacaRegsFile 
*          1    00005c00    00000007     UNINITIALIZED
                  00005c00    00000007     F2837xD_GlobalVariableDefs.obj (DacaRegsFile)

DacbRegsFile 
*          1    00005c10    00000007     UNINITIALIZED
                  00005c10    00000007     F2837xD_GlobalVariableDefs.obj (DacbRegsFile)

DaccRegsFile 
*          1    00005c20    00000007     UNINITIALIZED
                  00005c20    00000007     F2837xD_GlobalVariableDefs.obj (DaccRegsFile)

CpuSysRegsFile 
*          1    0005d300    00000082     UNINITIALIZED
                  0005d300    00000082     F2837xD_GlobalVariableDefs.obj (CpuSysRegsFile)

DevCfgRegsFile 
*          1    0005d000    0000012e     UNINITIALIZED
                  0005d000    0000012e     F2837xD_GlobalVariableDefs.obj (DevCfgRegsFile)

.bss       0    000083f8    00000ca7     UNINITIALIZED
                  000083f8    00000008     C2000_28379D_hal.obj (.bss:AdcHandles)
                  00008400    000003e2     C2000_28379D_hal.obj (.bss)
                  000087e2    000001f4     C2000_28379D_0.obj (.bss:g)
                  000089d6    000001f4     C2000_28379D_0.obj (.bss:gb)
                  00008bca    000001f4     C2000_28379D_0.obj (.bss:gv)
                  00008dbe    00000138     C2000_28379D_hal.obj (.bss:AdcObj)
                  00008ef6    0000000a     C2000_28379D_hal.obj (.bss:DacObj)
                  00008f00    00000076     C2000_28379D.obj (.bss)
                  00008f76    00000058     C2000_28379D_hal.obj (.bss:DoutObj)
                  00008fce    00000042     C2000_28379D.obj (.bss:C2000_28379D_cScriptStruct)
                  00009010    0000001e     dio_2837x.obj (.bss)
                  0000902e    0000000e     C2000_28379D.obj (.bss:C2000_28379D_D_uint32_t)
                  0000903c    00000002     C2000_28379D.obj (.bss:C2000_28379D_subTaskTick)
                  0000903e    00000002     C2000_28379D_hal.obj (.bss:DacHandles)
                  00009040    00000034     dispatcher.obj (.bss)
                  00009074    00000016     C2000_28379D_hal.obj (.bss:DoutHandles)
                  0000908a    0000000a     C2000_28379D_hal.obj (.bss:TaskObj)
                  00009094    00000008     C2000_28379D.obj (.bss:C2000_28379D_ExtModeBuffer)
                  0000909c    00000002     ain_type4.obj (.bss)
                  0000909e    00000001     C2000_28379D.obj (.bss:C2000_28379D_subTaskHit)

scopeflag_remote 
*          0    0003fb7f    00000001     UNINITIALIZED
                  0003fb7f    00000001     C2000_28379D_hal.obj (scopeflag_remote:retain)

codestart 
*          0    00080000    00000002     
                  00080000    00000002     F2837xD_CodeStartBranch.obj (codestart)

.text      0    000802b8    00005746     
                  000802b8    00000d02     C2000_28379D_0.obj (.text)
                  00080fba    0000067c     rts2800_fpu32_eabi.lib : k_rem_pio2.c.obj (.text)
                  00081636    0000061f     pil_c28_fpu32_eabi.lib : probes.obj (.text)
                  00081c55    000005c4                            : scope.obj (.text)
                  00082219    00000585     F2837xD_DefaultISR.obj (.text:retain)
                  0008279e    0000057f     plx_driverlib_fpu32_eabi.lib : sysctl.obj (.text)
                  00082d1d    000004cb     C2000_28379D_hal.obj (.text)
                  000831e8    00000458     pil_c28_fpu32_eabi.lib : pil.obj (.text)
                  00083640    00000431     rts2800_fpu32_eabi.lib : e_rem_pio2.c.obj (.text)
                  00083a71    00000323     pil_c28_fpu32_eabi.lib : seriallink.obj (.text)
                  00083d94    000002a7                            : dualcorelink.obj (.text)
                  0008403b    00000226                            : basicservices.obj (.text)
                  00084261    000001f9                            : remoteagent.obj (.text)
                  0008445a    000001eb     plx_driverlib_fpu32_eabi.lib : gpio.obj (.text)
                  00084645    0000018f     ain_type4.obj (.text)
                  000847d4    00000172     pil_c28_fpu32_eabi.lib : parallelbridge.obj (.text)
                  00084946    0000014e     dispatcher.obj (.text)
                  00084a94    00000125     rts2800_fpu32_eabi.lib : k_sin.c.obj (.text)
                  00084bb9    00000113                            : k_cos.c.obj (.text)
                  00084ccc    000000ef     F2837xD_Adc.obj (.text)
                  00084dbb    000000eb     F2837xD_DevInit.obj (.text)
                  00084ea6    000000e8     rts2800_fpu32_eabi.lib : s_floor.c.obj (.text)
                  00084f8e    000000de                            : e_sqrt.c.obj (.text)
                  0008506c    000000ce                            : s_cos.c.obj (.text)
                  0008513a    000000cb                            : s_sin.c.obj (.text)
                  00085205    000000b7     C2000_28379D.obj (.text)
                  000852bc    000000a9     rts2800_fpu32_eabi.lib : s_scalbn.c.obj (.text)
                  00085365    0000009c                            : fd_add28.asm.obj (.text)
                  00085401    0000008b                            : fd_div28.asm.obj (.text)
                  0008548c    00000088                            : fs_div28.asm.obj (.text)
                  00085514    00000083     dac_type1.obj (.text)
                  00085597    00000083     rts2800_fpu32_eabi.lib : fd_mpy28.asm.obj (.text)
                  0008561a    0000007e     dio_2837x.obj (.text)
                  00085698    00000064     pil_c28_fpu32_eabi.lib : ringbuf.obj (.text)
                  000856fc    00000058     sci_2837x.obj (.text)
                  00085754    00000037     C2000_28379D_hal.obj (.text:retain)
                  0008578b    00000030     rts2800_fpu32_eabi.lib : copy_decompress_lzss.c.obj (.text:decompress:lzss)
                  000857bb    0000002b                            : autoinit.c.obj (.text:__TI_auto_init_nobinit_nopinit)
                  000857e6    0000002a                            : fd_cmp28.asm.obj (.text)
                  00085810    00000029                            : exit.c.obj (.text)
                  00085839    00000024                            : s_copysign.c.obj (.text)
                  0008585d    00000023                            : fd_tofsfpu32.asm.obj (.text)
                  00085880    00000022                            : i_div28.asm.obj (.text)
                  000858a2    00000021     C2000_28379D_main.obj (.text)
                  000858c3    00000021     rts2800_fpu32_eabi.lib : fd_toi28.asm.obj (.text)
                  000858e4    0000001f                            : fd_tol28.asm.obj (.text)
                  00085903    0000001d                            : memcpy.c.obj (.text)
                  00085920    0000001c                            : fs_tofdfpu32.asm.obj (.text)
                  0008593c    0000001c                            : l_tofd28.asm.obj (.text)
                  00085958    00000018                            : ll_aox28.asm.obj (.text)
                  00085970    00000017                            : boot28.asm.obj (.text)
                  00085987    00000013     plx_driverlib_fpu32_eabi.lib : flash.obj (.text)
                  0008599a    0000000e     rts2800_fpu32_eabi.lib : fd_sub28.asm.obj (.text)
                  000859a8    0000000c                            : args_main.c.obj (.text)
                  000859b4    0000000a     F2837xD_DevInit.obj (.text:retain)
                  000859be    00000009     rts2800_fpu32_eabi.lib : _lock.c.obj (.text)
                  000859c7    00000009                            : fd_neg28.asm.obj (.text)
                  000859d0    00000008     F2837xD_CodeStartBranch.obj (.text)
                  000859d8    00000008     rts2800_fpu32_eabi.lib : copy_decompress_none.c.obj (.text:decompress:none)
                  000859e0    00000007     dispatcher_asm.obj (.text)
                  000859e7    00000007     pil_c28_fpu32_eabi.lib : pil_f28x_dis_int.obj (.text)
                  000859ee    00000007     rts2800_fpu32_eabi.lib : memset.c.obj (.text)
                  000859f5    00000006                            : copy_zero_init.c.obj (.text:decompress:ZI)
                  000859fb    00000002                            : pre_init.c.obj (.text)
                  000859fd    00000001                            : startup.c.obj (.text)

GpioCtrlRegsFile 
*          1    00007c00    00000180     UNINITIALIZED
                  00007c00    00000180     F2837xD_GlobalVariableDefs.obj (GpioCtrlRegsFile)

GpioDataRegsFile 
*          1    00007f00    00000030     UNINITIALIZED
                  00007f00    00000030     F2837xD_GlobalVariableDefs.obj (GpioDataRegsFile)

MemCfgRegsFile 
*          1    0005f400    00000076     UNINITIALIZED
                  0005f400    00000076     F2837xD_GlobalVariableDefs.obj (MemCfgRegsFile)

PieCtrlRegsFile 
*          1    00000ce0    0000001a     UNINITIALIZED
                  00000ce0    0000001a     F2837xD_GlobalVariableDefs.obj (PieCtrlRegsFile)

SciaRegsFile 
*          1    00007200    00000010     UNINITIALIZED
                  00007200    00000010     F2837xD_GlobalVariableDefs.obj (SciaRegsFile)

ScibRegsFile 
*          1    00007210    00000010     UNINITIALIZED
                  00007210    00000010     F2837xD_GlobalVariableDefs.obj (ScibRegsFile)

scope      0    00008000    000003f8     UNINITIALIZED
                  00008000    000003f8     C2000_28379D_hal.obj (scope)

scopeflag_local 
*          0    0003ff7f    00000001     UNINITIALIZED
                  0003ff7f    00000001     C2000_28379D_hal.obj (scopeflag_local:retain)

step       0    00085a00    0000032f     
                  00085a00    0000032f     C2000_28379D.obj (step)

dispatch   0    00085d30    000000db     
                  00085d30    000000db     dispatcher.obj (dispatch)

.cinit     0    00085edc    000000e0     
                  00085edc    000000ae     (.cinit..data.load) [load image, compression = lzss]
                  00085f8a    00000006     (__TI_handler_table)
                  00085f90    00000004     (.cinit..bss.load) [load image, compression = zero_init]
                  00085f94    00000004     (.cinit.PieVectTableFile.load) [load image, compression = zero_init]
                  00085f98    00000004     (.cinit.scope.load) [load image, compression = zero_init]
                  00085f9c    00000004     (.cinit.scopeflag_local.load) [load image, compression = zero_init]
                  00085fa0    00000004     (.cinit.scopeflag_remote.load) [load image, compression = zero_init]
                  00085fa4    00000018     (__TI_cinit_table)

.stack     0    00000400    00000300     UNINITIALIZED
                  00000400    00000300     --HOLE--

.init_array 
*          0    00080004    00000000     UNINITIALIZED

.const     0    00080004    000002b3     
                  00080004    00000084     rts2800_fpu32_eabi.lib : k_rem_pio2.c.obj (.const:ipio2)
                  00080088    00000038                            : k_sin.c.obj (.const)
                  000800c0    00000064                            : e_rem_pio2.c.obj (.const)
                  00080124    0000001c                            : s_scalbn.c.obj (.const)
                  00080140    00000043     C2000_28379D_hal.obj (.const:pilv)
                  00080183    00000001     --HOLE-- [fill = 0]
                  00080184    0000003c     rts2800_fpu32_eabi.lib : k_cos.c.obj (.const)
                  000801c0    0000002c                            : k_rem_pio2.c.obj (.const)
                  000801ec    00000029     C2000_28379D.obj (.const:.string)
                  00080215    00000001     --HOLE-- [fill = 0]
                  00080216    00000020     rts2800_fpu32_eabi.lib : k_rem_pio2.c.obj (.const:PIo2)
                  00080236    00000008     C2000_28379D.obj (.const:C2000_28379D_ExtModeSignals)
                  0008023e    00000002     C2000_28379D.obj (.const:C2000_28379D_subTaskPeriod)
                  00080240    00000018     C2000_28379D_hal.obj (.const:pilv:retain)
                  00080258    00000016     C2000_28379D_hal.obj (.const)
                  0008026e    00000010     C2000_28379D_0.obj (.const)
                  0008027e    00000010     pil_c28_fpu32_eabi.lib : seriallink.obj (.const:PIL_SLINK_crc16Lookup)
                  0008028e    0000000c     rts2800_fpu32_eabi.lib : e_sqrt.c.obj (.const)
                  0008029a    0000000c                            : s_floor.c.obj (.const)
                  000802a6    00000004     C2000_28379D.obj (.const)
                  000802aa    00000004     rts2800_fpu32_eabi.lib : k_rem_pio2.c.obj (.const:init_jk)
                  000802ae    00000004                            : s_cos.c.obj (.const)
                  000802b2    00000004                            : s_sin.c.obj (.const)
                  000802b6    00000001     C2000_28379D_hal.obj (.const:.string)

.data      0    000090a0    000007e7     UNINITIALIZED
                  000090a0    000001f4     C2000_28379D_0.obj (.data:Sa)
                  00009294    000001f4     C2000_28379D_0.obj (.data:Sb)
                  00009488    000001f4     C2000_28379D_0.obj (.data:Sc)
                  0000967c    00000004     C2000_28379D_hal.obj (.data)
                  00009680    000001a8     C2000_28379D_0.obj (.data)
                  00009828    00000014     C2000_28379D.obj (.data:inputPtrs$2)
                  0000983c    00000014     C2000_28379D.obj (.data:terminalSampleTimeOffsets$12)
                  00009850    00000014     C2000_28379D.obj (.data:terminalSampleTimePeriods$11)
                  00009864    00000008     C2000_28379D.obj (.data:outputPtrs$5)
                  0000986c    00000006     rts2800_fpu32_eabi.lib : exit.c.obj (.data)
                  00009872    00000002                            : _lock.c.obj (.data:_lock)
                  00009874    00000002                            : _lock.c.obj (.data:_unlock)
                  00009876    00000002     C2000_28379D.obj (.data:inputs$3)
                  00009878    00000002     C2000_28379D.obj (.data:outputs$6)
                  0000987a    00000002     C2000_28379D.obj (.data:sampleHits$8)
                  0000987c    00000002     C2000_28379D.obj (.data:sampleTimeOffsets$10)
                  0000987e    00000002     C2000_28379D.obj (.data:sampleTimePeriods$9)
                  00009880    00000002     C2000_28379D.obj (.data:terminalSampleTimeOffsetPtrs$14)
                  00009882    00000002     C2000_28379D.obj (.data:terminalSampleTimePeriodPtrs$13)
                  00009884    00000001     C2000_28379D.obj (.data:numInputSignals$1)
                  00009885    00000001     C2000_28379D.obj (.data:numOutputSignals$4)
                  00009886    00000001     rts2800_fpu32_eabi.lib : errno.c.obj (.data)

ramfuncs   0    00085e0c    00000000     UNINITIALIZEDRUN ADDR = 00000124

.TI.ramfunc 
*          0    00085e0c    000000cf     RUN ADDR = 00000124
                  00085e0c    000000cb     plx_driverlib_fpu32_eabi.lib : flash.obj (.TI.ramfunc)
                  00085ed7    00000004                                  : sysctl.obj (.TI.ramfunc)

.reset     0    003fffc0    00000000     DSECT

MODULE SUMMARY

       Module                           code    ro data   rw data
       ------                           ----    -------   -------
    .\output_TI2837xS_cpu1\
       C2000_28379D_0.obj               3330    16        3424   
       C2000_28379D_hal.obj             1282    114       2468   
       F2837xD_GlobalVariableDefs.obj   0       0         2237   
       F2837xD_DefaultISR.obj           1413    0         0      
       C2000_28379D.obj                 998     55        293    
       dispatcher.obj                   553     0         52     
       ain_type4.obj                    399     0         2      
       F2837xD_DevInit.obj              245     0         0      
       F2837xD_Adc.obj                  239     0         0      
       dio_2837x.obj                    126     0         30     
       dac_type1.obj                    131     0         0      
       sci_2837x.obj                    88      0         0      
       C2000_28379D_main.obj            33      0         0      
       F2837xD_CodeStartBranch.obj      10      0         0      
       dispatcher_asm.obj               7       0         0      
    +--+--------------------------------+-------+---------+---------+
       Total:                           8854    185       8506   
                                                                 
    C:\Users\user\AppData\Local\Programs\PLECS C2000 TSP\cgt\ti-cgt-c2000_22.6.1.LTS\lib\rts2800_fpu32_eabi.lib
       k_rem_pio2.c.obj                 1660    212       0      
       e_rem_pio2.c.obj                 1073    100       0      
       k_sin.c.obj                      293     56        0      
       k_cos.c.obj                      275     60        0      
       s_floor.c.obj                    232     12        0      
       e_sqrt.c.obj                     222     12        0      
       s_cos.c.obj                      206     4         0      
       s_sin.c.obj                      203     4         0      
       s_scalbn.c.obj                   169     28        0      
       fd_add28.asm.obj                 156     0         0      
       fd_div28.asm.obj                 139     0         0      
       fs_div28.asm.obj                 136     0         0      
       fd_mpy28.asm.obj                 131     0         0      
       copy_decompress_lzss.c.obj       48      0         0      
       exit.c.obj                       41      0         6      
       autoinit.c.obj                   43      0         0      
       fd_cmp28.asm.obj                 42      0         0      
       s_copysign.c.obj                 36      0         0      
       fd_tofsfpu32.asm.obj             35      0         0      
       i_div28.asm.obj                  34      0         0      
       fd_toi28.asm.obj                 33      0         0      
       fd_tol28.asm.obj                 31      0         0      
       memcpy.c.obj                     29      0         0      
       fs_tofdfpu32.asm.obj             28      0         0      
       l_tofd28.asm.obj                 28      0         0      
       ll_aox28.asm.obj                 24      0         0      
       boot28.asm.obj                   23      0         0      
       fd_sub28.asm.obj                 14      0         0      
       _lock.c.obj                      9       0         4      
       args_main.c.obj                  12      0         0      
       fd_neg28.asm.obj                 9       0         0      
       copy_decompress_none.c.obj       8       0         0      
       memset.c.obj                     7       0         0      
       copy_zero_init.c.obj             6       0         0      
       pre_init.c.obj                   2       0         0      
       errno.c.obj                      0       0         1      
       startup.c.obj                    1       0         0      
    +--+--------------------------------+-------+---------+---------+
       Total:                           5438    488       11     
                                                                 
    F:\Repositorio_Chris\tsp_ti_c2000\ccs\2837x\..\pil\pil_c28_fpu32_eabi.lib
       probes.obj                       1567    0         0      
       scope.obj                        1476    0         0      
       pil.obj                          1112    0         0      
       seriallink.obj                   803     16        0      
       dualcorelink.obj                 679     0         0      
       basicservices.obj                550     0         0      
       remoteagent.obj                  505     0         0      
       parallelbridge.obj               370     0         0      
       ringbuf.obj                      100     0         0      
       pil_f28x_dis_int.obj             7       0         0      
    +--+--------------------------------+-------+---------+---------+
       Total:                           7169    16        0      
                                                                 
    F:\Repositorio_Chris\tsp_ti_c2000\ccs\2837x\tisrc\driverlib\plx_driverlib_fpu32_eabi.lib
       sysctl.obj                       1415    0         0      
       gpio.obj                         491     0         0      
       flash.obj                        425     0         0      
    +--+--------------------------------+-------+---------+---------+
       Total:                           2331    0         0      
                                                                 
       Stack:                           0       0         768    
       Linker Generated:                0       224       0      
    +--+--------------------------------+-------+---------+---------+
       Grand Total:                     23792   913       9285   


LINKER GENERATED COPY TABLES

__TI_cinit_table @ 00085fa4 records: 6, size/record: 4, table size: 24
	.data: load addr=00085edc, load size=000000ae bytes, run addr=000090a0, run size=000007e7 bytes, compression=lzss
	.bss: load addr=00085f90, load size=00000004 bytes, run addr=000083f8, run size=00000ca7 bytes, compression=zero_init
	PieVectTableFile: load addr=00085f94, load size=00000004 bytes, run addr=00000d00, run size=000001c0 bytes, compression=zero_init
	scope: load addr=00085f98, load size=00000004 bytes, run addr=00008000, run size=000003f8 bytes, compression=zero_init
	scopeflag_local: load addr=00085f9c, load size=00000004 bytes, run addr=0003ff7f, run size=00000001 bytes, compression=zero_init
	scopeflag_remote: load addr=00085fa0, load size=00000004 bytes, run addr=0003fb7f, run size=00000001 bytes, compression=zero_init


LINKER GENERATED HANDLER TABLE

__TI_handler_table @ 00085f8a records: 3, size/record: 2, table size: 6
	index: 0, handler: __TI_zero_init
	index: 1, handler: __TI_decompress_lzss
	index: 2, handler: __TI_decompress_none


GLOBAL DATA SYMBOLS: SORTED BY DATA PAGE

address     data page           name
--------    ----------------    ----
00000400      10 (00000400)     __stack

00000b00      2c (00000b00)     AdcaResultRegs
00000b20      2c (00000b00)     AdcbResultRegs

00000b40      2d (00000b40)     AdccResultRegs
00000b60      2d (00000b40)     AdcdResultRegs

00000c00      30 (00000c00)     CpuTimer0Regs
00000c08      30 (00000c00)     CpuTimer1Regs
00000c10      30 (00000c00)     CpuTimer2Regs

00000ce0      33 (00000cc0)     PieCtrlRegs

00000d00      34 (00000d00)     PieVectTable

00005c00     170 (00005c00)     DacaRegs
00005c10     170 (00005c00)     DacbRegs
00005c20     170 (00005c00)     DaccRegs

00007200     1c8 (00007200)     SciaRegs
00007210     1c8 (00007200)     ScibRegs

00007400     1d0 (00007400)     AdcaRegs

00007480     1d2 (00007480)     AdcbRegs

00007500     1d4 (00007500)     AdccRegs

00007580     1d6 (00007580)     AdcdRegs

00007c00     1f0 (00007c00)     GpioCtrlRegs

00007f00     1fc (00007f00)     GpioDataRegs

00008000     200 (00008000)     ScopeBuffer

000083f8     20f (000083c0)     AdcHandles

00008400     210 (00008400)     SciHandle
00008402     210 (00008400)     SciObj

00008440     211 (00008440)     PilObj

000087e2     21f (000087c0)     g

000089d6     227 (000089c0)     gb

00008bca     22f (00008bc0)     gv

00008dbe     236 (00008d80)     AdcObj

00008ef6     23b (00008ec0)     DacObj

00008f04     23c (00008f00)     C2000_28379D_errorStatus

00008f40     23d (00008f40)     C2000_28379D_B
00008f76     23d (00008f40)     DoutObj

0000903e     240 (00009000)     DacHandles

00009040     241 (00009040)     DisprHandle
00009042     241 (00009040)     DisprObj
00009074     241 (00009040)     DoutHandles

0000908a     242 (00009080)     TaskObj
000090a0     242 (00009080)     Sa

00009294     24a (00009280)     Sb

00009488     252 (00009480)     Sc

0000967e     259 (00009640)     PilHandle

00009680     25a (00009680)     Sa1
00009681     25a (00009680)     Sa2
00009682     25a (00009680)     Sa3
00009683     25a (00009680)     Sb1
00009684     25a (00009680)     Sb2
00009685     25a (00009680)     Sb3
00009686     25a (00009680)     Sc1
00009687     25a (00009680)     Sc2
00009688     25a (00009680)     Sc3
00009689     25a (00009680)     cont_v
0000968a     25a (00009680)     x
0000968b     25a (00009680)     x_opt
0000968c     25a (00009680)     h
00009690     25a (00009680)     Vdc
00009694     25a (00009680)     L1
00009698     25a (00009680)     L2
0000969c     25a (00009680)     Cf
000096a0     25a (00009680)     R
000096a4     25a (00009680)     rc
000096a8     25a (00009680)     w
000096ac     25a (00009680)     R1
000096b0     25a (00009680)     Vgd_r
000096b4     25a (00009680)     Vgq_r
000096b8     25a (00009680)     e
000096bc     25a (00009680)     d1_L1C

000096c0     25b (000096c0)     d1_L2
000096c4     25b (000096c0)     C2
000096c8     25b (000096c0)     d1_C2
000096cc     25b (000096c0)     d1_L1
000096d0     25b (000096c0)     d1_c
000096d4     25b (000096c0)     ik_d
000096d8     25b (000096c0)     ik_q
000096dc     25b (000096c0)     ik1_d
000096e0     25b (000096c0)     ik1_q
000096e4     25b (000096c0)     V_d
000096e8     25b (000096c0)     V_q
000096ec     25b (000096c0)     Vd_ant_2
000096f0     25b (000096c0)     Vd_ant
000096f4     25b (000096c0)     Vgd_ant_2
000096f8     25b (000096c0)     Vgd_ant
000096fc     25b (000096c0)     Vq_ant_2

00009700     25c (00009700)     Vq_ant
00009704     25c (00009700)     Vgq_ant_2
00009708     25c (00009700)     Vgq_ant
0000970c     25c (00009700)     Vcdp
00009710     25c (00009700)     Vcqp
00009714     25c (00009700)     Vcd_ant_2
00009718     25c (00009700)     Vcd_ant
0000971c     25c (00009700)     Vcd
00009720     25c (00009700)     Vcd_k0
00009724     25c (00009700)     Vcd_k1
00009728     25c (00009700)     Vcq_ant_2
0000972c     25c (00009700)     Vcq_ant
00009730     25c (00009700)     Vcq
00009734     25c (00009700)     Vcq_k0
00009738     25c (00009700)     Vcq_k1
0000973c     25c (00009700)     i2d_k

00009740     25d (00009740)     i2d_k0
00009744     25d (00009740)     i2d_k1
00009748     25d (00009740)     i2d_ant
0000974c     25d (00009740)     i2d_ant_2
00009750     25d (00009740)     i2q_k
00009754     25d (00009740)     i2q_k0
00009758     25d (00009740)     i2q_k1
0000975c     25d (00009740)     i2q_ant
00009760     25d (00009740)     i2q_ant_2
00009764     25d (00009740)     i1d_k
00009768     25d (00009740)     i1d_k0
0000976c     25d (00009740)     i1d_k1
00009770     25d (00009740)     i1d_ant
00009774     25d (00009740)     i1d_ant_2
00009778     25d (00009740)     i1q_k
0000977c     25d (00009740)     i1q_k0

00009780     25e (00009780)     i1q_k1
00009784     25e (00009780)     i1q_ant
00009788     25e (00009780)     i1q_ant_2
0000978c     25e (00009780)     Vgd_k
00009790     25e (00009780)     Vgd_k0
00009794     25e (00009780)     Vgd_k1
00009798     25e (00009780)     Vgq_k
0000979c     25e (00009780)     Vgq_k0
000097a0     25e (00009780)     Vgq_k1
000097a4     25e (00009780)     id_ref
000097a8     25e (00009780)     iq_ref
000097ac     25e (00009780)     ia_ref
000097b0     25e (00009780)     ib_ref
000097b4     25e (00009780)     id
000097b8     25e (00009780)     iq
000097bc     25e (00009780)     theta

000097c0     25f (000097c0)     ed
000097c4     25f (000097c0)     xd
000097c8     25f (000097c0)     vd
000097cc     25f (000097c0)     edp
000097d0     25f (000097c0)     eq
000097d4     25f (000097c0)     xq
000097d8     25f (000097c0)     vq
000097dc     25f (000097c0)     eqp
000097e0     25f (000097c0)     ma
000097e4     25f (000097c0)     mb
000097e8     25f (000097c0)     mc
000097ec     25f (000097c0)     sat
000097f0     25f (000097c0)     dp
000097f4     25f (000097c0)     id_r
000097f8     25f (000097c0)     iq_r
000097fc     25f (000097c0)     Vcd_r

00009800     260 (00009800)     Vcq_r
00009804     260 (00009800)     g_opt
00009808     260 (00009800)     t
0000980c     260 (00009800)     gx
00009810     260 (00009800)     e_ant
00009814     260 (00009800)     ik0_d
00009818     260 (00009800)     ik0_q
0000981c     260 (00009800)     e1
00009820     260 (00009800)     PI23
00009824     260 (00009800)     CS

0000986c     261 (00009840)     __TI_enable_exit_profile_output
0000986e     261 (00009840)     __TI_cleanup_ptr
00009870     261 (00009840)     __TI_dtors_ptr
00009872     261 (00009840)     _lock
00009874     261 (00009840)     _unlock

00009886     262 (00009880)     errno

0003fb7f     fed (0003fb40)     ScopeFlagCpuRemote

0003ff7f     ffd (0003ff40)     ScopeFlagCpuThis

0005d000    1740 (0005d000)     DevCfgRegs

0005d180    1746 (0005d180)     AnalogSubsysRegs

0005d200    1748 (0005d200)     ClkCfgRegs

0005d300    174c (0005d300)     CpuSysRegs

0005f400    17d0 (0005f400)     MemCfgRegs

00080140    2005 (00080140)     PIL_D_FrameworkVersion
00080141    2005 (00080140)     PIL_D_StationAddress
00080142    2005 (00080140)     PIL_D_BaudRate
00080144    2005 (00080140)     PIL_D_Guid
0008014c    2005 (00080140)     PIL_D_CompiledBy
00080158    2005 (00080140)     PIL_D_CompiledDate
0008016c    2005 (00080140)     PIL_D_FirmwareDescription

00080236    2008 (00080200)     C2000_28379D_ExtModeSignals

00080240    2009 (00080240)     PIL_C_ExtMode_targetFloat_Size
00080242    2009 (00080240)     PIL_C_ExtMode_targetPointer_Size
00080244    2009 (00080240)     PIL_C_ExtMode_sampleTime_Ptr
00080246    2009 (00080240)     PIL_C_ExtMode_checksum_Ptr
00080248    2009 (00080240)     PIL_C_ExtMode_ExtModeSignals_Ptr
0008024a    2009 (00080240)     PIL_C_ExtMode_ExtModeSignals_Size
0008024c    2009 (00080240)     PIL_V_ScopeFlagCpuRemote
00080252    2009 (00080240)     PIL_V_ScopeFlagCpuThis
0008027e    2009 (00080240)     PIL_SLINK_crc16Lookup

000802a6    200a (00080280)     C2000_28379D_sampleTime
000802a8    200a (00080280)     C2000_28379D_checksum


GLOBAL SYMBOLS: SORTED ALPHABETICALLY BY Name 

page  address   name                              
----  -------   ----                              
0     00082794  ADCA1_ISR                         
0     0008278a  ADCA2_ISR                         
0     00082780  ADCA3_ISR                         
0     00082776  ADCA4_ISR                         
0     0008276c  ADCA_EVT_ISR                      
0     00082762  ADCB1_ISR                         
0     00082758  ADCB2_ISR                         
0     0008274e  ADCB3_ISR                         
0     00082744  ADCB4_ISR                         
0     0008273a  ADCB_EVT_ISR                      
0     00082730  ADCC1_ISR                         
0     00082726  ADCC2_ISR                         
0     0008271c  ADCC3_ISR                         
0     00082712  ADCC4_ISR                         
0     00082708  ADCC_EVT_ISR                      
0     000826fe  ADCD1_ISR                         
0     000826f4  ADCD2_ISR                         
0     000826ea  ADCD3_ISR                         
0     000826e0  ADCD4_ISR                         
0     000826d6  ADCD_EVT_ISR                      
0     000826cc  AUX_PLL_SLIP_ISR                  
0     000083f8  AdcHandles                        
0     00008dbe  AdcObj                            
0     00084d04  AdcSetMode                        
1     00007400  AdcaRegs                          
1     00000b00  AdcaResultRegs                    
1     00007480  AdcbRegs                          
1     00000b20  AdcbResultRegs                    
1     00007500  AdccRegs                          
1     00000b40  AdccResultRegs                    
1     00007580  AdcdRegs                          
1     00000b60  AdcdResultRegs                    
1     0005d180  AnalogSubsysRegs                  
0     00085810  C$$EXIT                           
0     000096c4  C2                                
0     00080fb9  C2000_28379D_0_cScriptDerivative  
0     00080f78  C2000_28379D_0_cScriptOutput      
0     00080f77  C2000_28379D_0_cScriptStart       
0     00080f76  C2000_28379D_0_cScriptTerminate   
0     000802b8  C2000_28379D_0_cScriptUpdate      
0     00008f40  C2000_28379D_B                    
0     00080236  C2000_28379D_ExtModeSignals       
0     00082d2d  C2000_28379D_background           
0     00085754  C2000_28379D_baseTaskInterrupt    
0     000802a8  C2000_28379D_checksum             
0     00082d1d  C2000_28379D_enableTasksInterrupt 
0     00008f04  C2000_28379D_errorStatus          
0     00082db5  C2000_28379D_initHal              
0     00085213  C2000_28379D_initialize           
0     000802a6  C2000_28379D_sampleTime           
0     00085a00  C2000_28379D_step                 
0     00082d28  C2000_28379D_syncTimers           
0     00085205  C2000_28379D_terminate            
0     000826c2  CANA0_ISR                         
0     000826b8  CANA1_ISR                         
0     000826ae  CANB0_ISR                         
0     000826a4  CANB1_ISR                         
0     0008269a  CLA1_1_ISR                        
0     00082690  CLA1_2_ISR                        
0     00082686  CLA1_3_ISR                        
0     0008267c  CLA1_4_ISR                        
0     00082672  CLA1_5_ISR                        
0     00082668  CLA1_6_ISR                        
0     0008265e  CLA1_7_ISR                        
0     00082654  CLA1_8_ISR                        
0     0008264a  CLA_OVERFLOW_ISR                  
0     00082640  CLA_UNDERFLOW_ISR                 
0     00009824  CS                                
0     00084ccc  CalAdcINL                         
0     0000969c  Cf                                
1     0005d200  ClkCfgRegs                        
1     0005d300  CpuSysRegs                        
1     00000c00  CpuTimer0Regs                     
1     00000c08  CpuTimer1Regs                     
1     00000c10  CpuTimer2Regs                     
0     00082636  DATALOG_ISR                       
0     00084959  DISPR_background                  
0     00084a72  DISPR_configure                   
0     000859e0  DISPR_disableInt                  
0     00085d30  DISPR_dispatch                    
0     00084a6c  DISPR_registerIdleTask            
0     00084a66  DISPR_registerPanicCallback       
0     00084a60  DISPR_registerSyncCallback        
0     00084a1a  DISPR_registerTask                
0     00084946  DISPR_reset                       
0     000859e4  DISPR_restoreInt                  
0     00084a14  DISPR_setPowerupDelay             
0     00084a06  DISPR_sinit                       
0     000849cd  DISPR_start                       
0     0008262c  DMA_CH1_ISR                       
0     00082622  DMA_CH2_ISR                       
0     00082618  DMA_CH3_ISR                       
0     0008260e  DMA_CH4_ISR                       
0     00082604  DMA_CH5_ISR                       
0     000825fa  DMA_CH6_ISR                       
0     0000903e  DacHandles                        
0     00008ef6  DacObj                            
1     00005c00  DacaRegs                          
1     00005c10  DacbRegs                          
1     00005c20  DaccRegs                          
1     0005d000  DevCfgRegs                        
0     00084e6a  DevInit                           
0     00009040  DisprHandle                       
0     00009042  DisprObj                          
0     00009074  DoutHandles                       
0     00008f76  DoutObj                           
0     000825f0  ECAP1_ISR                         
0     000825e6  ECAP2_ISR                         
0     000825dc  ECAP3_ISR                         
0     000825d2  ECAP4_ISR                         
0     000825c8  ECAP5_ISR                         
0     000825be  ECAP6_ISR                         
0     000825b4  EMIF_ERROR_ISR                    
0     000825a7  EMPTY_ISR                         
0     0008259d  EMU_ISR                           
0     00082593  EPWM10_ISR                        
0     00082589  EPWM10_TZ_ISR                     
0     0008257f  EPWM11_ISR                        
0     00082575  EPWM11_TZ_ISR                     
0     0008256b  EPWM12_ISR                        
0     00082561  EPWM12_TZ_ISR                     
0     00082557  EPWM1_ISR                         
0     0008254d  EPWM1_TZ_ISR                      
0     00082543  EPWM2_ISR                         
0     00082539  EPWM2_TZ_ISR                      
0     0008252f  EPWM3_ISR                         
0     00082525  EPWM3_TZ_ISR                      
0     0008251b  EPWM4_ISR                         
0     00082511  EPWM4_TZ_ISR                      
0     00082507  EPWM5_ISR                         
0     000824fd  EPWM5_TZ_ISR                      
0     000824f3  EPWM6_ISR                         
0     000824e9  EPWM6_TZ_ISR                      
0     000824df  EPWM7_ISR                         
0     000824d5  EPWM7_TZ_ISR                      
0     000824cb  EPWM8_ISR                         
0     000824c1  EPWM8_TZ_ISR                      
0     000824b7  EPWM9_ISR                         
0     000824ad  EPWM9_TZ_ISR                      
0     000824a3  EQEP1_ISR                         
0     00082499  EQEP2_ISR                         
0     0008248f  EQEP3_ISR                         
0     00082485  FLASH_CORRECTABLE_ERROR_ISR       
0     0008247b  FPU_OVERFLOW_ISR                  
0     00082471  FPU_UNDERFLOW_ISR                 
0     000001ac  Flash_initModule                  
0     000001d3  Flash_powerDown                   
0     000001e3  Flash_wakeFromLPM                 
0     0008448e  GPIO_getDirectionMode             
0     00084517  GPIO_getPadConfig                 
0     00084577  GPIO_getQualificationMode         
0     000845e6  GPIO_setAnalogMode                
0     00084467  GPIO_setDirectionMode             
0     000844a4  GPIO_setInterruptPin              
0     000845ba  GPIO_setMasterCore                
0     000844cf  GPIO_setPadConfig                 
0     0008460e  GPIO_setPinConfig                 
0     0008454b  GPIO_setQualificationMode         
0     00084598  GPIO_setQualificationPeriod       
1     00007c00  GpioCtrlRegs                      
1     00007f00  GpioDataRegs                      
0     00082467  I2CA_FIFO_ISR                     
0     0008245d  I2CA_ISR                          
0     00082453  I2CB_FIFO_ISR                     
0     00082449  I2CB_ISR                          
0     0008243f  ILLEGAL_ISR                       
0     00082435  IPC0_ISR                          
0     0008242b  IPC1_ISR                          
0     00082421  IPC2_ISR                          
0     00082417  IPC3_ISR                          
0     000859b4  ISR_ILLEGAL                       
0     00084dc5  InitFlashHz                       
0     00009694  L1                                
0     00009698  L2                                
0     0008240d  MCBSPA_RX_ISR                     
0     00082403  MCBSPA_TX_ISR                     
0     000823f9  MCBSPB_RX_ISR                     
0     000823ef  MCBSPB_TX_ISR                     
1     0005f400  MemCfgRegs                        
0     00084dbb  MemCopy                           
0     000823e5  NMI_ISR                           
0     000823db  NOTUSED_ISR                       
0     00009820  PI23                              
0     000823d1  PIE_RESERVED_ISR                  
0     0008403b  PIL_BSRVS_init                    
0     000840c0  PIL_BSRVS_messageHandler          
0     00084053  PIL_BSRVS_setWriteInterlockHandler
0     00080248  PIL_C_ExtMode_ExtModeSignals_Ptr  
0     0008024a  PIL_C_ExtMode_ExtModeSignals_Size 
0     00080246  PIL_C_ExtMode_checksum_Ptr        
0     00080244  PIL_C_ExtMode_sampleTime_Ptr      
0     00080240  PIL_C_ExtMode_targetFloat_Size    
0     00080242  PIL_C_ExtMode_targetPointer_Size  
0     00083dc9  PIL_DCLINK_configure              
0     00083dd2  PIL_DCLINK_getCommunicationHandle 
0     00083d94  PIL_DCLINK_init                   
0     00084028  PIL_DCLINK_poll                   
0     00083ddd  PIL_DCLINK_setBuffer              
0     00080142  PIL_D_BaudRate                    
0     0008014c  PIL_D_CompiledBy                  
0     00080158  PIL_D_CompiledDate                
0     0008016c  PIL_D_FirmwareDescription         
0     00080140  PIL_D_FrameworkVersion            
0     00080144  PIL_D_Guid                        
0     00080141  PIL_D_StationAddress              
0     000859e7  PIL_DisableInt                    
0     000847e0  PIL_PBRIDGE_configure             
0     000847d4  PIL_PBRIDGE_init                  
0     00084931  PIL_PBRIDGE_poll                  
0     000847e9  PIL_PBRIDGE_setProtocol           
0     00081685  PIL_PROBES_getActualPilMode       
0     0008169a  PIL_PROBES_getActualPilStep       
0     0008168c  PIL_PROBES_getDesiredPilMode      
0     000816a4  PIL_PROBES_getDesiredPilStep      
0     00081693  PIL_PROBES_getPreviousPilMode     
0     00081636  PIL_PROBES_init                   
0     000817d8  PIL_PROBES_messageHandler         
0     00081663  PIL_PROBES_setActualPilMode       
0     00081679  PIL_PROBES_setActualPilStep       
0     00081670  PIL_PROBES_setDesiredPilMode      
0     000842e0  PIL_RA_init                       
0     0008440f  PIL_RA_pollLinkReq                
0     000843bd  PIL_RA_pollLinkRsp                
0     00084378  PIL_RA_registerService            
0     000831e8  PIL_RA_serialIn                   
0     000843a0  PIL_RA_serialIn_p                 
0     000831f7  PIL_RA_serialOut                  
0     000843af  PIL_RA_serialOut_p                
0     00084354  PIL_RA_setChecksum                
0     0008433c  PIL_RA_setGuid                    
0     0008436c  PIL_RA_setNodeAddress             
0     000856a3  PIL_RBUF_isEmpty                  
0     000856db  PIL_RBUF_pop                      
0     000856b1  PIL_RBUF_push                     
0     00085698  PIL_RBUF_reset                    
0     000859eb  PIL_RestoreInt                    
0     00081c89  PIL_SCOPE_init                    
0     00081fcd  PIL_SCOPE_messageHandler          
0     00083205  PIL_SCOPE_sample                  
0     00081e17  PIL_SCOPE_sample_p                
0     00081ca9  PIL_SCOPE_setBuffer               
0     00081cc6  PIL_SCOPE_setIndicator            
0     00083212  PIL_SCOPE_trigger                 
0     00081ee7  PIL_SCOPE_trigger_p               
0     0008027e  PIL_SLINK_crc16Lookup             
0     00083a97  PIL_SLINK_in                      
0     00083a71  PIL_SLINK_init                    
0     00083aa4  PIL_SLINK_out                     
0     00083adc  PIL_SLINK_outBufIsEmpty           
0     00083c75  PIL_SLINK_receive                 
0     00083c55  PIL_SLINK_send                    
0     0008024c  PIL_V_ScopeFlagCpuRemote          
0     00080252  PIL_V_ScopeFlagCpuThis            
0     0008337d  PIL_allowPilSimulation            
0     000834bc  PIL_backgroundCall                
0     00083411  PIL_beginInterruptCall            
0     000832c9  PIL_configureDualCoreLink         
0     000832a3  PIL_configureParallelCom          
0     000833a5  PIL_inhibitPilSimulation          
0     0008356f  PIL_init                          
0     000833cd  PIL_requestNormalMode             
0     000833e4  PIL_requestReadyMode              
0     00083359  PIL_setAndConfigScopeBuffer       
0     0008336f  PIL_setAndConfigureScopeIndicator 
0     0008334b  PIL_setBackgroundCommCallback     
0     00083243  PIL_setChecksum                   
0     0008333d  PIL_setCtrlCallback               
0     0008321f  PIL_setGuid                       
0     0008332e  PIL_setNodeAddress                
0     0008328b  PIL_setSerialComCallback          
0     00083554  PIL_setWriteInterlockHandler      
0     000833fb  PIL_simulationActive              
0     00082d97  PLXHAL_ADC_getIn                  
0     00082d8c  PLXHAL_DAC_set                    
0     00082d6c  PLXHAL_DIO_set                    
0     0008473c  PLX_AIN_configure                 
0     00084735  PLX_AIN_init                      
0     00084722  PLX_AIN_resetChannelSetup         
0     000846da  PLX_AIN_setDefaultAdcParams       
0     000846ca  PLX_AIN_setDefaultChannelParams   
0     00084649  PLX_AIN_setupChannel              
0     00084645  PLX_AIN_sinit                     
0     00085573  PLX_DAC_configure                 
0     00085545  PLX_DAC_configureScaling          
0     0008553e  PLX_DAC_init                      
0     00085520  PLX_DAC_setValF                   
0     00085514  PLX_DAC_sinit                     
0     0008567a  PLX_DIO_configureIn               
0     00085655  PLX_DIO_configureOut              
0     0008564e  PLX_DIO_init                      
0     00085646  PLX_DIO_obtainDummyRead           
0     00085643  PLX_DIO_obtainDummyWrite          
0     0008561a  PLX_DIO_sinit                     
0     00085751  PLX_SCI_configure                 
0     0008574a  PLX_SCI_init                      
0     000856fc  PLX_SCI_setupPort                 
1     00000ce0  PieCtrlRegs                       
1     00000d00  PieVectTable                      
0     0000967e  PilHandle                         
0     00008440  PilObj                            
0     000096a0  R                                 
0     000096ac  R1                                
0     000823c7  RAM_ACCESS_VIOLATION_ISR          
0     000823bd  RAM_CORRECTABLE_ERROR_ISR         
0     000823b3  RTOS_ISR                          
abs   00085edb  RamfuncsLoadEnd                   
abs   000000cf  RamfuncsLoadSize                  
abs   00085e0c  RamfuncsLoadStart                 
abs   000001f3  RamfuncsRunEnd                    
abs   000000cf  RamfuncsRunSize                   
abs   00000124  RamfuncsRunStart                  
0     000823a9  SCIA_RX_ISR                       
0     0008239f  SCIA_TX_ISR                       
0     00082395  SCIB_RX_ISR                       
0     0008238b  SCIB_TX_ISR                       
0     00082381  SCIC_RX_ISR                       
0     00082377  SCIC_TX_ISR                       
0     0008236d  SCID_RX_ISR                       
0     00082363  SCID_TX_ISR                       
0     00082359  SD1_ISR                           
0     0008234f  SD2_ISR                           
0     00082345  SPIA_RX_ISR                       
0     0008233b  SPIA_TX_ISR                       
0     00082331  SPIB_RX_ISR                       
0     00082327  SPIB_TX_ISR                       
0     0008231d  SPIC_RX_ISR                       
0     00082313  SPIC_TX_ISR                       
0     00082309  SYS_PLL_SLIP_ISR                  
0     000090a0  Sa                                
0     00009680  Sa1                               
0     00009681  Sa2                               
0     00009682  Sa3                               
0     00009294  Sb                                
0     00009683  Sb1                               
0     00009684  Sb2                               
0     00009685  Sb3                               
0     00009488  Sc                                
0     00009686  Sc1                               
0     00009687  Sc2                               
0     00009688  Sc3                               
0     00008400  SciHandle                         
0     00008402  SciObj                            
1     00007200  SciaRegs                          
1     00007210  ScibRegs                          
0     00008000  ScopeBuffer                       
0     0003fb7f  ScopeFlagCpuRemote                
0     0003ff7f  ScopeFlagCpuThis                  
0     000001ef  SysCtl_delay                      
0     00082884  SysCtl_getAuxClock                
0     00082833  SysCtl_getClock                   
0     00082cb5  SysCtl_getDeviceParametric        
0     00082c9b  SysCtl_getLowSpeedClock           
0     00082c36  SysCtl_selectOscSource            
0     00082c6c  SysCtl_selectOscSourceAuxPLL      
0     00082bd2  SysCtl_selectXTAL                 
0     00082abf  SysCtl_setAuxClock                
0     000828c5  SysCtl_setClock                   
0     000822ff  TIMER0_ISR                        
0     000822f5  TIMER1_ISR                        
0     000822eb  TIMER2_ISR                        
0     0000908a  TaskObj                           
0     000822e1  UPPA_ISR                          
0     000822d7  USBA_ISR                          
0     000822cd  USER10_ISR                        
0     000822c3  USER11_ISR                        
0     000822b9  USER12_ISR                        
0     000822af  USER1_ISR                         
0     000822a5  USER2_ISR                         
0     0008229b  USER3_ISR                         
0     00082291  USER4_ISR                         
0     00082287  USER5_ISR                         
0     0008227d  USER6_ISR                         
0     00082273  USER7_ISR                         
0     00082269  USER8_ISR                         
0     0008225f  USER9_ISR                         
0     00082255  VCU_ISR                           
0     000096e4  V_d                               
0     000096e8  V_q                               
0     0000971c  Vcd                               
0     00009718  Vcd_ant                           
0     00009714  Vcd_ant_2                         
0     00009720  Vcd_k0                            
0     00009724  Vcd_k1                            
0     000097fc  Vcd_r                             
0     0000970c  Vcdp                              
0     00009730  Vcq                               
0     0000972c  Vcq_ant                           
0     00009728  Vcq_ant_2                         
0     00009734  Vcq_k0                            
0     00009738  Vcq_k1                            
0     00009800  Vcq_r                             
0     00009710  Vcqp                              
0     000096f0  Vd_ant                            
0     000096ec  Vd_ant_2                          
0     00009690  Vdc                               
0     000096f8  Vgd_ant                           
0     000096f4  Vgd_ant_2                         
0     0000978c  Vgd_k                             
0     00009790  Vgd_k0                            
0     00009794  Vgd_k1                            
0     000096b0  Vgd_r                             
0     00009708  Vgq_ant                           
0     00009704  Vgq_ant_2                         
0     00009798  Vgq_k                             
0     0000979c  Vgq_k0                            
0     000097a0  Vgq_k1                            
0     000096b4  Vgq_r                             
0     00009700  Vq_ant                            
0     000096fc  Vq_ant_2                          
0     0008224b  WAKE_ISR                          
0     00082241  XINT1_ISR                         
0     00082237  XINT2_ISR                         
0     0008222d  XINT3_ISR                         
0     00082223  XINT4_ISR                         
0     00082219  XINT5_ISR                         
0     00085fa4  __TI_CINIT_Base                   
0     00085fbc  __TI_CINIT_Limit                  
0     00085fbc  __TI_CINIT_Warm                   
0     00085f8a  __TI_Handler_Table_Base           
0     00085f90  __TI_Handler_Table_Limit          
0     00000700  __TI_STACK_END                    
abs   00000300  __TI_STACK_SIZE                   
0     000857bb  __TI_auto_init_nobinit_nopinit    
0     0000986e  __TI_cleanup_ptr                  
0     0008578b  __TI_decompress_lzss              
0     000859d8  __TI_decompress_none              
0     00009870  __TI_dtors_ptr                    
0     0000986c  __TI_enable_exit_profile_output   
abs   ffffffff  __TI_pprof_out_hndl               
abs   ffffffff  __TI_prof_data_size               
abs   ffffffff  __TI_prof_data_start              
0     000859f5  __TI_zero_init                    
0     00085365  __c28xabi_addd                    
0     00085958  __c28xabi_andll                   
0     000857e6  __c28xabi_cmpd                    
0     00085401  __c28xabi_divd                    
0     0008548c  __c28xabi_divf                    
0     00085880  __c28xabi_divi                    
0     0008585d  __c28xabi_dtof                    
0     000858c3  __c28xabi_dtoi                    
0     000858e4  __c28xabi_dtol                    
0     00085920  __c28xabi_ftod                    
0     0008593c  __c28xabi_ltod                    
0     00085891  __c28xabi_modi                    
0     00085597  __c28xabi_mpyd                    
0     000859c7  __c28xabi_negd                    
0     00085960  __c28xabi_orll                    
0     0008599a  __c28xabi_subd                    
0     00085968  __c28xabi_xorll                   
n/a   UNDEFED   __c_args__                        
0     00084bb9  __kernel_cos                      
0     00080fba  __kernel_rem_pio2                 
0     00084a94  __kernel_sin                      
0     00083640  __rem_pio2                        
0     00000400  __stack                           
0     000859a8  _args_main                        
0     00085970  _c_int00                          
0     00009872  _lock                             
0     000859c6  _nop                              
0     000859c2  _register_lock                    
0     000859be  _register_unlock                  
0     000859fd  _system_post_cinit                
0     000859fb  _system_pre_init                  
0     00009874  _unlock                           
0     00085810  abort                             
0     00080000  code_start                        
0     00009689  cont_v                            
0     00085839  copysign                          
0     00085839  copysignl                         
0     0008506c  cos                               
0     0008506c  cosl                              
0     000096c8  d1_C2                             
0     000096cc  d1_L1                             
0     000096bc  d1_L1C                            
0     000096c0  d1_L2                             
0     000096d0  d1_c                              
0     000097f0  dp                                
0     000096b8  e                                 
0     0000981c  e1                                
0     00009810  e_ant                             
0     000097c0  ed                                
0     000097cc  edp                               
0     000097d0  eq                                
0     000097dc  eqp                               
0     00009886  errno                             
0     00085812  exit                              
0     00084ea6  floor                             
0     00084ea6  floorl                            
0     000087e2  g                                 
0     00009804  g_opt                             
0     000089d6  gb                                
0     00008bca  gv                                
0     0000980c  gx                                
0     0000968c  h                                 
0     00009770  i1d_ant                           
0     00009774  i1d_ant_2                         
0     00009764  i1d_k                             
0     00009768  i1d_k0                            
0     0000976c  i1d_k1                            
0     00009784  i1q_ant                           
0     00009788  i1q_ant_2                         
0     00009778  i1q_k                             
0     0000977c  i1q_k0                            
0     00009780  i1q_k1                            
0     00009748  i2d_ant                           
0     0000974c  i2d_ant_2                         
0     0000973c  i2d_k                             
0     00009740  i2d_k0                            
0     00009744  i2d_k1                            
0     0000975c  i2q_ant                           
0     00009760  i2q_ant_2                         
0     00009750  i2q_k                             
0     00009754  i2q_k0                            
0     00009758  i2q_k1                            
0     000097ac  ia_ref                            
0     000097b0  ib_ref                            
0     000097b4  id                                
0     000097f4  id_r                              
0     000097a4  id_ref                            
0     00009814  ik0_d                             
0     00009818  ik0_q                             
0     000096dc  ik1_d                             
0     000096e0  ik1_q                             
0     000096d4  ik_d                              
0     000096d8  ik_q                              
0     000097b8  iq                                
0     000097f8  iq_r                              
0     000097a8  iq_ref                            
0     000852bc  ldexp                             
0     000852bc  ldexpl                            
0     000097e0  ma                                
0     000858a2  main                              
0     000097e4  mb                                
0     000097e8  mc                                
0     00085903  memcpy                            
0     000859ee  memset                            
0     000096a4  rc                                
0     000097ec  sat                               
0     000852bc  scalbn                            
0     000852bc  scalbnl                           
0     0008513a  sin                               
0     0008513a  sinl                              
0     00084f8e  sqrt                              
0     00084f8e  sqrtl                             
0     00009808  t                                 
0     000097bc  theta                             
0     000097c8  vd                                
0     000097d8  vq                                
0     000096a8  w                                 
0     0000968a  x                                 
0     0000968b  x_opt                             
0     000097c4  xd                                
0     000097d4  xq                                


GLOBAL SYMBOLS: SORTED BY Symbol Address 

page  address   name                              
----  -------   ----                              
0     000001ac  Flash_initModule                  
0     000001d3  Flash_powerDown                   
0     000001e3  Flash_wakeFromLPM                 
0     000001ef  SysCtl_delay                      
0     00000400  __stack                           
0     00000700  __TI_STACK_END                    
0     00008000  ScopeBuffer                       
0     000083f8  AdcHandles                        
0     00008400  SciHandle                         
0     00008402  SciObj                            
0     00008440  PilObj                            
0     000087e2  g                                 
0     000089d6  gb                                
0     00008bca  gv                                
0     00008dbe  AdcObj                            
0     00008ef6  DacObj                            
0     00008f04  C2000_28379D_errorStatus          
0     00008f40  C2000_28379D_B                    
0     00008f76  DoutObj                           
0     0000903e  DacHandles                        
0     00009040  DisprHandle                       
0     00009042  DisprObj                          
0     00009074  DoutHandles                       
0     0000908a  TaskObj                           
0     000090a0  Sa                                
0     00009294  Sb                                
0     00009488  Sc                                
0     0000967e  PilHandle                         
0     00009680  Sa1                               
0     00009681  Sa2                               
0     00009682  Sa3                               
0     00009683  Sb1                               
0     00009684  Sb2                               
0     00009685  Sb3                               
0     00009686  Sc1                               
0     00009687  Sc2                               
0     00009688  Sc3                               
0     00009689  cont_v                            
0     0000968a  x                                 
0     0000968b  x_opt                             
0     0000968c  h                                 
0     00009690  Vdc                               
0     00009694  L1                                
0     00009698  L2                                
0     0000969c  Cf                                
0     000096a0  R                                 
0     000096a4  rc                                
0     000096a8  w                                 
0     000096ac  R1                                
0     000096b0  Vgd_r                             
0     000096b4  Vgq_r                             
0     000096b8  e                                 
0     000096bc  d1_L1C                            
0     000096c0  d1_L2                             
0     000096c4  C2                                
0     000096c8  d1_C2                             
0     000096cc  d1_L1                             
0     000096d0  d1_c                              
0     000096d4  ik_d                              
0     000096d8  ik_q                              
0     000096dc  ik1_d                             
0     000096e0  ik1_q                             
0     000096e4  V_d                               
0     000096e8  V_q                               
0     000096ec  Vd_ant_2                          
0     000096f0  Vd_ant                            
0     000096f4  Vgd_ant_2                         
0     000096f8  Vgd_ant                           
0     000096fc  Vq_ant_2                          
0     00009700  Vq_ant                            
0     00009704  Vgq_ant_2                         
0     00009708  Vgq_ant                           
0     0000970c  Vcdp                              
0     00009710  Vcqp                              
0     00009714  Vcd_ant_2                         
0     00009718  Vcd_ant                           
0     0000971c  Vcd                               
0     00009720  Vcd_k0                            
0     00009724  Vcd_k1                            
0     00009728  Vcq_ant_2                         
0     0000972c  Vcq_ant                           
0     00009730  Vcq                               
0     00009734  Vcq_k0                            
0     00009738  Vcq_k1                            
0     0000973c  i2d_k                             
0     00009740  i2d_k0                            
0     00009744  i2d_k1                            
0     00009748  i2d_ant                           
0     0000974c  i2d_ant_2                         
0     00009750  i2q_k                             
0     00009754  i2q_k0                            
0     00009758  i2q_k1                            
0     0000975c  i2q_ant                           
0     00009760  i2q_ant_2                         
0     00009764  i1d_k                             
0     00009768  i1d_k0                            
0     0000976c  i1d_k1                            
0     00009770  i1d_ant                           
0     00009774  i1d_ant_2                         
0     00009778  i1q_k                             
0     0000977c  i1q_k0                            
0     00009780  i1q_k1                            
0     00009784  i1q_ant                           
0     00009788  i1q_ant_2                         
0     0000978c  Vgd_k                             
0     00009790  Vgd_k0                            
0     00009794  Vgd_k1                            
0     00009798  Vgq_k                             
0     0000979c  Vgq_k0                            
0     000097a0  Vgq_k1                            
0     000097a4  id_ref                            
0     000097a8  iq_ref                            
0     000097ac  ia_ref                            
0     000097b0  ib_ref                            
0     000097b4  id                                
0     000097b8  iq                                
0     000097bc  theta                             
0     000097c0  ed                                
0     000097c4  xd                                
0     000097c8  vd                                
0     000097cc  edp                               
0     000097d0  eq                                
0     000097d4  xq                                
0     000097d8  vq                                
0     000097dc  eqp                               
0     000097e0  ma                                
0     000097e4  mb                                
0     000097e8  mc                                
0     000097ec  sat                               
0     000097f0  dp                                
0     000097f4  id_r                              
0     000097f8  iq_r                              
0     000097fc  Vcd_r                             
0     00009800  Vcq_r                             
0     00009804  g_opt                             
0     00009808  t                                 
0     0000980c  gx                                
0     00009810  e_ant                             
0     00009814  ik0_d                             
0     00009818  ik0_q                             
0     0000981c  e1                                
0     00009820  PI23                              
0     00009824  CS                                
0     0000986c  __TI_enable_exit_profile_output   
0     0000986e  __TI_cleanup_ptr                  
0     00009870  __TI_dtors_ptr                    
0     00009872  _lock                             
0     00009874  _unlock                           
0     00009886  errno                             
0     0003fb7f  ScopeFlagCpuRemote                
0     0003ff7f  ScopeFlagCpuThis                  
0     00080000  code_start                        
0     00080140  PIL_D_FrameworkVersion            
0     00080141  PIL_D_StationAddress              
0     00080142  PIL_D_BaudRate                    
0     00080144  PIL_D_Guid                        
0     0008014c  PIL_D_CompiledBy                  
0     00080158  PIL_D_CompiledDate                
0     0008016c  PIL_D_FirmwareDescription         
0     00080236  C2000_28379D_ExtModeSignals       
0     00080240  PIL_C_ExtMode_targetFloat_Size    
0     00080242  PIL_C_ExtMode_targetPointer_Size  
0     00080244  PIL_C_ExtMode_sampleTime_Ptr      
0     00080246  PIL_C_ExtMode_checksum_Ptr        
0     00080248  PIL_C_ExtMode_ExtModeSignals_Ptr  
0     0008024a  PIL_C_ExtMode_ExtModeSignals_Size 
0     0008024c  PIL_V_ScopeFlagCpuRemote          
0     00080252  PIL_V_ScopeFlagCpuThis            
0     0008027e  PIL_SLINK_crc16Lookup             
0     000802a6  C2000_28379D_sampleTime           
0     000802a8  C2000_28379D_checksum             
0     000802b8  C2000_28379D_0_cScriptUpdate      
0     00080f76  C2000_28379D_0_cScriptTerminate   
0     00080f77  C2000_28379D_0_cScriptStart       
0     00080f78  C2000_28379D_0_cScriptOutput      
0     00080fb9  C2000_28379D_0_cScriptDerivative  
0     00080fba  __kernel_rem_pio2                 
0     00081636  PIL_PROBES_init                   
0     00081663  PIL_PROBES_setActualPilMode       
0     00081670  PIL_PROBES_setDesiredPilMode      
0     00081679  PIL_PROBES_setActualPilStep       
0     00081685  PIL_PROBES_getActualPilMode       
0     0008168c  PIL_PROBES_getDesiredPilMode      
0     00081693  PIL_PROBES_getPreviousPilMode     
0     0008169a  PIL_PROBES_getActualPilStep       
0     000816a4  PIL_PROBES_getDesiredPilStep      
0     000817d8  PIL_PROBES_messageHandler         
0     00081c89  PIL_SCOPE_init                    
0     00081ca9  PIL_SCOPE_setBuffer               
0     00081cc6  PIL_SCOPE_setIndicator            
0     00081e17  PIL_SCOPE_sample_p                
0     00081ee7  PIL_SCOPE_trigger_p               
0     00081fcd  PIL_SCOPE_messageHandler          
0     00082219  XINT5_ISR                         
0     00082223  XINT4_ISR                         
0     0008222d  XINT3_ISR                         
0     00082237  XINT2_ISR                         
0     00082241  XINT1_ISR                         
0     0008224b  WAKE_ISR                          
0     00082255  VCU_ISR                           
0     0008225f  USER9_ISR                         
0     00082269  USER8_ISR                         
0     00082273  USER7_ISR                         
0     0008227d  USER6_ISR                         
0     00082287  USER5_ISR                         
0     00082291  USER4_ISR                         
0     0008229b  USER3_ISR                         
0     000822a5  USER2_ISR                         
0     000822af  USER1_ISR                         
0     000822b9  USER12_ISR                        
0     000822c3  USER11_ISR                        
0     000822cd  USER10_ISR                        
0     000822d7  USBA_ISR                          
0     000822e1  UPPA_ISR                          
0     000822eb  TIMER2_ISR                        
0     000822f5  TIMER1_ISR                        
0     000822ff  TIMER0_ISR                        
0     00082309  SYS_PLL_SLIP_ISR                  
0     00082313  SPIC_TX_ISR                       
0     0008231d  SPIC_RX_ISR                       
0     00082327  SPIB_TX_ISR                       
0     00082331  SPIB_RX_ISR                       
0     0008233b  SPIA_TX_ISR                       
0     00082345  SPIA_RX_ISR                       
0     0008234f  SD2_ISR                           
0     00082359  SD1_ISR                           
0     00082363  SCID_TX_ISR                       
0     0008236d  SCID_RX_ISR                       
0     00082377  SCIC_TX_ISR                       
0     00082381  SCIC_RX_ISR                       
0     0008238b  SCIB_TX_ISR                       
0     00082395  SCIB_RX_ISR                       
0     0008239f  SCIA_TX_ISR                       
0     000823a9  SCIA_RX_ISR                       
0     000823b3  RTOS_ISR                          
0     000823bd  RAM_CORRECTABLE_ERROR_ISR         
0     000823c7  RAM_ACCESS_VIOLATION_ISR          
0     000823d1  PIE_RESERVED_ISR                  
0     000823db  NOTUSED_ISR                       
0     000823e5  NMI_ISR                           
0     000823ef  MCBSPB_TX_ISR                     
0     000823f9  MCBSPB_RX_ISR                     
0     00082403  MCBSPA_TX_ISR                     
0     0008240d  MCBSPA_RX_ISR                     
0     00082417  IPC3_ISR                          
0     00082421  IPC2_ISR                          
0     0008242b  IPC1_ISR                          
0     00082435  IPC0_ISR                          
0     0008243f  ILLEGAL_ISR                       
0     00082449  I2CB_ISR                          
0     00082453  I2CB_FIFO_ISR                     
0     0008245d  I2CA_ISR                          
0     00082467  I2CA_FIFO_ISR                     
0     00082471  FPU_UNDERFLOW_ISR                 
0     0008247b  FPU_OVERFLOW_ISR                  
0     00082485  FLASH_CORRECTABLE_ERROR_ISR       
0     0008248f  EQEP3_ISR                         
0     00082499  EQEP2_ISR                         
0     000824a3  EQEP1_ISR                         
0     000824ad  EPWM9_TZ_ISR                      
0     000824b7  EPWM9_ISR                         
0     000824c1  EPWM8_TZ_ISR                      
0     000824cb  EPWM8_ISR                         
0     000824d5  EPWM7_TZ_ISR                      
0     000824df  EPWM7_ISR                         
0     000824e9  EPWM6_TZ_ISR                      
0     000824f3  EPWM6_ISR                         
0     000824fd  EPWM5_TZ_ISR                      
0     00082507  EPWM5_ISR                         
0     00082511  EPWM4_TZ_ISR                      
0     0008251b  EPWM4_ISR                         
0     00082525  EPWM3_TZ_ISR                      
0     0008252f  EPWM3_ISR                         
0     00082539  EPWM2_TZ_ISR                      
0     00082543  EPWM2_ISR                         
0     0008254d  EPWM1_TZ_ISR                      
0     00082557  EPWM1_ISR                         
0     00082561  EPWM12_TZ_ISR                     
0     0008256b  EPWM12_ISR                        
0     00082575  EPWM11_TZ_ISR                     
0     0008257f  EPWM11_ISR                        
0     00082589  EPWM10_TZ_ISR                     
0     00082593  EPWM10_ISR                        
0     0008259d  EMU_ISR                           
0     000825a7  EMPTY_ISR                         
0     000825b4  EMIF_ERROR_ISR                    
0     000825be  ECAP6_ISR                         
0     000825c8  ECAP5_ISR                         
0     000825d2  ECAP4_ISR                         
0     000825dc  ECAP3_ISR                         
0     000825e6  ECAP2_ISR                         
0     000825f0  ECAP1_ISR                         
0     000825fa  DMA_CH6_ISR                       
0     00082604  DMA_CH5_ISR                       
0     0008260e  DMA_CH4_ISR                       
0     00082618  DMA_CH3_ISR                       
0     00082622  DMA_CH2_ISR                       
0     0008262c  DMA_CH1_ISR                       
0     00082636  DATALOG_ISR                       
0     00082640  CLA_UNDERFLOW_ISR                 
0     0008264a  CLA_OVERFLOW_ISR                  
0     00082654  CLA1_8_ISR                        
0     0008265e  CLA1_7_ISR                        
0     00082668  CLA1_6_ISR                        
0     00082672  CLA1_5_ISR                        
0     0008267c  CLA1_4_ISR                        
0     00082686  CLA1_3_ISR                        
0     00082690  CLA1_2_ISR                        
0     0008269a  CLA1_1_ISR                        
0     000826a4  CANB1_ISR                         
0     000826ae  CANB0_ISR                         
0     000826b8  CANA1_ISR                         
0     000826c2  CANA0_ISR                         
0     000826cc  AUX_PLL_SLIP_ISR                  
0     000826d6  ADCD_EVT_ISR                      
0     000826e0  ADCD4_ISR                         
0     000826ea  ADCD3_ISR                         
0     000826f4  ADCD2_ISR                         
0     000826fe  ADCD1_ISR                         
0     00082708  ADCC_EVT_ISR                      
0     00082712  ADCC4_ISR                         
0     0008271c  ADCC3_ISR                         
0     00082726  ADCC2_ISR                         
0     00082730  ADCC1_ISR                         
0     0008273a  ADCB_EVT_ISR                      
0     00082744  ADCB4_ISR                         
0     0008274e  ADCB3_ISR                         
0     00082758  ADCB2_ISR                         
0     00082762  ADCB1_ISR                         
0     0008276c  ADCA_EVT_ISR                      
0     00082776  ADCA4_ISR                         
0     00082780  ADCA3_ISR                         
0     0008278a  ADCA2_ISR                         
0     00082794  ADCA1_ISR                         
0     00082833  SysCtl_getClock                   
0     00082884  SysCtl_getAuxClock                
0     000828c5  SysCtl_setClock                   
0     00082abf  SysCtl_setAuxClock                
0     00082bd2  SysCtl_selectXTAL                 
0     00082c36  SysCtl_selectOscSource            
0     00082c6c  SysCtl_selectOscSourceAuxPLL      
0     00082c9b  SysCtl_getLowSpeedClock           
0     00082cb5  SysCtl_getDeviceParametric        
0     00082d1d  C2000_28379D_enableTasksInterrupt 
0     00082d28  C2000_28379D_syncTimers           
0     00082d2d  C2000_28379D_background           
0     00082d6c  PLXHAL_DIO_set                    
0     00082d8c  PLXHAL_DAC_set                    
0     00082d97  PLXHAL_ADC_getIn                  
0     00082db5  C2000_28379D_initHal              
0     000831e8  PIL_RA_serialIn                   
0     000831f7  PIL_RA_serialOut                  
0     00083205  PIL_SCOPE_sample                  
0     00083212  PIL_SCOPE_trigger                 
0     0008321f  PIL_setGuid                       
0     00083243  PIL_setChecksum                   
0     0008328b  PIL_setSerialComCallback          
0     000832a3  PIL_configureParallelCom          
0     000832c9  PIL_configureDualCoreLink         
0     0008332e  PIL_setNodeAddress                
0     0008333d  PIL_setCtrlCallback               
0     0008334b  PIL_setBackgroundCommCallback     
0     00083359  PIL_setAndConfigScopeBuffer       
0     0008336f  PIL_setAndConfigureScopeIndicator 
0     0008337d  PIL_allowPilSimulation            
0     000833a5  PIL_inhibitPilSimulation          
0     000833cd  PIL_requestNormalMode             
0     000833e4  PIL_requestReadyMode              
0     000833fb  PIL_simulationActive              
0     00083411  PIL_beginInterruptCall            
0     000834bc  PIL_backgroundCall                
0     00083554  PIL_setWriteInterlockHandler      
0     0008356f  PIL_init                          
0     00083640  __rem_pio2                        
0     00083a71  PIL_SLINK_init                    
0     00083a97  PIL_SLINK_in                      
0     00083aa4  PIL_SLINK_out                     
0     00083adc  PIL_SLINK_outBufIsEmpty           
0     00083c55  PIL_SLINK_send                    
0     00083c75  PIL_SLINK_receive                 
0     00083d94  PIL_DCLINK_init                   
0     00083dc9  PIL_DCLINK_configure              
0     00083dd2  PIL_DCLINK_getCommunicationHandle 
0     00083ddd  PIL_DCLINK_setBuffer              
0     00084028  PIL_DCLINK_poll                   
0     0008403b  PIL_BSRVS_init                    
0     00084053  PIL_BSRVS_setWriteInterlockHandler
0     000840c0  PIL_BSRVS_messageHandler          
0     000842e0  PIL_RA_init                       
0     0008433c  PIL_RA_setGuid                    
0     00084354  PIL_RA_setChecksum                
0     0008436c  PIL_RA_setNodeAddress             
0     00084378  PIL_RA_registerService            
0     000843a0  PIL_RA_serialIn_p                 
0     000843af  PIL_RA_serialOut_p                
0     000843bd  PIL_RA_pollLinkRsp                
0     0008440f  PIL_RA_pollLinkReq                
0     00084467  GPIO_setDirectionMode             
0     0008448e  GPIO_getDirectionMode             
0     000844a4  GPIO_setInterruptPin              
0     000844cf  GPIO_setPadConfig                 
0     00084517  GPIO_getPadConfig                 
0     0008454b  GPIO_setQualificationMode         
0     00084577  GPIO_getQualificationMode         
0     00084598  GPIO_setQualificationPeriod       
0     000845ba  GPIO_setMasterCore                
0     000845e6  GPIO_setAnalogMode                
0     0008460e  GPIO_setPinConfig                 
0     00084645  PLX_AIN_sinit                     
0     00084649  PLX_AIN_setupChannel              
0     000846ca  PLX_AIN_setDefaultChannelParams   
0     000846da  PLX_AIN_setDefaultAdcParams       
0     00084722  PLX_AIN_resetChannelSetup         
0     00084735  PLX_AIN_init                      
0     0008473c  PLX_AIN_configure                 
0     000847d4  PIL_PBRIDGE_init                  
0     000847e0  PIL_PBRIDGE_configure             
0     000847e9  PIL_PBRIDGE_setProtocol           
0     00084931  PIL_PBRIDGE_poll                  
0     00084946  DISPR_reset                       
0     00084959  DISPR_background                  
0     000849cd  DISPR_start                       
0     00084a06  DISPR_sinit                       
0     00084a14  DISPR_setPowerupDelay             
0     00084a1a  DISPR_registerTask                
0     00084a60  DISPR_registerSyncCallback        
0     00084a66  DISPR_registerPanicCallback       
0     00084a6c  DISPR_registerIdleTask            
0     00084a72  DISPR_configure                   
0     00084a94  __kernel_sin                      
0     00084bb9  __kernel_cos                      
0     00084ccc  CalAdcINL                         
0     00084d04  AdcSetMode                        
0     00084dbb  MemCopy                           
0     00084dc5  InitFlashHz                       
0     00084e6a  DevInit                           
0     00084ea6  floor                             
0     00084ea6  floorl                            
0     00084f8e  sqrt                              
0     00084f8e  sqrtl                             
0     0008506c  cos                               
0     0008506c  cosl                              
0     0008513a  sin                               
0     0008513a  sinl                              
0     00085205  C2000_28379D_terminate            
0     00085213  C2000_28379D_initialize           
0     000852bc  ldexp                             
0     000852bc  ldexpl                            
0     000852bc  scalbn                            
0     000852bc  scalbnl                           
0     00085365  __c28xabi_addd                    
0     00085401  __c28xabi_divd                    
0     0008548c  __c28xabi_divf                    
0     00085514  PLX_DAC_sinit                     
0     00085520  PLX_DAC_setValF                   
0     0008553e  PLX_DAC_init                      
0     00085545  PLX_DAC_configureScaling          
0     00085573  PLX_DAC_configure                 
0     00085597  __c28xabi_mpyd                    
0     0008561a  PLX_DIO_sinit                     
0     00085643  PLX_DIO_obtainDummyWrite          
0     00085646  PLX_DIO_obtainDummyRead           
0     0008564e  PLX_DIO_init                      
0     00085655  PLX_DIO_configureOut              
0     0008567a  PLX_DIO_configureIn               
0     00085698  PIL_RBUF_reset                    
0     000856a3  PIL_RBUF_isEmpty                  
0     000856b1  PIL_RBUF_push                     
0     000856db  PIL_RBUF_pop                      
0     000856fc  PLX_SCI_setupPort                 
0     0008574a  PLX_SCI_init                      
0     00085751  PLX_SCI_configure                 
0     00085754  C2000_28379D_baseTaskInterrupt    
0     0008578b  __TI_decompress_lzss              
0     000857bb  __TI_auto_init_nobinit_nopinit    
0     000857e6  __c28xabi_cmpd                    
0     00085810  C$$EXIT                           
0     00085810  abort                             
0     00085812  exit                              
0     00085839  copysign                          
0     00085839  copysignl                         
0     0008585d  __c28xabi_dtof                    
0     00085880  __c28xabi_divi                    
0     00085891  __c28xabi_modi                    
0     000858a2  main                              
0     000858c3  __c28xabi_dtoi                    
0     000858e4  __c28xabi_dtol                    
0     00085903  memcpy                            
0     00085920  __c28xabi_ftod                    
0     0008593c  __c28xabi_ltod                    
0     00085958  __c28xabi_andll                   
0     00085960  __c28xabi_orll                    
0     00085968  __c28xabi_xorll                   
0     00085970  _c_int00                          
0     0008599a  __c28xabi_subd                    
0     000859a8  _args_main                        
0     000859b4  ISR_ILLEGAL                       
0     000859be  _register_unlock                  
0     000859c2  _register_lock                    
0     000859c6  _nop                              
0     000859c7  __c28xabi_negd                    
0     000859d8  __TI_decompress_none              
0     000859e0  DISPR_disableInt                  
0     000859e4  DISPR_restoreInt                  
0     000859e7  PIL_DisableInt                    
0     000859eb  PIL_RestoreInt                    
0     000859ee  memset                            
0     000859f5  __TI_zero_init                    
0     000859fb  _system_pre_init                  
0     000859fd  _system_post_cinit                
0     00085a00  C2000_28379D_step                 
0     00085d30  DISPR_dispatch                    
0     00085f8a  __TI_Handler_Table_Base           
0     00085f90  __TI_Handler_Table_Limit          
0     00085fa4  __TI_CINIT_Base                   
0     00085fbc  __TI_CINIT_Limit                  
0     00085fbc  __TI_CINIT_Warm                   
1     00000b00  AdcaResultRegs                    
1     00000b20  AdcbResultRegs                    
1     00000b40  AdccResultRegs                    
1     00000b60  AdcdResultRegs                    
1     00000c00  CpuTimer0Regs                     
1     00000c08  CpuTimer1Regs                     
1     00000c10  CpuTimer2Regs                     
1     00000ce0  PieCtrlRegs                       
1     00000d00  PieVectTable                      
1     00005c00  DacaRegs                          
1     00005c10  DacbRegs                          
1     00005c20  DaccRegs                          
1     00007200  SciaRegs                          
1     00007210  ScibRegs                          
1     00007400  AdcaRegs                          
1     00007480  AdcbRegs                          
1     00007500  AdccRegs                          
1     00007580  AdcdRegs                          
1     00007c00  GpioCtrlRegs                      
1     00007f00  GpioDataRegs                      
1     0005d000  DevCfgRegs                        
1     0005d180  AnalogSubsysRegs                  
1     0005d200  ClkCfgRegs                        
1     0005d300  CpuSysRegs                        
1     0005f400  MemCfgRegs                        
abs   000000cf  RamfuncsLoadSize                  
abs   000000cf  RamfuncsRunSize                   
abs   00000124  RamfuncsRunStart                  
abs   000001f3  RamfuncsRunEnd                    
abs   00000300  __TI_STACK_SIZE                   
abs   00085e0c  RamfuncsLoadStart                 
abs   00085edb  RamfuncsLoadEnd                   
abs   ffffffff  __TI_pprof_out_hndl               
abs   ffffffff  __TI_prof_data_size               
abs   ffffffff  __TI_prof_data_start              
n/a   UNDEFED   __c_args__                        

[553 symbols]
