******************************************************************************
             TMS320C2000 Linker PC v22.6.1                     
******************************************************************************
>> Linked Wed Oct  9 18:17:03 2024

OUTPUT FILE NAME:   <./output_TI2837x_cpu1/C2000_28379D.out>
ENTRY POINT SYMBOL: "_c_int00"  address: 00084925


MEMORY CONFIGURATION

         name            origin    length      used     unused   attr    fill
----------------------  --------  ---------  --------  --------  ----  --------
PAGE 0:
  BOOT_RSVD             00000002   00000121  00000000  00000121  RWIX
  RAMM0                 00000124   000002dc  000000cf  0000020d  RWIX
  RAMM1                 00000400   00000400  00000300  00000100  RWIX
  RAMLS                 00008000   00003f00  00000b36  000033ca  RWIX
  RAMD1_RSVD            0000bf00   00000100  00000000  00000100  RWIX
  CPU2TOCPU1RAM         0003f800   0000037f  00000000  0000037f  RWIX
  SCOPE_FLAG_CPU2       0003fb7f   00000001  00000001  00000000  RWIX
  CPU2TOCPU1LINK        0003fb80   00000080  00000000  00000080  RWIX
  CPU1TOCPU2RAM         0003fc00   0000037f  00000000  0000037f  RWIX
  SCOPE_FLAG_CPU1       0003ff7f   00000001  00000001  00000000  RWIX
  CPU1TOCPU2LINK        0003ff80   00000080  00000000  00000080  RWIX
  BEGIN                 00080000   00000002  00000002  00000000  RWIX
  FLASH                 00080002   0003fffe  00004e60  0003b19e  RWIX
  RESET                 003fffc0   00000002  00000000  00000002  RWIX

PAGE 1:
  ADCARESULT            00000b00   00000018  00000018  00000000  RWIX
  ADCBRESULT            00000b20   00000018  00000018  00000000  RWIX
  ADCCRESULT            00000b40   00000018  00000018  00000000  RWIX
  ADCDRESULT            00000b60   00000018  00000018  00000000  RWIX
  CPUTIMER0             00000c00   00000008  00000008  00000000  RWIX
  CPUTIMER1             00000c08   00000008  00000008  00000000  RWIX
  CPUTIMER2             00000c10   00000008  00000008  00000000  RWIX
  PIECTRL               00000ce0   0000001a  0000001a  00000000  RWIX
  PIEVECTTABLE          00000d00   00000200  000001c0  00000040  RWIX
  DMA                   00001000   00000200  00000000  00000200  RWIX
  CLA1                  00001400   00000080  00000000  00000080  RWIX
  CLB1LOGICCFG          00003000   00000052  00000000  00000052  RWIX
  CLB1LOGICCTRL         00003100   00000040  00000000  00000040  RWIX
  CLB1DATAEXCH          00003200   00000200  00000000  00000200  RWIX
  CLB2LOGICCFG          00003400   00000052  00000000  00000052  RWIX
  CLB2LOGICCTRL         00003500   00000040  00000000  00000040  RWIX
  CLB2DATAEXCH          00003600   00000200  00000000  00000200  RWIX
  CLB3LOGICCFG          00003800   00000052  00000000  00000052  RWIX
  CLB3LOGICCTRL         00003900   00000040  00000000  00000040  RWIX
  CLB3DATAEXCH          00003a00   00000200  00000000  00000200  RWIX
  CLB4LOGICCFG          00003c00   00000052  00000000  00000052  RWIX
  CLB4LOGICCTRL         00003d00   00000040  00000000  00000040  RWIX
  CLB4DATAEXCH          00003e00   00000200  00000000  00000200  RWIX
  EPWM1                 00004000   00000100  00000000  00000100  RWIX
  EPWM2                 00004100   00000100  00000000  00000100  RWIX
  EPWM3                 00004200   00000100  00000000  00000100  RWIX
  EPWM4                 00004300   00000100  00000000  00000100  RWIX
  EPWM5                 00004400   00000100  00000000  00000100  RWIX
  EPWM6                 00004500   00000100  00000000  00000100  RWIX
  EPWM7                 00004600   00000100  00000000  00000100  RWIX
  EPWM8                 00004700   00000100  00000000  00000100  RWIX
  EPWM9                 00004800   00000100  00000000  00000100  RWIX
  EPWM10                00004900   00000100  00000000  00000100  RWIX
  EPWM11                00004a00   00000100  00000000  00000100  RWIX
  EPWM12                00004b00   00000100  00000000  00000100  RWIX
  ECAP1                 00005000   00000020  00000000  00000020  RWIX
  ECAP2                 00005020   00000020  00000000  00000020  RWIX
  ECAP3                 00005040   00000020  00000000  00000020  RWIX
  ECAP4                 00005060   00000020  00000000  00000020  RWIX
  ECAP5                 00005080   00000020  00000000  00000020  RWIX
  ECAP6                 000050a0   00000020  00000000  00000020  RWIX
  EQEP1                 00005100   00000022  00000000  00000022  RWIX
  EQEP2                 00005140   00000022  00000000  00000022  RWIX
  EQEP3                 00005180   00000022  00000000  00000022  RWIX
  DACA                  00005c00   00000008  00000007  00000001  RWIX
  DACB                  00005c10   00000008  00000007  00000001  RWIX
  DACC                  00005c20   00000008  00000007  00000001  RWIX
  CMPSS1                00005c80   00000020  00000000  00000020  RWIX
  CMPSS2                00005ca0   00000020  00000000  00000020  RWIX
  CMPSS3                00005cc0   00000020  00000000  00000020  RWIX
  CMPSS4                00005ce0   00000020  00000000  00000020  RWIX
  CMPSS5                00005d00   00000020  00000000  00000020  RWIX
  CMPSS6                00005d20   00000020  00000000  00000020  RWIX
  CMPSS7                00005d40   00000020  00000000  00000020  RWIX
  CMPSS8                00005d60   00000020  00000000  00000020  RWIX
  SDFM1                 00005e00   00000080  00000000  00000080  RWIX
  SDFM2                 00005e80   00000080  00000000  00000080  RWIX
  MCBSPA                00006000   00000024  00000000  00000024  RWIX
  MCBSPB                00006040   00000024  00000000  00000024  RWIX
  SPIA                  00006100   00000010  00000000  00000010  RWIX
  SPIB                  00006110   00000010  00000000  00000010  RWIX
  SPIC                  00006120   00000010  00000000  00000010  RWIX
  UPP                   00006200   00000048  00000000  00000048  RWIX
  WD                    00007000   0000002b  00000000  0000002b  RWIX
  NMIINTRUPT            00007060   00000007  00000000  00000007  RWIX
  XINT                  00007070   0000000b  00000000  0000000b  RWIX
  SCIA                  00007200   00000010  00000010  00000000  RWIX
  SCIB                  00007210   00000010  00000010  00000000  RWIX
  SCIC                  00007220   00000010  00000000  00000010  RWIX
  SCID                  00007230   00000010  00000000  00000010  RWIX
  I2CA                  00007300   00000022  00000000  00000022  RWIX
  I2CB                  00007340   00000022  00000000  00000022  RWIX
  ADCA                  00007400   00000080  0000007c  00000004  RWIX
  ADCB                  00007480   00000080  0000007c  00000004  RWIX
  ADCC                  00007500   00000080  0000007c  00000004  RWIX
  ADCD                  00007580   00000080  0000007c  00000004  RWIX
  INPUTXBAR             00007900   00000020  00000000  00000020  RWIX
  XBAR                  00007920   00000020  00000000  00000020  RWIX
  SYNCSOC               00007940   00000006  00000000  00000006  RWIX
  DMACLASRCSEL          00007980   0000001a  00000000  0000001a  RWIX
  EPWMXBAR              00007a00   00000040  00000000  00000040  RWIX
  CLBXBAR               00007a40   00000040  00000000  00000040  RWIX
  OUTPUTXBAR            00007a80   00000040  00000000  00000040  RWIX
  GPIOCTRL              00007c00   00000180  00000180  00000000  RWIX
  GPIODATA              00007f00   00000030  00000030  00000000  RWIX
  EMIF1                 00047000   00000070  00000000  00000070  RWIX
  EMIF2                 00047800   00000070  00000000  00000070  RWIX
  CANA                  00048000   00000200  00000000  00000200  RWIX
  CANB                  0004a000   00000200  00000000  00000200  RWIX
  IPC                   00050000   00000024  00000000  00000024  RWIX
  FLASHPUMPSEMAPHORE    00050024   00000002  00000000  00000002  RWIX
  DEVCFG                0005d000   0000012e  0000012e  00000000  RWIX
  ANALOGSUBSYS          0005d180   00000048  0000003e  0000000a  RWIX
  CLKCFG                0005d200   00000032  00000032  00000000  RWIX
  CPUSYS                0005d300   00000082  00000082  00000000  RWIX
  ROMPREFETCH           0005e608   00000002  00000000  00000002  RWIX
  DCSMZ1                0005f000   00000024  00000000  00000024  RWIX
  DCSMZ2                0005f040   00000024  00000000  00000024  RWIX
  DCSMCOMMON            0005f070   00000008  00000000  00000008  RWIX
  MEMCFG                0005f400   00000080  00000076  0000000a  RWIX
  EMIF1CONFIG           0005f480   00000020  00000000  00000020  RWIX
  EMIF2CONFIG           0005f4a0   00000020  00000000  00000020  RWIX
  ACCESSPROTECTION      0005f4c0   00000040  00000000  00000040  RWIX
  MEMORYERROR           0005f500   00000040  00000000  00000040  RWIX
  ROMWAITSTATE          0005f540   00000002  00000000  00000002  RWIX
  FLASH0CTRL            0005f800   00000182  00000000  00000182  RWIX
  FLASH0ECC             0005fb00   00000028  00000000  00000028  RWIX


SECTION ALLOCATION MAP

 output                                  attributes/
section   page    origin      length       input sections
--------  ----  ----------  ----------   ----------------
AdcaResultRegsFile 
*          1    00000b00    00000018     UNINITIALIZED
                  00000b00    00000018     F2837xD_GlobalVariableDefs.obj (AdcaResultRegsFile)

AdcbResultRegsFile 
*          1    00000b20    00000018     UNINITIALIZED
                  00000b20    00000018     F2837xD_GlobalVariableDefs.obj (AdcbResultRegsFile)

AdccResultRegsFile 
*          1    00000b40    00000018     UNINITIALIZED
                  00000b40    00000018     F2837xD_GlobalVariableDefs.obj (AdccResultRegsFile)

AdcdResultRegsFile 
*          1    00000b60    00000018     UNINITIALIZED
                  00000b60    00000018     F2837xD_GlobalVariableDefs.obj (AdcdResultRegsFile)

PieVectTableFile 
*          1    00000d00    000001c0     UNINITIALIZED
                  00000d00    000001c0     F2837xD_GlobalVariableDefs.obj (PieVectTableFile)

EmuKeyVar 
*          1    00000d00    00000000     UNINITIALIZED

EmuBModeVar 
*          1    00000d00    00000000     UNINITIALIZED

EmuBootPinsVar 
*          1    00000d00    00000000     UNINITIALIZED

FlashCallbackVar 
*          1    00000d00    00000000     UNINITIALIZED

FlashScalingVar 
*          1    00000d00    00000000     UNINITIALIZED

AdcaRegsFile 
*          1    00007400    0000007c     UNINITIALIZED
                  00007400    0000007c     F2837xD_GlobalVariableDefs.obj (AdcaRegsFile)

AdcbRegsFile 
*          1    00007480    0000007c     UNINITIALIZED
                  00007480    0000007c     F2837xD_GlobalVariableDefs.obj (AdcbRegsFile)

AdccRegsFile 
*          1    00007500    0000007c     UNINITIALIZED
                  00007500    0000007c     F2837xD_GlobalVariableDefs.obj (AdccRegsFile)

AdcdRegsFile 
*          1    00007580    0000007c     UNINITIALIZED
                  00007580    0000007c     F2837xD_GlobalVariableDefs.obj (AdcdRegsFile)

AnalogSubsysRegsFile 
*          1    0005d180    0000003e     UNINITIALIZED
                  0005d180    0000003e     F2837xD_GlobalVariableDefs.obj (AnalogSubsysRegsFile)

ClkCfgRegsFile 
*          1    0005d200    00000032     UNINITIALIZED
                  0005d200    00000032     F2837xD_GlobalVariableDefs.obj (ClkCfgRegsFile)

CpuTimer0RegsFile 
*          1    00000c00    00000008     UNINITIALIZED
                  00000c00    00000008     F2837xD_GlobalVariableDefs.obj (CpuTimer0RegsFile)

CpuTimer1RegsFile 
*          1    00000c08    00000008     UNINITIALIZED
                  00000c08    00000008     F2837xD_GlobalVariableDefs.obj (CpuTimer1RegsFile)

CpuTimer2RegsFile 
*          1    00000c10    00000008     UNINITIALIZED
                  00000c10    00000008     F2837xD_GlobalVariableDefs.obj (CpuTimer2RegsFile)

DacaRegsFile 
*          1    00005c00    00000007     UNINITIALIZED
                  00005c00    00000007     F2837xD_GlobalVariableDefs.obj (DacaRegsFile)

DacbRegsFile 
*          1    00005c10    00000007     UNINITIALIZED
                  00005c10    00000007     F2837xD_GlobalVariableDefs.obj (DacbRegsFile)

DaccRegsFile 
*          1    00005c20    00000007     UNINITIALIZED
                  00005c20    00000007     F2837xD_GlobalVariableDefs.obj (DaccRegsFile)

CpuSysRegsFile 
*          1    0005d300    00000082     UNINITIALIZED
                  0005d300    00000082     F2837xD_GlobalVariableDefs.obj (CpuSysRegsFile)

DevCfgRegsFile 
*          1    0005d000    0000012e     UNINITIALIZED
                  0005d000    0000012e     F2837xD_GlobalVariableDefs.obj (DevCfgRegsFile)

.bss       0    000083ec    0000067a     UNINITIALIZED
                  000083ec    00000012     C2000_28379D_hal.obj (.bss:DoutHandles)
                  000083fe    00000002     C2000_28379D.obj (.bss:C2000_28379D_subTaskTick)
                  00008400    000003e2     C2000_28379D_hal.obj (.bss)
                  000087e2    00000138     C2000_28379D_hal.obj (.bss:AdcObj)
                  0000891a    00000048     C2000_28379D_hal.obj (.bss:DoutObj)
                  00008962    00000042     C2000_28379D.obj (.bss:C2000_28379D_cScriptStruct)
                  000089a4    0000000c     C2000_28379D.obj (.bss:C2000_28379D_D_uint32_t)
                  000089b0    0000000a     C2000_28379D_hal.obj (.bss:DacObj)
                  000089ba    00000002     C2000_28379D_hal.obj (.bss:DacHandles)
                  000089bc    00000002     ain_type4.obj (.bss)
                  000089be    00000001     C2000_28379D.obj (.bss:C2000_28379D_subTaskHit)
                  000089bf    00000001     --HOLE--
                  000089c0    0000003c     C2000_28379D.obj (.bss)
                  000089fc    00000004     --HOLE--
                  00008a00    00000034     dispatcher.obj (.bss)
                  00008a34    0000000a     C2000_28379D_hal.obj (.bss:TaskObj)
                  00008a3e    00000002     --HOLE--
                  00008a40    0000001e     dio_2837x.obj (.bss)
                  00008a5e    00000008     C2000_28379D_hal.obj (.bss:AdcHandles)

scopeflag_remote 
*          0    0003fb7f    00000001     UNINITIALIZED
                  0003fb7f    00000001     C2000_28379D_hal.obj (scopeflag_remote:retain)

codestart 
*          0    00080000    00000002     
                  00080000    00000002     F2837xD_CodeStartBranch.obj (codestart)

.text      0    00080bb8    00003de4     
                  00080bb8    000006df     C2000_28379D_0.obj (.text)
                  00081297    0000061f     pil_c28_fpu32_eabi.lib : probes.obj (.text)
                  000818b6    000005c4                            : scope.obj (.text)
                  00081e7a    00000585     F2837xD_DefaultISR.obj (.text:retain)
                  000823ff    0000057f     plx_driverlib_fpu32_eabi.lib : sysctl.obj (.text)
                  0008297e    00000497     C2000_28379D_hal.obj (.text)
                  00082e15    00000458     pil_c28_fpu32_eabi.lib : pil.obj (.text)
                  0008326d    00000323                            : seriallink.obj (.text)
                  00083590    000002a7                            : dualcorelink.obj (.text)
                  00083837    00000226                            : basicservices.obj (.text)
                  00083a5d    000001f9                            : remoteagent.obj (.text)
                  00083c56    000001eb     plx_driverlib_fpu32_eabi.lib : gpio.obj (.text)
                  00083e41    0000018f     ain_type4.obj (.text)
                  00083fd0    00000172     pil_c28_fpu32_eabi.lib : parallelbridge.obj (.text)
                  00084142    0000014e     dispatcher.obj (.text)
                  00084290    000000ef     F2837xD_Adc.obj (.text)
                  0008437f    000000eb     F2837xD_DevInit.obj (.text)
                  0008446a    000000b4     C2000_28379D.obj (.text)
                  0008451e    00000088     rts2800_fpu32_eabi.lib : fs_div28.asm.obj (.text)
                  000845a6    00000083     dac_type1.obj (.text)
                  00084629    00000083     rts2800_fpu32_eabi.lib : fd_mpy28.asm.obj (.text)
                  000846ac    0000007e     dio_2837x.obj (.text)
                  0008472a    00000064     pil_c28_fpu32_eabi.lib : ringbuf.obj (.text)
                  0008478e    00000058     sci_2837x.obj (.text)
                  000847e6    00000037     C2000_28379D_hal.obj (.text:retain)
                  0008481d    00000030     rts2800_fpu32_eabi.lib : copy_decompress_lzss.c.obj (.text:decompress:lzss)
                  0008484d    0000002b                            : autoinit.c.obj (.text:__TI_auto_init_nobinit_nopinit)
                  00084878    0000002a                            : fd_cmp28.asm.obj (.text)
                  000848a2    00000029                            : exit.c.obj (.text)
                  000848cb    00000021     C2000_28379D_main.obj (.text)
                  000848ec    0000001d     rts2800_fpu32_eabi.lib : memcpy.c.obj (.text)
                  00084909    0000001c                            : fs_tofdfpu32.asm.obj (.text)
                  00084925    00000017                            : boot28.asm.obj (.text)
                  0008493c    00000013     plx_driverlib_fpu32_eabi.lib : flash.obj (.text)
                  0008494f    0000000c     rts2800_fpu32_eabi.lib : args_main.c.obj (.text)
                  0008495b    0000000a     F2837xD_DevInit.obj (.text:retain)
                  00084965    00000009     rts2800_fpu32_eabi.lib : _lock.c.obj (.text)
                  0008496e    00000008     F2837xD_CodeStartBranch.obj (.text)
                  00084976    00000008     rts2800_fpu32_eabi.lib : copy_decompress_none.c.obj (.text:decompress:none)
                  0008497e    00000007     dispatcher_asm.obj (.text)
                  00084985    00000007     pil_c28_fpu32_eabi.lib : pil_f28x_dis_int.obj (.text)
                  0008498c    00000007     rts2800_fpu32_eabi.lib : memset.c.obj (.text)
                  00084993    00000006                            : copy_zero_init.c.obj (.text:decompress:ZI)
                  00084999    00000002                            : pre_init.c.obj (.text)
                  0008499b    00000001                            : startup.c.obj (.text)

GpioCtrlRegsFile 
*          1    00007c00    00000180     UNINITIALIZED
                  00007c00    00000180     F2837xD_GlobalVariableDefs.obj (GpioCtrlRegsFile)

GpioDataRegsFile 
*          1    00007f00    00000030     UNINITIALIZED
                  00007f00    00000030     F2837xD_GlobalVariableDefs.obj (GpioDataRegsFile)

MemCfgRegsFile 
*          1    0005f400    00000076     UNINITIALIZED
                  0005f400    00000076     F2837xD_GlobalVariableDefs.obj (MemCfgRegsFile)

PieCtrlRegsFile 
*          1    00000ce0    0000001a     UNINITIALIZED
                  00000ce0    0000001a     F2837xD_GlobalVariableDefs.obj (PieCtrlRegsFile)

SciaRegsFile 
*          1    00007200    00000010     UNINITIALIZED
                  00007200    00000010     F2837xD_GlobalVariableDefs.obj (SciaRegsFile)

ScibRegsFile 
*          1    00007210    00000010     UNINITIALIZED
                  00007210    00000010     F2837xD_GlobalVariableDefs.obj (ScibRegsFile)

scope      0    00008000    000003ec     UNINITIALIZED
                  00008000    000003ec     C2000_28379D_hal.obj (scope)

scopeflag_local 
*          0    0003ff7f    00000001     UNINITIALIZED
                  0003ff7f    00000001     C2000_28379D_hal.obj (scopeflag_local:retain)

step       0    0008499c    000002ae     
                  0008499c    000002ae     C2000_28379D.obj (step)

dispatch   0    00084c4c    000000db     
                  00084c4c    000000db     dispatcher.obj (dispatch)

.cinit     0    00084df8    00000072     
                  00084df8    00000040     (.cinit..data.load) [load image, compression = lzss]
                  00084e38    00000006     (__TI_handler_table)
                  00084e3e    00000004     (.cinit..bss.load) [load image, compression = zero_init]
                  00084e42    00000004     (.cinit.PieVectTableFile.load) [load image, compression = zero_init]
                  00084e46    00000004     (.cinit.scope.load) [load image, compression = zero_init]
                  00084e4a    00000004     (.cinit.scopeflag_local.load) [load image, compression = zero_init]
                  00084e4e    00000004     (.cinit.scopeflag_remote.load) [load image, compression = zero_init]
                  00084e52    00000018     (__TI_cinit_table)

.stack     0    00000400    00000300     UNINITIALIZED
                  00000400    00000300     --HOLE--

.init_array 
*          0    00080004    00000000     UNINITIALIZED

.const     0    00080004    00000bb2     
                  00080004    00000190     C2000_28379D_0.obj (.const:angulo)
                  00080194    00000190     C2000_28379D_0.obj (.const:cosenos)
                  00080324    00000190     C2000_28379D_0.obj (.const:cosma2pi3)
                  000804b4    00000190     C2000_28379D_0.obj (.const:cosme2pi3)
                  00080644    00000190     C2000_28379D_0.obj (.const:senos)
                  000807d4    00000190     C2000_28379D_0.obj (.const:sinma2pi3)
                  00080964    00000190     C2000_28379D_0.obj (.const:sinme2pi3)
                  00080af4    00000004     C2000_28379D.obj (.const)
                  00080af8    00000002     C2000_28379D.obj (.const:C2000_28379D_ExtModeSignals)
                  00080afa    00000002     C2000_28379D.obj (.const:C2000_28379D_subTaskPeriod)
                  00080afc    00000001     C2000_28379D_hal.obj (.const:.string)
                  00080afd    00000003     --HOLE-- [fill = 0]
                  00080b00    00000043     C2000_28379D_hal.obj (.const:pilv)
                  00080b43    00000001     --HOLE-- [fill = 0]
                  00080b44    00000029     C2000_28379D.obj (.const:.string)
                  00080b6d    00000012     C2000_28379D_hal.obj (.const)
                  00080b7f    00000001     --HOLE-- [fill = 0]
                  00080b80    00000018     C2000_28379D_hal.obj (.const:pilv:retain)
                  00080b98    00000010     pil_c28_fpu32_eabi.lib : seriallink.obj (.const:PIL_SLINK_crc16Lookup)
                  00080ba8    0000000e     C2000_28379D_0.obj (.const)

.data      0    00008a66    000000d0     UNINITIALIZED
                  00008a66    00000014     C2000_28379D.obj (.data:inputPtrs$2)
                  00008a7a    00000006     C2000_28379D_0.obj (.data:Sav)
                  00008a80    0000005c     C2000_28379D_0.obj (.data)
                  00008adc    00000014     C2000_28379D.obj (.data:terminalSampleTimeOffsets$12)
                  00008af0    00000014     C2000_28379D.obj (.data:terminalSampleTimePeriods$11)
                  00008b04    00000008     C2000_28379D.obj (.data:outputPtrs$5)
                  00008b0c    00000006     C2000_28379D_0.obj (.data:Sbv)
                  00008b12    00000006     C2000_28379D_0.obj (.data:Scv)
                  00008b18    00000006     rts2800_fpu32_eabi.lib : exit.c.obj (.data)
                  00008b1e    00000004     C2000_28379D_hal.obj (.data)
                  00008b22    00000002     rts2800_fpu32_eabi.lib : _lock.c.obj (.data:_lock)
                  00008b24    00000002                            : _lock.c.obj (.data:_unlock)
                  00008b26    00000002     C2000_28379D.obj (.data:inputs$3)
                  00008b28    00000002     C2000_28379D.obj (.data:outputs$6)
                  00008b2a    00000002     C2000_28379D.obj (.data:sampleHits$8)
                  00008b2c    00000002     C2000_28379D.obj (.data:sampleTimeOffsets$10)
                  00008b2e    00000002     C2000_28379D.obj (.data:sampleTimePeriods$9)
                  00008b30    00000002     C2000_28379D.obj (.data:terminalSampleTimeOffsetPtrs$14)
                  00008b32    00000002     C2000_28379D.obj (.data:terminalSampleTimePeriodPtrs$13)
                  00008b34    00000001     C2000_28379D.obj (.data:numInputSignals$1)
                  00008b35    00000001     C2000_28379D.obj (.data:numOutputSignals$4)

ramfuncs   0    00084d28    00000000     UNINITIALIZEDRUN ADDR = 00000124

.TI.ramfunc 
*          0    00084d28    000000cf     RUN ADDR = 00000124
                  00084d28    000000cb     plx_driverlib_fpu32_eabi.lib : flash.obj (.TI.ramfunc)
                  00084df3    00000004                                  : sysctl.obj (.TI.ramfunc)

.reset     0    003fffc0    00000000     DSECT

MODULE SUMMARY

       Module                           code    ro data   rw data
       ------                           ----    -------   -------
    .\output_TI2837x_cpu1\
       C2000_28379D_0.obj               1759    2814      110    
       C2000_28379D_hal.obj             1230    110       2436   
       F2837xD_GlobalVariableDefs.obj   0       0         2237   
       F2837xD_DefaultISR.obj           1413    0         0      
       C2000_28379D.obj                 866     49        225    
       dispatcher.obj                   553     0         52     
       ain_type4.obj                    399     0         2      
       F2837xD_DevInit.obj              245     0         0      
       F2837xD_Adc.obj                  239     0         0      
       dio_2837x.obj                    126     0         30     
       dac_type1.obj                    131     0         0      
       sci_2837x.obj                    88      0         0      
       C2000_28379D_main.obj            33      0         0      
       F2837xD_CodeStartBranch.obj      10      0         0      
       dispatcher_asm.obj               7       0         0      
    +--+--------------------------------+-------+---------+---------+
       Total:                           7099    2973      5092   
                                                                 
    C:\Users\user\AppData\Local\Programs\PLECS C2000 TSP\cgt\ti-cgt-c2000_22.6.1.LTS\lib\rts2800_fpu32_eabi.lib
       fs_div28.asm.obj                 136     0         0      
       fd_mpy28.asm.obj                 131     0         0      
       copy_decompress_lzss.c.obj       48      0         0      
       exit.c.obj                       41      0         6      
       autoinit.c.obj                   43      0         0      
       fd_cmp28.asm.obj                 42      0         0      
       memcpy.c.obj                     29      0         0      
       fs_tofdfpu32.asm.obj             28      0         0      
       boot28.asm.obj                   23      0         0      
       _lock.c.obj                      9       0         4      
       args_main.c.obj                  12      0         0      
       copy_decompress_none.c.obj       8       0         0      
       memset.c.obj                     7       0         0      
       copy_zero_init.c.obj             6       0         0      
       pre_init.c.obj                   2       0         0      
       startup.c.obj                    1       0         0      
    +--+--------------------------------+-------+---------+---------+
       Total:                           566     0         10     
                                                                 
    F:\Repositorio_Chris\tsp_ti_c2000\ccs\2837x\..\pil\pil_c28_fpu32_eabi.lib
       probes.obj                       1567    0         0      
       scope.obj                        1476    0         0      
       pil.obj                          1112    0         0      
       seriallink.obj                   803     16        0      
       dualcorelink.obj                 679     0         0      
       basicservices.obj                550     0         0      
       remoteagent.obj                  505     0         0      
       parallelbridge.obj               370     0         0      
       ringbuf.obj                      100     0         0      
       pil_f28x_dis_int.obj             7       0         0      
    +--+--------------------------------+-------+---------+---------+
       Total:                           7169    16        0      
                                                                 
    F:\Repositorio_Chris\tsp_ti_c2000\ccs\2837x\tisrc\driverlib\plx_driverlib_fpu32_eabi.lib
       sysctl.obj                       1415    0         0      
       gpio.obj                         491     0         0      
       flash.obj                        425     0         0      
    +--+--------------------------------+-------+---------+---------+
       Total:                           2331    0         0      
                                                                 
       Stack:                           0       0         768    
       Linker Generated:                0       114       0      
    +--+--------------------------------+-------+---------+---------+
       Grand Total:                     17165   3103      5870   


LINKER GENERATED COPY TABLES

__TI_cinit_table @ 00084e52 records: 6, size/record: 4, table size: 24
	.data: load addr=00084df8, load size=00000040 bytes, run addr=00008a66, run size=000000d0 bytes, compression=lzss
	.bss: load addr=00084e3e, load size=00000004 bytes, run addr=000083ec, run size=0000067a bytes, compression=zero_init
	PieVectTableFile: load addr=00084e42, load size=00000004 bytes, run addr=00000d00, run size=000001c0 bytes, compression=zero_init
	scope: load addr=00084e46, load size=00000004 bytes, run addr=00008000, run size=000003ec bytes, compression=zero_init
	scopeflag_local: load addr=00084e4a, load size=00000004 bytes, run addr=0003ff7f, run size=00000001 bytes, compression=zero_init
	scopeflag_remote: load addr=00084e4e, load size=00000004 bytes, run addr=0003fb7f, run size=00000001 bytes, compression=zero_init


LINKER GENERATED HANDLER TABLE

__TI_handler_table @ 00084e38 records: 3, size/record: 2, table size: 6
	index: 0, handler: __TI_zero_init
	index: 1, handler: __TI_decompress_lzss
	index: 2, handler: __TI_decompress_none


GLOBAL DATA SYMBOLS: SORTED BY DATA PAGE

address     data page           name
--------    ----------------    ----
00000400      10 (00000400)     __stack

00000b00      2c (00000b00)     AdcaResultRegs
00000b20      2c (00000b00)     AdcbResultRegs

00000b40      2d (00000b40)     AdccResultRegs
00000b60      2d (00000b40)     AdcdResultRegs

00000c00      30 (00000c00)     CpuTimer0Regs
00000c08      30 (00000c00)     CpuTimer1Regs
00000c10      30 (00000c00)     CpuTimer2Regs

00000ce0      33 (00000cc0)     PieCtrlRegs

00000d00      34 (00000d00)     PieVectTable

00005c00     170 (00005c00)     DacaRegs
00005c10     170 (00005c00)     DacbRegs
00005c20     170 (00005c00)     DaccRegs

00007200     1c8 (00007200)     SciaRegs
00007210     1c8 (00007200)     ScibRegs

00007400     1d0 (00007400)     AdcaRegs

00007480     1d2 (00007480)     AdcbRegs

00007500     1d4 (00007500)     AdccRegs

00007580     1d6 (00007580)     AdcdRegs

00007c00     1f0 (00007c00)     GpioCtrlRegs

00007f00     1fc (00007f00)     GpioDataRegs

00008000     200 (00008000)     ScopeBuffer

000083ec     20f (000083c0)     DoutHandles

00008400     210 (00008400)     SciHandle
00008402     210 (00008400)     SciObj

00008440     211 (00008440)     PilObj

000087e2     21f (000087c0)     AdcObj

0000891a     224 (00008900)     DoutObj

000089b0     226 (00008980)     DacObj
000089ba     226 (00008980)     DacHandles

000089c4     227 (000089c0)     C2000_28379D_errorStatus
000089ce     227 (000089c0)     C2000_28379D_B

00008a00     228 (00008a00)     DisprHandle
00008a02     228 (00008a00)     DisprObj
00008a34     228 (00008a00)     TaskObj

00008a5e     229 (00008a40)     AdcHandles
00008a7a     229 (00008a40)     Sav

00008a80     22a (00008a80)     x
00008a81     22a (00008a80)     x_opt
00008a82     22a (00008a80)     a
00008a83     22a (00008a80)     b
00008a84     22a (00008a80)     c
00008a85     22a (00008a80)     i
00008a86     22a (00008a80)     j
00008a87     22a (00008a80)     k
00008a88     22a (00008a80)     muestra
00008a8a     22a (00008a80)     V_d
00008a8c     22a (00008a80)     V_q
00008a8e     22a (00008a80)     Vcd
00008a90     22a (00008a80)     Vcd_k0
00008a92     22a (00008a80)     Vcd_k1
00008a94     22a (00008a80)     Vcq
00008a96     22a (00008a80)     Vcq_k0
00008a98     22a (00008a80)     Vcq_k1
00008a9a     22a (00008a80)     i2d_k
00008a9c     22a (00008a80)     i2d_k0
00008a9e     22a (00008a80)     i2d_k1
00008aa0     22a (00008a80)     i2q_k
00008aa2     22a (00008a80)     i2q_k0
00008aa4     22a (00008a80)     i2q_k1
00008aa6     22a (00008a80)     i1d_k
00008aa8     22a (00008a80)     i1d_k0
00008aaa     22a (00008a80)     i1d_k1
00008aac     22a (00008a80)     i1q_k
00008aae     22a (00008a80)     i1q_k0
00008ab0     22a (00008a80)     i1q_k1
00008ab2     22a (00008a80)     id
00008ab4     22a (00008a80)     iq
00008ab6     22a (00008a80)     theta
00008ab8     22a (00008a80)     id_r
00008aba     22a (00008a80)     iq_r
00008abc     22a (00008a80)     Vcd_r
00008abe     22a (00008a80)     Vcq_r

00008ac0     22b (00008ac0)     g_opt
00008ac2     22b (00008ac0)     comb
00008ac4     22b (00008ac0)     vari1d
00008ac6     22b (00008ac0)     vari1q
00008ac8     22b (00008ac0)     varvcd
00008aca     22b (00008ac0)     varvcq
00008acc     22b (00008ac0)     vari2d
00008ace     22b (00008ac0)     vari2q
00008ad0     22b (00008ac0)     Saopt
00008ad2     22b (00008ac0)     Sbopt
00008ad4     22b (00008ac0)     Scopt
00008ad6     22b (00008ac0)     error
00008ad8     22b (00008ac0)     error2
00008ada     22b (00008ac0)     error3

00008b0c     22c (00008b00)     Sbv
00008b12     22c (00008b00)     Scv
00008b18     22c (00008b00)     __TI_enable_exit_profile_output
00008b1a     22c (00008b00)     __TI_cleanup_ptr
00008b1c     22c (00008b00)     __TI_dtors_ptr
00008b20     22c (00008b00)     PilHandle
00008b22     22c (00008b00)     _lock
00008b24     22c (00008b00)     _unlock

0003fb7f     fed (0003fb40)     ScopeFlagCpuRemote

0003ff7f     ffd (0003ff40)     ScopeFlagCpuThis

0005d000    1740 (0005d000)     DevCfgRegs

0005d180    1746 (0005d180)     AnalogSubsysRegs

0005d200    1748 (0005d200)     ClkCfgRegs

0005d300    174c (0005d300)     CpuSysRegs

0005f400    17d0 (0005f400)     MemCfgRegs

00080004    2000 (00080000)     angulo

00080194    2006 (00080180)     cosenos

00080324    200c (00080300)     cosma2pi3

000804b4    2012 (00080480)     cosme2pi3

00080644    2019 (00080640)     senos

000807d4    201f (000807c0)     sinma2pi3

00080964    2025 (00080940)     sinme2pi3

00080af4    202b (00080ac0)     C2000_28379D_sampleTime
00080af6    202b (00080ac0)     C2000_28379D_checksum
00080af8    202b (00080ac0)     C2000_28379D_ExtModeSignals

00080b00    202c (00080b00)     PIL_D_FrameworkVersion
00080b01    202c (00080b00)     PIL_D_StationAddress
00080b02    202c (00080b00)     PIL_D_BaudRate
00080b04    202c (00080b00)     PIL_D_Guid
00080b0c    202c (00080b00)     PIL_D_CompiledBy
00080b18    202c (00080b00)     PIL_D_CompiledDate
00080b2c    202c (00080b00)     PIL_D_FirmwareDescription

00080b80    202e (00080b80)     PIL_C_ExtMode_targetFloat_Size
00080b82    202e (00080b80)     PIL_C_ExtMode_targetPointer_Size
00080b84    202e (00080b80)     PIL_C_ExtMode_sampleTime_Ptr
00080b86    202e (00080b80)     PIL_C_ExtMode_checksum_Ptr
00080b88    202e (00080b80)     PIL_C_ExtMode_ExtModeSignals_Ptr
00080b8a    202e (00080b80)     PIL_C_ExtMode_ExtModeSignals_Size
00080b8c    202e (00080b80)     PIL_V_ScopeFlagCpuRemote
00080b92    202e (00080b80)     PIL_V_ScopeFlagCpuThis
00080b98    202e (00080b80)     PIL_SLINK_crc16Lookup
00080ba8    202e (00080b80)     Vgd_r
00080baa    202e (00080b80)     Vgq_r
00080bac    202e (00080b80)     dp
00080bae    202e (00080b80)     wh
00080bb0    202e (00080b80)     CS


GLOBAL SYMBOLS: SORTED ALPHABETICALLY BY Name 

page  address   name                              
----  -------   ----                              
0     000823f5  ADCA1_ISR                         
0     000823eb  ADCA2_ISR                         
0     000823e1  ADCA3_ISR                         
0     000823d7  ADCA4_ISR                         
0     000823cd  ADCA_EVT_ISR                      
0     000823c3  ADCB1_ISR                         
0     000823b9  ADCB2_ISR                         
0     000823af  ADCB3_ISR                         
0     000823a5  ADCB4_ISR                         
0     0008239b  ADCB_EVT_ISR                      
0     00082391  ADCC1_ISR                         
0     00082387  ADCC2_ISR                         
0     0008237d  ADCC3_ISR                         
0     00082373  ADCC4_ISR                         
0     00082369  ADCC_EVT_ISR                      
0     0008235f  ADCD1_ISR                         
0     00082355  ADCD2_ISR                         
0     0008234b  ADCD3_ISR                         
0     00082341  ADCD4_ISR                         
0     00082337  ADCD_EVT_ISR                      
0     0008232d  AUX_PLL_SLIP_ISR                  
0     00008a5e  AdcHandles                        
0     000087e2  AdcObj                            
0     000842c8  AdcSetMode                        
1     00007400  AdcaRegs                          
1     00000b00  AdcaResultRegs                    
1     00007480  AdcbRegs                          
1     00000b20  AdcbResultRegs                    
1     00007500  AdccRegs                          
1     00000b40  AdccResultRegs                    
1     00007580  AdcdRegs                          
1     00000b60  AdcdResultRegs                    
1     0005d180  AnalogSubsysRegs                  
0     000848a2  C$$EXIT                           
0     00081296  C2000_28379D_0_cScriptDerivative  
0     00081272  C2000_28379D_0_cScriptOutput      
0     00081271  C2000_28379D_0_cScriptStart       
0     00081270  C2000_28379D_0_cScriptTerminate   
0     00080bb8  C2000_28379D_0_cScriptUpdate      
0     000089ce  C2000_28379D_B                    
0     00080af8  C2000_28379D_ExtModeSignals       
0     0008298e  C2000_28379D_background           
0     000847e6  C2000_28379D_baseTaskInterrupt    
0     00080af6  C2000_28379D_checksum             
0     0008297e  C2000_28379D_enableTasksInterrupt 
0     000089c4  C2000_28379D_errorStatus          
0     00082a16  C2000_28379D_initHal              
0     00084478  C2000_28379D_initialize           
0     00080af4  C2000_28379D_sampleTime           
0     0008499c  C2000_28379D_step                 
0     00082989  C2000_28379D_syncTimers           
0     0008446a  C2000_28379D_terminate            
0     00082323  CANA0_ISR                         
0     00082319  CANA1_ISR                         
0     0008230f  CANB0_ISR                         
0     00082305  CANB1_ISR                         
0     000822fb  CLA1_1_ISR                        
0     000822f1  CLA1_2_ISR                        
0     000822e7  CLA1_3_ISR                        
0     000822dd  CLA1_4_ISR                        
0     000822d3  CLA1_5_ISR                        
0     000822c9  CLA1_6_ISR                        
0     000822bf  CLA1_7_ISR                        
0     000822b5  CLA1_8_ISR                        
0     000822ab  CLA_OVERFLOW_ISR                  
0     000822a1  CLA_UNDERFLOW_ISR                 
0     00080bb0  CS                                
0     00084290  CalAdcINL                         
1     0005d200  ClkCfgRegs                        
1     0005d300  CpuSysRegs                        
1     00000c00  CpuTimer0Regs                     
1     00000c08  CpuTimer1Regs                     
1     00000c10  CpuTimer2Regs                     
0     00082297  DATALOG_ISR                       
0     00084155  DISPR_background                  
0     0008426e  DISPR_configure                   
0     0008497e  DISPR_disableInt                  
0     00084c4c  DISPR_dispatch                    
0     00084268  DISPR_registerIdleTask            
0     00084262  DISPR_registerPanicCallback       
0     0008425c  DISPR_registerSyncCallback        
0     00084216  DISPR_registerTask                
0     00084142  DISPR_reset                       
0     00084982  DISPR_restoreInt                  
0     00084210  DISPR_setPowerupDelay             
0     00084202  DISPR_sinit                       
0     000841c9  DISPR_start                       
0     0008228d  DMA_CH1_ISR                       
0     00082283  DMA_CH2_ISR                       
0     00082279  DMA_CH3_ISR                       
0     0008226f  DMA_CH4_ISR                       
0     00082265  DMA_CH5_ISR                       
0     0008225b  DMA_CH6_ISR                       
0     000089ba  DacHandles                        
0     000089b0  DacObj                            
1     00005c00  DacaRegs                          
1     00005c10  DacbRegs                          
1     00005c20  DaccRegs                          
1     0005d000  DevCfgRegs                        
0     0008442e  DevInit                           
0     00008a00  DisprHandle                       
0     00008a02  DisprObj                          
0     000083ec  DoutHandles                       
0     0000891a  DoutObj                           
0     00082251  ECAP1_ISR                         
0     00082247  ECAP2_ISR                         
0     0008223d  ECAP3_ISR                         
0     00082233  ECAP4_ISR                         
0     00082229  ECAP5_ISR                         
0     0008221f  ECAP6_ISR                         
0     00082215  EMIF_ERROR_ISR                    
0     00082208  EMPTY_ISR                         
0     000821fe  EMU_ISR                           
0     000821f4  EPWM10_ISR                        
0     000821ea  EPWM10_TZ_ISR                     
0     000821e0  EPWM11_ISR                        
0     000821d6  EPWM11_TZ_ISR                     
0     000821cc  EPWM12_ISR                        
0     000821c2  EPWM12_TZ_ISR                     
0     000821b8  EPWM1_ISR                         
0     000821ae  EPWM1_TZ_ISR                      
0     000821a4  EPWM2_ISR                         
0     0008219a  EPWM2_TZ_ISR                      
0     00082190  EPWM3_ISR                         
0     00082186  EPWM3_TZ_ISR                      
0     0008217c  EPWM4_ISR                         
0     00082172  EPWM4_TZ_ISR                      
0     00082168  EPWM5_ISR                         
0     0008215e  EPWM5_TZ_ISR                      
0     00082154  EPWM6_ISR                         
0     0008214a  EPWM6_TZ_ISR                      
0     00082140  EPWM7_ISR                         
0     00082136  EPWM7_TZ_ISR                      
0     0008212c  EPWM8_ISR                         
0     00082122  EPWM8_TZ_ISR                      
0     00082118  EPWM9_ISR                         
0     0008210e  EPWM9_TZ_ISR                      
0     00082104  EQEP1_ISR                         
0     000820fa  EQEP2_ISR                         
0     000820f0  EQEP3_ISR                         
0     000820e6  FLASH_CORRECTABLE_ERROR_ISR       
0     000820dc  FPU_OVERFLOW_ISR                  
0     000820d2  FPU_UNDERFLOW_ISR                 
0     000001ac  Flash_initModule                  
0     000001d3  Flash_powerDown                   
0     000001e3  Flash_wakeFromLPM                 
0     00083c8a  GPIO_getDirectionMode             
0     00083d13  GPIO_getPadConfig                 
0     00083d73  GPIO_getQualificationMode         
0     00083de2  GPIO_setAnalogMode                
0     00083c63  GPIO_setDirectionMode             
0     00083ca0  GPIO_setInterruptPin              
0     00083db6  GPIO_setMasterCore                
0     00083ccb  GPIO_setPadConfig                 
0     00083e0a  GPIO_setPinConfig                 
0     00083d47  GPIO_setQualificationMode         
0     00083d94  GPIO_setQualificationPeriod       
1     00007c00  GpioCtrlRegs                      
1     00007f00  GpioDataRegs                      
0     000820c8  I2CA_FIFO_ISR                     
0     000820be  I2CA_ISR                          
0     000820b4  I2CB_FIFO_ISR                     
0     000820aa  I2CB_ISR                          
0     000820a0  ILLEGAL_ISR                       
0     00082096  IPC0_ISR                          
0     0008208c  IPC1_ISR                          
0     00082082  IPC2_ISR                          
0     00082078  IPC3_ISR                          
0     0008495b  ISR_ILLEGAL                       
0     00084389  InitFlashHz                       
0     0008206e  MCBSPA_RX_ISR                     
0     00082064  MCBSPA_TX_ISR                     
0     0008205a  MCBSPB_RX_ISR                     
0     00082050  MCBSPB_TX_ISR                     
1     0005f400  MemCfgRegs                        
0     0008437f  MemCopy                           
0     00082046  NMI_ISR                           
0     0008203c  NOTUSED_ISR                       
0     00082032  PIE_RESERVED_ISR                  
0     00083837  PIL_BSRVS_init                    
0     000838bc  PIL_BSRVS_messageHandler          
0     0008384f  PIL_BSRVS_setWriteInterlockHandler
0     00080b88  PIL_C_ExtMode_ExtModeSignals_Ptr  
0     00080b8a  PIL_C_ExtMode_ExtModeSignals_Size 
0     00080b86  PIL_C_ExtMode_checksum_Ptr        
0     00080b84  PIL_C_ExtMode_sampleTime_Ptr      
0     00080b80  PIL_C_ExtMode_targetFloat_Size    
0     00080b82  PIL_C_ExtMode_targetPointer_Size  
0     000835c5  PIL_DCLINK_configure              
0     000835ce  PIL_DCLINK_getCommunicationHandle 
0     00083590  PIL_DCLINK_init                   
0     00083824  PIL_DCLINK_poll                   
0     000835d9  PIL_DCLINK_setBuffer              
0     00080b02  PIL_D_BaudRate                    
0     00080b0c  PIL_D_CompiledBy                  
0     00080b18  PIL_D_CompiledDate                
0     00080b2c  PIL_D_FirmwareDescription         
0     00080b00  PIL_D_FrameworkVersion            
0     00080b04  PIL_D_Guid                        
0     00080b01  PIL_D_StationAddress              
0     00084985  PIL_DisableInt                    
0     00083fdc  PIL_PBRIDGE_configure             
0     00083fd0  PIL_PBRIDGE_init                  
0     0008412d  PIL_PBRIDGE_poll                  
0     00083fe5  PIL_PBRIDGE_setProtocol           
0     000812e6  PIL_PROBES_getActualPilMode       
0     000812fb  PIL_PROBES_getActualPilStep       
0     000812ed  PIL_PROBES_getDesiredPilMode      
0     00081305  PIL_PROBES_getDesiredPilStep      
0     000812f4  PIL_PROBES_getPreviousPilMode     
0     00081297  PIL_PROBES_init                   
0     00081439  PIL_PROBES_messageHandler         
0     000812c4  PIL_PROBES_setActualPilMode       
0     000812da  PIL_PROBES_setActualPilStep       
0     000812d1  PIL_PROBES_setDesiredPilMode      
0     00083adc  PIL_RA_init                       
0     00083c0b  PIL_RA_pollLinkReq                
0     00083bb9  PIL_RA_pollLinkRsp                
0     00083b74  PIL_RA_registerService            
0     00082e15  PIL_RA_serialIn                   
0     00083b9c  PIL_RA_serialIn_p                 
0     00082e24  PIL_RA_serialOut                  
0     00083bab  PIL_RA_serialOut_p                
0     00083b50  PIL_RA_setChecksum                
0     00083b38  PIL_RA_setGuid                    
0     00083b68  PIL_RA_setNodeAddress             
0     00084735  PIL_RBUF_isEmpty                  
0     0008476d  PIL_RBUF_pop                      
0     00084743  PIL_RBUF_push                     
0     0008472a  PIL_RBUF_reset                    
0     00084989  PIL_RestoreInt                    
0     000818ea  PIL_SCOPE_init                    
0     00081c2e  PIL_SCOPE_messageHandler          
0     00082e32  PIL_SCOPE_sample                  
0     00081a78  PIL_SCOPE_sample_p                
0     0008190a  PIL_SCOPE_setBuffer               
0     00081927  PIL_SCOPE_setIndicator            
0     00082e3f  PIL_SCOPE_trigger                 
0     00081b48  PIL_SCOPE_trigger_p               
0     00080b98  PIL_SLINK_crc16Lookup             
0     00083293  PIL_SLINK_in                      
0     0008326d  PIL_SLINK_init                    
0     000832a0  PIL_SLINK_out                     
0     000832d8  PIL_SLINK_outBufIsEmpty           
0     00083471  PIL_SLINK_receive                 
0     00083451  PIL_SLINK_send                    
0     00080b8c  PIL_V_ScopeFlagCpuRemote          
0     00080b92  PIL_V_ScopeFlagCpuThis            
0     00082faa  PIL_allowPilSimulation            
0     000830e9  PIL_backgroundCall                
0     0008303e  PIL_beginInterruptCall            
0     00082ef6  PIL_configureDualCoreLink         
0     00082ed0  PIL_configureParallelCom          
0     00082fd2  PIL_inhibitPilSimulation          
0     0008319c  PIL_init                          
0     00082ffa  PIL_requestNormalMode             
0     00083011  PIL_requestReadyMode              
0     00082f86  PIL_setAndConfigScopeBuffer       
0     00082f9c  PIL_setAndConfigureScopeIndicator 
0     00082f78  PIL_setBackgroundCommCallback     
0     00082e70  PIL_setChecksum                   
0     00082f6a  PIL_setCtrlCallback               
0     00082e4c  PIL_setGuid                       
0     00082f5b  PIL_setNodeAddress                
0     00082eb8  PIL_setSerialComCallback          
0     00083181  PIL_setWriteInterlockHandler      
0     00083028  PIL_simulationActive              
0     000829f8  PLXHAL_ADC_getIn                  
0     000829ed  PLXHAL_DAC_set                    
0     000829cd  PLXHAL_DIO_set                    
0     00083f38  PLX_AIN_configure                 
0     00083f31  PLX_AIN_init                      
0     00083f1e  PLX_AIN_resetChannelSetup         
0     00083ed6  PLX_AIN_setDefaultAdcParams       
0     00083ec6  PLX_AIN_setDefaultChannelParams   
0     00083e45  PLX_AIN_setupChannel              
0     00083e41  PLX_AIN_sinit                     
0     00084605  PLX_DAC_configure                 
0     000845d7  PLX_DAC_configureScaling          
0     000845d0  PLX_DAC_init                      
0     000845b2  PLX_DAC_setValF                   
0     000845a6  PLX_DAC_sinit                     
0     0008470c  PLX_DIO_configureIn               
0     000846e7  PLX_DIO_configureOut              
0     000846e0  PLX_DIO_init                      
0     000846d8  PLX_DIO_obtainDummyRead           
0     000846d5  PLX_DIO_obtainDummyWrite          
0     000846ac  PLX_DIO_sinit                     
0     000847e3  PLX_SCI_configure                 
0     000847dc  PLX_SCI_init                      
0     0008478e  PLX_SCI_setupPort                 
1     00000ce0  PieCtrlRegs                       
1     00000d00  PieVectTable                      
0     00008b20  PilHandle                         
0     00008440  PilObj                            
0     00082028  RAM_ACCESS_VIOLATION_ISR          
0     0008201e  RAM_CORRECTABLE_ERROR_ISR         
0     00082014  RTOS_ISR                          
abs   00084df7  RamfuncsLoadEnd                   
abs   000000cf  RamfuncsLoadSize                  
abs   00084d28  RamfuncsLoadStart                 
abs   000001f3  RamfuncsRunEnd                    
abs   000000cf  RamfuncsRunSize                   
abs   00000124  RamfuncsRunStart                  
0     0008200a  SCIA_RX_ISR                       
0     00082000  SCIA_TX_ISR                       
0     00081ff6  SCIB_RX_ISR                       
0     00081fec  SCIB_TX_ISR                       
0     00081fe2  SCIC_RX_ISR                       
0     00081fd8  SCIC_TX_ISR                       
0     00081fce  SCID_RX_ISR                       
0     00081fc4  SCID_TX_ISR                       
0     00081fba  SD1_ISR                           
0     00081fb0  SD2_ISR                           
0     00081fa6  SPIA_RX_ISR                       
0     00081f9c  SPIA_TX_ISR                       
0     00081f92  SPIB_RX_ISR                       
0     00081f88  SPIB_TX_ISR                       
0     00081f7e  SPIC_RX_ISR                       
0     00081f74  SPIC_TX_ISR                       
0     00081f6a  SYS_PLL_SLIP_ISR                  
0     00008ad0  Saopt                             
0     00008a7a  Sav                               
0     00008ad2  Sbopt                             
0     00008b0c  Sbv                               
0     00008400  SciHandle                         
0     00008402  SciObj                            
1     00007200  SciaRegs                          
1     00007210  ScibRegs                          
0     00008000  ScopeBuffer                       
0     0003fb7f  ScopeFlagCpuRemote                
0     0003ff7f  ScopeFlagCpuThis                  
0     00008ad4  Scopt                             
0     00008b12  Scv                               
0     000001ef  SysCtl_delay                      
0     000824e5  SysCtl_getAuxClock                
0     00082494  SysCtl_getClock                   
0     00082916  SysCtl_getDeviceParametric        
0     000828fc  SysCtl_getLowSpeedClock           
0     00082897  SysCtl_selectOscSource            
0     000828cd  SysCtl_selectOscSourceAuxPLL      
0     00082833  SysCtl_selectXTAL                 
0     00082720  SysCtl_setAuxClock                
0     00082526  SysCtl_setClock                   
0     00081f60  TIMER0_ISR                        
0     00081f56  TIMER1_ISR                        
0     00081f4c  TIMER2_ISR                        
0     00008a34  TaskObj                           
0     00081f42  UPPA_ISR                          
0     00081f38  USBA_ISR                          
0     00081f2e  USER10_ISR                        
0     00081f24  USER11_ISR                        
0     00081f1a  USER12_ISR                        
0     00081f10  USER1_ISR                         
0     00081f06  USER2_ISR                         
0     00081efc  USER3_ISR                         
0     00081ef2  USER4_ISR                         
0     00081ee8  USER5_ISR                         
0     00081ede  USER6_ISR                         
0     00081ed4  USER7_ISR                         
0     00081eca  USER8_ISR                         
0     00081ec0  USER9_ISR                         
0     00081eb6  VCU_ISR                           
0     00008a8a  V_d                               
0     00008a8c  V_q                               
0     00008a8e  Vcd                               
0     00008a90  Vcd_k0                            
0     00008a92  Vcd_k1                            
0     00008abc  Vcd_r                             
0     00008a94  Vcq                               
0     00008a96  Vcq_k0                            
0     00008a98  Vcq_k1                            
0     00008abe  Vcq_r                             
0     00080ba8  Vgd_r                             
0     00080baa  Vgq_r                             
0     00081eac  WAKE_ISR                          
0     00081ea2  XINT1_ISR                         
0     00081e98  XINT2_ISR                         
0     00081e8e  XINT3_ISR                         
0     00081e84  XINT4_ISR                         
0     00081e7a  XINT5_ISR                         
0     00084e52  __TI_CINIT_Base                   
0     00084e6a  __TI_CINIT_Limit                  
0     00084e6a  __TI_CINIT_Warm                   
0     00084e38  __TI_Handler_Table_Base           
0     00084e3e  __TI_Handler_Table_Limit          
0     00000700  __TI_STACK_END                    
abs   00000300  __TI_STACK_SIZE                   
0     0008484d  __TI_auto_init_nobinit_nopinit    
0     00008b1a  __TI_cleanup_ptr                  
0     0008481d  __TI_decompress_lzss              
0     00084976  __TI_decompress_none              
0     00008b1c  __TI_dtors_ptr                    
0     00008b18  __TI_enable_exit_profile_output   
abs   ffffffff  __TI_pprof_out_hndl               
abs   ffffffff  __TI_prof_data_size               
abs   ffffffff  __TI_prof_data_start              
0     00084993  __TI_zero_init                    
0     00084878  __c28xabi_cmpd                    
0     0008451e  __c28xabi_divf                    
0     00084909  __c28xabi_ftod                    
0     00084629  __c28xabi_mpyd                    
n/a   UNDEFED   __c_args__                        
0     00000400  __stack                           
0     0008494f  _args_main                        
0     00084925  _c_int00                          
0     00008b22  _lock                             
0     0008496d  _nop                              
0     00084969  _register_lock                    
0     00084965  _register_unlock                  
0     0008499b  _system_post_cinit                
0     00084999  _system_pre_init                  
0     00008b24  _unlock                           
0     00008a82  a                                 
0     000848a2  abort                             
0     00080004  angulo                            
0     00008a83  b                                 
0     00008a84  c                                 
0     00080000  code_start                        
0     00008ac2  comb                              
0     00080194  cosenos                           
0     00080324  cosma2pi3                         
0     000804b4  cosme2pi3                         
0     00080bac  dp                                
0     00008ad6  error                             
0     00008ad8  error2                            
0     00008ada  error3                            
0     000848a4  exit                              
0     00008ac0  g_opt                             
0     00008a85  i                                 
0     00008aa6  i1d_k                             
0     00008aa8  i1d_k0                            
0     00008aaa  i1d_k1                            
0     00008aac  i1q_k                             
0     00008aae  i1q_k0                            
0     00008ab0  i1q_k1                            
0     00008a9a  i2d_k                             
0     00008a9c  i2d_k0                            
0     00008a9e  i2d_k1                            
0     00008aa0  i2q_k                             
0     00008aa2  i2q_k0                            
0     00008aa4  i2q_k1                            
0     00008ab2  id                                
0     00008ab8  id_r                              
0     00008ab4  iq                                
0     00008aba  iq_r                              
0     00008a86  j                                 
0     00008a87  k                                 
0     000848cb  main                              
0     000848ec  memcpy                            
0     0008498c  memset                            
0     00008a88  muestra                           
0     00080644  senos                             
0     000807d4  sinma2pi3                         
0     00080964  sinme2pi3                         
0     00008ab6  theta                             
0     00008ac4  vari1d                            
0     00008ac6  vari1q                            
0     00008acc  vari2d                            
0     00008ace  vari2q                            
0     00008ac8  varvcd                            
0     00008aca  varvcq                            
0     00080bae  wh                                
0     00008a80  x                                 
0     00008a81  x_opt                             


GLOBAL SYMBOLS: SORTED BY Symbol Address 

page  address   name                              
----  -------   ----                              
0     000001ac  Flash_initModule                  
0     000001d3  Flash_powerDown                   
0     000001e3  Flash_wakeFromLPM                 
0     000001ef  SysCtl_delay                      
0     00000400  __stack                           
0     00000700  __TI_STACK_END                    
0     00008000  ScopeBuffer                       
0     000083ec  DoutHandles                       
0     00008400  SciHandle                         
0     00008402  SciObj                            
0     00008440  PilObj                            
0     000087e2  AdcObj                            
0     0000891a  DoutObj                           
0     000089b0  DacObj                            
0     000089ba  DacHandles                        
0     000089c4  C2000_28379D_errorStatus          
0     000089ce  C2000_28379D_B                    
0     00008a00  DisprHandle                       
0     00008a02  DisprObj                          
0     00008a34  TaskObj                           
0     00008a5e  AdcHandles                        
0     00008a7a  Sav                               
0     00008a80  x                                 
0     00008a81  x_opt                             
0     00008a82  a                                 
0     00008a83  b                                 
0     00008a84  c                                 
0     00008a85  i                                 
0     00008a86  j                                 
0     00008a87  k                                 
0     00008a88  muestra                           
0     00008a8a  V_d                               
0     00008a8c  V_q                               
0     00008a8e  Vcd                               
0     00008a90  Vcd_k0                            
0     00008a92  Vcd_k1                            
0     00008a94  Vcq                               
0     00008a96  Vcq_k0                            
0     00008a98  Vcq_k1                            
0     00008a9a  i2d_k                             
0     00008a9c  i2d_k0                            
0     00008a9e  i2d_k1                            
0     00008aa0  i2q_k                             
0     00008aa2  i2q_k0                            
0     00008aa4  i2q_k1                            
0     00008aa6  i1d_k                             
0     00008aa8  i1d_k0                            
0     00008aaa  i1d_k1                            
0     00008aac  i1q_k                             
0     00008aae  i1q_k0                            
0     00008ab0  i1q_k1                            
0     00008ab2  id                                
0     00008ab4  iq                                
0     00008ab6  theta                             
0     00008ab8  id_r                              
0     00008aba  iq_r                              
0     00008abc  Vcd_r                             
0     00008abe  Vcq_r                             
0     00008ac0  g_opt                             
0     00008ac2  comb                              
0     00008ac4  vari1d                            
0     00008ac6  vari1q                            
0     00008ac8  varvcd                            
0     00008aca  varvcq                            
0     00008acc  vari2d                            
0     00008ace  vari2q                            
0     00008ad0  Saopt                             
0     00008ad2  Sbopt                             
0     00008ad4  Scopt                             
0     00008ad6  error                             
0     00008ad8  error2                            
0     00008ada  error3                            
0     00008b0c  Sbv                               
0     00008b12  Scv                               
0     00008b18  __TI_enable_exit_profile_output   
0     00008b1a  __TI_cleanup_ptr                  
0     00008b1c  __TI_dtors_ptr                    
0     00008b20  PilHandle                         
0     00008b22  _lock                             
0     00008b24  _unlock                           
0     0003fb7f  ScopeFlagCpuRemote                
0     0003ff7f  ScopeFlagCpuThis                  
0     00080000  code_start                        
0     00080004  angulo                            
0     00080194  cosenos                           
0     00080324  cosma2pi3                         
0     000804b4  cosme2pi3                         
0     00080644  senos                             
0     000807d4  sinma2pi3                         
0     00080964  sinme2pi3                         
0     00080af4  C2000_28379D_sampleTime           
0     00080af6  C2000_28379D_checksum             
0     00080af8  C2000_28379D_ExtModeSignals       
0     00080b00  PIL_D_FrameworkVersion            
0     00080b01  PIL_D_StationAddress              
0     00080b02  PIL_D_BaudRate                    
0     00080b04  PIL_D_Guid                        
0     00080b0c  PIL_D_CompiledBy                  
0     00080b18  PIL_D_CompiledDate                
0     00080b2c  PIL_D_FirmwareDescription         
0     00080b80  PIL_C_ExtMode_targetFloat_Size    
0     00080b82  PIL_C_ExtMode_targetPointer_Size  
0     00080b84  PIL_C_ExtMode_sampleTime_Ptr      
0     00080b86  PIL_C_ExtMode_checksum_Ptr        
0     00080b88  PIL_C_ExtMode_ExtModeSignals_Ptr  
0     00080b8a  PIL_C_ExtMode_ExtModeSignals_Size 
0     00080b8c  PIL_V_ScopeFlagCpuRemote          
0     00080b92  PIL_V_ScopeFlagCpuThis            
0     00080b98  PIL_SLINK_crc16Lookup             
0     00080ba8  Vgd_r                             
0     00080baa  Vgq_r                             
0     00080bac  dp                                
0     00080bae  wh                                
0     00080bb0  CS                                
0     00080bb8  C2000_28379D_0_cScriptUpdate      
0     00081270  C2000_28379D_0_cScriptTerminate   
0     00081271  C2000_28379D_0_cScriptStart       
0     00081272  C2000_28379D_0_cScriptOutput      
0     00081296  C2000_28379D_0_cScriptDerivative  
0     00081297  PIL_PROBES_init                   
0     000812c4  PIL_PROBES_setActualPilMode       
0     000812d1  PIL_PROBES_setDesiredPilMode      
0     000812da  PIL_PROBES_setActualPilStep       
0     000812e6  PIL_PROBES_getActualPilMode       
0     000812ed  PIL_PROBES_getDesiredPilMode      
0     000812f4  PIL_PROBES_getPreviousPilMode     
0     000812fb  PIL_PROBES_getActualPilStep       
0     00081305  PIL_PROBES_getDesiredPilStep      
0     00081439  PIL_PROBES_messageHandler         
0     000818ea  PIL_SCOPE_init                    
0     0008190a  PIL_SCOPE_setBuffer               
0     00081927  PIL_SCOPE_setIndicator            
0     00081a78  PIL_SCOPE_sample_p                
0     00081b48  PIL_SCOPE_trigger_p               
0     00081c2e  PIL_SCOPE_messageHandler          
0     00081e7a  XINT5_ISR                         
0     00081e84  XINT4_ISR                         
0     00081e8e  XINT3_ISR                         
0     00081e98  XINT2_ISR                         
0     00081ea2  XINT1_ISR                         
0     00081eac  WAKE_ISR                          
0     00081eb6  VCU_ISR                           
0     00081ec0  USER9_ISR                         
0     00081eca  USER8_ISR                         
0     00081ed4  USER7_ISR                         
0     00081ede  USER6_ISR                         
0     00081ee8  USER5_ISR                         
0     00081ef2  USER4_ISR                         
0     00081efc  USER3_ISR                         
0     00081f06  USER2_ISR                         
0     00081f10  USER1_ISR                         
0     00081f1a  USER12_ISR                        
0     00081f24  USER11_ISR                        
0     00081f2e  USER10_ISR                        
0     00081f38  USBA_ISR                          
0     00081f42  UPPA_ISR                          
0     00081f4c  TIMER2_ISR                        
0     00081f56  TIMER1_ISR                        
0     00081f60  TIMER0_ISR                        
0     00081f6a  SYS_PLL_SLIP_ISR                  
0     00081f74  SPIC_TX_ISR                       
0     00081f7e  SPIC_RX_ISR                       
0     00081f88  SPIB_TX_ISR                       
0     00081f92  SPIB_RX_ISR                       
0     00081f9c  SPIA_TX_ISR                       
0     00081fa6  SPIA_RX_ISR                       
0     00081fb0  SD2_ISR                           
0     00081fba  SD1_ISR                           
0     00081fc4  SCID_TX_ISR                       
0     00081fce  SCID_RX_ISR                       
0     00081fd8  SCIC_TX_ISR                       
0     00081fe2  SCIC_RX_ISR                       
0     00081fec  SCIB_TX_ISR                       
0     00081ff6  SCIB_RX_ISR                       
0     00082000  SCIA_TX_ISR                       
0     0008200a  SCIA_RX_ISR                       
0     00082014  RTOS_ISR                          
0     0008201e  RAM_CORRECTABLE_ERROR_ISR         
0     00082028  RAM_ACCESS_VIOLATION_ISR          
0     00082032  PIE_RESERVED_ISR                  
0     0008203c  NOTUSED_ISR                       
0     00082046  NMI_ISR                           
0     00082050  MCBSPB_TX_ISR                     
0     0008205a  MCBSPB_RX_ISR                     
0     00082064  MCBSPA_TX_ISR                     
0     0008206e  MCBSPA_RX_ISR                     
0     00082078  IPC3_ISR                          
0     00082082  IPC2_ISR                          
0     0008208c  IPC1_ISR                          
0     00082096  IPC0_ISR                          
0     000820a0  ILLEGAL_ISR                       
0     000820aa  I2CB_ISR                          
0     000820b4  I2CB_FIFO_ISR                     
0     000820be  I2CA_ISR                          
0     000820c8  I2CA_FIFO_ISR                     
0     000820d2  FPU_UNDERFLOW_ISR                 
0     000820dc  FPU_OVERFLOW_ISR                  
0     000820e6  FLASH_CORRECTABLE_ERROR_ISR       
0     000820f0  EQEP3_ISR                         
0     000820fa  EQEP2_ISR                         
0     00082104  EQEP1_ISR                         
0     0008210e  EPWM9_TZ_ISR                      
0     00082118  EPWM9_ISR                         
0     00082122  EPWM8_TZ_ISR                      
0     0008212c  EPWM8_ISR                         
0     00082136  EPWM7_TZ_ISR                      
0     00082140  EPWM7_ISR                         
0     0008214a  EPWM6_TZ_ISR                      
0     00082154  EPWM6_ISR                         
0     0008215e  EPWM5_TZ_ISR                      
0     00082168  EPWM5_ISR                         
0     00082172  EPWM4_TZ_ISR                      
0     0008217c  EPWM4_ISR                         
0     00082186  EPWM3_TZ_ISR                      
0     00082190  EPWM3_ISR                         
0     0008219a  EPWM2_TZ_ISR                      
0     000821a4  EPWM2_ISR                         
0     000821ae  EPWM1_TZ_ISR                      
0     000821b8  EPWM1_ISR                         
0     000821c2  EPWM12_TZ_ISR                     
0     000821cc  EPWM12_ISR                        
0     000821d6  EPWM11_TZ_ISR                     
0     000821e0  EPWM11_ISR                        
0     000821ea  EPWM10_TZ_ISR                     
0     000821f4  EPWM10_ISR                        
0     000821fe  EMU_ISR                           
0     00082208  EMPTY_ISR                         
0     00082215  EMIF_ERROR_ISR                    
0     0008221f  ECAP6_ISR                         
0     00082229  ECAP5_ISR                         
0     00082233  ECAP4_ISR                         
0     0008223d  ECAP3_ISR                         
0     00082247  ECAP2_ISR                         
0     00082251  ECAP1_ISR                         
0     0008225b  DMA_CH6_ISR                       
0     00082265  DMA_CH5_ISR                       
0     0008226f  DMA_CH4_ISR                       
0     00082279  DMA_CH3_ISR                       
0     00082283  DMA_CH2_ISR                       
0     0008228d  DMA_CH1_ISR                       
0     00082297  DATALOG_ISR                       
0     000822a1  CLA_UNDERFLOW_ISR                 
0     000822ab  CLA_OVERFLOW_ISR                  
0     000822b5  CLA1_8_ISR                        
0     000822bf  CLA1_7_ISR                        
0     000822c9  CLA1_6_ISR                        
0     000822d3  CLA1_5_ISR                        
0     000822dd  CLA1_4_ISR                        
0     000822e7  CLA1_3_ISR                        
0     000822f1  CLA1_2_ISR                        
0     000822fb  CLA1_1_ISR                        
0     00082305  CANB1_ISR                         
0     0008230f  CANB0_ISR                         
0     00082319  CANA1_ISR                         
0     00082323  CANA0_ISR                         
0     0008232d  AUX_PLL_SLIP_ISR                  
0     00082337  ADCD_EVT_ISR                      
0     00082341  ADCD4_ISR                         
0     0008234b  ADCD3_ISR                         
0     00082355  ADCD2_ISR                         
0     0008235f  ADCD1_ISR                         
0     00082369  ADCC_EVT_ISR                      
0     00082373  ADCC4_ISR                         
0     0008237d  ADCC3_ISR                         
0     00082387  ADCC2_ISR                         
0     00082391  ADCC1_ISR                         
0     0008239b  ADCB_EVT_ISR                      
0     000823a5  ADCB4_ISR                         
0     000823af  ADCB3_ISR                         
0     000823b9  ADCB2_ISR                         
0     000823c3  ADCB1_ISR                         
0     000823cd  ADCA_EVT_ISR                      
0     000823d7  ADCA4_ISR                         
0     000823e1  ADCA3_ISR                         
0     000823eb  ADCA2_ISR                         
0     000823f5  ADCA1_ISR                         
0     00082494  SysCtl_getClock                   
0     000824e5  SysCtl_getAuxClock                
0     00082526  SysCtl_setClock                   
0     00082720  SysCtl_setAuxClock                
0     00082833  SysCtl_selectXTAL                 
0     00082897  SysCtl_selectOscSource            
0     000828cd  SysCtl_selectOscSourceAuxPLL      
0     000828fc  SysCtl_getLowSpeedClock           
0     00082916  SysCtl_getDeviceParametric        
0     0008297e  C2000_28379D_enableTasksInterrupt 
0     00082989  C2000_28379D_syncTimers           
0     0008298e  C2000_28379D_background           
0     000829cd  PLXHAL_DIO_set                    
0     000829ed  PLXHAL_DAC_set                    
0     000829f8  PLXHAL_ADC_getIn                  
0     00082a16  C2000_28379D_initHal              
0     00082e15  PIL_RA_serialIn                   
0     00082e24  PIL_RA_serialOut                  
0     00082e32  PIL_SCOPE_sample                  
0     00082e3f  PIL_SCOPE_trigger                 
0     00082e4c  PIL_setGuid                       
0     00082e70  PIL_setChecksum                   
0     00082eb8  PIL_setSerialComCallback          
0     00082ed0  PIL_configureParallelCom          
0     00082ef6  PIL_configureDualCoreLink         
0     00082f5b  PIL_setNodeAddress                
0     00082f6a  PIL_setCtrlCallback               
0     00082f78  PIL_setBackgroundCommCallback     
0     00082f86  PIL_setAndConfigScopeBuffer       
0     00082f9c  PIL_setAndConfigureScopeIndicator 
0     00082faa  PIL_allowPilSimulation            
0     00082fd2  PIL_inhibitPilSimulation          
0     00082ffa  PIL_requestNormalMode             
0     00083011  PIL_requestReadyMode              
0     00083028  PIL_simulationActive              
0     0008303e  PIL_beginInterruptCall            
0     000830e9  PIL_backgroundCall                
0     00083181  PIL_setWriteInterlockHandler      
0     0008319c  PIL_init                          
0     0008326d  PIL_SLINK_init                    
0     00083293  PIL_SLINK_in                      
0     000832a0  PIL_SLINK_out                     
0     000832d8  PIL_SLINK_outBufIsEmpty           
0     00083451  PIL_SLINK_send                    
0     00083471  PIL_SLINK_receive                 
0     00083590  PIL_DCLINK_init                   
0     000835c5  PIL_DCLINK_configure              
0     000835ce  PIL_DCLINK_getCommunicationHandle 
0     000835d9  PIL_DCLINK_setBuffer              
0     00083824  PIL_DCLINK_poll                   
0     00083837  PIL_BSRVS_init                    
0     0008384f  PIL_BSRVS_setWriteInterlockHandler
0     000838bc  PIL_BSRVS_messageHandler          
0     00083adc  PIL_RA_init                       
0     00083b38  PIL_RA_setGuid                    
0     00083b50  PIL_RA_setChecksum                
0     00083b68  PIL_RA_setNodeAddress             
0     00083b74  PIL_RA_registerService            
0     00083b9c  PIL_RA_serialIn_p                 
0     00083bab  PIL_RA_serialOut_p                
0     00083bb9  PIL_RA_pollLinkRsp                
0     00083c0b  PIL_RA_pollLinkReq                
0     00083c63  GPIO_setDirectionMode             
0     00083c8a  GPIO_getDirectionMode             
0     00083ca0  GPIO_setInterruptPin              
0     00083ccb  GPIO_setPadConfig                 
0     00083d13  GPIO_getPadConfig                 
0     00083d47  GPIO_setQualificationMode         
0     00083d73  GPIO_getQualificationMode         
0     00083d94  GPIO_setQualificationPeriod       
0     00083db6  GPIO_setMasterCore                
0     00083de2  GPIO_setAnalogMode                
0     00083e0a  GPIO_setPinConfig                 
0     00083e41  PLX_AIN_sinit                     
0     00083e45  PLX_AIN_setupChannel              
0     00083ec6  PLX_AIN_setDefaultChannelParams   
0     00083ed6  PLX_AIN_setDefaultAdcParams       
0     00083f1e  PLX_AIN_resetChannelSetup         
0     00083f31  PLX_AIN_init                      
0     00083f38  PLX_AIN_configure                 
0     00083fd0  PIL_PBRIDGE_init                  
0     00083fdc  PIL_PBRIDGE_configure             
0     00083fe5  PIL_PBRIDGE_setProtocol           
0     0008412d  PIL_PBRIDGE_poll                  
0     00084142  DISPR_reset                       
0     00084155  DISPR_background                  
0     000841c9  DISPR_start                       
0     00084202  DISPR_sinit                       
0     00084210  DISPR_setPowerupDelay             
0     00084216  DISPR_registerTask                
0     0008425c  DISPR_registerSyncCallback        
0     00084262  DISPR_registerPanicCallback       
0     00084268  DISPR_registerIdleTask            
0     0008426e  DISPR_configure                   
0     00084290  CalAdcINL                         
0     000842c8  AdcSetMode                        
0     0008437f  MemCopy                           
0     00084389  InitFlashHz                       
0     0008442e  DevInit                           
0     0008446a  C2000_28379D_terminate            
0     00084478  C2000_28379D_initialize           
0     0008451e  __c28xabi_divf                    
0     000845a6  PLX_DAC_sinit                     
0     000845b2  PLX_DAC_setValF                   
0     000845d0  PLX_DAC_init                      
0     000845d7  PLX_DAC_configureScaling          
0     00084605  PLX_DAC_configure                 
0     00084629  __c28xabi_mpyd                    
0     000846ac  PLX_DIO_sinit                     
0     000846d5  PLX_DIO_obtainDummyWrite          
0     000846d8  PLX_DIO_obtainDummyRead           
0     000846e0  PLX_DIO_init                      
0     000846e7  PLX_DIO_configureOut              
0     0008470c  PLX_DIO_configureIn               
0     0008472a  PIL_RBUF_reset                    
0     00084735  PIL_RBUF_isEmpty                  
0     00084743  PIL_RBUF_push                     
0     0008476d  PIL_RBUF_pop                      
0     0008478e  PLX_SCI_setupPort                 
0     000847dc  PLX_SCI_init                      
0     000847e3  PLX_SCI_configure                 
0     000847e6  C2000_28379D_baseTaskInterrupt    
0     0008481d  __TI_decompress_lzss              
0     0008484d  __TI_auto_init_nobinit_nopinit    
0     00084878  __c28xabi_cmpd                    
0     000848a2  C$$EXIT                           
0     000848a2  abort                             
0     000848a4  exit                              
0     000848cb  main                              
0     000848ec  memcpy                            
0     00084909  __c28xabi_ftod                    
0     00084925  _c_int00                          
0     0008494f  _args_main                        
0     0008495b  ISR_ILLEGAL                       
0     00084965  _register_unlock                  
0     00084969  _register_lock                    
0     0008496d  _nop                              
0     00084976  __TI_decompress_none              
0     0008497e  DISPR_disableInt                  
0     00084982  DISPR_restoreInt                  
0     00084985  PIL_DisableInt                    
0     00084989  PIL_RestoreInt                    
0     0008498c  memset                            
0     00084993  __TI_zero_init                    
0     00084999  _system_pre_init                  
0     0008499b  _system_post_cinit                
0     0008499c  C2000_28379D_step                 
0     00084c4c  DISPR_dispatch                    
0     00084e38  __TI_Handler_Table_Base           
0     00084e3e  __TI_Handler_Table_Limit          
0     00084e52  __TI_CINIT_Base                   
0     00084e6a  __TI_CINIT_Limit                  
0     00084e6a  __TI_CINIT_Warm                   
1     00000b00  AdcaResultRegs                    
1     00000b20  AdcbResultRegs                    
1     00000b40  AdccResultRegs                    
1     00000b60  AdcdResultRegs                    
1     00000c00  CpuTimer0Regs                     
1     00000c08  CpuTimer1Regs                     
1     00000c10  CpuTimer2Regs                     
1     00000ce0  PieCtrlRegs                       
1     00000d00  PieVectTable                      
1     00005c00  DacaRegs                          
1     00005c10  DacbRegs                          
1     00005c20  DaccRegs                          
1     00007200  SciaRegs                          
1     00007210  ScibRegs                          
1     00007400  AdcaRegs                          
1     00007480  AdcbRegs                          
1     00007500  AdccRegs                          
1     00007580  AdcdRegs                          
1     00007c00  GpioCtrlRegs                      
1     00007f00  GpioDataRegs                      
1     0005d000  DevCfgRegs                        
1     0005d180  AnalogSubsysRegs                  
1     0005d200  ClkCfgRegs                        
1     0005d300  CpuSysRegs                        
1     0005f400  MemCfgRegs                        
abs   000000cf  RamfuncsLoadSize                  
abs   000000cf  RamfuncsRunSize                   
abs   00000124  RamfuncsRunStart                  
abs   000001f3  RamfuncsRunEnd                    
abs   00000300  __TI_STACK_SIZE                   
abs   00084d28  RamfuncsLoadStart                 
abs   00084df7  RamfuncsLoadEnd                   
abs   ffffffff  __TI_pprof_out_hndl               
abs   ffffffff  __TI_prof_data_size               
abs   ffffffff  __TI_prof_data_start              
n/a   UNDEFED   __c_args__                        

[465 symbols]
