******************************************************************************
             TMS320C2000 Linker PC v22.6.1                     
******************************************************************************
>> Linked Tue Sep 24 10:38:23 2024

OUTPUT FILE NAME:   <./output_TI2837x_cpu1/C2000_28379D.out>
ENTRY POINT SYMBOL: "_c_int00"  address: 00083e2a


MEMORY CONFIGURATION

         name            origin    length      used     unused   attr    fill
----------------------  --------  ---------  --------  --------  ----  --------
PAGE 0:
  BOOT_RSVD             00000002   00000121  00000000  00000121  RWIX
  RAMM0                 00000124   000002dc  000000cf  0000020d  RWIX
  RAMM1                 00000400   00000400  00000300  00000100  RWIX
  RAMLS                 00008000   00003f00  0000073f  000037c1  RWIX
  RAMD1_RSVD            0000bf00   00000100  00000000  00000100  RWIX
  CPU2TOCPU1RAM         0003f800   0000037f  00000000  0000037f  RWIX
  SCOPE_FLAG_CPU2       0003fb7f   00000001  00000000  00000001  RWIX
  CPU2TOCPU1LINK        0003fb80   00000080  00000000  00000080  RWIX
  CPU1TOCPU2RAM         0003fc00   0000037f  00000000  0000037f  RWIX
  SCOPE_FLAG_CPU1       0003ff7f   00000001  00000000  00000001  RWIX
  CPU1TOCPU2LINK        0003ff80   00000080  00000000  00000080  RWIX
  BEGIN                 00080000   00000002  00000002  00000000  RWIX
  FLASH                 00080002   0003fffe  00004385  0003bc79  RWIX
  RESET                 003fffc0   00000002  00000000  00000002  RWIX

PAGE 1:
  ADCARESULT            00000b00   00000018  00000018  00000000  RWIX
  ADCBRESULT            00000b20   00000018  00000018  00000000  RWIX
  ADCCRESULT            00000b40   00000018  00000018  00000000  RWIX
  ADCDRESULT            00000b60   00000018  00000018  00000000  RWIX
  CPUTIMER0             00000c00   00000008  00000008  00000000  RWIX
  CPUTIMER1             00000c08   00000008  00000008  00000000  RWIX
  CPUTIMER2             00000c10   00000008  00000008  00000000  RWIX
  PIECTRL               00000ce0   0000001a  0000001a  00000000  RWIX
  PIEVECTTABLE          00000d00   00000200  000001c0  00000040  RWIX
  DMA                   00001000   00000200  00000000  00000200  RWIX
  CLA1                  00001400   00000080  00000000  00000080  RWIX
  CLB1LOGICCFG          00003000   00000052  00000000  00000052  RWIX
  CLB1LOGICCTRL         00003100   00000040  00000000  00000040  RWIX
  CLB1DATAEXCH          00003200   00000200  00000000  00000200  RWIX
  CLB2LOGICCFG          00003400   00000052  00000000  00000052  RWIX
  CLB2LOGICCTRL         00003500   00000040  00000000  00000040  RWIX
  CLB2DATAEXCH          00003600   00000200  00000000  00000200  RWIX
  CLB3LOGICCFG          00003800   00000052  00000000  00000052  RWIX
  CLB3LOGICCTRL         00003900   00000040  00000000  00000040  RWIX
  CLB3DATAEXCH          00003a00   00000200  00000000  00000200  RWIX
  CLB4LOGICCFG          00003c00   00000052  00000000  00000052  RWIX
  CLB4LOGICCTRL         00003d00   00000040  00000000  00000040  RWIX
  CLB4DATAEXCH          00003e00   00000200  00000000  00000200  RWIX
  EPWM1                 00004000   00000100  00000000  00000100  RWIX
  EPWM2                 00004100   00000100  00000000  00000100  RWIX
  EPWM3                 00004200   00000100  00000000  00000100  RWIX
  EPWM4                 00004300   00000100  00000000  00000100  RWIX
  EPWM5                 00004400   00000100  00000000  00000100  RWIX
  EPWM6                 00004500   00000100  00000000  00000100  RWIX
  EPWM7                 00004600   00000100  00000000  00000100  RWIX
  EPWM8                 00004700   00000100  00000000  00000100  RWIX
  EPWM9                 00004800   00000100  00000000  00000100  RWIX
  EPWM10                00004900   00000100  00000000  00000100  RWIX
  EPWM11                00004a00   00000100  00000000  00000100  RWIX
  EPWM12                00004b00   00000100  00000000  00000100  RWIX
  ECAP1                 00005000   00000020  00000000  00000020  RWIX
  ECAP2                 00005020   00000020  00000000  00000020  RWIX
  ECAP3                 00005040   00000020  00000000  00000020  RWIX
  ECAP4                 00005060   00000020  00000000  00000020  RWIX
  ECAP5                 00005080   00000020  00000000  00000020  RWIX
  ECAP6                 000050a0   00000020  00000000  00000020  RWIX
  EQEP1                 00005100   00000022  00000000  00000022  RWIX
  EQEP2                 00005140   00000022  00000000  00000022  RWIX
  EQEP3                 00005180   00000022  00000000  00000022  RWIX
  DACA                  00005c00   00000008  00000007  00000001  RWIX
  DACB                  00005c10   00000008  00000007  00000001  RWIX
  DACC                  00005c20   00000008  00000007  00000001  RWIX
  CMPSS1                00005c80   00000020  00000000  00000020  RWIX
  CMPSS2                00005ca0   00000020  00000000  00000020  RWIX
  CMPSS3                00005cc0   00000020  00000000  00000020  RWIX
  CMPSS4                00005ce0   00000020  00000000  00000020  RWIX
  CMPSS5                00005d00   00000020  00000000  00000020  RWIX
  CMPSS6                00005d20   00000020  00000000  00000020  RWIX
  CMPSS7                00005d40   00000020  00000000  00000020  RWIX
  CMPSS8                00005d60   00000020  00000000  00000020  RWIX
  SDFM1                 00005e00   00000080  00000000  00000080  RWIX
  SDFM2                 00005e80   00000080  00000000  00000080  RWIX
  MCBSPA                00006000   00000024  00000000  00000024  RWIX
  MCBSPB                00006040   00000024  00000000  00000024  RWIX
  SPIA                  00006100   00000010  00000000  00000010  RWIX
  SPIB                  00006110   00000010  00000000  00000010  RWIX
  SPIC                  00006120   00000010  00000000  00000010  RWIX
  UPP                   00006200   00000048  00000000  00000048  RWIX
  WD                    00007000   0000002b  00000000  0000002b  RWIX
  NMIINTRUPT            00007060   00000007  00000000  00000007  RWIX
  XINT                  00007070   0000000b  00000000  0000000b  RWIX
  SCIA                  00007200   00000010  00000000  00000010  RWIX
  SCIB                  00007210   00000010  00000000  00000010  RWIX
  SCIC                  00007220   00000010  00000000  00000010  RWIX
  SCID                  00007230   00000010  00000000  00000010  RWIX
  I2CA                  00007300   00000022  00000000  00000022  RWIX
  I2CB                  00007340   00000022  00000000  00000022  RWIX
  ADCA                  00007400   00000080  0000007c  00000004  RWIX
  ADCB                  00007480   00000080  0000007c  00000004  RWIX
  ADCC                  00007500   00000080  0000007c  00000004  RWIX
  ADCD                  00007580   00000080  0000007c  00000004  RWIX
  INPUTXBAR             00007900   00000020  00000000  00000020  RWIX
  XBAR                  00007920   00000020  00000000  00000020  RWIX
  SYNCSOC               00007940   00000006  00000000  00000006  RWIX
  DMACLASRCSEL          00007980   0000001a  00000000  0000001a  RWIX
  EPWMXBAR              00007a00   00000040  00000000  00000040  RWIX
  CLBXBAR               00007a40   00000040  00000000  00000040  RWIX
  OUTPUTXBAR            00007a80   00000040  00000000  00000040  RWIX
  GPIOCTRL              00007c00   00000180  00000180  00000000  RWIX
  GPIODATA              00007f00   00000030  00000030  00000000  RWIX
  EMIF1                 00047000   00000070  00000000  00000070  RWIX
  EMIF2                 00047800   00000070  00000000  00000070  RWIX
  CANA                  00048000   00000200  00000000  00000200  RWIX
  CANB                  0004a000   00000200  00000000  00000200  RWIX
  IPC                   00050000   00000024  00000000  00000024  RWIX
  FLASHPUMPSEMAPHORE    00050024   00000002  00000000  00000002  RWIX
  DEVCFG                0005d000   0000012e  0000012e  00000000  RWIX
  ANALOGSUBSYS          0005d180   00000048  0000003e  0000000a  RWIX
  CLKCFG                0005d200   00000032  00000032  00000000  RWIX
  CPUSYS                0005d300   00000082  00000082  00000000  RWIX
  ROMPREFETCH           0005e608   00000002  00000000  00000002  RWIX
  DCSMZ1                0005f000   00000024  00000000  00000024  RWIX
  DCSMZ2                0005f040   00000024  00000000  00000024  RWIX
  DCSMCOMMON            0005f070   00000008  00000000  00000008  RWIX
  MEMCFG                0005f400   00000080  00000076  0000000a  RWIX
  EMIF1CONFIG           0005f480   00000020  00000000  00000020  RWIX
  EMIF2CONFIG           0005f4a0   00000020  00000000  00000020  RWIX
  ACCESSPROTECTION      0005f4c0   00000040  00000000  00000040  RWIX
  MEMORYERROR           0005f500   00000040  00000000  00000040  RWIX
  ROMWAITSTATE          0005f540   00000002  00000000  00000002  RWIX
  FLASH0CTRL            0005f800   00000182  00000000  00000182  RWIX
  FLASH0ECC             0005fb00   00000028  00000000  00000028  RWIX


SECTION ALLOCATION MAP

 output                                  attributes/
section   page    origin      length       input sections
--------  ----  ----------  ----------   ----------------
AdcaResultRegsFile 
*          1    00000b00    00000018     UNINITIALIZED
                  00000b00    00000018     F2837xD_GlobalVariableDefs.obj (AdcaResultRegsFile)

AdcbResultRegsFile 
*          1    00000b20    00000018     UNINITIALIZED
                  00000b20    00000018     F2837xD_GlobalVariableDefs.obj (AdcbResultRegsFile)

AdccResultRegsFile 
*          1    00000b40    00000018     UNINITIALIZED
                  00000b40    00000018     F2837xD_GlobalVariableDefs.obj (AdccResultRegsFile)

AdcdResultRegsFile 
*          1    00000b60    00000018     UNINITIALIZED
                  00000b60    00000018     F2837xD_GlobalVariableDefs.obj (AdcdResultRegsFile)

PieVectTableFile 
*          1    00000d00    000001c0     UNINITIALIZED
                  00000d00    000001c0     F2837xD_GlobalVariableDefs.obj (PieVectTableFile)

EmuKeyVar 
*          1    00000d00    00000000     UNINITIALIZED

EmuBModeVar 
*          1    00000d00    00000000     UNINITIALIZED

EmuBootPinsVar 
*          1    00000d00    00000000     UNINITIALIZED

FlashCallbackVar 
*          1    00000d00    00000000     UNINITIALIZED

FlashScalingVar 
*          1    00000d00    00000000     UNINITIALIZED

AdcaRegsFile 
*          1    00007400    0000007c     UNINITIALIZED
                  00007400    0000007c     F2837xD_GlobalVariableDefs.obj (AdcaRegsFile)

AdcbRegsFile 
*          1    00007480    0000007c     UNINITIALIZED
                  00007480    0000007c     F2837xD_GlobalVariableDefs.obj (AdcbRegsFile)

AdccRegsFile 
*          1    00007500    0000007c     UNINITIALIZED
                  00007500    0000007c     F2837xD_GlobalVariableDefs.obj (AdccRegsFile)

AdcdRegsFile 
*          1    00007580    0000007c     UNINITIALIZED
                  00007580    0000007c     F2837xD_GlobalVariableDefs.obj (AdcdRegsFile)

AnalogSubsysRegsFile 
*          1    0005d180    0000003e     UNINITIALIZED
                  0005d180    0000003e     F2837xD_GlobalVariableDefs.obj (AnalogSubsysRegsFile)

ClkCfgRegsFile 
*          1    0005d200    00000032     UNINITIALIZED
                  0005d200    00000032     F2837xD_GlobalVariableDefs.obj (ClkCfgRegsFile)

CpuTimer0RegsFile 
*          1    00000c00    00000008     UNINITIALIZED
                  00000c00    00000008     F2837xD_GlobalVariableDefs.obj (CpuTimer0RegsFile)

CpuTimer1RegsFile 
*          1    00000c08    00000008     UNINITIALIZED
                  00000c08    00000008     F2837xD_GlobalVariableDefs.obj (CpuTimer1RegsFile)

CpuTimer2RegsFile 
*          1    00000c10    00000008     UNINITIALIZED
                  00000c10    00000008     F2837xD_GlobalVariableDefs.obj (CpuTimer2RegsFile)

DacaRegsFile 
*          1    00005c00    00000007     UNINITIALIZED
                  00005c00    00000007     F2837xD_GlobalVariableDefs.obj (DacaRegsFile)

DacbRegsFile 
*          1    00005c10    00000007     UNINITIALIZED
                  00005c10    00000007     F2837xD_GlobalVariableDefs.obj (DacbRegsFile)

DaccRegsFile 
*          1    00005c20    00000007     UNINITIALIZED
                  00005c20    00000007     F2837xD_GlobalVariableDefs.obj (DaccRegsFile)

CpuSysRegsFile 
*          1    0005d300    00000082     UNINITIALIZED
                  0005d300    00000082     F2837xD_GlobalVariableDefs.obj (CpuSysRegsFile)

DevCfgRegsFile 
*          1    0005d000    0000012e     UNINITIALIZED
                  0005d000    0000012e     F2837xD_GlobalVariableDefs.obj (DevCfgRegsFile)

.bss       0    00008000    0000038c     UNINITIALIZED
                  00008000    00000138     C2000_28379D_hal.obj (.bss:AdcObj)
                  00008138    000000fa     C2000_28379D_0.obj (.bss:g)
                  00008232    00000048     C2000_28379D_hal.obj (.bss:DoutObj)
                  0000827a    00000042     C2000_28379D.obj (.bss:C2000_28379D_cScriptStruct)
                  000082bc    00000002     C2000_28379D.obj (.bss:C2000_28379D_subTaskTick)
                  000082be    00000002     C2000_28379D_hal.obj (.bss:DacHandles)
                  000082c0    0000003c     C2000_28379D.obj (.bss)
                  000082fc    00000002     ain_type4.obj (.bss)
                  000082fe    00000001     C2000_28379D.obj (.bss:C2000_28379D_subTaskHit)
                  000082ff    00000001     --HOLE--
                  00008300    00000034     dispatcher.obj (.bss)
                  00008334    0000000c     C2000_28379D.obj (.bss:C2000_28379D_D_uint32_t)
                  00008340    0000001e     dio_2837x.obj (.bss)
                  0000835e    00000012     C2000_28379D_hal.obj (.bss:DoutHandles)
                  00008370    0000000a     C2000_28379D_hal.obj (.bss:DacObj)
                  0000837a    0000000a     C2000_28379D_hal.obj (.bss:TaskObj)
                  00008384    00000008     C2000_28379D_hal.obj (.bss:AdcHandles)

codestart 
*          0    00080000    00000002     
                  00080000    00000002     F2837xD_CodeStartBranch.obj (codestart)

.text      0    00080038    00003e77     
                  00080038    000006b1     C2000_28379D_0.obj (.text)
                  000806e9    0000061f     pil_c28_fpu32_eabi.lib : probes.obj (.text)
                  00080d08    000005c4                            : scope.obj (.text)
                  000812cc    00000585     F2837xD_DefaultISR.obj (.text:retain)
                  00081851    0000057f     plx_driverlib_fpu32_eabi.lib : sysctl.obj (.text)
                  00081dd0    00000458     pil_c28_fpu32_eabi.lib : pil.obj (.text)
                  00082228    00000405     C2000_28379D_hal.obj (.text)
                  0008262d    00000323     pil_c28_fpu32_eabi.lib : seriallink.obj (.text)
                  00082950    000002a7                            : dualcorelink.obj (.text)
                  00082bf7    00000226                            : basicservices.obj (.text)
                  00082e1d    000001f9                            : remoteagent.obj (.text)
                  00083016    000001eb     plx_driverlib_fpu32_eabi.lib : gpio.obj (.text)
                  00083201    0000018f     ain_type4.obj (.text)
                  00083390    00000172     pil_c28_fpu32_eabi.lib : parallelbridge.obj (.text)
                  00083502    0000014e     dispatcher.obj (.text)
                  00083650    000000ef     F2837xD_Adc.obj (.text)
                  0008373f    000000eb     F2837xD_DevInit.obj (.text)
                  0008382a    000000de     rts2800_fpu32_eabi.lib : e_sqrt.c.obj (.text)
                  00083908    000000b4     C2000_28379D.obj (.text)
                  000839bc    0000009c     rts2800_fpu32_eabi.lib : fd_add28.asm.obj (.text)
                  00083a58    00000088                            : fs_div28.asm.obj (.text)
                  00083ae0    00000083     dac_type1.obj (.text)
                  00083b63    00000083     rts2800_fpu32_eabi.lib : fd_mpy28.asm.obj (.text)
                  00083be6    0000007e     dio_2837x.obj (.text)
                  00083c64    00000064     pil_c28_fpu32_eabi.lib : ringbuf.obj (.text)
                  00083cc8    00000037     C2000_28379D_hal.obj (.text:retain)
                  00083cff    00000030     rts2800_fpu32_eabi.lib : copy_decompress_lzss.c.obj (.text:decompress:lzss)
                  00083d2f    0000002b                            : autoinit.c.obj (.text:__TI_auto_init_nobinit_nopinit)
                  00083d5a    0000002a                            : fd_cmp28.asm.obj (.text)
                  00083d84    00000029                            : exit.c.obj (.text)
                  00083dad    00000023                            : fd_tofsfpu32.asm.obj (.text)
                  00083dd0    00000021     C2000_28379D_main.obj (.text)
                  00083df1    0000001d     rts2800_fpu32_eabi.lib : memcpy.c.obj (.text)
                  00083e0e    0000001c                            : fs_tofdfpu32.asm.obj (.text)
                  00083e2a    00000017                            : boot28.asm.obj (.text)
                  00083e41    00000013     plx_driverlib_fpu32_eabi.lib : flash.obj (.text)
                  00083e54    0000000e     rts2800_fpu32_eabi.lib : fd_sub28.asm.obj (.text)
                  00083e62    0000000c                            : args_main.c.obj (.text)
                  00083e6e    0000000a     F2837xD_DevInit.obj (.text:retain)
                  00083e78    00000009     rts2800_fpu32_eabi.lib : _lock.c.obj (.text)
                  00083e81    00000008     F2837xD_CodeStartBranch.obj (.text)
                  00083e89    00000008     rts2800_fpu32_eabi.lib : copy_decompress_none.c.obj (.text:decompress:none)
                  00083e91    00000007     dispatcher_asm.obj (.text)
                  00083e98    00000007     pil_c28_fpu32_eabi.lib : pil_f28x_dis_int.obj (.text)
                  00083e9f    00000007     rts2800_fpu32_eabi.lib : memset.c.obj (.text)
                  00083ea6    00000006                            : copy_zero_init.c.obj (.text:decompress:ZI)
                  00083eac    00000002                            : pre_init.c.obj (.text)
                  00083eae    00000001                            : startup.c.obj (.text)

GpioCtrlRegsFile 
*          1    00007c00    00000180     UNINITIALIZED
                  00007c00    00000180     F2837xD_GlobalVariableDefs.obj (GpioCtrlRegsFile)

GpioDataRegsFile 
*          1    00007f00    00000030     UNINITIALIZED
                  00007f00    00000030     F2837xD_GlobalVariableDefs.obj (GpioDataRegsFile)

MemCfgRegsFile 
*          1    0005f400    00000076     UNINITIALIZED
                  0005f400    00000076     F2837xD_GlobalVariableDefs.obj (MemCfgRegsFile)

PieCtrlRegsFile 
*          1    00000ce0    0000001a     UNINITIALIZED
                  00000ce0    0000001a     F2837xD_GlobalVariableDefs.obj (PieCtrlRegsFile)

step       0    00083eb0    000002b0     
                  00083eb0    000002b0     C2000_28379D.obj (step)

dispatch   0    00084160    000000db     
                  00084160    000000db     dispatcher.obj (dispatch)

.cinit     0    0008430c    00000080     
                  0008430c    00000065     (.cinit..data.load) [load image, compression = lzss]
                  00084371    00000001     --HOLE-- [fill = 0]
                  00084372    00000006     (__TI_handler_table)
                  00084378    00000004     (.cinit..bss.load) [load image, compression = zero_init]
                  0008437c    00000004     (.cinit.PieVectTableFile.load) [load image, compression = zero_init]
                  00084380    0000000c     (__TI_cinit_table)

.stack     0    00000400    00000300     UNINITIALIZED
                  00000400    00000300     --HOLE--

.init_array 
*          0    00080004    00000000     UNINITIALIZED

.const     0    00080004    00000034     
                  00080004    00000012     C2000_28379D_hal.obj (.const)
                  00080016    00000010     pil_c28_fpu32_eabi.lib : seriallink.obj (.const:PIL_SLINK_crc16Lookup)
                  00080026    0000000c     rts2800_fpu32_eabi.lib : e_sqrt.c.obj (.const)
                  00080032    00000004     C2000_28379D_0.obj (.const)
                  00080036    00000002     C2000_28379D.obj (.const:C2000_28379D_subTaskPeriod)

.data      0    0000838c    000003b3     UNINITIALIZED
                  0000838c    000000fa     C2000_28379D_0.obj (.data:Sa)
                  00008486    000000fa     C2000_28379D_0.obj (.data:Sb)
                  00008580    000000fa     C2000_28379D_0.obj (.data:Sc)
                  0000867a    00000006     rts2800_fpu32_eabi.lib : exit.c.obj (.data)
                  00008680    00000062     C2000_28379D_0.obj (.data)
                  000086e2    00000014     C2000_28379D.obj (.data:inputPtrs$2)
                  000086f6    00000014     C2000_28379D.obj (.data:terminalSampleTimeOffsets$12)
                  0000870a    00000014     C2000_28379D.obj (.data:terminalSampleTimePeriods$11)
                  0000871e    00000008     C2000_28379D.obj (.data:outputPtrs$5)
                  00008726    00000004     C2000_28379D_hal.obj (.data)
                  0000872a    00000002     rts2800_fpu32_eabi.lib : _lock.c.obj (.data:_lock)
                  0000872c    00000002                            : _lock.c.obj (.data:_unlock)
                  0000872e    00000002     C2000_28379D.obj (.data:inputs$3)
                  00008730    00000002     C2000_28379D.obj (.data:outputs$6)
                  00008732    00000002     C2000_28379D.obj (.data:sampleHits$8)
                  00008734    00000002     C2000_28379D.obj (.data:sampleTimeOffsets$10)
                  00008736    00000002     C2000_28379D.obj (.data:sampleTimePeriods$9)
                  00008738    00000002     C2000_28379D.obj (.data:terminalSampleTimeOffsetPtrs$14)
                  0000873a    00000002     C2000_28379D.obj (.data:terminalSampleTimePeriodPtrs$13)
                  0000873c    00000001     C2000_28379D.obj (.data:numInputSignals$1)
                  0000873d    00000001     C2000_28379D.obj (.data:numOutputSignals$4)
                  0000873e    00000001     rts2800_fpu32_eabi.lib : errno.c.obj (.data)

ramfuncs   0    0008423c    00000000     UNINITIALIZEDRUN ADDR = 00000124

.TI.ramfunc 
*          0    0008423c    000000cf     RUN ADDR = 00000124
                  0008423c    000000cb     plx_driverlib_fpu32_eabi.lib : flash.obj (.TI.ramfunc)
                  00084307    00000004                                  : sysctl.obj (.TI.ramfunc)

.reset     0    003fffc0    00000000     DSECT

MODULE SUMMARY

       Module                           code    ro data   rw data
       ------                           ----    -------   -------
    .\output_TI2837x_cpu1\
       C2000_28379D_0.obj               1713    4         1098   
       F2837xD_GlobalVariableDefs.obj   0       0         2205   
       C2000_28379D_hal.obj             1084    18        436    
       F2837xD_DefaultISR.obj           1413    0         0      
       C2000_28379D.obj                 868     2         225    
       dispatcher.obj                   553     0         52     
       ain_type4.obj                    399     0         2      
       F2837xD_DevInit.obj              245     0         0      
       F2837xD_Adc.obj                  239     0         0      
       dio_2837x.obj                    126     0         30     
       dac_type1.obj                    131     0         0      
       C2000_28379D_main.obj            33      0         0      
       F2837xD_CodeStartBranch.obj      10      0         0      
       dispatcher_asm.obj               7       0         0      
    +--+--------------------------------+-------+---------+---------+
       Total:                           6821    24        4048   
                                                                 
    C:\Users\Estudiante USM\AppData\Local\Programs\PLECS C2000 TSP\cgt\ti-cgt-c2000_22.6.1.LTS\lib\rts2800_fpu32_eabi.lib
       e_sqrt.c.obj                     222     12        0      
       fd_add28.asm.obj                 156     0         0      
       fs_div28.asm.obj                 136     0         0      
       fd_mpy28.asm.obj                 131     0         0      
       copy_decompress_lzss.c.obj       48      0         0      
       exit.c.obj                       41      0         6      
       autoinit.c.obj                   43      0         0      
       fd_cmp28.asm.obj                 42      0         0      
       fd_tofsfpu32.asm.obj             35      0         0      
       memcpy.c.obj                     29      0         0      
       fs_tofdfpu32.asm.obj             28      0         0      
       boot28.asm.obj                   23      0         0      
       fd_sub28.asm.obj                 14      0         0      
       _lock.c.obj                      9       0         4      
       args_main.c.obj                  12      0         0      
       copy_decompress_none.c.obj       8       0         0      
       memset.c.obj                     7       0         0      
       copy_zero_init.c.obj             6       0         0      
       pre_init.c.obj                   2       0         0      
       errno.c.obj                      0       0         1      
       startup.c.obj                    1       0         0      
    +--+--------------------------------+-------+---------+---------+
       Total:                           993     12        11     
                                                                 
    C:\Users\Estudiante USM\Desktop\target supp\tsp_ti_c2000\ccs\2837x\..\pil\pil_c28_fpu32_eabi.lib
       probes.obj                       1567    0         0      
       scope.obj                        1476    0         0      
       pil.obj                          1112    0         0      
       seriallink.obj                   803     16        0      
       dualcorelink.obj                 679     0         0      
       basicservices.obj                550     0         0      
       remoteagent.obj                  505     0         0      
       parallelbridge.obj               370     0         0      
       ringbuf.obj                      100     0         0      
       pil_f28x_dis_int.obj             7       0         0      
    +--+--------------------------------+-------+---------+---------+
       Total:                           7169    16        0      
                                                                 
    C:\Users\Estudiante USM\Desktop\target supp\tsp_ti_c2000\ccs\2837x\tisrc\driverlib\plx_driverlib_fpu32_eabi.lib
       sysctl.obj                       1415    0         0      
       gpio.obj                         491     0         0      
       flash.obj                        425     0         0      
    +--+--------------------------------+-------+---------+---------+
       Total:                           2331    0         0      
                                                                 
       Stack:                           0       0         768    
       Linker Generated:                0       127       0      
    +--+--------------------------------+-------+---------+---------+
       Grand Total:                     17314   179       4827   


LINKER GENERATED COPY TABLES

__TI_cinit_table @ 00084380 records: 3, size/record: 4, table size: 12
	.data: load addr=0008430c, load size=00000065 bytes, run addr=0000838c, run size=000003b3 bytes, compression=lzss
	.bss: load addr=00084378, load size=00000004 bytes, run addr=00008000, run size=0000038c bytes, compression=zero_init
	PieVectTableFile: load addr=0008437c, load size=00000004 bytes, run addr=00000d00, run size=000001c0 bytes, compression=zero_init


LINKER GENERATED HANDLER TABLE

__TI_handler_table @ 00084372 records: 3, size/record: 2, table size: 6
	index: 0, handler: __TI_zero_init
	index: 1, handler: __TI_decompress_lzss
	index: 2, handler: __TI_decompress_none


GLOBAL DATA SYMBOLS: SORTED BY DATA PAGE

address     data page           name
--------    ----------------    ----
00000400      10 (00000400)     __stack

00000b00      2c (00000b00)     AdcaResultRegs
00000b20      2c (00000b00)     AdcbResultRegs

00000b40      2d (00000b40)     AdccResultRegs
00000b60      2d (00000b40)     AdcdResultRegs

00000c00      30 (00000c00)     CpuTimer0Regs
00000c08      30 (00000c00)     CpuTimer1Regs
00000c10      30 (00000c00)     CpuTimer2Regs

00000ce0      33 (00000cc0)     PieCtrlRegs

00000d00      34 (00000d00)     PieVectTable

00005c00     170 (00005c00)     DacaRegs
00005c10     170 (00005c00)     DacbRegs
00005c20     170 (00005c00)     DaccRegs

00007400     1d0 (00007400)     AdcaRegs

00007480     1d2 (00007480)     AdcbRegs

00007500     1d4 (00007500)     AdccRegs

00007580     1d6 (00007580)     AdcdRegs

00007c00     1f0 (00007c00)     GpioCtrlRegs

00007f00     1fc (00007f00)     GpioDataRegs

00008000     200 (00008000)     AdcObj

00008138     204 (00008100)     g

00008232     208 (00008200)     DoutObj

000082be     20a (00008280)     DacHandles

000082c4     20b (000082c0)     C2000_28379D_errorStatus
000082ce     20b (000082c0)     C2000_28379D_B

00008300     20c (00008300)     DisprHandle
00008302     20c (00008300)     DisprObj

0000835e     20d (00008340)     DoutHandles
00008370     20d (00008340)     DacObj
0000837a     20d (00008340)     TaskObj

00008384     20e (00008380)     AdcHandles
0000838c     20e (00008380)     Sa

00008486     212 (00008480)     Sb

00008580     216 (00008580)     Sc

0000867a     219 (00008640)     __TI_enable_exit_profile_output
0000867c     219 (00008640)     __TI_cleanup_ptr
0000867e     219 (00008640)     __TI_dtors_ptr

00008680     21a (00008680)     x
00008681     21a (00008680)     x_opt
00008682     21a (00008680)     Vgd_r
00008684     21a (00008680)     Vgq_r
00008686     21a (00008680)     V_d
00008688     21a (00008680)     V_q
0000868a     21a (00008680)     Vcd
0000868c     21a (00008680)     Vcd_k0
0000868e     21a (00008680)     Vcd_k1
00008690     21a (00008680)     Vcq
00008692     21a (00008680)     Vcq_k0
00008694     21a (00008680)     Vcq_k1
00008696     21a (00008680)     i2d_k
00008698     21a (00008680)     i2d_k0
0000869a     21a (00008680)     i2d_k1
0000869c     21a (00008680)     i2q_k
0000869e     21a (00008680)     i2q_k0
000086a0     21a (00008680)     i2q_k1
000086a2     21a (00008680)     i1d_k
000086a4     21a (00008680)     i1d_k0
000086a6     21a (00008680)     i1d_k1
000086a8     21a (00008680)     i1q_k
000086aa     21a (00008680)     i1q_k0
000086ac     21a (00008680)     i1q_k1
000086ae     21a (00008680)     id
000086b0     21a (00008680)     iq
000086b2     21a (00008680)     theta
000086b4     21a (00008680)     dp
000086b6     21a (00008680)     id_r
000086b8     21a (00008680)     iq_r
000086ba     21a (00008680)     Vcd_r
000086bc     21a (00008680)     Vcq_r
000086be     21a (00008680)     g_opt

000086c0     21b (000086c0)     coseno
000086c2     21b (000086c0)     seno
000086c4     21b (000086c0)     cosma2pi3
000086c6     21b (000086c0)     cosme2pi3
000086c8     21b (000086c0)     sinma2pi3
000086ca     21b (000086c0)     sinme2pi3
000086cc     21b (000086c0)     vari1d
000086ce     21b (000086c0)     vari1q
000086d0     21b (000086c0)     varvcd
000086d2     21b (000086c0)     varvcq
000086d4     21b (000086c0)     vari2d
000086d6     21b (000086c0)     vari2q
000086d8     21b (000086c0)     var2i2d
000086da     21b (000086c0)     var2i2q
000086dc     21b (000086c0)     wh
000086de     21b (000086c0)     PI23
000086e0     21b (000086c0)     CS

00008728     21c (00008700)     PilHandle
0000872a     21c (00008700)     _lock
0000872c     21c (00008700)     _unlock
0000873e     21c (00008700)     errno

0005d000    1740 (0005d000)     DevCfgRegs

0005d180    1746 (0005d180)     AnalogSubsysRegs

0005d200    1748 (0005d200)     ClkCfgRegs

0005d300    174c (0005d300)     CpuSysRegs

0005f400    17d0 (0005f400)     MemCfgRegs

00080016    2000 (00080000)     PIL_SLINK_crc16Lookup


GLOBAL SYMBOLS: SORTED ALPHABETICALLY BY Name 

page  address   name                              
----  -------   ----                              
0     00081847  ADCA1_ISR                         
0     0008183d  ADCA2_ISR                         
0     00081833  ADCA3_ISR                         
0     00081829  ADCA4_ISR                         
0     0008181f  ADCA_EVT_ISR                      
0     00081815  ADCB1_ISR                         
0     0008180b  ADCB2_ISR                         
0     00081801  ADCB3_ISR                         
0     000817f7  ADCB4_ISR                         
0     000817ed  ADCB_EVT_ISR                      
0     000817e3  ADCC1_ISR                         
0     000817d9  ADCC2_ISR                         
0     000817cf  ADCC3_ISR                         
0     000817c5  ADCC4_ISR                         
0     000817bb  ADCC_EVT_ISR                      
0     000817b1  ADCD1_ISR                         
0     000817a7  ADCD2_ISR                         
0     0008179d  ADCD3_ISR                         
0     00081793  ADCD4_ISR                         
0     00081789  ADCD_EVT_ISR                      
0     0008177f  AUX_PLL_SLIP_ISR                  
0     00008384  AdcHandles                        
0     00008000  AdcObj                            
0     00083688  AdcSetMode                        
1     00007400  AdcaRegs                          
1     00000b00  AdcaResultRegs                    
1     00007480  AdcbRegs                          
1     00000b20  AdcbResultRegs                    
1     00007500  AdccRegs                          
1     00000b40  AdccResultRegs                    
1     00007580  AdcdRegs                          
1     00000b60  AdcdResultRegs                    
1     0005d180  AnalogSubsysRegs                  
0     00083d84  C$$EXIT                           
0     000806e8  C2000_28379D_0_cScriptDerivative  
0     000806ba  C2000_28379D_0_cScriptOutput      
0     000806b9  C2000_28379D_0_cScriptStart       
0     000806b8  C2000_28379D_0_cScriptTerminate   
0     00080038  C2000_28379D_0_cScriptUpdate      
0     000082ce  C2000_28379D_B                    
0     00082281  C2000_28379D_background           
0     00083cc8  C2000_28379D_baseTaskInterrupt    
0     00082228  C2000_28379D_enableTasksInterrupt 
0     000082c4  C2000_28379D_errorStatus          
0     00082282  C2000_28379D_initHal              
0     00083916  C2000_28379D_initialize           
0     00083eb0  C2000_28379D_step                 
0     0008227c  C2000_28379D_syncTimers           
0     00083908  C2000_28379D_terminate            
0     00081775  CANA0_ISR                         
0     0008176b  CANA1_ISR                         
0     00081761  CANB0_ISR                         
0     00081757  CANB1_ISR                         
0     0008174d  CLA1_1_ISR                        
0     00081743  CLA1_2_ISR                        
0     00081739  CLA1_3_ISR                        
0     0008172f  CLA1_4_ISR                        
0     00081725  CLA1_5_ISR                        
0     0008171b  CLA1_6_ISR                        
0     00081711  CLA1_7_ISR                        
0     00081707  CLA1_8_ISR                        
0     000816fd  CLA_OVERFLOW_ISR                  
0     000816f3  CLA_UNDERFLOW_ISR                 
0     000086e0  CS                                
0     00083650  CalAdcINL                         
1     0005d200  ClkCfgRegs                        
1     0005d300  CpuSysRegs                        
1     00000c00  CpuTimer0Regs                     
1     00000c08  CpuTimer1Regs                     
1     00000c10  CpuTimer2Regs                     
0     000816e9  DATALOG_ISR                       
0     00083515  DISPR_background                  
0     0008362e  DISPR_configure                   
0     00083e91  DISPR_disableInt                  
0     00084160  DISPR_dispatch                    
0     00083628  DISPR_registerIdleTask            
0     00083622  DISPR_registerPanicCallback       
0     0008361c  DISPR_registerSyncCallback        
0     000835d6  DISPR_registerTask                
0     00083502  DISPR_reset                       
0     00083e95  DISPR_restoreInt                  
0     000835d0  DISPR_setPowerupDelay             
0     000835c2  DISPR_sinit                       
0     00083589  DISPR_start                       
0     000816df  DMA_CH1_ISR                       
0     000816d5  DMA_CH2_ISR                       
0     000816cb  DMA_CH3_ISR                       
0     000816c1  DMA_CH4_ISR                       
0     000816b7  DMA_CH5_ISR                       
0     000816ad  DMA_CH6_ISR                       
0     000082be  DacHandles                        
0     00008370  DacObj                            
1     00005c00  DacaRegs                          
1     00005c10  DacbRegs                          
1     00005c20  DaccRegs                          
1     0005d000  DevCfgRegs                        
0     000837ee  DevInit                           
0     00008300  DisprHandle                       
0     00008302  DisprObj                          
0     0000835e  DoutHandles                       
0     00008232  DoutObj                           
0     000816a3  ECAP1_ISR                         
0     00081699  ECAP2_ISR                         
0     0008168f  ECAP3_ISR                         
0     00081685  ECAP4_ISR                         
0     0008167b  ECAP5_ISR                         
0     00081671  ECAP6_ISR                         
0     00081667  EMIF_ERROR_ISR                    
0     0008165a  EMPTY_ISR                         
0     00081650  EMU_ISR                           
0     00081646  EPWM10_ISR                        
0     0008163c  EPWM10_TZ_ISR                     
0     00081632  EPWM11_ISR                        
0     00081628  EPWM11_TZ_ISR                     
0     0008161e  EPWM12_ISR                        
0     00081614  EPWM12_TZ_ISR                     
0     0008160a  EPWM1_ISR                         
0     00081600  EPWM1_TZ_ISR                      
0     000815f6  EPWM2_ISR                         
0     000815ec  EPWM2_TZ_ISR                      
0     000815e2  EPWM3_ISR                         
0     000815d8  EPWM3_TZ_ISR                      
0     000815ce  EPWM4_ISR                         
0     000815c4  EPWM4_TZ_ISR                      
0     000815ba  EPWM5_ISR                         
0     000815b0  EPWM5_TZ_ISR                      
0     000815a6  EPWM6_ISR                         
0     0008159c  EPWM6_TZ_ISR                      
0     00081592  EPWM7_ISR                         
0     00081588  EPWM7_TZ_ISR                      
0     0008157e  EPWM8_ISR                         
0     00081574  EPWM8_TZ_ISR                      
0     0008156a  EPWM9_ISR                         
0     00081560  EPWM9_TZ_ISR                      
0     00081556  EQEP1_ISR                         
0     0008154c  EQEP2_ISR                         
0     00081542  EQEP3_ISR                         
0     00081538  FLASH_CORRECTABLE_ERROR_ISR       
0     0008152e  FPU_OVERFLOW_ISR                  
0     00081524  FPU_UNDERFLOW_ISR                 
0     000001ac  Flash_initModule                  
0     000001d3  Flash_powerDown                   
0     000001e3  Flash_wakeFromLPM                 
0     0008304a  GPIO_getDirectionMode             
0     000830d3  GPIO_getPadConfig                 
0     00083133  GPIO_getQualificationMode         
0     000831a2  GPIO_setAnalogMode                
0     00083023  GPIO_setDirectionMode             
0     00083060  GPIO_setInterruptPin              
0     00083176  GPIO_setMasterCore                
0     0008308b  GPIO_setPadConfig                 
0     000831ca  GPIO_setPinConfig                 
0     00083107  GPIO_setQualificationMode         
0     00083154  GPIO_setQualificationPeriod       
1     00007c00  GpioCtrlRegs                      
1     00007f00  GpioDataRegs                      
0     0008151a  I2CA_FIFO_ISR                     
0     00081510  I2CA_ISR                          
0     00081506  I2CB_FIFO_ISR                     
0     000814fc  I2CB_ISR                          
0     000814f2  ILLEGAL_ISR                       
0     000814e8  IPC0_ISR                          
0     000814de  IPC1_ISR                          
0     000814d4  IPC2_ISR                          
0     000814ca  IPC3_ISR                          
0     00083e6e  ISR_ILLEGAL                       
0     00083749  InitFlashHz                       
0     000814c0  MCBSPA_RX_ISR                     
0     000814b6  MCBSPA_TX_ISR                     
0     000814ac  MCBSPB_RX_ISR                     
0     000814a2  MCBSPB_TX_ISR                     
1     0005f400  MemCfgRegs                        
0     0008373f  MemCopy                           
0     00081498  NMI_ISR                           
0     0008148e  NOTUSED_ISR                       
0     000086de  PI23                              
0     00081484  PIE_RESERVED_ISR                  
0     00082bf7  PIL_BSRVS_init                    
0     00082c7c  PIL_BSRVS_messageHandler          
0     00082c0f  PIL_BSRVS_setWriteInterlockHandler
0     00082985  PIL_DCLINK_configure              
0     0008298e  PIL_DCLINK_getCommunicationHandle 
0     00082950  PIL_DCLINK_init                   
0     00082be4  PIL_DCLINK_poll                   
0     00082999  PIL_DCLINK_setBuffer              
0     00083e98  PIL_DisableInt                    
0     0008339c  PIL_PBRIDGE_configure             
0     00083390  PIL_PBRIDGE_init                  
0     000834ed  PIL_PBRIDGE_poll                  
0     000833a5  PIL_PBRIDGE_setProtocol           
0     00080738  PIL_PROBES_getActualPilMode       
0     0008074d  PIL_PROBES_getActualPilStep       
0     0008073f  PIL_PROBES_getDesiredPilMode      
0     00080757  PIL_PROBES_getDesiredPilStep      
0     00080746  PIL_PROBES_getPreviousPilMode     
0     000806e9  PIL_PROBES_init                   
0     0008088b  PIL_PROBES_messageHandler         
0     00080716  PIL_PROBES_setActualPilMode       
0     0008072c  PIL_PROBES_setActualPilStep       
0     00080723  PIL_PROBES_setDesiredPilMode      
0     00082e9c  PIL_RA_init                       
0     00082fcb  PIL_RA_pollLinkReq                
0     00082f79  PIL_RA_pollLinkRsp                
0     00082f34  PIL_RA_registerService            
0     00081dd0  PIL_RA_serialIn                   
0     00082f5c  PIL_RA_serialIn_p                 
0     00081ddf  PIL_RA_serialOut                  
0     00082f6b  PIL_RA_serialOut_p                
0     00082f10  PIL_RA_setChecksum                
0     00082ef8  PIL_RA_setGuid                    
0     00082f28  PIL_RA_setNodeAddress             
0     00083c6f  PIL_RBUF_isEmpty                  
0     00083ca7  PIL_RBUF_pop                      
0     00083c7d  PIL_RBUF_push                     
0     00083c64  PIL_RBUF_reset                    
0     00083e9c  PIL_RestoreInt                    
0     00080d3c  PIL_SCOPE_init                    
0     00081080  PIL_SCOPE_messageHandler          
0     00081ded  PIL_SCOPE_sample                  
0     00080eca  PIL_SCOPE_sample_p                
0     00080d5c  PIL_SCOPE_setBuffer               
0     00080d79  PIL_SCOPE_setIndicator            
0     00081dfa  PIL_SCOPE_trigger                 
0     00080f9a  PIL_SCOPE_trigger_p               
0     00080016  PIL_SLINK_crc16Lookup             
0     00082653  PIL_SLINK_in                      
0     0008262d  PIL_SLINK_init                    
0     00082660  PIL_SLINK_out                     
0     00082698  PIL_SLINK_outBufIsEmpty           
0     00082831  PIL_SLINK_receive                 
0     00082811  PIL_SLINK_send                    
0     00081f65  PIL_allowPilSimulation            
0     000820a4  PIL_backgroundCall                
0     00081ff9  PIL_beginInterruptCall            
0     00081eb1  PIL_configureDualCoreLink         
0     00081e8b  PIL_configureParallelCom          
0     00081f8d  PIL_inhibitPilSimulation          
0     00082157  PIL_init                          
0     00081fb5  PIL_requestNormalMode             
0     00081fcc  PIL_requestReadyMode              
0     00081f41  PIL_setAndConfigScopeBuffer       
0     00081f57  PIL_setAndConfigureScopeIndicator 
0     00081f33  PIL_setBackgroundCommCallback     
0     00081e2b  PIL_setChecksum                   
0     00081f25  PIL_setCtrlCallback               
0     00081e07  PIL_setGuid                       
0     00081f16  PIL_setNodeAddress                
0     00081e73  PIL_setSerialComCallback          
0     0008213c  PIL_setWriteInterlockHandler      
0     00081fe3  PIL_simulationActive              
0     0008225e  PLXHAL_ADC_getIn                  
0     00082253  PLXHAL_DAC_set                    
0     00082233  PLXHAL_DIO_set                    
0     000832f8  PLX_AIN_configure                 
0     000832f1  PLX_AIN_init                      
0     000832de  PLX_AIN_resetChannelSetup         
0     00083296  PLX_AIN_setDefaultAdcParams       
0     00083286  PLX_AIN_setDefaultChannelParams   
0     00083205  PLX_AIN_setupChannel              
0     00083201  PLX_AIN_sinit                     
0     00083b3f  PLX_DAC_configure                 
0     00083b11  PLX_DAC_configureScaling          
0     00083b0a  PLX_DAC_init                      
0     00083aec  PLX_DAC_setValF                   
0     00083ae0  PLX_DAC_sinit                     
0     00083c46  PLX_DIO_configureIn               
0     00083c21  PLX_DIO_configureOut              
0     00083c1a  PLX_DIO_init                      
0     00083c12  PLX_DIO_obtainDummyRead           
0     00083c0f  PLX_DIO_obtainDummyWrite          
0     00083be6  PLX_DIO_sinit                     
1     00000ce0  PieCtrlRegs                       
1     00000d00  PieVectTable                      
0     00008728  PilHandle                         
0     0008147a  RAM_ACCESS_VIOLATION_ISR          
0     00081470  RAM_CORRECTABLE_ERROR_ISR         
0     00081466  RTOS_ISR                          
abs   0008430b  RamfuncsLoadEnd                   
abs   000000cf  RamfuncsLoadSize                  
abs   0008423c  RamfuncsLoadStart                 
abs   000001f3  RamfuncsRunEnd                    
abs   000000cf  RamfuncsRunSize                   
abs   00000124  RamfuncsRunStart                  
0     0008145c  SCIA_RX_ISR                       
0     00081452  SCIA_TX_ISR                       
0     00081448  SCIB_RX_ISR                       
0     0008143e  SCIB_TX_ISR                       
0     00081434  SCIC_RX_ISR                       
0     0008142a  SCIC_TX_ISR                       
0     00081420  SCID_RX_ISR                       
0     00081416  SCID_TX_ISR                       
0     0008140c  SD1_ISR                           
0     00081402  SD2_ISR                           
0     000813f8  SPIA_RX_ISR                       
0     000813ee  SPIA_TX_ISR                       
0     000813e4  SPIB_RX_ISR                       
0     000813da  SPIB_TX_ISR                       
0     000813d0  SPIC_RX_ISR                       
0     000813c6  SPIC_TX_ISR                       
0     000813bc  SYS_PLL_SLIP_ISR                  
0     0000838c  Sa                                
0     00008486  Sb                                
0     00008580  Sc                                
0     000001ef  SysCtl_delay                      
0     00081937  SysCtl_getAuxClock                
0     000818e6  SysCtl_getClock                   
0     00081d68  SysCtl_getDeviceParametric        
0     00081d4e  SysCtl_getLowSpeedClock           
0     00081ce9  SysCtl_selectOscSource            
0     00081d1f  SysCtl_selectOscSourceAuxPLL      
0     00081c85  SysCtl_selectXTAL                 
0     00081b72  SysCtl_setAuxClock                
0     00081978  SysCtl_setClock                   
0     000813b2  TIMER0_ISR                        
0     000813a8  TIMER1_ISR                        
0     0008139e  TIMER2_ISR                        
0     0000837a  TaskObj                           
0     00081394  UPPA_ISR                          
0     0008138a  USBA_ISR                          
0     00081380  USER10_ISR                        
0     00081376  USER11_ISR                        
0     0008136c  USER12_ISR                        
0     00081362  USER1_ISR                         
0     00081358  USER2_ISR                         
0     0008134e  USER3_ISR                         
0     00081344  USER4_ISR                         
0     0008133a  USER5_ISR                         
0     00081330  USER6_ISR                         
0     00081326  USER7_ISR                         
0     0008131c  USER8_ISR                         
0     00081312  USER9_ISR                         
0     00081308  VCU_ISR                           
0     00008686  V_d                               
0     00008688  V_q                               
0     0000868a  Vcd                               
0     0000868c  Vcd_k0                            
0     0000868e  Vcd_k1                            
0     000086ba  Vcd_r                             
0     00008690  Vcq                               
0     00008692  Vcq_k0                            
0     00008694  Vcq_k1                            
0     000086bc  Vcq_r                             
0     00008682  Vgd_r                             
0     00008684  Vgq_r                             
0     000812fe  WAKE_ISR                          
0     000812f4  XINT1_ISR                         
0     000812ea  XINT2_ISR                         
0     000812e0  XINT3_ISR                         
0     000812d6  XINT4_ISR                         
0     000812cc  XINT5_ISR                         
0     00084380  __TI_CINIT_Base                   
0     0008438c  __TI_CINIT_Limit                  
0     0008438c  __TI_CINIT_Warm                   
0     00084372  __TI_Handler_Table_Base           
0     00084378  __TI_Handler_Table_Limit          
0     00000700  __TI_STACK_END                    
abs   00000300  __TI_STACK_SIZE                   
0     00083d2f  __TI_auto_init_nobinit_nopinit    
0     0000867c  __TI_cleanup_ptr                  
0     00083cff  __TI_decompress_lzss              
0     00083e89  __TI_decompress_none              
0     0000867e  __TI_dtors_ptr                    
0     0000867a  __TI_enable_exit_profile_output   
abs   ffffffff  __TI_pprof_out_hndl               
abs   ffffffff  __TI_prof_data_size               
abs   ffffffff  __TI_prof_data_start              
0     00083ea6  __TI_zero_init                    
0     000839bc  __c28xabi_addd                    
0     00083d5a  __c28xabi_cmpd                    
0     00083a58  __c28xabi_divf                    
0     00083dad  __c28xabi_dtof                    
0     00083e0e  __c28xabi_ftod                    
0     00083b63  __c28xabi_mpyd                    
0     00083e54  __c28xabi_subd                    
n/a   UNDEFED   __c_args__                        
0     00000400  __stack                           
0     00083e62  _args_main                        
0     00083e2a  _c_int00                          
0     0000872a  _lock                             
0     00083e80  _nop                              
0     00083e7c  _register_lock                    
0     00083e78  _register_unlock                  
0     00083eae  _system_post_cinit                
0     00083eac  _system_pre_init                  
0     0000872c  _unlock                           
0     00083d84  abort                             
0     00080000  code_start                        
0     000086c0  coseno                            
0     000086c4  cosma2pi3                         
0     000086c6  cosme2pi3                         
0     000086b4  dp                                
0     0000873e  errno                             
0     00083d86  exit                              
0     00008138  g                                 
0     000086be  g_opt                             
0     000086a2  i1d_k                             
0     000086a4  i1d_k0                            
0     000086a6  i1d_k1                            
0     000086a8  i1q_k                             
0     000086aa  i1q_k0                            
0     000086ac  i1q_k1                            
0     00008696  i2d_k                             
0     00008698  i2d_k0                            
0     0000869a  i2d_k1                            
0     0000869c  i2q_k                             
0     0000869e  i2q_k0                            
0     000086a0  i2q_k1                            
0     000086ae  id                                
0     000086b6  id_r                              
0     000086b0  iq                                
0     000086b8  iq_r                              
0     00083dd0  main                              
0     00083df1  memcpy                            
0     00083e9f  memset                            
0     000086c2  seno                              
0     000086c8  sinma2pi3                         
0     000086ca  sinme2pi3                         
0     0008382a  sqrt                              
0     0008382a  sqrtl                             
0     000086b2  theta                             
0     000086d8  var2i2d                           
0     000086da  var2i2q                           
0     000086cc  vari1d                            
0     000086ce  vari1q                            
0     000086d4  vari2d                            
0     000086d6  vari2q                            
0     000086d0  varvcd                            
0     000086d2  varvcq                            
0     000086dc  wh                                
0     00008680  x                                 
0     00008681  x_opt                             


GLOBAL SYMBOLS: SORTED BY Symbol Address 

page  address   name                              
----  -------   ----                              
0     000001ac  Flash_initModule                  
0     000001d3  Flash_powerDown                   
0     000001e3  Flash_wakeFromLPM                 
0     000001ef  SysCtl_delay                      
0     00000400  __stack                           
0     00000700  __TI_STACK_END                    
0     00008000  AdcObj                            
0     00008138  g                                 
0     00008232  DoutObj                           
0     000082be  DacHandles                        
0     000082c4  C2000_28379D_errorStatus          
0     000082ce  C2000_28379D_B                    
0     00008300  DisprHandle                       
0     00008302  DisprObj                          
0     0000835e  DoutHandles                       
0     00008370  DacObj                            
0     0000837a  TaskObj                           
0     00008384  AdcHandles                        
0     0000838c  Sa                                
0     00008486  Sb                                
0     00008580  Sc                                
0     0000867a  __TI_enable_exit_profile_output   
0     0000867c  __TI_cleanup_ptr                  
0     0000867e  __TI_dtors_ptr                    
0     00008680  x                                 
0     00008681  x_opt                             
0     00008682  Vgd_r                             
0     00008684  Vgq_r                             
0     00008686  V_d                               
0     00008688  V_q                               
0     0000868a  Vcd                               
0     0000868c  Vcd_k0                            
0     0000868e  Vcd_k1                            
0     00008690  Vcq                               
0     00008692  Vcq_k0                            
0     00008694  Vcq_k1                            
0     00008696  i2d_k                             
0     00008698  i2d_k0                            
0     0000869a  i2d_k1                            
0     0000869c  i2q_k                             
0     0000869e  i2q_k0                            
0     000086a0  i2q_k1                            
0     000086a2  i1d_k                             
0     000086a4  i1d_k0                            
0     000086a6  i1d_k1                            
0     000086a8  i1q_k                             
0     000086aa  i1q_k0                            
0     000086ac  i1q_k1                            
0     000086ae  id                                
0     000086b0  iq                                
0     000086b2  theta                             
0     000086b4  dp                                
0     000086b6  id_r                              
0     000086b8  iq_r                              
0     000086ba  Vcd_r                             
0     000086bc  Vcq_r                             
0     000086be  g_opt                             
0     000086c0  coseno                            
0     000086c2  seno                              
0     000086c4  cosma2pi3                         
0     000086c6  cosme2pi3                         
0     000086c8  sinma2pi3                         
0     000086ca  sinme2pi3                         
0     000086cc  vari1d                            
0     000086ce  vari1q                            
0     000086d0  varvcd                            
0     000086d2  varvcq                            
0     000086d4  vari2d                            
0     000086d6  vari2q                            
0     000086d8  var2i2d                           
0     000086da  var2i2q                           
0     000086dc  wh                                
0     000086de  PI23                              
0     000086e0  CS                                
0     00008728  PilHandle                         
0     0000872a  _lock                             
0     0000872c  _unlock                           
0     0000873e  errno                             
0     00080000  code_start                        
0     00080016  PIL_SLINK_crc16Lookup             
0     00080038  C2000_28379D_0_cScriptUpdate      
0     000806b8  C2000_28379D_0_cScriptTerminate   
0     000806b9  C2000_28379D_0_cScriptStart       
0     000806ba  C2000_28379D_0_cScriptOutput      
0     000806e8  C2000_28379D_0_cScriptDerivative  
0     000806e9  PIL_PROBES_init                   
0     00080716  PIL_PROBES_setActualPilMode       
0     00080723  PIL_PROBES_setDesiredPilMode      
0     0008072c  PIL_PROBES_setActualPilStep       
0     00080738  PIL_PROBES_getActualPilMode       
0     0008073f  PIL_PROBES_getDesiredPilMode      
0     00080746  PIL_PROBES_getPreviousPilMode     
0     0008074d  PIL_PROBES_getActualPilStep       
0     00080757  PIL_PROBES_getDesiredPilStep      
0     0008088b  PIL_PROBES_messageHandler         
0     00080d3c  PIL_SCOPE_init                    
0     00080d5c  PIL_SCOPE_setBuffer               
0     00080d79  PIL_SCOPE_setIndicator            
0     00080eca  PIL_SCOPE_sample_p                
0     00080f9a  PIL_SCOPE_trigger_p               
0     00081080  PIL_SCOPE_messageHandler          
0     000812cc  XINT5_ISR                         
0     000812d6  XINT4_ISR                         
0     000812e0  XINT3_ISR                         
0     000812ea  XINT2_ISR                         
0     000812f4  XINT1_ISR                         
0     000812fe  WAKE_ISR                          
0     00081308  VCU_ISR                           
0     00081312  USER9_ISR                         
0     0008131c  USER8_ISR                         
0     00081326  USER7_ISR                         
0     00081330  USER6_ISR                         
0     0008133a  USER5_ISR                         
0     00081344  USER4_ISR                         
0     0008134e  USER3_ISR                         
0     00081358  USER2_ISR                         
0     00081362  USER1_ISR                         
0     0008136c  USER12_ISR                        
0     00081376  USER11_ISR                        
0     00081380  USER10_ISR                        
0     0008138a  USBA_ISR                          
0     00081394  UPPA_ISR                          
0     0008139e  TIMER2_ISR                        
0     000813a8  TIMER1_ISR                        
0     000813b2  TIMER0_ISR                        
0     000813bc  SYS_PLL_SLIP_ISR                  
0     000813c6  SPIC_TX_ISR                       
0     000813d0  SPIC_RX_ISR                       
0     000813da  SPIB_TX_ISR                       
0     000813e4  SPIB_RX_ISR                       
0     000813ee  SPIA_TX_ISR                       
0     000813f8  SPIA_RX_ISR                       
0     00081402  SD2_ISR                           
0     0008140c  SD1_ISR                           
0     00081416  SCID_TX_ISR                       
0     00081420  SCID_RX_ISR                       
0     0008142a  SCIC_TX_ISR                       
0     00081434  SCIC_RX_ISR                       
0     0008143e  SCIB_TX_ISR                       
0     00081448  SCIB_RX_ISR                       
0     00081452  SCIA_TX_ISR                       
0     0008145c  SCIA_RX_ISR                       
0     00081466  RTOS_ISR                          
0     00081470  RAM_CORRECTABLE_ERROR_ISR         
0     0008147a  RAM_ACCESS_VIOLATION_ISR          
0     00081484  PIE_RESERVED_ISR                  
0     0008148e  NOTUSED_ISR                       
0     00081498  NMI_ISR                           
0     000814a2  MCBSPB_TX_ISR                     
0     000814ac  MCBSPB_RX_ISR                     
0     000814b6  MCBSPA_TX_ISR                     
0     000814c0  MCBSPA_RX_ISR                     
0     000814ca  IPC3_ISR                          
0     000814d4  IPC2_ISR                          
0     000814de  IPC1_ISR                          
0     000814e8  IPC0_ISR                          
0     000814f2  ILLEGAL_ISR                       
0     000814fc  I2CB_ISR                          
0     00081506  I2CB_FIFO_ISR                     
0     00081510  I2CA_ISR                          
0     0008151a  I2CA_FIFO_ISR                     
0     00081524  FPU_UNDERFLOW_ISR                 
0     0008152e  FPU_OVERFLOW_ISR                  
0     00081538  FLASH_CORRECTABLE_ERROR_ISR       
0     00081542  EQEP3_ISR                         
0     0008154c  EQEP2_ISR                         
0     00081556  EQEP1_ISR                         
0     00081560  EPWM9_TZ_ISR                      
0     0008156a  EPWM9_ISR                         
0     00081574  EPWM8_TZ_ISR                      
0     0008157e  EPWM8_ISR                         
0     00081588  EPWM7_TZ_ISR                      
0     00081592  EPWM7_ISR                         
0     0008159c  EPWM6_TZ_ISR                      
0     000815a6  EPWM6_ISR                         
0     000815b0  EPWM5_TZ_ISR                      
0     000815ba  EPWM5_ISR                         
0     000815c4  EPWM4_TZ_ISR                      
0     000815ce  EPWM4_ISR                         
0     000815d8  EPWM3_TZ_ISR                      
0     000815e2  EPWM3_ISR                         
0     000815ec  EPWM2_TZ_ISR                      
0     000815f6  EPWM2_ISR                         
0     00081600  EPWM1_TZ_ISR                      
0     0008160a  EPWM1_ISR                         
0     00081614  EPWM12_TZ_ISR                     
0     0008161e  EPWM12_ISR                        
0     00081628  EPWM11_TZ_ISR                     
0     00081632  EPWM11_ISR                        
0     0008163c  EPWM10_TZ_ISR                     
0     00081646  EPWM10_ISR                        
0     00081650  EMU_ISR                           
0     0008165a  EMPTY_ISR                         
0     00081667  EMIF_ERROR_ISR                    
0     00081671  ECAP6_ISR                         
0     0008167b  ECAP5_ISR                         
0     00081685  ECAP4_ISR                         
0     0008168f  ECAP3_ISR                         
0     00081699  ECAP2_ISR                         
0     000816a3  ECAP1_ISR                         
0     000816ad  DMA_CH6_ISR                       
0     000816b7  DMA_CH5_ISR                       
0     000816c1  DMA_CH4_ISR                       
0     000816cb  DMA_CH3_ISR                       
0     000816d5  DMA_CH2_ISR                       
0     000816df  DMA_CH1_ISR                       
0     000816e9  DATALOG_ISR                       
0     000816f3  CLA_UNDERFLOW_ISR                 
0     000816fd  CLA_OVERFLOW_ISR                  
0     00081707  CLA1_8_ISR                        
0     00081711  CLA1_7_ISR                        
0     0008171b  CLA1_6_ISR                        
0     00081725  CLA1_5_ISR                        
0     0008172f  CLA1_4_ISR                        
0     00081739  CLA1_3_ISR                        
0     00081743  CLA1_2_ISR                        
0     0008174d  CLA1_1_ISR                        
0     00081757  CANB1_ISR                         
0     00081761  CANB0_ISR                         
0     0008176b  CANA1_ISR                         
0     00081775  CANA0_ISR                         
0     0008177f  AUX_PLL_SLIP_ISR                  
0     00081789  ADCD_EVT_ISR                      
0     00081793  ADCD4_ISR                         
0     0008179d  ADCD3_ISR                         
0     000817a7  ADCD2_ISR                         
0     000817b1  ADCD1_ISR                         
0     000817bb  ADCC_EVT_ISR                      
0     000817c5  ADCC4_ISR                         
0     000817cf  ADCC3_ISR                         
0     000817d9  ADCC2_ISR                         
0     000817e3  ADCC1_ISR                         
0     000817ed  ADCB_EVT_ISR                      
0     000817f7  ADCB4_ISR                         
0     00081801  ADCB3_ISR                         
0     0008180b  ADCB2_ISR                         
0     00081815  ADCB1_ISR                         
0     0008181f  ADCA_EVT_ISR                      
0     00081829  ADCA4_ISR                         
0     00081833  ADCA3_ISR                         
0     0008183d  ADCA2_ISR                         
0     00081847  ADCA1_ISR                         
0     000818e6  SysCtl_getClock                   
0     00081937  SysCtl_getAuxClock                
0     00081978  SysCtl_setClock                   
0     00081b72  SysCtl_setAuxClock                
0     00081c85  SysCtl_selectXTAL                 
0     00081ce9  SysCtl_selectOscSource            
0     00081d1f  SysCtl_selectOscSourceAuxPLL      
0     00081d4e  SysCtl_getLowSpeedClock           
0     00081d68  SysCtl_getDeviceParametric        
0     00081dd0  PIL_RA_serialIn                   
0     00081ddf  PIL_RA_serialOut                  
0     00081ded  PIL_SCOPE_sample                  
0     00081dfa  PIL_SCOPE_trigger                 
0     00081e07  PIL_setGuid                       
0     00081e2b  PIL_setChecksum                   
0     00081e73  PIL_setSerialComCallback          
0     00081e8b  PIL_configureParallelCom          
0     00081eb1  PIL_configureDualCoreLink         
0     00081f16  PIL_setNodeAddress                
0     00081f25  PIL_setCtrlCallback               
0     00081f33  PIL_setBackgroundCommCallback     
0     00081f41  PIL_setAndConfigScopeBuffer       
0     00081f57  PIL_setAndConfigureScopeIndicator 
0     00081f65  PIL_allowPilSimulation            
0     00081f8d  PIL_inhibitPilSimulation          
0     00081fb5  PIL_requestNormalMode             
0     00081fcc  PIL_requestReadyMode              
0     00081fe3  PIL_simulationActive              
0     00081ff9  PIL_beginInterruptCall            
0     000820a4  PIL_backgroundCall                
0     0008213c  PIL_setWriteInterlockHandler      
0     00082157  PIL_init                          
0     00082228  C2000_28379D_enableTasksInterrupt 
0     00082233  PLXHAL_DIO_set                    
0     00082253  PLXHAL_DAC_set                    
0     0008225e  PLXHAL_ADC_getIn                  
0     0008227c  C2000_28379D_syncTimers           
0     00082281  C2000_28379D_background           
0     00082282  C2000_28379D_initHal              
0     0008262d  PIL_SLINK_init                    
0     00082653  PIL_SLINK_in                      
0     00082660  PIL_SLINK_out                     
0     00082698  PIL_SLINK_outBufIsEmpty           
0     00082811  PIL_SLINK_send                    
0     00082831  PIL_SLINK_receive                 
0     00082950  PIL_DCLINK_init                   
0     00082985  PIL_DCLINK_configure              
0     0008298e  PIL_DCLINK_getCommunicationHandle 
0     00082999  PIL_DCLINK_setBuffer              
0     00082be4  PIL_DCLINK_poll                   
0     00082bf7  PIL_BSRVS_init                    
0     00082c0f  PIL_BSRVS_setWriteInterlockHandler
0     00082c7c  PIL_BSRVS_messageHandler          
0     00082e9c  PIL_RA_init                       
0     00082ef8  PIL_RA_setGuid                    
0     00082f10  PIL_RA_setChecksum                
0     00082f28  PIL_RA_setNodeAddress             
0     00082f34  PIL_RA_registerService            
0     00082f5c  PIL_RA_serialIn_p                 
0     00082f6b  PIL_RA_serialOut_p                
0     00082f79  PIL_RA_pollLinkRsp                
0     00082fcb  PIL_RA_pollLinkReq                
0     00083023  GPIO_setDirectionMode             
0     0008304a  GPIO_getDirectionMode             
0     00083060  GPIO_setInterruptPin              
0     0008308b  GPIO_setPadConfig                 
0     000830d3  GPIO_getPadConfig                 
0     00083107  GPIO_setQualificationMode         
0     00083133  GPIO_getQualificationMode         
0     00083154  GPIO_setQualificationPeriod       
0     00083176  GPIO_setMasterCore                
0     000831a2  GPIO_setAnalogMode                
0     000831ca  GPIO_setPinConfig                 
0     00083201  PLX_AIN_sinit                     
0     00083205  PLX_AIN_setupChannel              
0     00083286  PLX_AIN_setDefaultChannelParams   
0     00083296  PLX_AIN_setDefaultAdcParams       
0     000832de  PLX_AIN_resetChannelSetup         
0     000832f1  PLX_AIN_init                      
0     000832f8  PLX_AIN_configure                 
0     00083390  PIL_PBRIDGE_init                  
0     0008339c  PIL_PBRIDGE_configure             
0     000833a5  PIL_PBRIDGE_setProtocol           
0     000834ed  PIL_PBRIDGE_poll                  
0     00083502  DISPR_reset                       
0     00083515  DISPR_background                  
0     00083589  DISPR_start                       
0     000835c2  DISPR_sinit                       
0     000835d0  DISPR_setPowerupDelay             
0     000835d6  DISPR_registerTask                
0     0008361c  DISPR_registerSyncCallback        
0     00083622  DISPR_registerPanicCallback       
0     00083628  DISPR_registerIdleTask            
0     0008362e  DISPR_configure                   
0     00083650  CalAdcINL                         
0     00083688  AdcSetMode                        
0     0008373f  MemCopy                           
0     00083749  InitFlashHz                       
0     000837ee  DevInit                           
0     0008382a  sqrt                              
0     0008382a  sqrtl                             
0     00083908  C2000_28379D_terminate            
0     00083916  C2000_28379D_initialize           
0     000839bc  __c28xabi_addd                    
0     00083a58  __c28xabi_divf                    
0     00083ae0  PLX_DAC_sinit                     
0     00083aec  PLX_DAC_setValF                   
0     00083b0a  PLX_DAC_init                      
0     00083b11  PLX_DAC_configureScaling          
0     00083b3f  PLX_DAC_configure                 
0     00083b63  __c28xabi_mpyd                    
0     00083be6  PLX_DIO_sinit                     
0     00083c0f  PLX_DIO_obtainDummyWrite          
0     00083c12  PLX_DIO_obtainDummyRead           
0     00083c1a  PLX_DIO_init                      
0     00083c21  PLX_DIO_configureOut              
0     00083c46  PLX_DIO_configureIn               
0     00083c64  PIL_RBUF_reset                    
0     00083c6f  PIL_RBUF_isEmpty                  
0     00083c7d  PIL_RBUF_push                     
0     00083ca7  PIL_RBUF_pop                      
0     00083cc8  C2000_28379D_baseTaskInterrupt    
0     00083cff  __TI_decompress_lzss              
0     00083d2f  __TI_auto_init_nobinit_nopinit    
0     00083d5a  __c28xabi_cmpd                    
0     00083d84  C$$EXIT                           
0     00083d84  abort                             
0     00083d86  exit                              
0     00083dad  __c28xabi_dtof                    
0     00083dd0  main                              
0     00083df1  memcpy                            
0     00083e0e  __c28xabi_ftod                    
0     00083e2a  _c_int00                          
0     00083e54  __c28xabi_subd                    
0     00083e62  _args_main                        
0     00083e6e  ISR_ILLEGAL                       
0     00083e78  _register_unlock                  
0     00083e7c  _register_lock                    
0     00083e80  _nop                              
0     00083e89  __TI_decompress_none              
0     00083e91  DISPR_disableInt                  
0     00083e95  DISPR_restoreInt                  
0     00083e98  PIL_DisableInt                    
0     00083e9c  PIL_RestoreInt                    
0     00083e9f  memset                            
0     00083ea6  __TI_zero_init                    
0     00083eac  _system_pre_init                  
0     00083eae  _system_post_cinit                
0     00083eb0  C2000_28379D_step                 
0     00084160  DISPR_dispatch                    
0     00084372  __TI_Handler_Table_Base           
0     00084378  __TI_Handler_Table_Limit          
0     00084380  __TI_CINIT_Base                   
0     0008438c  __TI_CINIT_Limit                  
0     0008438c  __TI_CINIT_Warm                   
1     00000b00  AdcaResultRegs                    
1     00000b20  AdcbResultRegs                    
1     00000b40  AdccResultRegs                    
1     00000b60  AdcdResultRegs                    
1     00000c00  CpuTimer0Regs                     
1     00000c08  CpuTimer1Regs                     
1     00000c10  CpuTimer2Regs                     
1     00000ce0  PieCtrlRegs                       
1     00000d00  PieVectTable                      
1     00005c00  DacaRegs                          
1     00005c10  DacbRegs                          
1     00005c20  DaccRegs                          
1     00007400  AdcaRegs                          
1     00007480  AdcbRegs                          
1     00007500  AdccRegs                          
1     00007580  AdcdRegs                          
1     00007c00  GpioCtrlRegs                      
1     00007f00  GpioDataRegs                      
1     0005d000  DevCfgRegs                        
1     0005d180  AnalogSubsysRegs                  
1     0005d200  ClkCfgRegs                        
1     0005d300  CpuSysRegs                        
1     0005f400  MemCfgRegs                        
abs   000000cf  RamfuncsLoadSize                  
abs   000000cf  RamfuncsRunSize                   
abs   00000124  RamfuncsRunStart                  
abs   000001f3  RamfuncsRunEnd                    
abs   00000300  __TI_STACK_SIZE                   
abs   0008423c  RamfuncsLoadStart                 
abs   0008430b  RamfuncsLoadEnd                   
abs   ffffffff  __TI_pprof_out_hndl               
abs   ffffffff  __TI_prof_data_size               
abs   ffffffff  __TI_prof_data_start              
n/a   UNDEFED   __c_args__                        

[431 symbols]
